
[1m[7m[36m RUN [39m[27m[22m [36mv2.1.9 [39m[90mZ:/001_Workspace/Marveen/marveen/.claude/worktrees/antigravity-fleet-agent[39m

 [32m✓[39m src/__tests__/context-guard.test.ts[2m > [22mnormalizeContextGuardConfig[2m > [22mreturns defaults for garbage
 [32m✓[39m src/__tests__/context-guard.test.ts[2m > [22mnormalizeContextGuardConfig[2m > [22mis default-off (opt-in): only an explicit true enables
 [32m✓[39m src/__tests__/context-guard.test.ts[2m > [22mnormalizeContextGuardConfig[2m > [22mclamps hardPct to at least actPct
 [32m✓[39m src/__tests__/context-guard.test.ts[2m > [22mnormalizeContextGuardConfig[2m > [22mrejects out-of-range pcts and tiny limits
 [32m✓[39m src/__tests__/context-guard.test.ts[2m > [22mcontextLimitForModel / calibrateLimit[2m > [22mrecognizes the 1M suffix and the measured 1M families, defaults 200k
 [32m✓[39m src/__tests__/context-guard.test.ts[2m > [22mcontextLimitForModel / calibrateLimit[2m > [22mdefaults the handoff timeout to 20 minutes (6 was shorter than a working turn)
 [32m✓[39m src/__tests__/context-guard.test.ts[2m > [22mcontextLimitForModel / calibrateLimit[2m > [22msteps the limit up when the observation disproves the base
 [32m✓[39m src/__tests__/context-guard.test.ts[2m > [22mcontextLimitForModel / calibrateLimit[2m > [22mdoes NOT step up for a merely-overshooting full window (regression)
 [32m✓[39m src/__tests__/context-guard.test.ts[2m > [22mcontextLimitForModel / calibrateLimit[2m > [22mkeeps a saturated session ABOVE the act/hard thresholds
 [32m✓[39m src/__tests__/context-guard.test.ts[2m > [22mcontextLimitForModel / calibrateLimit[2m > [22mstill steps up when the observation is too big to be an overshoot
 [32m✓[39m src/__tests__/context-guard.test.ts[2m > [22mcontextLimitForModel / calibrateLimit[2m > [22mpins the step-up boundary (documents the residual, does not hide it)
 [32m✓[39m src/__tests__/context-guard.test.ts[2m > [22mcontextLimitForModel / calibrateLimit[2m > [22mleaves the top tier to report pct > 1 (no tier above to step to)
 [32m✓[39m src/__tests__/context-guard.test.ts[2m > [22mdecideGuard: idle[2m > [22mdoes nothing below threshold / when unmeasurable / not running
 [32m✓[39m src/__tests__/context-guard.test.ts[2m > [22mdecideGuard: idle[2m > [22mrequests a handoff at actPct and records the deadline + prior mtime
 [32m✓[39m src/__tests__/context-guard.test.ts[2m > [22mdecideGuard: idle[2m > [22mdefers the idle-phase hard-tier restart while the agent is mid-turn
 [32m✓[39m src/__tests__/context-guard.test.ts[2m > [22mdecideGuard: idle[2m > [22mskips straight to restart at hardPct
 [32m✓[39m src/__tests__/context-guard.test.ts[2m > [22mdecideGuard: idle[2m > [22mresets to initial state when fully disarmed (guard + net off)
 [32m✓[39m src/__tests__/context-guard.test.ts[2m > [22mdecideGuard: idle[2m > [22mstands down a stale await-handoff into cooldown when the guard is disabled mid-sequence
 [32m✓[39m src/__tests__/context-guard.test.ts[2m > [22msaturation net (samu 2026-07-18 stall)[2m > [22mis armed by default and survives garbage config
 [32m✓[39m src/__tests__/context-guard.test.ts[2m > [22msaturation net (samu 2026-07-18 stall)[2m > [22mrestarts a saturated pane after the confirmation sweep, even with the proactive guard off and pct null
 [32m✓[39m src/__tests__/context-guard.test.ts[2m > [22msaturation net (samu 2026-07-18 stall)[2m > [22mclears the streak when the pane recovers before confirmation
 [32m✓[39m src/__tests__/context-guard.test.ts[2m > [22msaturation net (samu 2026-07-18 stall)[2m > [22moutranks the proactive tiers when both would fire (no handoff request into a dead pane)
 [32m✓[39m src/__tests__/context-guard.test.ts[2m > [22msaturation net (samu 2026-07-18 stall)[2m > [22mrestarts without debounce when saturation appears during await-handoff
 [32m✓[39m src/__tests__/context-guard.test.ts[2m > [22msaturation net (samu 2026-07-18 stall)[2m > [22mdoes nothing for a saturated pane when the net is explicitly disarmed
 [32m✓[39m src/__tests__/context-guard.test.ts[2m > [22msaturation net (samu 2026-07-18 stall)[2m > [22mrespects cooldown after a net restart (no restart loop)
 [32m✓[39m src/__tests__/context-guard.test.ts[2m > [22msaturation net (samu 2026-07-18 stall)[2m > [22mdoes not touch a stopped agent
 [32m✓[39m src/__tests__/context-guard.test.ts[2m > [22mdecideGuard: await-handoff[2m > [22mrestarts once the handoff is written and the pane is idle
 [32m✓[39m src/__tests__/context-guard.test.ts[2m > [22mdecideGuard: await-handoff[2m > [22mwaits while the agent is still writing (busy pane)
 [32m✓[39m src/__tests__/context-guard.test.ts[2m > [22mdecideGuard: await-handoff[2m > [22mtreats a first-ever handoff file as written (prior mtime null)
 [32m✓[39m src/__tests__/context-guard.test.ts[2m > [22mdecideGuard: await-handoff[2m > [22mignores a stale handoff file (mtime not advanced)
 [32m✓[39m src/__tests__/context-guard.test.ts[2m > [22mdecideGuard: await-handoff[2m > [22mforce-restarts on deadline even without a handoff
 [32m✓[39m src/__tests__/context-guard.test.ts[2m > [22mdecideGuard: await-handoff[2m > [22mforce-restarts at hardPct even without a handoff
 [32m✓[39m src/__tests__/context-guard.test.ts[2m > [22mdecideGuard: await-handoff[2m > [22mdefers the hard-threshold restart while the agent is mid-turn
 [32m✓[39m src/__tests__/context-guard.test.ts[2m > [22mdecideGuard: await-handoff[2m > [22mdefers the timeout restart while the agent is mid-turn, fires once the turn ends
 [32m✓[39m src/__tests__/context-guard.test.ts[2m > [22mdecideGuard: await-handoff[2m > [22msaturation outranks the mid-turn deferral (a saturated pane cannot finish its turn)
 [32m✓[39m src/__tests__/context-guard.test.ts[2m > [22mdecideGuard: await-handoff[2m > [22ma wedged pane (neither idle nor busy) is still restarted on timeout
 [32m✓[39m src/__tests__/context-guard.test.ts[2m > [22mdecideGuard: await-handoff[2m > [22mstands down into cooldown if the agent was restarted externally
 [32m✓[39m src/__tests__/context-guard.test.ts[2m > [22mdecideGuard: await-ready[2m > [22minjects the resume prompt when the session is ready, then cools down
 [32m✓[39m src/__tests__/context-guard.test.ts[2m > [22mdecideGuard: await-ready[2m > [22mwaits while the session boots
 [32m✓[39m src/__tests__/context-guard.test.ts[2m > [22mdecideGuard: await-ready[2m > [22mgives up into cooldown on ready-timeout
 [32m✓[39m src/__tests__/context-guard.test.ts[2m > [22mdecideGuard: cooldown[2m > [22msuppresses everything during cooldown, even a huge pct
 [32m✓[39m src/__tests__/context-guard.test.ts[2m > [22mdecideGuard: cooldown[2m > [22mre-arms after cooldown
 [32m✓[39m src/__tests__/remote-enroll-core.test.ts[2m > [22mvalidatePublicKeyLine[2m > [22maccepts a well-formed line
 [32m✓[39m src/__tests__/remote-enroll-core.test.ts[2m > [22mvalidatePublicKeyLine[2m > [22mtolerates surrounding whitespace
 [32m✓[39m src/__tests__/remote-enroll-core.test.ts[2m > [22mvalidatePublicKeyLine[2m > [22mrejects a wrong key type
 [32m✓[39m src/__tests__/remote-enroll-core.test.ts[2m > [22mvalidatePublicKeyLine[2m > [22mrejects bad base64
 [32m✓[39m src/__tests__/remote-enroll-core.test.ts[2m > [22mvalidatePublicKeyLine[2m > [22mrejects a blob whose embedded type is not ssh-ed25519
 [32m✓[39m src/__tests__/remote-enroll-core.test.ts[2m > [22mvalidatePublicKeyLine[2m > [22mrejects a blob with the wrong key length
 [32m✓[39m src/__tests__/remote-enroll-core.test.ts[2m > [22mvalidatePublicKeyLine[2m > [22mrejects a blob with trailing bytes
 [32m✓[39m src/__tests__/remote-enroll-core.test.ts[2m > [22mvalidatePublicKeyLine[2m > [22mrejects a bad comment (missing prefix)
 [32m✓[39m src/__tests__/remote-enroll-core.test.ts[2m > [22mvalidatePublicKeyLine[2m > [22mrejects a comment whose id is not a uuid v4
 [32m✓[39m src/__tests__/remote-enroll-core.test.ts[2m > [22mvalidatePublicKeyLine[2m > [22mrejects a line carrying authorized_keys options
 [32m✓[39m src/__tests__/remote-enroll-core.test.ts[2m > [22mvalidatePublicKeyLine[2m > [22mrejects an extra trailing field
 [32m✓[39m src/__tests__/remote-enroll-core.test.ts[2m > [22mvalidatePublicKeyLine[2m > [22mrejects an empty line
 [32m✓[39m src/__tests__/remote-enroll-core.test.ts[2m > [22mvalidatePublicKeyLine[2m > [22mrejects a multi-line input
 [32m✓[39m src/__tests__/remote-enroll-core.test.ts[2m > [22mbuildRestrictedLine[2m > [22mproduces the verbatim restricted entry
 [32m✓[39m src/__tests__/remote-enroll-core.test.ts[2m > [22mbuildRestrictedLine[2m > [22mthreads a NON-DEFAULT dashboard port into the permitopen, keeping it narrow
 [32m✓[39m src/__tests__/remote-enroll-core.test.ts[2m > [22mbuildRestrictedLine[2m > [22mrestrictOptions defaults to REMOTE_PORT and narrows to the given port
 [32m✓[39m src/__tests__/remote-enroll-core.test.ts[2m > [22mmergeAuthorizedKeys[2m > [22mappends to empty content
 [32m✓[39m src/__tests__/remote-enroll-core.test.ts[2m > [22mmergeAuthorizedKeys[2m > [22mappends after existing unrelated lines, preserving them byte-for-byte
 [32m✓[39m src/__tests__/remote-enroll-core.test.ts[2m > [22mmergeAuthorizedKeys[2m > [22mreplaces exactly the matching id line and preserves others
 [32m✓[39m src/__tests__/remote-enroll-core.test.ts[2m > [22mmergeAuthorizedKeys[2m > [22mhandles content without a trailing newline
 [32m✓[39m src/__tests__/remote-enroll-core.test.ts[2m > [22mmergeAuthorizedKeys[2m > [22mpreserves blank lines between entries
 [32m✓[39m src/__tests__/remote-enroll-core.test.ts[2m > [22mparseHostKeyPub[2m > [22mextracts the base64 body
 [32m✓[39m src/__tests__/remote-enroll-core.test.ts[2m > [22mparseHostKeyPub[2m > [22mreturns null for empty content
 [32m✓[39m src/__tests__/remote-enroll-core.test.ts[2m > [22mparseHostKeyPub[2m > [22mreturns null when the body is not base64
 [32m✓[39m src/__tests__/remote-enroll-core.test.ts[2m > [22mparseHostKeyPub[2m > [22mreturns null for a non-ed25519 type field
 [32m✓[39m src/__tests__/remote-enroll-core.test.ts[2m > [22mbundle[2m > [22mroundtrips with all fields and hostKey present
 [32m✓[39m src/__tests__/remote-enroll-core.test.ts[2m > [22mbundle[2m > [22momits hostKey entirely when absent
 [32m✓[39m src/__tests__/remote-enroll-core.test.ts[2m > [22mbundle[2m > [22mencodes a NON-DEFAULT webPort as the bundle remotePort (tunnel target)
 [32m✓[39m src/__tests__/remote-enroll-core.test.ts[2m > [22mbundle[2m > [22mfalls back to REMOTE_PORT when no webPort is given
 [32m✓[39m src/__tests__/remote-enroll-core.test.ts[2m > [22mbundle[2m > [22mcarries dashboardToken as the last field when provided
 [32m✓[39m src/__tests__/remote-enroll-core.test.ts[2m > [22mbundle[2m > [22momits dashboardToken entirely when absent
 [32m✓[39m src/__tests__/remote-enroll-core.test.ts[2m > [22mparseKeyscanEd25519[2m > [22mextracts the key body from keyscan output
 [32m✓[39m src/__tests__/remote-enroll-core.test.ts[2m > [22mparseKeyscanEd25519[2m > [22mskips comment lines, blank lines, and other key types
 [32m✓[39m src/__tests__/remote-enroll-core.test.ts[2m > [22mparseKeyscanEd25519[2m > [22mreturns null when no ed25519 line is present
 [32m✓[39m src/__tests__/remote-enroll-core.test.ts[2m > [22mparseKeyscanEd25519[2m > [22mrejects a non-base64 key body
 [32m✓[39m src/__tests__/remote-enroll-core.test.ts[2m > [22mresolveHostKey[2m > [22mprefers the first readable candidate path
 [32m✓[39m src/__tests__/remote-enroll-core.test.ts[2m > [22mresolveHostKey[2m > [22mfalls back to ssh-keyscan when no candidate file is readable
 [32m✓[39m src/__tests__/remote-enroll-core.test.ts[2m > [22mresolveHostKey[2m > [22mskips an unparseable candidate file and still falls back
 [32m✓[39m src/__tests__/remote-enroll-core.test.ts[2m > [22mresolveHostKey[2m > [22mreturns null when every source fails
 [32m✓[39m src/__tests__/remote-enroll-core.test.ts[2m > [22mresolveHostKey[2m > [22mships macOS locations among the default candidates
 [32m✓[39m src/__tests__/remote-enroll-core.test.ts[2m > [22mdashboardTokenDecision (INSTNODE806)[2m > [22mincludes the token when requested and present
 [32m✓[39m src/__tests__/remote-enroll-core.test.ts[2m > [22mdashboardTokenDecision (INSTNODE806)[2m > [22mdeliberate token-free bundle: --no-dashboard-token skips the token, no failure
 [32m✓[39m src/__tests__/remote-enroll-core.test.ts[2m > [22mdashboardTokenDecision (INSTNODE806)[2m > [22mFAILS HARD when a token was requested but is missing -- no silent token-free bundle
 [32m✓[39m src/__tests__/remote-enroll-core.test.ts[2m > [22mdashboardTokenDecision (INSTNODE806)[2m > [22mtreats an empty-string token as missing (fails hard, never ships an empty token)
 [32m✓[39m src/__tests__/mcp-list-parser.test.ts[2m > [22mparseMcpListLine -- guard rails[2m > [22mreturns null for an empty line
 [32m✓[39m src/__tests__/mcp-list-parser.test.ts[2m > [22mparseMcpListLine -- guard rails[2m > [22mreturns null for whitespace-only
 [32m✓[39m src/__tests__/mcp-list-parser.test.ts[2m > [22mparseMcpListLine -- guard rails[2m > [22mreturns null for the "Checking MCP server health..." banner
 [32m✓[39m src/__tests__/mcp-list-parser.test.ts[2m > [22mparseMcpListLine -- guard rails[2m > [22mreturns null when the colon separator is missing
 [32m✓[39m src/__tests__/mcp-list-parser.test.ts[2m > [22mparseMcpListLine -- guard rails[2m > [22mreturns null when the status separator is missing
 [32m✓[39m src/__tests__/mcp-list-parser.test.ts[2m > [22mcatalogMatchesConfigured -- catalog vs .mcp.json server names[2m > [22mmatches a catalog id against an exact configured slug
 [32m✓[39m src/__tests__/mcp-list-parser.test.ts[2m > [22mcatalogMatchesConfigured -- catalog vs .mcp.json server names[2m > [22mmatches the "<id>-<variant>" convention (gmail -> gmail-egov / gmail-personal)
 [32m✓[39m src/__tests__/mcp-list-parser.test.ts[2m > [22mcatalogMatchesConfigured -- catalog vs .mcp.json server names[2m > [22mmatches on the name slug when the id slug differs
 [32m✓[39m src/__tests__/mcp-list-parser.test.ts[2m > [22mcatalogMatchesConfigured -- catalog vs .mcp.json server names[2m > [22mdoes not match an unrelated server that merely shares a prefix without the hyphen
 [32m✓[39m src/__tests__/mcp-list-parser.test.ts[2m > [22mcatalogMatchesConfigured -- catalog vs .mcp.json server names[2m > [22mreturns false when nothing is configured
 [32m✓[39m src/__tests__/mcp-list-parser.test.ts[2m > [22mcatalogMatchesConfigured -- catalog vs .mcp.json server names[2m > [22mignores empty id/name slugs so a blank catalog field cannot match everything
 [32m✓[39m src/__tests__/mcp-list-parser.test.ts[2m > [22mparseMcpListLine -- claude.ai connectors[2m > [22mparses a Gmail connector with slug normalisation
 [32m✓[39m src/__tests__/mcp-list-parser.test.ts[2m > [22mparseMcpListLine -- claude.ai connectors[2m > [22mslugifies a two-word connector name
 [32m✓[39m src/__tests__/mcp-list-parser.test.ts[2m > [22mparseMcpListLine -- claude.ai connectors[2m > [22mhandles multiple spaces between words in the name
 [32m✓[39m src/__tests__/mcp-list-parser.test.ts[2m > [22mparseMcpListLine -- claude.ai connectors[2m > [22mparses a needs-auth status
 [32m✓[39m src/__tests__/mcp-list-parser.test.ts[2m > [22mparseMcpListLine -- claude.ai connectors[2m > [22mparses a failed status
 [32m✓[39m src/__tests__/mcp-list-parser.test.ts[2m > [22mparseMcpListLine -- claude.ai connectors[2m > [22mpreserves URLs containing colons in the endpoint
 [32m✓[39m src/__tests__/mcp-list-parser.test.ts[2m > [22mparseMcpListLine -- plugin entries[2m > [22mparses a plugin:package:name entry to the trailing slug
 [32m✓[39m src/__tests__/mcp-list-parser.test.ts[2m > [22mparseMcpListLine -- plugin entries[2m > [22mhandles a plugin entry with distinct package and server slugs
 [32m✓[39m src/__tests__/mcp-list-parser.test.ts[2m > [22mparseMcpListLine -- plugin entries[2m > [22mparses a plugin:slack:slack entry (Slack channel provider)
 [32m✓[39m src/__tests__/mcp-list-parser.test.ts[2m > [22mparseMcpListLine -- plugin entries[2m > [22muses the last colon-separated segment for a two-part plugin name
 [32m✓[39m src/__tests__/mcp-list-parser.test.ts[2m > [22mparseMcpListLine -- local entries[2m > [22mparses a plain local server name
 [32m✓[39m src/__tests__/mcp-list-parser.test.ts[2m > [22mparseMcpListLine -- local entries[2m > [22mslugifies a local name with whitespace
 [32m✓[39m src/__tests__/mcp-list-parser.test.ts[2m > [22mparseMcpListLine -- local entries[2m > [22mtreats a "claude.ai" prefix case-insensitively
 [32m✓[39m src/__tests__/mcp-list-parser.test.ts[2m > [22mparseMcpListLine -- slug normalisation[2m > [22mstrips parentheses and dots from the name
 [32m✓[39m src/__tests__/mcp-list-parser.test.ts[2m > [22mparseMcpListLine -- slug normalisation[2m > [22mcollapses multiple non-alphanumeric runs into a single hyphen
 [32m✓[39m src/__tests__/mcp-list-parser.test.ts[2m > [22mparseMcpListLine -- slug normalisation[2m > [22mtrims leading and trailing hyphens after stripping
 [32m✓[39m src/__tests__/mcp-list-parser.test.ts[2m > [22mparseMcpList -- full output[2m > [22mparses a realistic multi-line output and skips the banner
 [32m✓[39m src/__tests__/mcp-list-parser.test.ts[2m > [22mparseMcpList -- full output[2m > [22mreturns an empty array for a banner-only output
 [32m✓[39m src/__tests__/mcp-list-parser.test.ts[2m > [22mparseMcpList -- full output[2m > [22mreturns an empty array for an entirely empty output
 [32m✓[39m src/__tests__/mcp-list-parser.test.ts[2m > [22mapplyRefreshOutcome -- cache update rules[2m > [22mreturns parsed entries on clean exit with output
 [32m✓[39m src/__tests__/mcp-list-parser.test.ts[2m > [22mapplyRefreshOutcome -- cache update rules[2m > [22mreturns parsed entries even when exit is non-zero
 [32m✓[39m src/__tests__/mcp-list-parser.test.ts[2m > [22mapplyRefreshOutcome -- cache update rules[2m > [22mretains previous entries when stdout is empty and exec failed
 [32m✓[39m src/__tests__/mcp-list-parser.test.ts[2m > [22mapplyRefreshOutcome -- cache update rules[2m > [22mretains empty list when previous was empty and exec failed
 [32m✓[39m src/__tests__/mcp-list-parser.test.ts[2m > [22mapplyRefreshOutcome -- cache update rules[2m > [22mreturns empty list with no error on clean exit + banner-only output
 [32m✓[39m src/__tests__/mcp-list-parser.test.ts[2m > [22mscrubPaths -- sensitive-path removal[2m > [22mreturns empty input unchanged
 [32m✓[39m src/__tests__/mcp-list-parser.test.ts[2m > [22mscrubPaths -- sensitive-path removal[2m > [22mcollapses a path under the caller homedir to <path>/<basename>
 [32m✓[39m src/__tests__/mcp-list-parser.test.ts[2m > [22mscrubPaths -- sensitive-path removal[2m > [22mcollapses a /Users path that is NOT the current homedir
 [32m✓[39m src/__tests__/mcp-list-parser.test.ts[2m > [22mscrubPaths -- sensitive-path removal[2m > [22mcollapses a /home (linux) path
 [32m✓[39m src/__tests__/mcp-list-parser.test.ts[2m > [22mscrubPaths -- sensitive-path removal[2m > [22mcollapses a /tmp path
 [32m✓[39m src/__tests__/mcp-list-parser.test.ts[2m > [22mscrubPaths -- sensitive-path removal[2m > [22mleaves simple messages without paths unchanged
 [32m✓[39m src/__tests__/mcp-list-parser.test.ts[2m > [22mscrubPaths -- sensitive-path removal[2m > [22mhandles repeated occurrences of the homedir
 [32m✓[39m src/__tests__/mcp-list-parser.test.ts[2m > [22mscrubPaths -- sensitive-path removal[2m > [22mhandles empty homedir gracefully (no replacement, raw path still scrubbed)
 [32m✓[39m src/__tests__/mcp-list-parser.test.ts[2m > [22mscrubPaths -- sensitive-path removal[2m > [22mhandles homedir === / gracefully (no-op on homedir step)
 [32m✓[39m src/__tests__/mcp-list-parser.test.ts[2m > [22mscrubPaths -- sensitive-path removal[2m > [22mscrubs quoted absolute paths (fs ENOENT shape)
 [32m✓[39m src/__tests__/mcp-list-parser.test.ts[2m > [22mscrubPaths -- sensitive-path removal[2m > [22mscrubs parenthesised absolute paths
 [32m✓[39m src/__tests__/mcp-list-parser.test.ts[2m > [22mscrubPaths -- sensitive-path removal[2m > [22mscrubs a /root path (root-user home)
 [32m✓[39m src/__tests__/mcp-list-parser.test.ts[2m > [22mscrubPaths -- sensitive-path removal[2m > [22mdrops the basename when it IS the username (bare /Users/foo)
 [32m✓[39m src/__tests__/mcp-list-parser.test.ts[2m > [22mscrubPaths -- sensitive-path removal[2m > [22mdrops the basename for bare /home/<user>
 [32m✓[39m src/__tests__/mcp-list-parser.test.ts[2m > [22mscrubPaths -- sensitive-path removal[2m > [22mhandles a bare /root with no trailing path
 [32m✓[39m src/__tests__/mcp-list-parser.test.ts[2m > [22mscrubPaths -- sensitive-path removal[2m > [22mkeeps the basename when there are two or more segments past the root
 [32m✓[39m src/__tests__/mcp-list-parser.test.ts[2m > [22mscrubPaths -- sensitive-path removal[2m > [22mscrubs paths whose user shares a prefix with the caller homedir
 [32m✓[39m src/__tests__/mcp-list-parser.test.ts[2m > [22mscrubPaths -- sensitive-path removal[2m > [22mscrubs a path with a double slash prefix
 [32m✓[39m src/__tests__/mcp-list-parser.test.ts[2m > [22mscrubPaths -- sensitive-path removal[2m > [22mscrubs a path preceded by a hyphen / underscore / dot
 [32m✓[39m src/__tests__/mcp-list-parser.test.ts[2m > [22mscrubPaths -- sensitive-path removal[2m > [22mcollapses a path that starts with a tilde (post-replace form, unlikely input)
 [32m✓[39m src/__tests__/mcp-list-parser.test.ts[2m > [22mscrubPaths -- sensitive-path removal[2m > [22mreplaces exact-boundary homedir outside the known roots
 [32m✓[39m src/__tests__/mcp-list-parser.test.ts[2m > [22mscrubPaths -- sensitive-path removal[2m > [22mdoes NOT match a root-keyword prefix inside a longer dirname
 [32m✓[39m src/__tests__/mcp-list-parser.test.ts[2m > [22mscrubPaths -- sensitive-path removal[2m > [22mstill scrubs the exact root keyword followed by a slash or boundary
 [32m✓[39m src/__tests__/mcp-list-parser.test.ts[2m > [22mscrubPaths -- sensitive-path removal[2m > [22mdoes not extend the homedir replace past a shared-prefix username
 [32m✓[39m src/__tests__/process-lock.test.ts[2m > [22mfindOwnNodeHolders[2m > [22mreturns an empty list when no one holds the port
 [32m✓[39m src/__tests__/process-lock.test.ts[2m > [22mfindOwnNodeHolders[2m > [22mexcludes the current PID even if it appears in the holder list
 [32m✓[39m src/__tests__/process-lock.test.ts[2m > [22mfindOwnNodeHolders[2m > [22mexcludes processes owned by a different UID
 [32m✓[39m src/__tests__/process-lock.test.ts[2m > [22mfindOwnNodeHolders[2m > [22mexcludes non-node commands
 [32m✓[39m src/__tests__/process-lock.test.ts[2m > [22mfindOwnNodeHolders[2m > [22mskips PIDs that are gone between lsof and ps
 [32m✓[39m src/__tests__/process-lock.test.ts[2m > [22mfindOwnNodeHolders[2m > [22mskips non-positive or non-finite PIDs defensively
 [32m✓[39m src/__tests__/process-lock.test.ts[2m > [22mfindOwnNodeHolders[2m > [22mskips UID check when the platform has no getuid (uid=null)
 [32m✓[39m src/__tests__/process-lock.test.ts[2m > [22mfindOwnNodeHolders[2m > [22mdeduplicates PIDs that appear twice in the holder list
 [32m✓[39m src/__tests__/process-lock.test.ts[2m > [22mfindOwnBinaryMatches[2m > [22mreturns own-UID node processes matching the argv pattern
 [32m✓[39m src/__tests__/process-lock.test.ts[2m > [22mfindOwnBinaryMatches[2m > [22mexcludes the current PID even if its argv matches
 [32m✓[39m src/__tests__/process-lock.test.ts[2m > [22mfindOwnBinaryMatches[2m > [22mexcludes foreign-UID processes even with matching argv
 [32m✓[39m src/__tests__/process-lock.test.ts[2m > [22mfindOwnBinaryMatches[2m > [22mcross-worktree scoping (2026-07-15 fix)[2m > [22mexcludes a same-argv-pattern process running from a DIFFERENT project root
 [32m✓[39m src/__tests__/process-lock.test.ts[2m > [22mfindOwnBinaryMatches[2m > [22mcross-worktree scoping (2026-07-15 fix)[2m > [22mincludes a same-argv-pattern process running from the SAME project root
 [32m✓[39m src/__tests__/process-lock.test.ts[2m > [22mfindOwnBinaryMatches[2m > [22mcross-worktree scoping (2026-07-15 fix)[2m > [22mINCLUDES a candidate whose cwd cannot be resolved (null cwd is not "not ours")
 [32m✓[39m src/__tests__/process-lock.test.ts[2m > [22mfindOwnBinaryMatches[2m > [22mcross-worktree scoping (2026-07-15 fix)[2m > [22mreclaims on a no-/proc platform where EVERY cwd probe returns null (macOS)
 [32m✓[39m src/__tests__/process-lock.test.ts[2m > [22mfindOwnBinaryMatches[2m > [22mcross-worktree scoping (2026-07-15 fix)[2m > [22mkeeps a legit self-orphan whose cwd differs from PROJECT_ROOT but argv is ours
 [32m✓[39m src/__tests__/process-lock.test.ts[2m > [22mfindOwnBinaryMatches[2m > [22mcross-worktree scoping (2026-07-15 fix)[2m > [22mfalls back to unscoped (old) behavior when selfProjectRoot itself is unresolvable
 [32m✓[39m src/__tests__/process-lock.test.ts[2m > [22mfindOwnBinaryMatches[2m > [22mcross-worktree scoping (2026-07-15 fix)[2m > [22mdoes NOT scope findOwnNodeHolders (byPort) by project root -- a real port conflict is still reclaimed
 [32m✓[39m src/__tests__/process-lock.test.ts[2m > [22mfindOwnBinaryMatches[2m > [22mcross-worktree scoping (2026-07-15 fix)[2m > [22mmultiple worktrees: only the same-root instance is matched, siblings are left alone
 [32m✓[39m src/__tests__/process-lock.test.ts[2m > [22mterminateProcesses[2m > [22mis a no-op on empty input
 [32m✓[39m src/__tests__/process-lock.test.ts[2m > [22mterminateProcesses[2m > [22msends SIGTERM, waits the grace window, does not escalate if process died
 [32m✓[39m src/__tests__/process-lock.test.ts[2m > [22mterminateProcesses[2m > [22mescalates to SIGKILL if SIGTERM did not kill the process
 [32m✓[39m src/__tests__/process-lock.test.ts[2m > [22mterminateProcesses[2m > [22mescalates to SIGKILL when signal(0) throws EPERM (process alive, we just cannot probe)
 [32m✓[39m src/__tests__/process-lock.test.ts[2m > [22mterminateProcesses[2m > [22mdoes not escalate when signal(0) returns gone (ESRCH)
 [32m✓[39m src/__tests__/process-lock.test.ts[2m > [22mterminateProcesses[2m > [22mhandles several victims in parallel -- all get SIGTERM before the grace wait
 [32m✓[39m src/__tests__/process-lock.test.ts[2m > [22mterminateProcesses[2m > [22mSIGTERM failure does not block SIGKILL escalation
 [32m✓[39m src/__tests__/process-lock.test.ts[2m > [22macquirePortLock[2m > [22mreturns immediately if no one holds the port and no binary pattern is given
 [32m✓[39m src/__tests__/process-lock.test.ts[2m > [22macquirePortLock[2m > [22mreturns immediately if the only holder is the current PID
 [32m✓[39m src/__tests__/process-lock.test.ts[2m > [22macquirePortLock[2m > [22mkills an old dashboard instance holding the port
 [32m✓[39m src/__tests__/process-lock.test.ts[2m > [22macquirePortLock[2m > [22mkills a zombie that lost the port but still runs the binary
 [32m✓[39m src/__tests__/process-lock.test.ts[2m > [22macquirePortLock[2m > [22mdeduplicates a zombie that both holds the port AND matches the binary
 [32m✓[39m src/__tests__/process-lock.test.ts[2m > [22macquirePortLock[2m > [22mkills multiple zombie instances in one pass
 [32m✓[39m src/__tests__/process-lock.test.ts[2m > [22macquirePortLock[2m > [22mleaves a foreign-UID process alone and does not sleep
 [32m✓[39m src/__tests__/process-lock.test.ts[2m > [22macquirePortLock[2m > [22mpolls listPortHolders after kill until the port is free (drain)
 [32m✓[39m src/__tests__/process-lock.test.ts[2m > [22macquirePortLock[2m > [22mlogs a warning if the port stays held past the drain window
 [32m✓[39m src/__tests__/process-lock.test.ts[2m > [22macquirePidfileLock[2m > [22mcreates the pidfile atomically when the path is free
 [32m✓[39m src/__tests__/process-lock.test.ts[2m > [22macquirePidfileLock[2m > [22munlinks a stale file whose recorded PID is gone, then retries
 [32m✓[39m src/__tests__/process-lock.test.ts[2m > [22macquirePidfileLock[2m > [22mSIGTERMs a live, legitimate predecessor and retries
 [32m✓[39m src/__tests__/process-lock.test.ts[2m > [22macquirePidfileLock[2m > [22mdoes NOT SIGTERM a live but illegitimate PID (PID was recycled)
 [32m✓[39m src/__tests__/process-lock.test.ts[2m > [22macquirePidfileLock[2m > [22munlinks a self-recorded file (recorded === selfPid) and retries
 [32m✓[39m src/__tests__/process-lock.test.ts[2m > [22macquirePidfileLock[2m > [22mgives up after maxAttempts if every attempt keeps seeing EEXIST
 [32m✓[39m src/__tests__/process-lock.test.ts[2m > [22macquirePidfileLock[2m > [22mtreats a probeAlive throw as "still alive" (conservative)
 [32m✓[39m src/__tests__/process-lock.test.ts[2m > [22macquirePidfileLock[2m > [22mthrows DeferToPeerError when onLiveLegitimate=defer and peer is alive-legit
 [32m✓[39m src/__tests__/process-lock.test.ts[2m > [22macquirePidfileLock[2m > [22mdefer mode still unlinks stale (dead) entries
 [32m✓[39m src/__tests__/process-lock.test.ts[2m > [22macquirePidfileLock[2m > [22mdoes NOT unlink a third peer that took the slot during our SIGTERM-wait
 [32m✓[39m src/__tests__/process-lock.test.ts[2m > [22macquirePidfileLock[2m > [22mdefer mode still unlinks illegitimate (recycled) PIDs
 [32m✓[39m src/__tests__/process-lock.test.ts[2m > [22mwriteBufferFully[2m > [22mwrites the whole buffer in a single shot when the writer accepts it all
 [32m✓[39m src/__tests__/process-lock.test.ts[2m > [22mwriteBufferFully[2m > [22mloops through short writes until the buffer is drained
 [32m✓[39m src/__tests__/process-lock.test.ts[2m > [22mwriteBufferFully[2m > [22mthrows if the writer returns 0
 [32m✓[39m src/__tests__/process-lock.test.ts[2m > [22mwriteBufferFully[2m > [22mthrows if the writer returns a negative number
 [32m✓[39m src/__tests__/process-lock.test.ts[2m > [22mwriteBufferFully[2m > [22mthrows if the writer returns NaN
 [32m✓[39m src/__tests__/process-lock.test.ts[2m > [22mwriteBufferFully[2m > [22mhandles an empty buffer without calling the writer
 [32m✓[39m src/__tests__/process-lock.test.ts[2m > [22mDASHBOARD_BINARY_PATTERN[2m > [22mmatches the canonical dashboard argv: node dist/index.js
 [32m✓[39m src/__tests__/process-lock.test.ts[2m > [22mDASHBOARD_BINARY_PATTERN[2m > [22mmatches the canonical dashboard argv: /usr/local/bin/node /opt/repo/dist/index.js
 [32m✓[39m src/__tests__/process-lock.test.ts[2m > [22mDASHBOARD_BINARY_PATTERN[2m > [22mmatches the canonical dashboard argv: node --inspect dist/index.js
 [32m✓[39m src/__tests__/process-lock.test.ts[2m > [22mDASHBOARD_BINARY_PATTERN[2m > [22mmatches the canonical dashboard argv: tsx src/index.ts
 [32m✓[39m src/__tests__/process-lock.test.ts[2m > [22mDASHBOARD_BINARY_PATTERN[2m > [22mmatches the canonical dashboard argv: node dist/index.js --flag
 [32m✓[39m src/__tests__/process-lock.test.ts[2m > [22mDASHBOARD_BINARY_PATTERN[2m > [22mdoes NOT match unrelated argvs that merely contain the name as a prefix: vim dist/index.js.bak
 [32m✓[39m src/__tests__/process-lock.test.ts[2m > [22mDASHBOARD_BINARY_PATTERN[2m > [22mdoes NOT match unrelated argvs that merely contain the name as a prefix: node dist/index.js.map
 [32m✓[39m src/__tests__/process-lock.test.ts[2m > [22mDASHBOARD_BINARY_PATTERN[2m > [22mdoes NOT match unrelated argvs that merely contain the name as a prefix: tail dist/index.js.old
 [32m✓[39m src/__tests__/process-lock.test.ts[2m > [22mDASHBOARD_BINARY_PATTERN[2m > [22mdoes NOT match unrelated argvs that merely contain the name as a prefix: grep dist/index.jsx
 [32m✓[39m src/__tests__/process-lock.test.ts[2m > [22mDASHBOARD_BINARY_PATTERN[2m > [22mdoes NOT match unrelated argvs that merely contain the name as a prefix: sh -c "cp dist/index.js.tmp dist/index.js.staged"
 [32m✓[39m src/__tests__/process-lock.test.ts[2m > [22mDASHBOARD_BINARY_PATTERN[2m > [22mdoes NOT match unrelated argvs that merely contain the name as a prefix: prettier --write src/index.tsx
 [32m✓[39m src/__tests__/pane-state.test.ts[2m > [22mdetectPermissionMode[2m > [22mreads bypass permissions off the footer
 [32m✓[39m src/__tests__/pane-state.test.ts[2m > [22mdetectPermissionMode[2m > [22mreads accept edits off the footer
 [32m✓[39m src/__tests__/pane-state.test.ts[2m > [22mdetectPermissionMode[2m > [22mreads plan mode off the footer
 [32m✓[39m src/__tests__/pane-state.test.ts[2m > [22mdetectPermissionMode[2m > [22mreads auto mode off the footer
 [32m✓[39m src/__tests__/pane-state.test.ts[2m > [22mdetectPermissionMode[2m > [22mreads manual mode off the footer
 [32m✓[39m src/__tests__/pane-state.test.ts[2m > [22mdetectPermissionMode[2m > [22mreads accept edits off the footer
 [32m✓[39m src/__tests__/pane-state.test.ts[2m > [22mdetectPermissionMode[2m > [22mcalls the no-banner footer "default" (asks about everything)
 [32m✓[39m src/__tests__/pane-state.test.ts[2m > [22mdetectPermissionMode[2m > [22mreturns null when there is no footer to read
 [32m✓[39m src/__tests__/pane-state.test.ts[2m > [22mdetectPermissionMode[2m > [22mdoes not invent a mode from a quoted footer phrase
 [32m✓[39m src/__tests__/pane-state.test.ts[2m > [22mdetectPaneState[2m > [22mreturns unknown for empty input
 [32m✓[39m src/__tests__/pane-state.test.ts[2m > [22mdetectPaneState[2m > [22mdetects idle on bypass-mode footer with empty input box
 [32m✓[39m src/__tests__/pane-state.test.ts[2m > [22mdetectPaneState[2m > [22mdetects idle on strict-mode footer ("? for shortcuts")
 [32m✓[39m src/__tests__/pane-state.test.ts[2m > [22mdetectPaneState[2m > [22mdetects idle on the accept edits footer
 [32m✓[39m src/__tests__/pane-state.test.ts[2m > [22mdetectPaneState[2m > [22mdetects idle on the plan mode footer
 [32m✓[39m src/__tests__/pane-state.test.ts[2m > [22mdetectPaneState[2m > [22mdetects idle on the auto mode footer
 [32m✓[39m src/__tests__/pane-state.test.ts[2m > [22mdetectPaneState[2m > [22mdetects idle on the manual mode footer
 [32m✓[39m src/__tests__/pane-state.test.ts[2m > [22mdetectPaneState[2m > [22mdetects idle on the bypass with the FleetView tail footer
 [32m✓[39m src/__tests__/pane-state.test.ts[2m > [22mdetectPaneState[2m > [22mdetects idle on the accept edits with no shift+tab hint footer
 [32m✓[39m src/__tests__/pane-state.test.ts[2m > [22mdetectPaneState[2m > [22mdoes not read a quoted footer phrase without the UI tail as idle
 [32m✓[39m src/__tests__/pane-state.test.ts[2m > [22mdetectPaneState[2m > [22mdetects idle when the footer shows the multi-shell indicator
 [32m✓[39m src/__tests__/pane-state.test.ts[2m > [22mdetectPaneState[2m > [22mdetects idle when the footer shows the singular "1 shell" form
 [32m✓[39m src/__tests__/pane-state.test.ts[2m > [22mdetectPaneState[2m > [22mdetects idle when the tasks panel is HIDDEN (no "ctrl+t" segment)
 [32m✓[39m src/__tests__/pane-state.test.ts[2m > [22mdetectPaneState[2m > [22mdoes NOT classify a truncated "· N shell" prefix as idle
 [32m✓[39m src/__tests__/pane-state.test.ts[2m > [22mdetectPaneState[2m > [22mdetects busy when "esc to interrupt" footer marker is present
 [32m✓[39m src/__tests__/pane-state.test.ts[2m > [22mdetectPaneState[2m > [22mdetects busy even when the footer frame-gap hides "esc to interrupt"
 [32m✓[39m src/__tests__/pane-state.test.ts[2m > [22mdetectPaneState[2m > [22mdetects busy from the token-count pattern alone (unknown spinner label)
 [32m✓[39m src/__tests__/pane-state.test.ts[2m > [22mdetectPaneState[2m > [22mdetects busy when a tool-use summary is paired with a live spinner
 [32m✓[39m src/__tests__/pane-state.test.ts[2m > [22mdetectPaneState[2m > [22mdetects error when wedged on the thinking-block 400
 [32m✓[39m src/__tests__/pane-state.test.ts[2m > [22mdetectPaneState[2m > [22mdoes NOT classify a prose "API Error 400" mention as error
 [32m✓[39m src/__tests__/pane-state.test.ts[2m > [22mdetectPaneState[2m > [22mdoes NOT classify the full phrase in prose (no chrome) as error
 [32m✓[39m src/__tests__/pane-state.test.ts[2m > [22mdetectPaneState[2m > [22mdoes NOT classify a stale error in deep scrollback as error
 [32m✓[39m src/__tests__/pane-state.test.ts[2m > [22mdetectPaneState[2m > [22mprefers busy over error when a live spinner is rendered
 [32m✓[39m src/__tests__/pane-state.test.ts[2m > [22mdetectPaneState[2m > [22mdoes NOT flag a benign chrome + decoupled phrase as error
 [32m✓[39m src/__tests__/pane-state.test.ts[2m > [22mdetectPaneState[2m > [22mdetects error even when a stray footer line sits in scrollback
 [32m✓[39m src/__tests__/pane-state.test.ts[2m > [22mdetectPaneState[2m > [22mdetects error when a narrow terminal wraps the message onto 4 lines
 [32m✓[39m src/__tests__/pane-state.test.ts[2m > [22mdetectPaneState[2m > [22mdoes NOT classify idle-with-stale-tool-use-scrollback as busy
 [32m✓[39m src/__tests__/pane-state.test.ts[2m > [22mdetectPaneState[2m > [22mdoes NOT classify a stale token-counter scrolled above the box as busy
 [32m✓[39m src/__tests__/pane-state.test.ts[2m > [22mdetectPaneState[2m > [22mdetects typing when text is parked in the input box
 [32m✓[39m src/__tests__/pane-state.test.ts[2m > [22mdetectPaneState[2m > [22mmerges typing into busy when mergeTypingAsBusy is set
 [32m✓[39m src/__tests__/pane-state.test.ts[2m > [22mdetectPaneState[2m > [22mtreats a pending-paste placeholder as busy
 [32m✓[39m src/__tests__/pane-state.test.ts[2m > [22mdetectPaneState[2m > [22mtreats the older-build placeholder (paste-again footer) as busy, not unknown
 [32m✓[39m src/__tests__/pane-state.test.ts[2m > [22mdetectPaneState[2m > [22mtreats the WRAPPED real-shape placeholder (normal idle footer) as busy
 [32m✓[39m src/__tests__/pane-state.test.ts[2m > [22mdetectPaneState[2m > [22mstays idle when a stub is only quoted in scrollback and the box is empty
 [32m✓[39m src/__tests__/pane-state.test.ts[2m > [22mdetectPaneState[2m > [22mdoes NOT confuse a historical ❯ in scrollback for a parked input
 [32m✓[39m src/__tests__/pane-state.test.ts[2m > [22mdetectPaneState[2m > [22mreturns unknown for a pane that is not a Claude Code surface
 [32m✓[39m src/__tests__/pane-state.test.ts[2m > [22mdetectPaneState[2m > [22mmatches a busy spinner label paired with the runtime tail: Pondering…
 [32m✓[39m src/__tests__/pane-state.test.ts[2m > [22mdetectPaneState[2m > [22mmatches a busy spinner label paired with the runtime tail: Beaming…
 [32m✓[39m src/__tests__/pane-state.test.ts[2m > [22mdetectPaneState[2m > [22mmatches a busy spinner label paired with the runtime tail: Thinking…
 [32m✓[39m src/__tests__/pane-state.test.ts[2m > [22mdetectPaneState[2m > [22mmatches a busy spinner label paired with the runtime tail: Reticulating…
 [32m✓[39m src/__tests__/pane-state.test.ts[2m > [22mdetectPaneState[2m > [22mmatches a busy spinner label paired with the runtime tail: Configuring…
 [32m✓[39m src/__tests__/pane-state.test.ts[2m > [22mdetectPaneState[2m > [22mmatches a busy spinner label paired with the runtime tail: Noodling…
 [32m✓[39m src/__tests__/pane-state.test.ts[2m > [22mdetectPaneState[2m > [22mmatches a busy spinner label paired with the runtime tail: Ruminating…
 [32m✓[39m src/__tests__/pane-state.test.ts[2m > [22mdetectPaneState[2m > [22mmatches a busy spinner label paired with the runtime tail: Percolating…
 [32m✓[39m src/__tests__/pane-state.test.ts[2m > [22mdetectPaneState[2m > [22mmatches a busy spinner label paired with the runtime tail: Cogitating…
 [32m✓[39m src/__tests__/pane-state.test.ts[2m > [22mdetectPaneState[2m > [22mmatches a busy spinner label paired with the runtime tail: Deliberating…
 [32m✓[39m src/__tests__/pane-state.test.ts[2m > [22mdetectPaneState[2m > [22mmatches a busy spinner label paired with the runtime tail: Contemplating…
 [32m✓[39m src/__tests__/pane-state.test.ts[2m > [22mdetectPaneState[2m > [22mmatches a busy spinner label paired with the runtime tail: Musing…
 [32m✓[39m src/__tests__/pane-state.test.ts[2m > [22mdetectPaneState[2m > [22mmatches a busy spinner label paired with the runtime tail: Brewing…
 [32m✓[39m src/__tests__/pane-state.test.ts[2m > [22mdetectPaneState[2m > [22mmatches a busy spinner label paired with the runtime tail: Synthesizing…
 [32m✓[39m src/__tests__/pane-state.test.ts[2m > [22mdetectPaneState[2m > [22mmatches a busy spinner label paired with the runtime tail: Distilling…
 [32m✓[39m src/__tests__/pane-state.test.ts[2m > [22mdetectPaneState[2m > [22mmatches a busy spinner label paired with the runtime tail: Refining…
 [32m✓[39m src/__tests__/pane-state.test.ts[2m > [22mdetectPaneState[2m > [22mmatches a busy spinner label paired with the runtime tail: Simmering…
 [32m✓[39m src/__tests__/pane-state.test.ts[2m > [22mdetectPaneState[2m > [22mmatches a busy spinner label paired with the runtime tail: Crafting…
 [32m✓[39m src/__tests__/pane-state.test.ts[2m > [22mdetectPaneState[2m > [22mmatches a busy spinner label paired with the runtime tail: Formulating…
 [32m✓[39m src/__tests__/pane-state.test.ts[2m > [22mdetectPaneState[2m > [22mmatches a busy spinner label paired with the runtime tail: Consulting…
 [32m✓[39m src/__tests__/pane-state.test.ts[2m > [22mdetectPaneState[2m > [22mmatches a busy spinner label paired with the runtime tail: Unfurling…
 [32m✓[39m src/__tests__/pane-state.test.ts[2m > [22mdetectPaneState[2m > [22mmatches a busy spinner label paired with the runtime tail: Unspooling…
 [32m✓[39m src/__tests__/pane-state.test.ts[2m > [22mdetectPaneState[2m > [22mmatches a busy spinner label paired with the runtime tail: Unraveling…
 [32m✓[39m src/__tests__/pane-state.test.ts[2m > [22mdetectPaneState[2m > [22mdoes NOT classify a bare spinner-label word as busy (Markdown heading in reply text)
 [32m✓[39m src/__tests__/pane-state.test.ts[2m > [22mdetectPaneState[2m > [22mbusy indicator wins over a visible idle footer
 [32m✓[39m src/__tests__/pane-state.test.ts[2m > [22mdetectPaneState[2m > [22mdoes not match the token-count pattern in unrelated numeric text
 [32m✓[39m src/__tests__/pane-state.test.ts[2m > [22mdetectPaneState[2m > [22mhandles pane without any separators gracefully
 [32m✓[39m src/__tests__/pane-state.test.ts[2m > [22mdetectPaneState[2m > [22mhandles footer with missing bottom separator
 [32m✓[39m src/__tests__/pane-state.test.ts[2m > [22misReadyForPrompt[2m > [22mis true only when state === idle
 [32m✓[39m src/__tests__/pane-state.test.ts[2m > [22mdetectsThinkingBlockError[2m > [22mis true on the wedged thinking-block 400 pane
 [32m✓[39m src/__tests__/pane-state.test.ts[2m > [22mdetectsThinkingBlockError[2m > [22mis false on a healthy idle pane
 [32m✓[39m src/__tests__/pane-state.test.ts[2m > [22mdetectsThinkingBlockError[2m > [22mis false when only the chrome is present without the thinking phrase
 [32m✓[39m src/__tests__/pane-state.test.ts[2m > [22mdetectsThinkingBlockError[2m > [22mis false when the phrase appears without the chrome glyph
 [32m✓[39m src/__tests__/pane-state.test.ts[2m > [22mdetectsThinkingBlockError[2m > [22mis false when there is no idle footer (no live region to scope)
 [32m✓[39m src/__tests__/pane-state.test.ts[2m > [22mdetectsThinkingBlockError[2m > [22mis false on a stale error above the live tail
 [32m✓[39m src/__tests__/pane-state.test.ts[2m > [22mdetectsThinkingBlockError[2m > [22mis false when chrome and phrase are in different blocks
 [32m✓[39m src/__tests__/pane-state.test.ts[2m > [22mdetectsThinkingBlockError[2m > [22mis true with a stray footer line above the real footer
 [32m✓[39m src/__tests__/pane-state.test.ts[2m > [22mdetectsThinkingBlockError[2m > [22mis false on empty input
 [32m✓[39m src/__tests__/pane-state.test.ts[2m > [22mshouldRetrySubmit[2m > [22mreturns false for empty input
 [32m✓[39m src/__tests__/pane-state.test.ts[2m > [22mshouldRetrySubmit[2m > [22mdetects a [Pasted text #N] placeholder as stuck
 [32m✓[39m src/__tests__/pane-state.test.ts[2m > [22mshouldRetrySubmit[2m > [22mdetects a multi-placeholder mixed-mode buffer as stuck
 [32m✓[39m src/__tests__/pane-state.test.ts[2m > [22mshouldRetrySubmit[2m > [22mdetects the older-build placeholder (paste-again footer) as stuck
 [32m✓[39m src/__tests__/pane-state.test.ts[2m > [22mshouldRetrySubmit[2m > [22mdetects the WRAPPED real-shape placeholder (normal idle footer) as stuck
 [32m✓[39m src/__tests__/pane-state.test.ts[2m > [22mshouldRetrySubmit[2m > [22mreturns false when a stub is only quoted in scrollback (empty box)
 [32m✓[39m src/__tests__/pane-state.test.ts[2m > [22mshouldRetrySubmit[2m > [22mdetects verbatim parked payload (footer idle, no spinner) as stuck
 [32m✓[39m src/__tests__/pane-state.test.ts[2m > [22mshouldRetrySubmit[2m > [22mreturns false when the pane is busy
 [32m✓[39m src/__tests__/pane-state.test.ts[2m > [22mshouldRetrySubmit[2m > [22mreturns false on a clean idle pane with no parked input
 [32m✓[39m src/__tests__/pane-state.test.ts[2m > [22mshouldRetrySubmit[2m > [22mreturns false on a non-Claude-Code pane (no idle footer)
 [32m✓[39m src/__tests__/pane-state.test.ts[2m > [22mshouldRetrySubmit[2m > [22mreturns false when the operator-typed input does not contain the hint
 [32m✓[39m src/__tests__/pane-state.test.ts[2m > [22mshouldRetrySubmit[2m > [22mreturns false when payloadHint is shorter than minHintChars
 [32m✓[39m src/__tests__/pane-state.test.ts[2m > [22mshouldRetrySubmit[2m > [22mhonours a custom minHintChars option
 [32m✓[39m src/__tests__/pane-state.test.ts[2m > [22mshouldRetrySubmit[2m > [22mdoes not match the verbatim hint when it only appears in scrollback
 [32m✓[39m src/__tests__/pane-state.test.ts[2m > [22mshouldRetrySubmit[2m > [22mreturns false when no idle footer is present (pane state unknown)
 [32m✓[39m src/__tests__/pane-state.test.ts[2m > [22mshouldClearTruncatedPreamble[2m > [22mreturns false on empty input
 [32m✓[39m src/__tests__/pane-state.test.ts[2m > [22mshouldClearTruncatedPreamble[2m > [22mdetects truncated trusted-peer preamble in the live input box
 [32m✓[39m src/__tests__/pane-state.test.ts[2m > [22mshouldClearTruncatedPreamble[2m > [22mdetects truncated untrusted preamble in the live input box
 [32m✓[39m src/__tests__/pane-state.test.ts[2m > [22mshouldClearTruncatedPreamble[2m > [22mdoes NOT classify a fully-landed wrapped message as truncated
 [32m✓[39m src/__tests__/pane-state.test.ts[2m > [22mshouldClearTruncatedPreamble[2m > [22mdoes NOT trigger when the preamble lives only in scrollback
 [32m✓[39m src/__tests__/pane-state.test.ts[2m > [22mshouldClearTruncatedPreamble[2m > [22mdoes NOT trigger on a clean idle pane
 [32m✓[39m src/__tests__/pane-state.test.ts[2m > [22mshouldClearTruncatedPreamble[2m > [22mdoes NOT trigger when there is no idle footer (pane state unknown)
 [32m✓[39m src/__tests__/pane-state.test.ts[2m > [22mshouldClearTruncatedPreamble[2m > [22mdoes not confuse the preamble-shaped source="..." reference with a real opening tag
 [32m✓[39m src/__tests__/pane-state.test.ts[2m > [22mshouldClearTruncatedPreamble[2m > [22mreturns false when only an opening tag is present without the preamble
 [32m✓[39m src/__tests__/pane-state.test.ts[2m > [22mshouldClearTruncatedPreamble[2m > [22mdoes NOT trigger when the marker phrase appears only in prose
 [32m✓[39m src/__tests__/pane-state.test.ts[2m > [22mshouldRetrySubmit minHintChars clamp[2m > [22mclamps minHintChars to at least 1 so an empty hint never auto-passes
 [32m✓[39m src/__tests__/pane-state.test.ts[2m > [22mshouldRetrySubmit minHintChars clamp[2m > [22mfalls back to default when minHintChars is non-finite (NaN / Infinity)
 [32m✓[39m src/__tests__/pane-state.test.ts[2m > [22mshouldRetrySubmit minHintChars clamp[2m > [22mrejects negative minHintChars by clamping to 1
 [32m✓[39m src/__tests__/pane-state.test.ts[2m > [22mdecideSubmitFollowup[2m > [22mreturns "give-up" when the pane capture failed
 [32m✓[39m src/__tests__/pane-state.test.ts[2m > [22mdecideSubmitFollowup[2m > [22mreturns "done" when the pane is not stuck
 [32m✓[39m src/__tests__/pane-state.test.ts[2m > [22mdecideSubmitFollowup[2m > [22mreturns "retry-enter" for VERBATIM stuck text while below the cap
 [32m✓[39m src/__tests__/pane-state.test.ts[2m > [22mdecideSubmitFollowup[2m > [22mreturns "clear-and-resend" for a paste placeholder while below the cap
 [32m✓[39m src/__tests__/pane-state.test.ts[2m > [22mdecideSubmitFollowup[2m > [22mreturns "done" when a stub is only quoted in scrollback (empty box)
 [32m✓[39m src/__tests__/pane-state.test.ts[2m > [22mdecideSubmitFollowup[2m > [22mreturns "give-up" once attempts reach the cap
 [32m✓[39m src/__tests__/pane-state.test.ts[2m > [22mdecideSubmitFollowup[2m > [22mreturns "give-up" for a placeholder once attempts reach the cap
 [32m✓[39m src/__tests__/pane-state.test.ts[2m > [22mdecideSubmitFollowup[2m > [22mtreats maxAttempts === 0 as "give-up on first stuck observation"
 [32m✓[39m src/__tests__/pane-state.test.ts[2m > [22mdecidePaneErrorAlert[2m > [22mdoes nothing when not in error and no active spell
 [32m✓[39m src/__tests__/pane-state.test.ts[2m > [22mdecidePaneErrorAlert[2m > [22mrecords first sighting without alerting (confirm window)
 [32m✓[39m src/__tests__/pane-state.test.ts[2m > [22mdecidePaneErrorAlert[2m > [22mdoes not alert while still inside the confirm window
 [32m✓[39m src/__tests__/pane-state.test.ts[2m > [22mdecidePaneErrorAlert[2m > [22malerts once the confirm window elapses (first alert)
 [32m✓[39m src/__tests__/pane-state.test.ts[2m > [22mdecidePaneErrorAlert[2m > [22msuppresses repeat alerts inside the dedup window
 [32m✓[39m src/__tests__/pane-state.test.ts[2m > [22mdecidePaneErrorAlert[2m > [22mre-alerts once the dedup window elapses
 [32m✓[39m src/__tests__/pane-state.test.ts[2m > [22mdecidePaneErrorAlert[2m > [22mclears the spell after a sustained error-free gap
 [32m✓[39m src/__tests__/pane-state.test.ts[2m > [22mdecidePaneErrorAlert[2m > [22mstarts a fresh spell after the cleared recovery
 [32m✓[39m src/__tests__/pane-state.test.ts[2m > [22mdecidePaneErrorAlert[2m > [22mholds the spell across a brief non-error blip (flapping capture)
 [32m✓[39m src/__tests__/pane-state.test.ts[2m > [22mdecidePaneErrorAlert[2m > [22mnever alerts on the first sighting even when confirmMs is 0
 [32m✓[39m src/__tests__/pane-state.test.ts[2m > [22mdecidePaneErrorAlert[2m > [22mdoes not stall on backwards clock skew (future timestamp)
 [32m✓[39m src/__tests__/pane-state.test.ts[2m > [22mstuckInputSignature[2m > [22mreturns a normalised signature for parked input
 [32m✓[39m src/__tests__/pane-state.test.ts[2m > [22mstuckInputSignature[2m > [22mis null for an idle empty input box
 [32m✓[39m src/__tests__/pane-state.test.ts[2m > [22mstuckInputSignature[2m > [22mis null for a busy pane
 [32m✓[39m src/__tests__/pane-state.test.ts[2m > [22mstuckInputSignature[2m > [22mis null for a paste placeholder (treated as busy, not parked text)
 [32m✓[39m src/__tests__/pane-state.test.ts[2m > [22mstuckInputSignature[2m > [22mignores a ❯ caret left in scrollback
 [32m✓[39m src/__tests__/pane-state.test.ts[2m > [22mdecideStuckInputRecovery[2m > [22mdoes nothing when nothing is parked and no spell is active
 [32m✓[39m src/__tests__/pane-state.test.ts[2m > [22mdecideStuckInputRecovery[2m > [22mrecords the first sighting without recovering (confirm window)
 [32m✓[39m src/__tests__/pane-state.test.ts[2m > [22mdecideStuckInputRecovery[2m > [22mdoes not recover while still inside the confirm window
 [32m✓[39m src/__tests__/pane-state.test.ts[2m > [22mdecideStuckInputRecovery[2m > [22mrecovers once the same text persists past the confirm window
 [32m✓[39m src/__tests__/pane-state.test.ts[2m > [22mdecideStuckInputRecovery[2m > [22mrestarts the confirm window when the parked text changes
 [32m✓[39m src/__tests__/pane-state.test.ts[2m > [22mdecideStuckInputRecovery[2m > [22msuppresses a repeat recovery inside the dedup window
 [32m✓[39m src/__tests__/pane-state.test.ts[2m > [22mdecideStuckInputRecovery[2m > [22mrecovers again once the dedup window elapses
 [32m✓[39m src/__tests__/pane-state.test.ts[2m > [22mdecideStuckInputRecovery[2m > [22mgives up after maxAttempts without further recoveries
 [32m✓[39m src/__tests__/pane-state.test.ts[2m > [22mdecideStuckInputRecovery[2m > [22mclears the spell when the input box empties
 [32m✓[39m src/__tests__/pane-state.test.ts[2m > [22mdecideStuckInputRecovery[2m > [22mdoes not stall on backwards clock skew (future timestamp)
 [32m✓[39m src/__tests__/pane-state.test.ts[2m > [22mparkedChannelInput (stuck channel-block gate + truncation guard)[2m > [22mreturns null when the pane is idle (nothing parked)
 [32m✓[39m src/__tests__/pane-state.test.ts[2m > [22mparkedChannelInput (stuck channel-block gate + truncation guard)[2m > [22mreturns null for a HUMAN hand-typed draft (no <channel> marker) -- never touched
 [32m✓[39m src/__tests__/pane-state.test.ts[2m > [22mparkedChannelInput (stuck channel-block gate + truncation guard)[2m > [22mextracts a COMPLETE single-line parked channel block with chat_id
 [32m✓[39m src/__tests__/pane-state.test.ts[2m > [22mparkedChannelInput (stuck channel-block gate + truncation guard)[2m > [22mreconstructs a wrapped multi-line block when chat_id stays intact
 [32m✓[39m src/__tests__/pane-state.test.ts[2m > [22mparkedChannelInput (stuck channel-block gate + truncation guard)[2m > [22mflags complete:false when the closing </channel> scrolled off (truncated)
 [32m✓[39m src/__tests__/pane-state.test.ts[2m > [22mparkedChannelInput (stuck channel-block gate + truncation guard)[2m > [22mflags complete:false when a wrap corrupts chat_id with embedded whitespace
 [32m✓[39m src/__tests__/pane-state.test.ts[2m > [22mparkedChannelInput (stuck channel-block gate + truncation guard)[2m > [22mreturns null for a non-plugin channel marker (defensive)
 [32m✓[39m src/__tests__/pane-state.test.ts[2m > [22mshouldRetrySubmit: esc-to-interrupt scoped to live footer region[2m > [22mreturns true (stuck) when "esc to interrupt" appears only in scrollback and the input box holds the payload
 [32m✓[39m src/__tests__/pane-state.test.ts[2m > [22mshouldRetrySubmit: esc-to-interrupt scoped to live footer region[2m > [22mreturns false (busy, no retry) when "esc to interrupt" is in the live footer (active turn)
 [32m✓[39m src/__tests__/pane-state.test.ts[2m > [22mdetectPaneState: esc-to-interrupt scoped to live footer region[2m > [22mclassifies as idle when "esc to interrupt" appears only in scrollback prose
 [32m✓[39m src/__tests__/pane-state.test.ts[2m > [22mdetectPaneState: esc-to-interrupt scoped to live footer region[2m > [22mclassifies as busy when "esc to interrupt" appears in the footer line (live turn)
 [32m✓[39m src/__tests__/pane-state.test.ts[2m > [22mparkedInputText[2m > [22mreturns the parked input text when typing
 [32m✓[39m src/__tests__/pane-state.test.ts[2m > [22mparkedInputText[2m > [22mreturns null for an empty (idle) input box
 [32m✓[39m src/__tests__/pane-state.test.ts[2m > [22mparkedInputText[2m > [22mreturns null when the pane is not Claude Code
 [32m✓[39m src/__tests__/pane-state.test.ts[2m > [22mparkedInputText[2m > [22mcollapses terminal-wrapped lines into a single submittable line
 [32m✓[39m src/__tests__/pane-state.test.ts[2m > [22mparked input rendered with a non-breaking space (U+00A0) after ❯[2m > [22mclassifies an NBSP-prompted parked box as typing, not idle
 [32m✓[39m src/__tests__/pane-state.test.ts[2m > [22mparked input rendered with a non-breaking space (U+00A0) after ❯[2m > [22mstill classifies the ASCII-space parked box as typing (no regression)
 [32m✓[39m src/__tests__/pane-state.test.ts[2m > [22mparked input rendered with a non-breaking space (U+00A0) after ❯[2m > [22mmerges an NBSP-parked box to busy when mergeTypingAsBusy is set
 [32m✓[39m src/__tests__/pane-state.test.ts[2m > [22mparked input rendered with a non-breaking space (U+00A0) after ❯[2m > [22mdoes not report an NBSP-parked pane as ready for a new prompt
 [32m✓[39m src/__tests__/pane-state.test.ts[2m > [22mparked input rendered with a non-breaking space (U+00A0) after ❯[2m > [22mrevives the stuck-input recovery chain (signature is non-null)
 [32m✓[39m src/__tests__/pane-state.test.ts[2m > [22mparked input rendered with a non-breaking space (U+00A0) after ❯[2m > [22mrecovers the parked text with the ❯ prompt and NBSP stripped
 [32m✓[39m src/__tests__/pane-state.test.ts[2m > [22mparked input rendered with a non-breaking space (U+00A0) after ❯[2m > [22mrecovers an NBSP-prompted parked CHANNEL block with the correct chat_id
 [32m✓[39m src/__tests__/pane-state.test.ts[2m > [22mparked input rendered with a non-breaking space (U+00A0) after ❯[2m > [22mcollapses a terminal-wrapped NBSP-parked message into one submittable line
 [32m✓[39m src/__tests__/pane-state.test.ts[2m > [22mparked input rendered with a non-breaking space (U+00A0) after ❯[2m > [22mclassifies an NBSP-parked box as typing under the strict shortcuts footer
 [32m✓[39m src/__tests__/pane-state.test.ts[2m > [22mdetectsBlockingMenu[2m > [22mdetects the /mcp server-manager modal
 [32m✓[39m src/__tests__/pane-state.test.ts[2m > [22mdetectsBlockingMenu[2m > [22mdetects an esc-only modal with no navigation row
 [32m✓[39m src/__tests__/pane-state.test.ts[2m > [22mdetectsBlockingMenu[2m > [22mis false for a normal idle prompt (bypass/strict)
 [32m✓[39m src/__tests__/pane-state.test.ts[2m > [22mdetectsBlockingMenu[2m > [22mis false for a busy turn even if it renders esc-to-interrupt
 [32m✓[39m src/__tests__/pane-state.test.ts[2m > [22mdetectsBlockingMenu[2m > [22mis false for an empty pane
 [32m✓[39m src/__tests__/pane-state.test.ts[2m > [22mdetectsBlockingMenu[2m > [22mdoes not trigger on a reply that merely quotes menu chrome above a live prompt
 [32m✓[39m src/__tests__/pane-state.test.ts[2m > [22mdetectsPastePlaceholder[2m > [22mdetects the `[Pasted text #N +X chars]` stub
 [32m✓[39m src/__tests__/pane-state.test.ts[2m > [22mdetectsPastePlaceholder[2m > [22mdetects the bare `[Pasted text #N]` stub (no +X chars suffix)
 [32m✓[39m src/__tests__/pane-state.test.ts[2m > [22mdetectsPastePlaceholder[2m > [22mdetects the WRAPPED stub (real shape: line break between `[Pasted text` and `#N`)
 [32m✓[39m src/__tests__/pane-state.test.ts[2m > [22mdetectsPastePlaceholder[2m > [22mdetects the wrapped stub when the DIGITS straddle the line break
 [32m✓[39m src/__tests__/pane-state.test.ts[2m > [22mdetectsPastePlaceholder[2m > [22mis false when a stub appears ONLY in an upper reply line (scoped to the box)
 [32m✓[39m src/__tests__/pane-state.test.ts[2m > [22mdetectsPastePlaceholder[2m > [22mdetects a multi-stub mixed buffer
 [32m✓[39m src/__tests__/pane-state.test.ts[2m > [22mdetectsPastePlaceholder[2m > [22mis false on a clean idle pane
 [32m✓[39m src/__tests__/pane-state.test.ts[2m > [22mdetectsPastePlaceholder[2m > [22mis false on a busy pane
 [32m✓[39m src/__tests__/pane-state.test.ts[2m > [22mdetectsPastePlaceholder[2m > [22mis false on verbatim parked text (no stub)
 [32m✓[39m src/__tests__/pane-state.test.ts[2m > [22mdetectsPastePlaceholder[2m > [22mis false on an empty / whitespace pane
 [32m✓[39m src/__tests__/pane-state.test.ts[2m > [22mdetectsPastePlaceholder[2m > [22mdoes NOT key on the `paste again to expand` hint alone
 [32m✓[39m src/__tests__/pane-state.test.ts[2m > [22mdetectsPastePlaceholder[2m > [22mmatches the stub when it sits inside the live input box
 [32m✓[39m src/__tests__/pane-state.test.ts[2m > [22mparkedInputRowCount[2m > [22mreturns 0 for an empty input box (bare prompt)
 [32m✓[39m src/__tests__/pane-state.test.ts[2m > [22mparkedInputRowCount[2m > [22mreturns 0 when there is no input box at all
 [32m✓[39m src/__tests__/pane-state.test.ts[2m > [22mparkedInputRowCount[2m > [22mreturns 1 for a single-row parked input
 [32m✓[39m src/__tests__/pane-state.test.ts[2m > [22mparkedInputRowCount[2m > [22mcounts every visual row of a wrapped multi-row parked input
 [32m✓[39m src/__tests__/pane-state.test.ts[2m > [22msubmitLanded[2m > [22mcaptures a non-empty signature from the parked fixture
 [32m✓[39m src/__tests__/pane-state.test.ts[2m > [22msubmitLanded[2m > [22mis false when the identical signature is still parked
 [32m✓[39m src/__tests__/pane-state.test.ts[2m > [22msubmitLanded[2m > [22mis true when the box cleared (pane went idle)
 [32m✓[39m src/__tests__/pane-state.test.ts[2m > [22msubmitLanded[2m > [22mis true when the agent started processing (pane went busy)
 [32m✓[39m src/__tests__/pane-state.test.ts[2m > [22msubmitLanded[2m > [22mis true when different text is now parked
 [32m✓[39m src/__tests__/pane-state.test.ts[2m > [22msubmitLanded[2m > [22mis false when there is no after-capture (null)
 [32m✓[39m src/__tests__/pane-state.test.ts[2m > [22mfooter-less welcome-screen parked input[2m > [22mclassifies the parked box as typing (not unknown)
 [32m✓[39m src/__tests__/pane-state.test.ts[2m > [22mfooter-less welcome-screen parked input[2m > [22mmergeTypingAsBusy folds the footer-less parked box into busy
 [32m✓[39m src/__tests__/pane-state.test.ts[2m > [22mfooter-less welcome-screen parked input[2m > [22mstuckInputSignature recovers a non-null signature
 [32m✓[39m src/__tests__/pane-state.test.ts[2m > [22mfooter-less welcome-screen parked input[2m > [22mparkedInputText returns the collapsed multi-row message (not empty)
 [32m✓[39m src/__tests__/pane-state.test.ts[2m > [22mfooter-less welcome-screen parked input[2m > [22mparkedInputRowCount counts every wrapped row (> 1 on a real wedge)
 [32m✓[39m src/__tests__/pane-state.test.ts[2m > [22mfooter-less welcome-screen parked input[2m > [22msubmitLanded fires once the welcome wedge clears to an idle pane
 [32m✓[39m src/__tests__/pane-state.test.ts[2m > [22mfooter-less welcome-screen parked input[2m > [22mdoes NOT mistake a scrollback ──── pair without a ❯ box for input
 [32m✓[39m src/__tests__/pane-state.test.ts[2m > [22mpaneShowsContextSaturation[2m > [22mdetects the saturation banner on an otherwise-idle pane
 [32m✓[39m src/__tests__/pane-state.test.ts[2m > [22mpaneShowsContextSaturation[2m > [22mis false on a normal idle pane
 [32m✓[39m src/__tests__/pane-state.test.ts[2m > [22mpaneShowsContextSaturation[2m > [22mis false on a normal busy pane (no false alarm mid-turn)
 [32m✓[39m src/__tests__/pane-state.test.ts[2m > [22mpaneShowsContextSaturation[2m > [22mdoes NOT misfire on a scrollback quote of the same phrase
 [32m✓[39m src/__tests__/pane-state.test.ts[2m > [22mpaneShowsContextSaturation[2m > [22mis false on empty/null-ish input
 [32m✓[39m src/__tests__/pane-state.test.ts[2m > [22mparkedPasteSignature (stuck [Pasted text #N] recovery)[2m > [22mreturns a stable signature for a parked placeholder (current build, idle footer)
 [32m✓[39m src/__tests__/pane-state.test.ts[2m > [22mparkedPasteSignature (stuck [Pasted text #N] recovery)[2m > [22mrecovers the older build shape too (paste again to expand, no idle footer)
 [32m✓[39m src/__tests__/pane-state.test.ts[2m > [22mparkedPasteSignature (stuck [Pasted text #N] recovery)[2m > [22mrecovers the real wrapped-stub production shape
 [32m✓[39m src/__tests__/pane-state.test.ts[2m > [22mparkedPasteSignature (stuck [Pasted text #N] recovery)[2m > [22mis null when NO placeholder is parked (plain typing / idle / empty)
 [32m✓[39m src/__tests__/pane-state.test.ts[2m > [22mparkedPasteSignature (stuck [Pasted text #N] recovery)[2m > [22mdoes NOT misfire on a placeholder quoted only in scrollback
 [32m✓[39m src/__tests__/pane-state.test.ts[2m > [22mparkedPasteSignature (stuck [Pasted text #N] recovery)[2m > [22mis null while a live busy indicator is present (genuine in-progress paste)
 [32m✓[39m src/__tests__/pane-state.test.ts[2m > [22mparkedPasteSignature (stuck [Pasted text #N] recovery)[2m > [22mis null when a token-counter busy tail is present without a spinner label
 [32m✓[39m src/__tests__/pane-state.test.ts[2m > [22mparkedPasteSignature (stuck [Pasted text #N] recovery)[2m > [22msanitized real incident shape: finished turn + parked paste -> recoverable
/bin/bash: C:Userspohi9AppDataLocalTemperrtrap-hZ61aHprobe.sh: No such file or directory
 [2m[90m↓[39m[22m src/__tests__/token-usage.test.ts[2m > [22mpruneTokenUsage[2m > [22mdeletes rows older than the retention window (default 90 days), keeps recent ones
 [2m[90m↓[39m[22m src/__tests__/token-usage.test.ts[2m > [22mpruneTokenUsage[2m > [22mis a no-op when nothing is older than the window
 [2m[90m↓[39m[22m src/__tests__/token-usage.test.ts[2m > [22mcollectTokenUsage[2m > [22mparseJsonlFile handles valid lines, skips invalid JSON and non-assistant types
 [2m[90m↓[39m[22m src/__tests__/token-usage.test.ts[2m > [22mgetTokenSummary[2m > [22mreturns per-agent summaries with correct aggregations
 [2m[90m↓[39m[22m src/__tests__/token-usage.test.ts[2m > [22mgetTokenSummary[2m > [22mrespects time range filters
 [2m[90m↓[39m[22m src/__tests__/token-usage.test.ts[2m > [22mgetTokenSummary[2m > [22mreturns empty array when no data in range
 [2m[90m↓[39m[22m src/__tests__/token-usage.test.ts[2m > [22mgetTokenTimeline[2m > [22mbuckets data by specified interval
 [2m[90m↓[39m[22m src/__tests__/token-usage.test.ts[2m > [22mgetTokenTimeline[2m > [22mfilters by agent
 [2m[90m↓[39m[22m src/__tests__/token-usage.test.ts[2m > [22mgetTokenTimeline[2m > [22minputTokens includes cache tokens
 [2m[90m↓[39m[22m src/__tests__/token-usage.test.ts[2m > [22mgetTokenDetails[2m > [22mreturns details ordered by timestamp DESC
 [2m[90m↓[39m[22m src/__tests__/token-usage.test.ts[2m > [22mgetTokenDetails[2m > [22mfilters by agent
 [2m[90m↓[39m[22m src/__tests__/token-usage.test.ts[2m > [22mgetTokenDetails[2m > [22mfilters by minTokens
 [2m[90m↓[39m[22m src/__tests__/token-usage.test.ts[2m > [22mgetTokenDetails[2m > [22mrespects limit and offset
 [2m[90m↓[39m[22m src/__tests__/token-usage.test.ts[2m > [22mgetTokenDetails[2m > [22mfull-text search via q parameter
 [2m[90m↓[39m[22m src/__tests__/token-usage.test.ts[2m > [22mgetTokenDetails[2m > [22mcaps limit at 500
 [2m[90m↓[39m[22m src/__tests__/token-usage.test.ts[2m > [22mdeduplication[2m > [22mINSERT OR IGNORE prevents duplicate rows
 [2m[90m↓[39m[22m src/__tests__/token-usage.test.ts[2m > [22mcorrelateWithKanban[2m > [22mlinks token_usage rows to kanban cards by agent and time range
 [2m[90m↓[39m[22m src/__tests__/token-usage.test.ts[2m > [22mtryHandleTokenUsage route handler[2m > [22mhandles GET /api/token-usage/summary
 [2m[90m↓[39m[22m src/__tests__/token-usage.test.ts[2m > [22mtryHandleTokenUsage route handler[2m > [22mhandles GET /api/token-usage/timeline with params
 [2m[90m↓[39m[22m src/__tests__/token-usage.test.ts[2m > [22mtryHandleTokenUsage route handler[2m > [22mhandles GET /api/token-usage with detail params
 [2m[90m↓[39m[22m src/__tests__/token-usage.test.ts[2m > [22mtryHandleTokenUsage route handler[2m > [22mcaps limit at 500
 [2m[90m↓[39m[22m src/__tests__/token-usage.test.ts[2m > [22mtryHandleTokenUsage route handler[2m > [22mreturns false for unrelated paths
 [2m[90m↓[39m[22m src/__tests__/token-usage.test.ts[2m > [22mtryHandleTokenUsage route handler[2m > [22mreturns false for wrong method on collect
 [32m✓[39m src/__tests__/serve-file-cache.test.ts[2m > [22mjson() cache headers[2m > [22msends Cache-Control: private, no-store on every json() response
 [32m✓[39m src/__tests__/serve-file-cache.test.ts[2m > [22metagMatches[2m > [22mreturns false when ifNoneMatch is undefined
 [32m✓[39m src/__tests__/serve-file-cache.test.ts[2m > [22metagMatches[2m > [22mreturns true for an exact match
 [32m✓[39m src/__tests__/serve-file-cache.test.ts[2m > [22metagMatches[2m > [22mreturns false for a mismatch
 [32m✓[39m src/__tests__/serve-file-cache.test.ts[2m > [22metagMatches[2m > [22mnormalises W/ prefix before comparing
 [32m✓[39m src/__tests__/serve-file-cache.test.ts[2m > [22metagMatches[2m > [22mdoes not normalise double W/ prefix (malformed → miss)
 [32m✓[39m src/__tests__/serve-file-cache.test.ts[2m > [22metagMatches[2m > [22mcoerces string[] to RFC-joined string before comparing
 [32m✓[39m src/__tests__/serve-file-cache.test.ts[2m > [22mserveFile cache headers[2m > [22mserves 200 with ETag, Last-Modified and Cache-Control: no-cache on first request
 [32m✓[39m src/__tests__/serve-file-cache.test.ts[2m > [22mserveFile cache headers[2m > [22mserves 304 with matching If-None-Match (conditional GET)
 [32m✓[39m src/__tests__/serve-file-cache.test.ts[2m > [22mserveFile cache headers[2m > [22mserves 200 with non-matching If-None-Match (stale ETag)
 [32m✓[39m src/__tests__/serve-file-cache.test.ts[2m > [22mserveFile cache headers[2m > [22mserves 304 with matching W/ weak ETag
 [32m✓[39m src/__tests__/serve-file-cache.test.ts[2m > [22mserveFile cache headers[2m > [22mserves 404 for a non-existent file
 [32m✓[39m src/__tests__/serve-file-cache.test.ts[2m > [22mserveFile cacheSeconds option[2m > [22msends private max-age instead of no-cache when cacheSeconds is set
 [32m✓[39m src/__tests__/serve-file-cache.test.ts[2m > [22mserveFile cacheSeconds option[2m > [22mkeeps max-age on the 304 revalidation response
 [32m✓[39m src/__tests__/serve-file-cache.test.ts[2m > [22mserveFile gzip[2m > [22mgzips a large compressible file when the client accepts gzip
 [32m✓[39m src/__tests__/serve-file-cache.test.ts[2m > [22mserveFile gzip[2m > [22mdoes not gzip without Accept-Encoding and keeps the plain ETag format
 [32m✓[39m src/__tests__/serve-file-cache.test.ts[2m > [22mserveFile gzip[2m > [22mdoes not gzip when the client disables gzip with q=0
 [32m✓[39m src/__tests__/serve-file-cache.test.ts[2m > [22mserveFile gzip[2m > [22mdoes not gzip non-compressible extensions
 [32m✓[39m src/__tests__/serve-file-cache.test.ts[2m > [22mserveFile gzip[2m > [22mdoes not gzip small compressible files
 [32m✓[39m src/__tests__/serve-file-cache.test.ts[2m > [22mserveFile gzip[2m > [22mserves 304 against the gzip-variant ETag for a gzip-accepting client
 [32m✓[39m src/__tests__/serve-file-cache.test.ts[2m > [22mserveFile gzip[2m > [22mdoes not 304 a non-gzip client holding the gzip-variant ETag
 [32m✓[39m src/__tests__/serve-file-cache.test.ts[2m > [22mjsonMaybeGzip[2m > [22mgzips a large payload for a gzip-accepting client
 [32m✓[39m src/__tests__/serve-file-cache.test.ts[2m > [22mjsonMaybeGzip[2m > [22msends plain JSON without Accept-Encoding
 [32m✓[39m src/__tests__/serve-file-cache.test.ts[2m > [22mjsonMaybeGzip[2m > [22msends small payloads uncompressed even when gzip is accepted
 [32m✓[39m src/__tests__/serve-file-cache.test.ts[2m > [22mjsonMaybeGzip[2m > [22mhonours a non-200 status
 [32m✓[39m src/__tests__/claude-config-dir.test.ts[2m > [22mresolveClaudeConfigDir -- guard rails[2m > [22mreturns null for empty JSON
 [32m✓[39m src/__tests__/claude-config-dir.test.ts[2m > [22mresolveClaudeConfigDir -- guard rails[2m > [22mreturns null for unparseable JSON
 [32m✓[39m src/__tests__/claude-config-dir.test.ts[2m > [22mresolveClaudeConfigDir -- guard rails[2m > [22mreturns null when JSON parses to non-object (array, primitive, null)
 [32m✓[39m src/__tests__/claude-config-dir.test.ts[2m > [22mresolveClaudeConfigDir -- guard rails[2m > [22mreturns null when claudeConfigDir field is missing
 [32m✓[39m src/__tests__/claude-config-dir.test.ts[2m > [22mresolveClaudeConfigDir -- guard rails[2m > [22mreturns null when claudeConfigDir is not a string
 [32m✓[39m src/__tests__/claude-config-dir.test.ts[2m > [22mresolveClaudeConfigDir -- guard rails[2m > [22mreturns null for empty or whitespace-only string
 [32m✓[39m src/__tests__/claude-config-dir.test.ts[2m > [22mresolveClaudeConfigDir -- tilde expansion[2m > [22mexpands a bare ~ to the home directory
 [31m×[39m src/__tests__/claude-config-dir.test.ts[2m > [22mresolveClaudeConfigDir -- tilde expansion[2m > [22mexpands ~/ prefix against the home directory
[31m   → expected null to be '/tmp/fake-home/.claude-coding' // Object.is equality[39m
 [31m×[39m src/__tests__/claude-config-dir.test.ts[2m > [22mresolveClaudeConfigDir -- tilde expansion[2m > [22mexpands ~/ even with nested subpaths
[31m   → expected null to be '/tmp/fake-home/configs/claude/alt' // Object.is equality[39m
 [32m✓[39m src/__tests__/claude-config-dir.test.ts[2m > [22mresolveClaudeConfigDir -- tilde expansion[2m > [22mrejects a tilde in the middle of the string
 [32m✓[39m src/__tests__/claude-config-dir.test.ts[2m > [22mresolveClaudeConfigDir -- character whitelist[2m > [22mrejects values containing a double quote
 [32m✓[39m src/__tests__/claude-config-dir.test.ts[2m > [22mresolveClaudeConfigDir -- character whitelist[2m > [22mrejects values containing a single quote
 [32m✓[39m src/__tests__/claude-config-dir.test.ts[2m > [22mresolveClaudeConfigDir -- character whitelist[2m > [22mrejects values containing parentheses (subshell when unquoted)
 [32m✓[39m src/__tests__/claude-config-dir.test.ts[2m > [22mresolveClaudeConfigDir -- character whitelist[2m > [22mrejects values containing whitespace (would split the unquoted segment)
 [32m✓[39m src/__tests__/claude-config-dir.test.ts[2m > [22mresolveClaudeConfigDir -- character whitelist[2m > [22mrejects values containing a dollar sign (variable expansion)
 [32m✓[39m src/__tests__/claude-config-dir.test.ts[2m > [22mresolveClaudeConfigDir -- character whitelist[2m > [22mrejects values containing a backtick (command substitution)
 [32m✓[39m src/__tests__/claude-config-dir.test.ts[2m > [22mresolveClaudeConfigDir -- character whitelist[2m > [22mrejects values containing a semicolon (command separator)
 [32m✓[39m src/__tests__/claude-config-dir.test.ts[2m > [22mresolveClaudeConfigDir -- character whitelist[2m > [22mrejects values containing a backslash
 [32m✓[39m src/__tests__/claude-config-dir.test.ts[2m > [22mresolveClaudeConfigDir -- character whitelist[2m > [22mrejects values containing a newline or carriage return
 [32m✓[39m src/__tests__/claude-config-dir.test.ts[2m > [22mresolveClaudeConfigDir -- character whitelist[2m > [22mrejects other shell-significant characters (&, |, *, ?, <, >, !)
 [31m×[39m src/__tests__/claude-config-dir.test.ts[2m > [22mresolveClaudeConfigDir -- character whitelist[2m > [22maccepts a path with a hyphen, dot, underscore (common in real names)
[31m   → expected null to be '/tmp/fake-home/.claude-coding_v2' // Object.is equality[39m
 [32m✓[39m src/__tests__/claude-config-dir.test.ts[2m > [22mresolveClaudeConfigDir -- character whitelist[2m > [22maccepts an alphanumeric absolute path
 [32m✓[39m src/__tests__/claude-config-dir.test.ts[2m > [22mresolveClaudeConfigDir -- parent-traversal rejection[2m > [22mrejects a tilde path that escapes home via `..`
 [32m✓[39m src/__tests__/claude-config-dir.test.ts[2m > [22mresolveClaudeConfigDir -- parent-traversal rejection[2m > [22mrejects an absolute path containing `..` segments
 [32m✓[39m src/__tests__/claude-config-dir.test.ts[2m > [22mresolveClaudeConfigDir -- parent-traversal rejection[2m > [22mrejects a relative path with `..` segments
 [32m✓[39m src/__tests__/claude-config-dir.test.ts[2m > [22mresolveClaudeConfigDir -- parent-traversal rejection[2m > [22maccepts paths where `..` appears only inside a longer segment
 [32m✓[39m src/__tests__/claude-config-dir.test.ts[2m > [22mresolveClaudeConfigDir -- parent-traversal rejection[2m > [22maccepts a legitimate absolute path outside home
 [31m×[39m src/__tests__/claude-config-dir.test.ts[2m > [22mresolveClaudeConfigDir -- parent-traversal rejection[2m > [22maccepts a tilde path with a trailing single dot (path.join normalizes)
[31m   → expected null to be '/tmp/fake-home/foo' // Object.is equality[39m
 [32m✓[39m src/__tests__/claude-config-dir.test.ts[2m > [22mresolveClaudeConfigDir -- parent-traversal rejection[2m > [22maccepts a path containing a single-dot segment in the middle
 [32m✓[39m src/__tests__/claude-config-dir.test.ts[2m > [22mresolveClaudeConfigDir -- parent-traversal rejection[2m > [22maccepts a path with consecutive slashes (`//`)
 [32m✓[39m src/__tests__/claude-config-dir.test.ts[2m > [22mresolveClaudeConfigDir -- absolute and relative paths[2m > [22mreturns absolute paths verbatim
 [32m✓[39m src/__tests__/claude-config-dir.test.ts[2m > [22mresolveClaudeConfigDir -- absolute and relative paths[2m > [22mreturns relative paths verbatim (caller responsibility)
 [31m×[39m src/__tests__/claude-config-dir.test.ts[2m > [22mresolveClaudeConfigDir -- absolute and relative paths[2m > [22mtrims surrounding whitespace before resolving
[31m   → expected null to be '/tmp/fake-home/.claude-x' // Object.is equality[39m
 [32m✓[39m src/__tests__/claude-config-dir.test.ts[2m > [22mresolveClaudeConfigDir -- tilde position and post-expansion safety[2m > [22mrejects `~user/path` (named-user home, would be re-expanded by runtime shell)
 [32m✓[39m src/__tests__/claude-config-dir.test.ts[2m > [22mresolveClaudeConfigDir -- tilde position and post-expansion safety[2m > [22mrejects a tilde appearing mid-string
 [31m×[39m src/__tests__/claude-config-dir.test.ts[2m > [22mresolveClaudeConfigDir -- tilde position and post-expansion safety[2m > [22mstill accepts the two safe tilde forms
[31m   → expected null to be '/tmp/fake-home/.claude-x' // Object.is equality[39m
 [32m✓[39m src/__tests__/claude-config-dir.test.ts[2m > [22mresolveClaudeConfigDir -- tilde position and post-expansion safety[2m > [22mrejects a tilde-expanded path when homeDir itself is unsafe
 [31m×[39m src/__tests__/claude-config-dir.test.ts[2m > [22mresolveClaudeConfigDir -- tilde position and post-expansion safety[2m > [22mstill resolves a tilde path when homeDir is safe
[31m   → expected null to be '/home/normal/.claude-x' // Object.is equality[39m
 [31m×[39m src/__tests__/claude-config-dir.test.ts[2m > [22mresolveClaudeConfigDir -- realistic agent-config shapes[2m > [22mhandles a full agent-config.json with the field present
[31m   → expected null to be '/tmp/fake-home/.claude-coding' // Object.is equality[39m
 [32m✓[39m src/__tests__/claude-config-dir.test.ts[2m > [22mresolveClaudeConfigDir -- realistic agent-config shapes[2m > [22mhandles a full agent-config.json without the field
 [31m×[39m src/__tests__/claude-config-dir.test.ts[2m > [22mresolveClaudeConfigDir -- realistic agent-config shapes[2m > [22muses the supplied homeDir, not process.env.HOME
[31m   → expected null to be '/home/alice/.claude-x' // Object.is equality[39m
 [32m✓[39m src/__tests__/federation-config.test.ts[2m > [22mvalidateFederationConfig (pure)[2m > [22maccepts a minimal valid config and defaults systemId to MAIN_AGENT_ID
 [32m✓[39m src/__tests__/federation-config.test.ts[2m > [22mvalidateFederationConfig (pure)[2m > [22mparses peers for DISABLED configs too (lossless disable)
 [32m✓[39m src/__tests__/federation-config.test.ts[2m > [22mvalidateFederationConfig (pure)[2m > [22mis strict about enabled === true
 [32m✓[39m src/__tests__/federation-config.test.ts[2m > [22mvalidateFederationConfig (pure)[2m > [22mdefaults routingMode to catalog-first when absent, round-trips a valid mode
 [32m✓[39m src/__tests__/federation-config.test.ts[2m > [22mvalidateFederationConfig (pure)[2m > [22mrejects an unknown routingMode (fail-closed)
 [32m✓[39m src/__tests__/federation-config.test.ts[2m > [22mvalidateFederationConfig (pure)[2m > [22mallows an EMPTY outboundToken (pairing pending) but rejects a short one
 [32m✓[39m src/__tests__/federation-config.test.ts[2m > [22mvalidateFederationConfig (pure)[2m > [22mREQUIRES a well-formed inboundToken (min length, empty-string bypass guard)
 [32m✓[39m src/__tests__/federation-config.test.ts[2m > [22mvalidateFederationConfig (pure)[2m > [22mrejects duplicate inbound tokens (cross-peer impersonation guard)
 [32m✓[39m src/__tests__/federation-config.test.ts[2m > [22mvalidateFederationConfig (pure)[2m > [22mrejects peer id equal to own systemId and duplicate peer ids
 [32m✓[39m src/__tests__/federation-config.test.ts[2m > [22mvalidateFederationConfig (pure)[2m > [22mlowercases systemId and peer ids at validation -- case-insensitive ids, stored lowercase (L1)
 [32m✓[39m src/__tests__/federation-config.test.ts[2m > [22mvalidateFederationConfig (pure)[2m > [22mdetects id collisions ACROSS case (own-system + duplicate)
 [32m✓[39m src/__tests__/federation-config.test.ts[2m > [22mvalidateFederationConfig (pure)[2m > [22mrejects unknown trust values (fail-closed forward-compat)
 [32m✓[39m src/__tests__/federation-config.test.ts[2m > [22mvalidateFederationConfig (pure)[2m > [22mparses the per-peer shareCapabilitySummaries flag strictly and ROUND-TRIPS it (L5)
 [32m✓[39m src/__tests__/federation-config.test.ts[2m > [22mvalidateFederationConfig (pure)[2m > [22mvalidates abandonWindowMinutes bounds
 [32m✓[39m src/__tests__/federation-config.test.ts[2m > [22mvalidateFederationConfig (pure)[2m > [22mrejects invalid ids and baseUrls; strips trailing slashes
 [32m✓[39m src/__tests__/federation-config.test.ts[2m > [22misAcceptablePeerBaseUrl / abandonWindowMsForPeer / token mint[2m > [22mrequires https except on loopback
 [32m✓[39m src/__tests__/federation-config.test.ts[2m > [22misAcceptablePeerBaseUrl / abandonWindowMsForPeer / token mint[2m > [22mabandon window defaults to 60 min and honours per-peer override
 [32m✓[39m src/__tests__/federation-config.test.ts[2m > [22misAcceptablePeerBaseUrl / abandonWindowMsForPeer / token mint[2m > [22mmints 64-hex tokens
 [32m✓[39m src/__tests__/federation-config.test.ts[2m > [22mfail-closed store reads[2m > [22mmissing file / garbage JSON / one invalid peer -> disabled with no peers
 [32m✓[39m src/__tests__/federation-config.test.ts[2m > [22mfail-closed store reads[2m > [22mvalid enabled file -> enabled with parsed peers
 [32m✓[39m src/__tests__/federation-config.test.ts[2m > [22midentifyFederationCaller[2m > [22midentifies the matching peer and only while enabled
 [32m✓[39m src/__tests__/federation-config.test.ts[2m > [22midentifyFederationCaller[2m > [22mnever authenticates against an empty/short stored token
 [32m✓[39m src/__tests__/federation-config.test.ts[2m > [22mlossless enable/disable + removal[2m > [22msetFederationEnabledPreservingFile flips the flag and keeps peers -- even INVALID ones stay in the file
 [32m✓[39m src/__tests__/federation-config.test.ts[2m > [22mlossless enable/disable + removal[2m > [22mreturns false on unreadable garbage (nothing to flip; validator already fail-closes)
 [32m✓[39m src/__tests__/federation-config.test.ts[2m > [22mlossless enable/disable + removal[2m > [22msetFederationRoutingModePreservingFile sets the mode, keeps peers + enabled, survives an invalid stored peer
 [32m✓[39m src/__tests__/federation-config.test.ts[2m > [22mlossless enable/disable + removal[2m > [22mremoveFederationStore deletes config + legacy token file and is idempotent
 [32m✓[39m src/__tests__/federation-config.test.ts[2m > [22mlossless enable/disable + removal[2m > [22mwriteFederationConfig refreshes the cache synchronously
[15:16:23.810] [33mWARN[39m (17296): [36mfederation: cannot read federation.json -- federation disabled (fail-closed)[39m
    err: {
      "type": "SyntaxError",
      "message": "Expected property name or '}' in JSON at position 1 (line 1 column 2)",
      "stack":
          SyntaxError: Expected property name or '}' in JSON at position 1 (line 1 column 2)
              at JSON.parse (<anonymous>)
              at loadConfigFromDisk (Z:\001_Workspace\Marveen\marveen\.claude\worktrees\antigravity-fleet-agent\src\web\federation\config.ts:222:50)
              at Module.getFederationConfig (Z:\001_Workspace\Marveen\marveen\.claude\worktrees\antigravity-fleet-agent\src\web\federation\config.ts:256:45)
              at Z:\001_Workspace\Marveen\marveen\.claude\worktrees\antigravity-fleet-agent\src\__tests__\federation-config.test.ts:204:12
              at file:///Z:/001_Workspace/Marveen/marveen/.claude/worktrees/antigravity-fleet-agent/node_modules/@vitest/runner/dist/index.js:146:14
              at file:///Z:/001_Workspace/Marveen/marveen/.claude/worktrees/antigravity-fleet-agent/node_modules/@vitest/runner/dist/index.js:533:11
              at runWithTimeout (file:///Z:/001_Workspace/Marveen/marveen/.claude/worktrees/antigravity-fleet-agent/node_modules/@vitest/runner/dist/index.js:39:7)
              at runTest (file:///Z:/001_Workspace/Marveen/marveen/.claude/worktrees/antigravity-fleet-agent/node_modules/@vitest/runner/dist/index.js:1056:17)
              at processTicksAndRejections (node:internal/process/task_queues:103:5)
              at runSuite (file:///Z:/001_Workspace/Marveen/marveen/.claude/worktrees/antigravity-fleet-agent/node_modules/@vitest/runner/dist/index.js:1205:15)
    }
[15:16:23.819] [33mWARN[39m (17296): [36mfederation: invalid federation.json -- federation disabled (fail-closed)[39m
    [35mreason[39m: "invalid peer id"
[15:16:23.837] [33mWARN[39m (17296): [36mfederation: invalid federation.json -- federation disabled (fail-closed)[39m
    [35mreason[39m: "invalid inbound token for arthur (min 32 chars)"
[15:16:23.856] [33mWARN[39m (17296): [36mfederation: invalid federation.json -- federation disabled (fail-closed)[39m
    [35mreason[39m: "invalid inbound token for arthur (min 32 chars)"
[15:16:23.886] [33mWARN[39m (17296): [36mfederation: invalid federation.json -- federation disabled (fail-closed)[39m
    [35mreason[39m: "invalid inbound token for arthur (min 32 chars)"
/bin/bash: C:Userspohi9AppDataLocalTemperrtrap-wwzeRgprobe.sh: No such file or directory
 [2m[90m↓[39m[22m src/__tests__/auth-routes.test.ts[2m > [22mGET /api/auth/status[2m > [22mreports setup_required with zero users and token-caller authenticated
 [2m[90m↓[39m[22m src/__tests__/auth-routes.test.ts[2m > [22mGET /api/auth/status[2m > [22mreports login_available once a user exists and unauth for no principal
 [2m[90m↓[39m[22m src/__tests__/auth-routes.test.ts[2m > [22mGET /api/auth/status[2m > [22mreports session method + user for a session principal
 [2m[90m↓[39m[22m src/__tests__/auth-routes.test.ts[2m > [22mPOST /api/auth/login[2m > [22msets HttpOnly; SameSite=Strict; Path=/ and NO Secure over plain http
 [2m[90m↓[39m[22m src/__tests__/auth-routes.test.ts[2m > [22mPOST /api/auth/login[2m > [22madds Secure only under x-forwarded-proto: https
 [2m[90m↓[39m[22m src/__tests__/auth-routes.test.ts[2m > [22mPOST /api/auth/login[2m > [22mmints a fresh session id on every login (fixation defence)
 [2m[90m↓[39m[22m src/__tests__/auth-routes.test.ts[2m > [22mPOST /api/auth/login[2m > [22mrevokes a presented (valid) session cookie on login
 [2m[90m↓[39m[22m src/__tests__/auth-routes.test.ts[2m > [22mPOST /api/auth/login[2m > [22mreturns IDENTICAL 401 bodies for bad user vs bad password
 [2m[90m↓[39m[22m src/__tests__/auth-routes.test.ts[2m > [22mPOST /api/auth/login[2m > [22m429s once the per-username lock trips, with retry_after_s
 [2m[90m↓[39m[22m src/__tests__/auth-routes.test.ts[2m > [22mPOST /api/auth/logout[2m > [22mclears the cookie and revokes the row
 [2m[90m↓[39m[22m src/__tests__/auth-routes.test.ts[2m > [22mPOST /api/auth/password[2m > [22mrequires a correct current_password on the session path
 [2m[90m↓[39m[22m src/__tests__/auth-routes.test.ts[2m > [22mPOST /api/auth/password[2m > [22mdoes NOT require current_password on the token break-glass path
 [2m[90m↓[39m[22m src/__tests__/auth-routes.test.ts[2m > [22mPOST /api/auth/password[2m > [22mrevokes OTHER sessions on password change but keeps the caller
 [2m[90m↓[39m[22m src/__tests__/auth-routes.test.ts[2m > [22mPOST /api/auth/password[2m > [22menforces the password policy on the new password
 [2m[90m↓[39m[22m src/__tests__/auth-routes.test.ts[2m > [22musers CRUD[2m > [22mgates create + delete at the auth layer (requiresAuth)
 [2m[90m↓[39m[22m src/__tests__/auth-routes.test.ts[2m > [22musers CRUD[2m > [22mrejects a duplicate username with 409
 [2m[90m↓[39m[22m src/__tests__/auth-routes.test.ts[2m > [22musers CRUD[2m > [22mrejects an invalid username
 [2m[90m↓[39m[22m src/__tests__/auth-routes.test.ts[2m > [22musers CRUD[2m > [22mlists users without password hashes
 [2m[90m↓[39m[22m src/__tests__/auth-routes.test.ts[2m > [22musers CRUD[2m > [22mdeletes a user and revokes their sessions (back to token-only)
 [2m[90m↓[39m[22m src/__tests__/auth-routes.test.ts[2m > [22musers CRUD[2m > [22mstill allows a SESSION principal to manage users (existing behavior)
 [2m[90m↓[39m[22m src/__tests__/auth-routes.test.ts[2m > [22mcredential-kind allowlists (default-deny for future kinds)[2m > [22mdenies future device kind on users GET/POST/DELETE and break-glass password reset
 [2m[90m↓[39m[22m src/__tests__/auth-routes.test.ts[2m > [22mcredential-kind allowlists (default-deny for future kinds)[2m > [22mdenies federation kind on users GET/POST/DELETE and break-glass password reset
 [2m[90m↓[39m[22m src/__tests__/auth-routes.test.ts[2m > [22mcredential-kind allowlists (default-deny for future kinds)[2m > [22mdenies missing principal on users GET/POST/DELETE and break-glass password reset
 [2m[90m↓[39m[22m src/__tests__/auth-routes.test.ts[2m > [22mcredential-kind allowlists (default-deny for future kinds)[2m > [22mkeeps the token break-glass reset working (allowlist did not over-tighten)
 [2m[90m↓[39m[22m src/__tests__/bridge-enroll.test.ts[2m > [22mbridgeEnroll[2m > [22mwrites the restricted line, mints a paired device key, and embeds it in the bundle
 [2m[90m↓[39m[22m src/__tests__/bridge-enroll.test.ts[2m > [22mbridgeEnroll[2m > [22mre-pairing the same installId replaces BOTH the ssh line and the device key
 [2m[90m↓[39m[22m src/__tests__/bridge-enroll.test.ts[2m > [22mbridgeEnroll[2m > [22mfails hard without a host key and leaves NO side effects
 [2m[90m↓[39m[22m src/__tests__/bridge-enroll.test.ts[2m > [22mbridgeEnroll[2m > [22mrejects a garbage key line before touching anything
 [2m[90m↓[39m[22m src/__tests__/bridge-enroll.test.ts[2m > [22mbridgeEnroll[2m > [22mpreserves foreign authorized_keys lines byte-for-byte
 [2m[90m↓[39m[22m src/__tests__/bridge-enroll.test.ts[2m > [22mremoveAuthorizedKey (pure) + removeBridgeSshAccess[2m > [22mremoves exactly the target line and is idempotent
 [2m[90m↓[39m[22m src/__tests__/bridge-enroll.test.ts[2m > [22mremoveAuthorizedKey (pure) + removeBridgeSshAccess[2m > [22mpure removal keeps other lines untouched
 [2m[90m↓[39m[22m src/__tests__/bridge-enroll.test.ts[2m > [22mPOST /api/security/bridge-enroll (HTTP)[2m > [22mdenies device and federation principals, and a missing principal
 [2m[90m↓[39m[22m src/__tests__/bridge-enroll.test.ts[2m > [22mPOST /api/security/bridge-enroll (HTTP)[2m > [22m400s on a missing name or invalid key line without side effects
 [2m[90m↓[39m[22m src/__tests__/bridge-enroll.test.ts[2m > [22mPOST /api/security/bridge-enroll (HTTP)[2m > [22m400s on a target address that cannot be a host, before any side effect (JANKBRIDGE803)
 [2m[90m↓[39m[22m src/__tests__/bridge-enroll.test.ts[2m > [22mPOST /api/security/bridge-enroll (HTTP)[2m > [22menrolls end-to-end over the route (MARVEEN_SSH_DIR seam) and audits
 [2m[90m↓[39m[22m src/__tests__/bridge-enroll.test.ts[2m > [22mDELETE /api/auth/device-keys/:id for a paired key[2m > [22mreports ssh_removed:false when the authorized_keys side fails (partial revoke)
 [2m[90m↓[39m[22m src/__tests__/bridge-enroll.test.ts[2m > [22mDELETE /api/auth/device-keys/:id for a paired key[2m > [22mdrops the authorized_keys line together with the key
 [32m✓[39m src/__tests__/heartbeat-agent-scaffold.test.ts[2m > [22mrenderHeartbeatClaudeMd[2m > [22mthreads the owner name into the role + hard rules
 [32m✓[39m src/__tests__/heartbeat-agent-scaffold.test.ts[2m > [22mrenderHeartbeatClaudeMd[2m > [22mnames the main agent as the relay target by display name
 [32m✓[39m src/__tests__/heartbeat-agent-scaffold.test.ts[2m > [22mrenderHeartbeatClaudeMd[2m > [22mroutes the inter-agent message to the main agent id
 [32m✓[39m src/__tests__/heartbeat-agent-scaffold.test.ts[2m > [22mrenderHeartbeatClaudeMd[2m > [22muses the supplied store dir (absolute) for the DB and token paths
 [32m✓[39m src/__tests__/heartbeat-agent-scaffold.test.ts[2m > [22mrenderHeartbeatClaudeMd[2m > [22muses the supplied dashboard origin for the messages API
 [32m✓[39m src/__tests__/heartbeat-agent-scaffold.test.ts[2m > [22mrenderHeartbeatClaudeMd[2m > [22mtargets the configured calendar account when one is set
 [32m✓[39m src/__tests__/heartbeat-agent-scaffold.test.ts[2m > [22mrenderHeartbeatClaudeMd[2m > [22mfalls back to the MCP primary calendar when no account is set
 [32m✓[39m src/__tests__/heartbeat-agent-scaffold.test.ts[2m > [22mrenderHeartbeatClaudeMd[2m > [22memits no email beyond the configured calendar account
 [32m✓[39m src/__tests__/heartbeat-agent-scaffold.test.ts[2m > [22mrenderHeartbeatClaudeMd[2m > [22memits no absolute path outside the supplied store dir
 [32m✓[39m src/__tests__/heartbeat-agent-scaffold.test.ts[2m > [22mrenderHeartbeatClaudeMd[2m > [22mcarries no upstream default identity beyond the params
 [32m✓[39m src/__tests__/heartbeat-agent-scaffold.test.ts[2m > [22mrenderHeartbeatClaudeMd[2m > [22mcontains no em-dash (project style rule)
 [32m✓[39m src/__tests__/heartbeat-agent-scaffold.test.ts[2m > [22mrenderHeartbeatClaudeMd[2m > [22mpreserves the no-outbound-channel hard contract
 [32m✓[39m src/__tests__/heartbeat-agent-scaffold.test.ts[2m > [22mrenderHeartbeatClaudeMd[2m > [22mdoes not ask the agent to filter done cards -- it cannot see them at all (was card 776e800a)
 [32m✓[39m src/__tests__/heartbeat-agent-scaffold.test.ts[2m > [22mrenderHeartbeatClaudeMd[2m > [22mis fully driven by the identity -- distinct configs render distinctly
 [32m✓[39m src/__tests__/heartbeat-agent-scaffold.test.ts[2m > [22mrenderHeartbeatClaudeMd[2m > [22mtells the agent to measure local time in the configured zone
 [32m✓[39m src/__tests__/heartbeat-agent-scaffold.test.ts[2m > [22mrenderHeartbeatClaudeMd[2m > [22mforbids the UTC clocks that produced the mislabelled header
 [32m✓[39m src/__tests__/heartbeat-agent-scaffold.test.ts[2m > [22mrenderHeartbeatClaudeMd[2m > [22mdoes not leave a bare HH:MM placeholder in the header template
 [32m✓[39m src/__tests__/heartbeat-agent-scaffold.test.ts[2m > [22mrenderHeartbeatClaudeMd[2m > [22mrequires the calendar MCP to be called as a tool, never from a subprocess
 [32m✓[39m src/__tests__/heartbeat-agent-scaffold.test.ts[2m > [22mrenderHeartbeatClaudeMd[2m > [22mseparates "tool absent" from "call failed" so the two are not reported alike
 [32m✓[39m src/__tests__/heartbeat-agent-scaffold.test.ts[2m > [22mrenderHeartbeatClaudeMd[2m > [22mreads the schedule count from the live registry, not the empty table
 [32m✓[39m src/__tests__/heartbeat-agent-scaffold.test.ts[2m > [22mrenderHeartbeatClaudeMd[2m > [22mcompares task_runs.ts in milliseconds
 [32m✓[39m src/__tests__/heartbeat-agent-scaffold.test.ts[2m > [22mshouldBootHeartbeatAgent[2m > [22mboots only when respawn-enabled AND agent-enabled
 [32m✓[39m src/__tests__/heartbeat-agent-scaffold.test.ts[2m > [22mshouldBootHeartbeatAgent[2m > [22mdoes not boot when the agent is not opted in (default off)
 [32m✓[39m src/__tests__/heartbeat-agent-scaffold.test.ts[2m > [22mshouldBootHeartbeatAgent[2m > [22mdoes not boot on a respawn-gated-off host even if opted in
 [32m✓[39m src/__tests__/heartbeat-agent-scaffold.test.ts[2m > [22mshouldBootHeartbeatAgent[2m > [22mdoes not boot when both gates are off
 [32m✓[39m src/__tests__/heartbeat-agent-scaffold.test.ts[2m > [22mhot-memory metric is a ready-made query (HBMEMBLIND807)[2m > [22mships the exact scoped count query
 [32m✓[39m src/__tests__/heartbeat-agent-scaffold.test.ts[2m > [22mhot-memory metric is a ready-made query (HBMEMBLIND807)[2m > [22mthe memory cutoff carries NO millisecond multiplier
 [32m✓[39m src/__tests__/heartbeat-agent-scaffold.test.ts[2m > [22mhot-memory metric is a ready-made query (HBMEMBLIND807)[2m > [22mtells the agent to report the number, not to rewrite the query
 [32m✓[39m src/__tests__/heartbeat-agent-scaffold.test.ts[2m > [22mno unfalsifiable warnings metric (HBWARN807)[2m > [22mthe report format has no bare "warnings:" output line
 [32m✓[39m src/__tests__/heartbeat-agent-scaffold.test.ts[2m > [22mno unfalsifiable warnings metric (HBWARN807)[2m > [22mmentions status=warning only inside the guard comment, never in a query block
 [32m✓[39m src/__tests__/heartbeat-agent-scaffold.test.ts[2m > [22mno unfalsifiable warnings metric (HBWARN807)[2m > [22mif warnings is mentioned at all, it is only the guard comment demanding a real query
 [32m✓[39m src/__tests__/heartbeat-agent-scaffold.test.ts[2m > [22mdeferred MCP tools (HBCALMCP808)[2m > [22mthe calendar step teaches the ToolSearch select protocol
 [32m✓[39m src/__tests__/channel-mcp-reconnect.test.ts[2m > [22mresolveAgentSession[2m > [22mreturns main channels session for main agent
 [32m✓[39m src/__tests__/channel-mcp-reconnect.test.ts[2m > [22mresolveAgentSession[2m > [22mreturns agent-NAME for sub-agents
 [32m✓[39m src/__tests__/channel-mcp-reconnect.test.ts[2m > [22mresolveAgentProviderType[2m > [22mreturns configured provider for agent with explicit config
 [32m✓[39m src/__tests__/channel-mcp-reconnect.test.ts[2m > [22mresolveAgentProviderType[2m > [22mfalls back to CHANNEL_PROVIDER for unconfigured agents
 [32m✓[39m src/__tests__/channel-mcp-reconnect.test.ts[2m > [22mselectedSubmenuLine[2m > [22mreturns the row marked with the cursor
 [32m✓[39m src/__tests__/channel-mcp-reconnect.test.ts[2m > [22mselectedSubmenuLine[2m > [22mreturns null when no cursor is present
 [32m✓[39m src/__tests__/channel-mcp-reconnect.test.ts[2m > [22mchooseSubmenuTarget[2m > [22mprefers Reconnect when present
 [32m✓[39m src/__tests__/channel-mcp-reconnect.test.ts[2m > [22mchooseSubmenuTarget[2m > [22mfalls back to Enable in the disabled state
 [32m✓[39m src/__tests__/channel-mcp-reconnect.test.ts[2m > [22mchooseSubmenuTarget[2m > [22mnever targets Disable when no Reconnect/Enable exists
 [32m✓[39m src/__tests__/channel-mcp-reconnect.test.ts[2m > [22mchooseSubmenuTarget[2m > [22mdoes not mistake "Disable" for an Enable target
 [32m✓[39m src/__tests__/channel-mcp-reconnect.test.ts[2m > [22mchooseSubmenuTarget[2m > [22muses status header as ground truth: disabled status -> Enable even if pane contains the word "reconnect"
 [32m✓[39m src/__tests__/channel-mcp-reconnect.test.ts[2m > [22mchooseSubmenuTarget[2m > [22muses status header: failed status -> Reconnect
 [32m✓[39m src/__tests__/channel-mcp-reconnect.test.ts[2m > [22mchooseSubmenuTarget[2m > [22mhandles the ◯/○ glyph variants Claude Code has shipped
 [32m✓[39m src/__tests__/channel-mcp-reconnect.test.ts[2m > [22mattemptChannelMcpReconnect[2m > [22mdefers (sends NO keys) when the pane is actively generating
 [32m✓[39m src/__tests__/channel-mcp-reconnect.test.ts[2m > [22mattemptChannelMcpReconnect[2m > [22mconnected state: steps Down onto Reconnect, then activates it
 [32m✓[39m src/__tests__/channel-mcp-reconnect.test.ts[2m > [22mattemptChannelMcpReconnect[2m > [22mfailed state: Reconnect is already selected, activates WITHOUT pressing Down
 [32m✓[39m src/__tests__/channel-mcp-reconnect.test.ts[2m > [22mattemptChannelMcpReconnect[2m > [22mdisabled state: activates Enable
 [32m✓[39m src/__tests__/channel-mcp-reconnect.test.ts[2m > [22mattemptChannelMcpReconnect[2m > [22mnever activates when only unsafe options exist (no Reconnect/Enable)
 [32m✓[39m src/__tests__/channel-mcp-reconnect.test.ts[2m > [22mattemptChannelMcpReconnect[2m > [22mfinds the plugin on the third Up before opening the submenu
 [32m✓[39m src/__tests__/channel-mcp-reconnect.test.ts[2m > [22mattemptChannelMcpReconnect[2m > [22mreturns ok:false when capture fails after /mcp
 [32m✓[39m src/__tests__/channel-mcp-reconnect.test.ts[2m > [22mattemptChannelMcpReconnect[2m > [22mreturns ok:false when plugin not found within max attempts
 [32m✓[39m src/__tests__/channel-mcp-reconnect.test.ts[2m > [22mattemptChannelMcpReconnect[2m > [22muses correct session for sub-agents
 [32m✓[39m src/__tests__/channel-mcp-reconnect.test.ts[2m > [22mattemptChannelMcpReconnect[2m > [22msends Escape on error to clean up menu state
A Python nem tal�lhat�. A Microsoft Store-b�l val� telep�t�shez futtassa a parancsot argumentumok n�lk�l, vagy a Be�ll�t�sok >Alkalmaz�sok > Speci�lis alkalmaz�sbe�ll�t�sok > Alkalmaz�s-v�grehajt�si aliasok lehet/bin/bash: C:Userspohi9AppDataLocalTemperrtrap-GtaDLXprobe.sh: No such file or directory
 [32m✓[39m src/__tests__/agent-restart-policy.test.ts[2m > [22mshouldAutoRestartDownAgent[2m > [22mrestarts an old process that was never restarted by the watchdog
 [32m✓[39m src/__tests__/agent-restart-policy.test.ts[2m > [22mshouldAutoRestartDownAgent[2m > [22mdoes NOT restart a freshly started process (within startup grace)
 [32m✓[39m src/__tests__/agent-restart-policy.test.ts[2m > [22mshouldAutoRestartDownAgent[2m > [22mdoes NOT restart exactly at the startup-grace boundary minus one
 [32m✓[39m src/__tests__/agent-restart-policy.test.ts[2m > [22mshouldAutoRestartDownAgent[2m > [22mrestarts exactly at the startup-grace boundary
 [32m✓[39m src/__tests__/agent-restart-policy.test.ts[2m > [22mshouldAutoRestartDownAgent[2m > [22mdoes NOT restart when recently restarted by the watchdog
 [32m✓[39m src/__tests__/agent-restart-policy.test.ts[2m > [22mshouldAutoRestartDownAgent[2m > [22mrestarts when the restart grace has elapsed
 [32m✓[39m src/__tests__/agent-restart-policy.test.ts[2m > [22mshouldAutoRestartDownAgent[2m > [22mdoes NOT restart at the restart-grace boundary minus one
 [32m✓[39m src/__tests__/agent-restart-policy.test.ts[2m > [22mshouldAutoRestartDownAgent[2m > [22mdoes NOT restart when the process age is unknown (negative)
 [32m✓[39m src/__tests__/agent-restart-policy.test.ts[2m > [22mshouldAutoRestartDownAgent[2m > [22mdoes NOT restart when the process age is NaN
 [32m✓[39m src/__tests__/agent-restart-policy.test.ts[2m > [22mshouldAutoRestartDownAgent[2m > [22mstartup grace takes precedence over an elapsed restart grace
 [32m✓[39m src/__tests__/agent-restart-policy.test.ts[2m > [22mshouldAutoRestartDownAgent[2m > [22mhandles a realistic Opus-1M startup that previously crash-looped
 [32m✓[39m src/__tests__/agent-restart-policy.test.ts[2m > [22mshouldAutoRestartDownAgent[2m > [22mrestarts a genuinely dead long-running agent
 [32m✓[39m src/__tests__/agent-restart-policy.test.ts[2m > [22mparseEtimeToSeconds[2m > [22mparses MM:SS
 [32m✓[39m src/__tests__/agent-restart-policy.test.ts[2m > [22mparseEtimeToSeconds[2m > [22mparses HH:MM:SS
 [32m✓[39m src/__tests__/agent-restart-policy.test.ts[2m > [22mparseEtimeToSeconds[2m > [22mparses DD-HH:MM:SS
 [32m✓[39m src/__tests__/agent-restart-policy.test.ts[2m > [22mparseEtimeToSeconds[2m > [22mparses a leading-space single-digit minute (BSD ps padding)
 [32m✓[39m src/__tests__/agent-restart-policy.test.ts[2m > [22mparseEtimeToSeconds[2m > [22mparses 00:00
 [32m✓[39m src/__tests__/agent-restart-policy.test.ts[2m > [22mparseEtimeToSeconds[2m > [22mreturns -1 for an empty string
 [32m✓[39m src/__tests__/agent-restart-policy.test.ts[2m > [22mparseEtimeToSeconds[2m > [22mreturns -1 for non-numeric junk
 [32m✓[39m src/__tests__/agent-restart-policy.test.ts[2m > [22mparseEtimeToSeconds[2m > [22mreturns -1 for a single bare number (no colon)
 [32m✓[39m src/__tests__/agent-restart-policy.test.ts[2m > [22mparseEtimeToSeconds[2m > [22mreturns -1 for too many segments
 [32m✓[39m src/__tests__/agent-restart-policy.test.ts[2m > [22mparseEtimeToSeconds[2m > [22mreturns -1 for an out-of-range seconds field
 [32m✓[39m src/__tests__/agent-restart-policy.test.ts[2m > [22mparseEtimeToSeconds[2m > [22mreturns -1 for an out-of-range minutes field
 [32m✓[39m src/__tests__/agent-restart-policy.test.ts[2m > [22mparseEtimeToSeconds[2m > [22mallows large hour and day counts
 [32m✓[39m src/__tests__/agent-restart-policy.test.ts[2m > [22mparseEtimeToSeconds[2m > [22mreturns -1 for a bare colon (empty segments)
 [32m✓[39m src/__tests__/agent-restart-policy.test.ts[2m > [22mparseEtimeToSeconds[2m > [22mreturns -1 for a leading dash with no day count
 [32m✓[39m src/__tests__/agent-restart-policy.test.ts[2m > [22mparseEtimeToSeconds[2m > [22mreturns -1 for an empty day segment before the dash
 [32m✓[39m src/__tests__/agent-restart-policy.test.ts[2m > [22mparseEtimeToSeconds[2m > [22mreturns -1 for a trailing colon
 [32m✓[39m src/__tests__/agent-restart-policy.test.ts[2m > [22mparseEtimeToSeconds[2m > [22mreturns -1 for the DD-MM:SS shape ps never emits (days require hours)
 [32m✓[39m src/__tests__/agent-restart-policy.test.ts[2m > [22meffectiveRestartGraceMs (exponential back-off)[2m > [22mreturns the base grace with zero failures
 [32m✓[39m src/__tests__/agent-restart-policy.test.ts[2m > [22meffectiveRestartGraceMs (exponential back-off)[2m > [22mdoubles per consecutive failure
 [32m✓[39m src/__tests__/agent-restart-policy.test.ts[2m > [22meffectiveRestartGraceMs (exponential back-off)[2m > [22mcaps at maxRestartGraceMs once the back-off would exceed it
 [32m✓[39m src/__tests__/agent-restart-policy.test.ts[2m > [22meffectiveRestartGraceMs (exponential back-off)[2m > [22mtreats negative / non-finite failure counts as zero
 [32m✓[39m src/__tests__/agent-restart-policy.test.ts[2m > [22mshouldAutoRestartDownAgent with back-off[2m > [22mdefers a restart that would fire under base grace but not under the backed-off grace
 [32m✓[39m src/__tests__/agent-restart-policy.test.ts[2m > [22mshouldAutoRestartDownAgent with back-off[2m > [22mrestarts once the backed-off grace has elapsed
 [32m✓[39m src/__tests__/agent-restart-policy.test.ts[2m > [22mshouldAutoRestartDownAgent with back-off[2m > [22ma perpetually-failing plugin is retried at most at the cap, not the base grace
 [32m✓[39m src/__tests__/agent-restart-policy.test.ts[2m > [22mshouldAutoRestartDownAgent with back-off[2m > [22mpreserves the original behaviour when consecutiveFailures is omitted
 [32m✓[39m src/__tests__/agent-restart-policy.test.ts[2m > [22mdecideDownAgentAction[2m > [22mrestarts while under the cap
 [32m✓[39m src/__tests__/agent-restart-policy.test.ts[2m > [22mdecideDownAgentAction[2m > [22malerts exactly once when the cap is first reached
 [32m✓[39m src/__tests__/agent-restart-policy.test.ts[2m > [22mdecideDownAgentAction[2m > [22mskips (silent) once the counter has been ticked past the cap
 [32m✓[39m src/__tests__/agent-restart-policy.test.ts[2m > [22mdecideDownAgentAction[2m > [22mskips (does not restart) within back-off even under the cap
 [32m✓[39m src/__tests__/agent-restart-policy.test.ts[2m > [22mdecideDownAgentAction[2m > [22mnever restarts a freshly started process even at zero failures
 [32m✓[39m src/__tests__/agent-restart-policy.test.ts[2m > [22mdecideDownAgentAction[2m > [22mfalls back to plain back-off behaviour when the cap is disabled (0)
 [32m✓[39m src/__tests__/agent-restart-policy.test.ts[2m > [22mdecideDownAgentAction[2m > [22mabsent-plugin cap (maxRestartAttempts=1)[2m > [22mallows exactly one restart, then alerts
 [32m✓[39m src/__tests__/agent-restart-policy.test.ts[2m > [22mdecideDownAgentAction[2m > [22mabsent-plugin cap (maxRestartAttempts=1)[2m > [22mstill honours the startup grace on the first attempt
 [32m✓[39m src/__tests__/template-identity-hygiene.test.ts[2m > [22mshipped templates carry no hardcoded identity[2m > [22mhas no absolute home path, personal email, default owner-name literal, or hardcoded chat id in any shipped template file[33m 606[2mms[22m[39m
 [32m✓[39m src/__tests__/template-identity-hygiene.test.ts[2m > [22mshipped templates carry no hardcoded identity[2m > [22mweb/app.js carries no absolute home path, personal email, or default owner-name literal
 [32m✓[39m src/__tests__/template-identity-hygiene.test.ts[2m > [22mshipped templates carry no hardcoded identity[2m > [22mscripts/support-mail carries no absolute home path, personal email, or default owner-name literal
 [32m✓[39m src/__tests__/template-identity-hygiene.test.ts[2m > [22mruntime-seeded placeholders are all substituted[2m > [22mresolveTemplatePlaceholders replaces every known identity placeholder
 [32m✓[39m src/__tests__/template-identity-hygiene.test.ts[2m > [22mruntime-seeded placeholders are all substituted[2m > [22mevery placeholder used under scheduled-tasks/ is in the known set
 [32m✓[39m src/__tests__/template-identity-hygiene.test.ts[2m > [22mruntime-seeded placeholders are all substituted[2m > [22mCLAUDE.md.template contains no hardcoded localhost:3420
 [32m✓[39m src/__tests__/template-identity-hygiene.test.ts[2m > [22mruntime-seeded placeholders are all substituted[2m > [22magent-scaffold.ts contains no hardcoded localhost:3420 in its generateClaudeMd prompt
 [32m✓[39m src/__tests__/template-identity-hygiene.test.ts[2m > [22mruntime-seeded placeholders are all substituted[2m > [22minstall scripts write WEB_PORT into the generated .env (heredoc contains WEB_PORT line)
 [32m✓[39m src/__tests__/template-identity-hygiene.test.ts[2m > [22mruntime-seeded placeholders are all substituted[2m > [22msubstituteTemplatePlaceholders with non-default WEB_PORT seeds the correct port into CLAUDE.md.template
 [32m✓[39m src/__tests__/template-identity-hygiene.test.ts[2m > [22mruntime-seeded placeholders are all substituted[2m > [22mupdate.sh stays host-agnostic (no hardcoded roster or operator identity)
A Python nem tal�lhat�. A Microsoft Store-b�l val� telep�t�shez futtassa a parancsot argumentumok n�lk�l, vagy a Be�ll�t�sok >Alkalmaz�sok > Speci�lis alkalmaz�sbe�ll�t�sok > Alkalmaz�s-v�grehajt�si aliasok lehetA Python nem tal�lhat�. A Microsoft Store-b�l val� telep�t�shez futtassa a parancsot argumentumok n�lk�l, vagy a Be�ll�t�sok >Alkalmaz�sok > Speci�lis alkalmaz�sbe�ll�t�sok > Alkalmaz�s-v�grehajt�si aliasok lehet/bin/bash: C:Userspohi9AppDataLocalTempneverstart-Klge5Fprobe.sh: No such file or directory
 [2m[90m↓[39m[22m src/__tests__/db.test.ts[2m > [22msessions[2m > [22mmunkamenetet ment es visszaolvas
 [2m[90m↓[39m[22m src/__tests__/db.test.ts[2m > [22msessions[2m > [22mmunkamenetet felulir
 [2m[90m↓[39m[22m src/__tests__/db.test.ts[2m > [22msessions[2m > [22mmunkamenetet torol
 [2m[90m↓[39m[22m src/__tests__/db.test.ts[2m > [22msessions[2m > [22mundefined ad vissza ha nem letezik
 [2m[90m↓[39m[22m src/__tests__/db.test.ts[2m > [22mmemories[2m > [22memlek mentest es lekerdezest vegez
 [2m[90m↓[39m[22m src/__tests__/db.test.ts[2m > [22mmemories[2m > [22mepizodikus emleket ment
 [2m[90m↓[39m[22m src/__tests__/db.test.ts[2m > [22mmemories[2m > [22mleepulesi soprest vegrehajt hiba nelkul
 [2m[90m↓[39m[22m src/__tests__/db.test.ts[2m > [22mbuildFtsMatchExpression[2m > [22mproduces prefix-matched tokens for a plain query
 [2m[90m↓[39m[22m src/__tests__/db.test.ts[2m > [22mbuildFtsMatchExpression[2m > [22mreturns empty string for whitespace-only or empty input
 [2m[90m↓[39m[22m src/__tests__/db.test.ts[2m > [22mbuildFtsMatchExpression[2m > [22mlowercases to neutralize FTS5 AND/OR/NOT/NEAR operators
 [2m[90m↓[39m[22m src/__tests__/db.test.ts[2m > [22mbuildFtsMatchExpression[2m > [22mstrips FTS5 punctuation (quotes, parens, colons); * is ours
 [2m[90m↓[39m[22m src/__tests__/db.test.ts[2m > [22mbuildFtsMatchExpression[2m > [22mcaps at 20 tokens
 [2m[90m↓[39m[22m src/__tests__/db.test.ts[2m > [22mbuildFtsMatchExpression[2m > [22mtruncates individual tokens longer than 64 chars
 [2m[90m↓[39m[22m src/__tests__/db.test.ts[2m > [22mbuildFtsMatchExpression[2m > [22mpreserves unicode letters and digits
 [2m[90m↓[39m[22m src/__tests__/db.test.ts[2m > [22mpending task retries[2m > [22minserts a new row on first upsert
 [2m[90m↓[39m[22m src/__tests__/db.test.ts[2m > [22mpending task retries[2m > [22mbumps attempt_count and last_attempt on subsequent upserts, preserves first_attempt
 [2m[90m↓[39m[22m src/__tests__/db.test.ts[2m > [22mpending task retries[2m > [22mlists entries ordered by first_attempt ASC
 [2m[90m↓[39m[22m src/__tests__/db.test.ts[2m > [22mpending task retries[2m > [22mdeletes by (name, agent) returning true; false when absent
 [2m[90m↓[39m[22m src/__tests__/db.test.ts[2m > [22mpending task retries[2m > [22mdeletes by id returning true; false when absent
 [2m[90m↓[39m[22m src/__tests__/db.test.ts[2m > [22mpending task retries[2m > [22mmarkAlert sets alert_sent_at only once (subsequent calls no-op)
 [2m[90m↓[39m[22m src/__tests__/db.test.ts[2m > [22mpending task retries[2m > [22mseparate (name, agent) pairs are distinct rows
 [2m[90m↓[39m[22m src/__tests__/db.test.ts[2m > [22mpending task retries[2m > [22minsertPendingTaskRetryIfNew inserts once then refuses
 [2m[90m↓[39m[22m src/__tests__/db.test.ts[2m > [22mpending task retries[2m > [22mupdatePendingTaskRetry only mutates existing rows (no insert)
 [2m[90m↓[39m[22m src/__tests__/db.test.ts[2m > [22mpending task retries[2m > [22mclearPendingTaskRetryAlert resets alert_sent_at so the next tick can retry
 [2m[90m↓[39m[22m src/__tests__/db.test.ts[2m > [22mdatabase file permissions[2m > [22mdb file is tightened to owner-only (0o600) by initDatabase
 [2m[90m↓[39m[22m src/__tests__/db.test.ts[2m > [22mdatabase file permissions[2m > [22mWAL sidecar (when present) is tightened to 0o600
 [2m[90m↓[39m[22m src/__tests__/db.test.ts[2m > [22mdatabase file permissions[2m > [22mSHM sidecar (when present) is tightened to 0o600
 [2m[90m↓[39m[22m src/__tests__/db.test.ts[2m > [22mdatabase file permissions[2m > [22mrollback-journal sidecar (when present) is tightened to 0o600
 [2m[90m↓[39m[22m src/__tests__/auth-device-keys.test.ts[2m > [22mfresh-install guarantee (zero rows)[2m > [22man arbitrary mvdk_-shaped bearer resolves to none with no device_keys rows
 [2m[90m↓[39m[22m src/__tests__/auth-device-keys.test.ts[2m > [22mfresh-install guarantee (zero rows)[2m > [22mthe dashboard-token bearer lane is untouched
 [2m[90m↓[39m[22m src/__tests__/auth-device-keys.test.ts[2m > [22mmint + storage discipline[2m > [22mmints a prefixed key and stores ONLY its sha256
 [2m[90m↓[39m[22m src/__tests__/auth-device-keys.test.ts[2m > [22mmint + storage discipline[2m > [22mlist exposes metadata but never the raw key or its hash
 [2m[90m↓[39m[22m src/__tests__/auth-device-keys.test.ts[2m > [22mgate integration (Bearer + SSE lanes)[2m > [22ma minted key authenticates as kind device on the Bearer lane
 [2m[90m↓[39m[22m src/__tests__/auth-device-keys.test.ts[2m > [22mgate integration (Bearer + SSE lanes)[2m > [22mthe dashboard token still wins precedence (checked first)
 [2m[90m↓[39m[22m src/__tests__/auth-device-keys.test.ts[2m > [22mgate integration (Bearer + SSE lanes)[2m > [22ma device key works on the SSE pane-stream ?token= lane
 [2m[90m↓[39m[22m src/__tests__/auth-device-keys.test.ts[2m > [22mgate integration (Bearer + SSE lanes)[2m > [22ma device key is NOT honored via ?token= on a non-SSE path
 [2m[90m↓[39m[22m src/__tests__/auth-device-keys.test.ts[2m > [22mgate integration (Bearer + SSE lanes)[2m > [22ma wrong device key resolves to none
 [2m[90m↓[39m[22m src/__tests__/auth-device-keys.test.ts[2m > [22mrestart survival[2m > [22mresolves a key from the DB after the in-memory cache is dropped
 [2m[90m↓[39m[22m src/__tests__/auth-device-keys.test.ts[2m > [22mrestart survival[2m > [22mtracks last_used on resolve
 [2m[90m↓[39m[22m src/__tests__/auth-device-keys.test.ts[2m > [22mrevocation + expiry[2m > [22mrevocation takes effect immediately, cache and DB together
 [2m[90m↓[39m[22m src/__tests__/auth-device-keys.test.ts[2m > [22mrevocation + expiry[2m > [22mrevoking an unknown id returns false
 [2m[90m↓[39m[22m src/__tests__/auth-device-keys.test.ts[2m > [22mrevocation + expiry[2m > [22man expired key is rejected and deleted on first use
 [2m[90m↓[39m[22m src/__tests__/auth-device-keys.test.ts[2m > [22mrevocation + expiry[2m > [22ma key WITHOUT expiry is never swept
 [2m[90m↓[39m[22m src/__tests__/auth-device-keys.test.ts[2m > [22mrevocation + expiry[2m > [22mrevokeAllDeviceKeys clears everything (security:reset path)
 [2m[90m↓[39m[22m src/__tests__/auth-device-keys.test.ts[2m > [22mmanagement endpoints (mint/list/revoke)[2m > [22mtoken mints a key; the raw value appears in the response ONCE and never in list
 [2m[90m↓[39m[22m src/__tests__/auth-device-keys.test.ts[2m > [22mmanagement endpoints (mint/list/revoke)[2m > [22msession may mint too (operator parity with token)
 [2m[90m↓[39m[22m src/__tests__/auth-device-keys.test.ts[2m > [22mmanagement endpoints (mint/list/revoke)[2m > [22mmint validates the name
 [2m[90m↓[39m[22m src/__tests__/auth-device-keys.test.ts[2m > [22mmanagement endpoints (mint/list/revoke)[2m > [22mmint validates expires_in_days
 [2m[90m↓[39m[22m src/__tests__/auth-device-keys.test.ts[2m > [22mmanagement endpoints (mint/list/revoke)[2m > [22mDELETE revokes by id; the key stops resolving
 [2m[90m↓[39m[22m src/__tests__/auth-device-keys.test.ts[2m > [22ma REAL device principal stays locked out of access-granting endpoints[2m > [22mdevice cannot mint, list, or revoke device keys (no self-propagation)
 [2m[90m↓[39m[22m src/__tests__/auth-device-keys.test.ts[2m > [22ma REAL device principal stays locked out of access-granting endpoints[2m > [22mdevice cannot manage users or break-glass-reset a password
 [2m[90m↓[39m[22m src/__tests__/auth-device-keys.test.ts[2m > [22ma REAL device principal stays locked out of access-granting endpoints[2m > [22mstatus reports the device principal as authenticated with its name
 [32m✓[39m src/__tests__/update-preflight.test.ts[2m > [22mcheckUpdatePreflight --happy path[2m > [22mreturns ok when on main with a clean tree
 [32m✓[39m src/__tests__/update-preflight.test.ts[2m > [22mcheckUpdatePreflight --happy path[2m > [22mignores whitespace-only branch output
 [32m✓[39m src/__tests__/update-preflight.test.ts[2m > [22mcheckUpdatePreflight --local commits (diverged history)[2m > [22mrejects when the local checkout has commits ahead of upstream
 [32m✓[39m src/__tests__/update-preflight.test.ts[2m > [22mcheckUpdatePreflight --local commits (diverged history)[2m > [22mpasses a clean tree with zero ahead
 [32m✓[39m src/__tests__/update-preflight.test.ts[2m > [22mcheckUpdatePreflight --local commits (diverged history)[2m > [22mdirty-tree takes precedence over ahead (stash is offered first)
 [32m✓[39m src/__tests__/update-preflight.test.ts[2m > [22mcheckUpdatePreflight --detached HEAD[2m > [22mrejects an empty branch name
 [32m✓[39m src/__tests__/update-preflight.test.ts[2m > [22mcheckUpdatePreflight --detached HEAD[2m > [22mrejects the literal "HEAD" that git prints for detached checkouts
 [32m✓[39m src/__tests__/update-preflight.test.ts[2m > [22mcheckUpdatePreflight --detached HEAD[2m > [22mprioritises detached-HEAD over dirty-tree when both apply
 [32m✓[39m src/__tests__/update-preflight.test.ts[2m > [22mcheckUpdatePreflight --branch agnostic[2m > [22maccepts a non-main release branch on a clean tree
 [32m✓[39m src/__tests__/update-preflight.test.ts[2m > [22mcheckUpdatePreflight --branch agnostic[2m > [22maccepts an arbitrary feature branch on a clean tree
 [32m✓[39m src/__tests__/update-preflight.test.ts[2m > [22mcheckUpdatePreflight --branch agnostic[2m > [22maccepts "master" on a clean tree
 [32m✓[39m src/__tests__/update-preflight.test.ts[2m > [22mcheckUpdatePreflight --branch agnostic[2m > [22mstill blocks a dirty tree regardless of branch name
 [32m✓[39m src/__tests__/update-preflight.test.ts[2m > [22mcheckUpdatePreflight --dirty working tree[2m > [22mrejects unstaged modifications
 [32m✓[39m src/__tests__/update-preflight.test.ts[2m > [22mcheckUpdatePreflight --dirty working tree[2m > [22mrejects staged modifications
 [32m✓[39m src/__tests__/update-preflight.test.ts[2m > [22mcheckUpdatePreflight --dirty working tree[2m > [22mrejects a mix of staged and unstaged
 [32m✓[39m src/__tests__/update-preflight.test.ts[2m > [22mcheckUpdatePreflight --dirty working tree[2m > [22maccepts on-main with only trailing whitespace in porcelain output
 [32m✓[39m src/__tests__/update-preflight.test.ts[2m > [22mcheckUpdatePreflight -- result shape[2m > [22mnever emits a branch field on any path
 [32m✓[39m src/__tests__/update-preflight.test.ts[2m > [22mcheckNoConcurrentUpdate -- no pidfile[2m > [22mallows when no pidfile exists
 [32m✓[39m src/__tests__/update-preflight.test.ts[2m > [22mcheckNoConcurrentUpdate -- no pidfile[2m > [22mallows when pidfile is empty
 [32m✓[39m src/__tests__/update-preflight.test.ts[2m > [22mcheckNoConcurrentUpdate -- no pidfile[2m > [22mallows when pidfile is whitespace-only
 [32m✓[39m src/__tests__/update-preflight.test.ts[2m > [22mcheckNoConcurrentUpdate -- stale or corrupt pidfile[2m > [22mtreats a non-numeric pidfile as stale
 [32m✓[39m src/__tests__/update-preflight.test.ts[2m > [22mcheckNoConcurrentUpdate -- stale or corrupt pidfile[2m > [22mtreats a negative-sign pidfile as stale (regex rejects leading minus)
 [32m✓[39m src/__tests__/update-preflight.test.ts[2m > [22mcheckNoConcurrentUpdate -- stale or corrupt pidfile[2m > [22mtreats pid 0 as stale (reserved)
 [32m✓[39m src/__tests__/update-preflight.test.ts[2m > [22mcheckNoConcurrentUpdate -- stale or corrupt pidfile[2m > [22mtreats pid 1 as stale even if it would probe alive (init)
 [32m✓[39m src/__tests__/update-preflight.test.ts[2m > [22mcheckNoConcurrentUpdate -- stale or corrupt pidfile[2m > [22mtreats a dead pid as stale
 [32m✓[39m src/__tests__/update-preflight.test.ts[2m > [22mcheckNoConcurrentUpdate -- live pidfile[2m > [22mrefuses when a live pid is in the file
 [32m✓[39m src/__tests__/update-preflight.test.ts[2m > [22mcheckNoConcurrentUpdate -- live pidfile[2m > [22mparses a leading-integer pid even with trailing noise
 [32m✓[39m src/__tests__/update-preflight.test.ts[2m > [22mcheckNoConcurrentUpdate -- live pidfile[2m > [22mtrims leading whitespace before parsing
 [32m✓[39m src/__tests__/update-preflight.test.ts[2m > [22mcheckNoConcurrentUpdate -- age-based staleness[2m > [22maccepts a fresh dashboard-written pidfile (pid + recent epoch)
 [32m✓[39m src/__tests__/update-preflight.test.ts[2m > [22mcheckNoConcurrentUpdate -- age-based staleness[2m > [22mtreats a >1-hour-old pidfile as stale even if the pid is alive
 [32m✓[39m src/__tests__/update-preflight.test.ts[2m > [22mcheckNoConcurrentUpdate -- age-based staleness[2m > [22maccepts the boundary: exactly 1 hour old is still alive
 [32m✓[39m src/__tests__/update-preflight.test.ts[2m > [22mcheckNoConcurrentUpdate -- age-based staleness[2m > [22mfalls back to alive-only check when epoch line is missing (legacy format)
 [32m✓[39m src/__tests__/update-preflight.test.ts[2m > [22mcheckNoConcurrentUpdate -- age-based staleness[2m > [22mignores a non-numeric epoch line and falls back to alive-only
 [32m✓[39m src/__tests__/update-preflight.test.ts[2m > [22mcheckNoConcurrentUpdate -- age-based staleness[2m > [22mignores a zero or negative epoch and falls back to alive-only
 [32m✓[39m src/__tests__/update-preflight.test.ts[2m > [22mclassifyLockWriteError[2m > [22mclassifies EEXIST as a concurrency race
 [32m✓[39m src/__tests__/update-preflight.test.ts[2m > [22mclassifyLockWriteError[2m > [22mclassifies EACCES as a non-race write failure
 [32m✓[39m src/__tests__/update-preflight.test.ts[2m > [22mclassifyLockWriteError[2m > [22mclassifies EROFS as a non-race write failure
 [32m✓[39m src/__tests__/update-preflight.test.ts[2m > [22mclassifyLockWriteError[2m > [22mclassifies ENOSPC as a non-race write failure
 [32m✓[39m src/__tests__/update-preflight.test.ts[2m > [22mclassifyLockWriteError[2m > [22mclassifies undefined code as non-race (plain Error / string throw)
 [32m✓[39m src/__tests__/update-preflight.test.ts[2m > [22mclassifyLockWriteError[2m > [22mclassifies empty string code as non-race
/bin/bash: C:Userspohi9AppDataLocalTemperrtrap-Y9T6Otprobe.sh: No such file or directory
 [31m×[39m src/__tests__/kanban-breakdown.test.ts[2m > [22mkanban parent_id schema and subtask queries[2m > [22mcreates a card with parent_id
[31m   → The module '\\?\Z:\001_Workspace\Marveen\marveen\.claude\worktrees\antigravity-fleet-agent\node_modules\better-sqlite3\build\Release\better_sqlite3.node'
was compiled against a different Node.js version using
NODE_MODULE_VERSION 127. This version of Node.js requires
NODE_MODULE_VERSION 137. Please try re-compiling or re-installing
the module (for instance, using `npm rebuild` or `npm install`).[39m
 [31m×[39m src/__tests__/kanban-breakdown.test.ts[2m > [22mkanban parent_id schema and subtask queries[2m > [22mqueries children of a parent
[31m   → The module '\\?\Z:\001_Workspace\Marveen\marveen\.claude\worktrees\antigravity-fleet-agent\node_modules\better-sqlite3\build\Release\better_sqlite3.node'
was compiled against a different Node.js version using
NODE_MODULE_VERSION 127. This version of Node.js requires
NODE_MODULE_VERSION 137. Please try re-compiling or re-installing
the module (for instance, using `npm rebuild` or `npm install`).[39m
 [31m×[39m src/__tests__/kanban-breakdown.test.ts[2m > [22mkanban parent_id schema and subtask queries[2m > [22mexcludes archived children
[31m   → The module '\\?\Z:\001_Workspace\Marveen\marveen\.claude\worktrees\antigravity-fleet-agent\node_modules\better-sqlite3\build\Release\better_sqlite3.node'
was compiled against a different Node.js version using
NODE_MODULE_VERSION 127. This version of Node.js requires
NODE_MODULE_VERSION 137. Please try re-compiling or re-installing
the module (for instance, using `npm rebuild` or `npm install`).[39m
 [31m×[39m src/__tests__/kanban-breakdown.test.ts[2m > [22mkanban parent_id schema and subtask queries[2m > [22mcard without parent_id has null
[31m   → The module '\\?\Z:\001_Workspace\Marveen\marveen\.claude\worktrees\antigravity-fleet-agent\node_modules\better-sqlite3\build\Release\better_sqlite3.node'
was compiled against a different Node.js version using
NODE_MODULE_VERSION 127. This version of Node.js requires
NODE_MODULE_VERSION 137. Please try re-compiling or re-installing
the module (for instance, using `npm rebuild` or `npm install`).[39m
 [31m×[39m src/__tests__/kanban-breakdown.test.ts[2m > [22mkanban parent_id schema and subtask queries[2m > [22mparent card lists no children when none exist
[31m   → The module '\\?\Z:\001_Workspace\Marveen\marveen\.claude\worktrees\antigravity-fleet-agent\node_modules\better-sqlite3\build\Release\better_sqlite3.node'
was compiled against a different Node.js version using
NODE_MODULE_VERSION 127. This version of Node.js requires
NODE_MODULE_VERSION 137. Please try re-compiling or re-installing
the module (for instance, using `npm rebuild` or `npm install`).[39m
 [31m×[39m src/__tests__/kanban-breakdown.test.ts[2m > [22mkanban parent_id schema and subtask queries[2m > [22mtransaction rolls back all inserts on failure
[31m   → The module '\\?\Z:\001_Workspace\Marveen\marveen\.claude\worktrees\antigravity-fleet-agent\node_modules\better-sqlite3\build\Release\better_sqlite3.node'
was compiled against a different Node.js version using
NODE_MODULE_VERSION 127. This version of Node.js requires
NODE_MODULE_VERSION 137. Please try re-compiling or re-installing
the module (for instance, using `npm rebuild` or `npm install`).[39m
 [32m✓[39m src/__tests__/kanban-breakdown.test.ts[2m > [22mvalidateSubtasks (from llm-breakdown)[2m > [22mvalidates well-formed subtasks
 [32m✓[39m src/__tests__/kanban-breakdown.test.ts[2m > [22mvalidateSubtasks (from llm-breakdown)[2m > [22mrejects non-array
 [32m✓[39m src/__tests__/kanban-breakdown.test.ts[2m > [22mvalidateSubtasks (from llm-breakdown)[2m > [22mrejects empty array
 [32m✓[39m src/__tests__/kanban-breakdown.test.ts[2m > [22mvalidateSubtasks (from llm-breakdown)[2m > [22mdefaults invalid priority to normal
 [32m✓[39m src/__tests__/kanban-breakdown.test.ts[2m > [22mvalidateSubtasks (from llm-breakdown)[2m > [22mtruncates long titles
 [32m✓[39m src/__tests__/kanban-breakdown.test.ts[2m > [22mvalidateSubtasks (from llm-breakdown)[2m > [22mtreats non-string assignee as null
 [32m✓[39m src/__tests__/kanban-breakdown.test.ts[2m > [22mvalidateSubtasks (from llm-breakdown)[2m > [22mrejects item without title
 [32m✓[39m src/__tests__/kanban-breakdown.test.ts[2m > [22mvalidateSubtasks (from llm-breakdown)[2m > [22mrejects item without description
 [32m✓[39m src/__tests__/kanban-breakdown.test.ts[2m > [22mvalidateSubtasks (from llm-breakdown)[2m > [22mnullifies unknown assignee (hallucination guard)
 [32m✓[39m src/__tests__/kanban-breakdown.test.ts[2m > [22mvalidateSubtasks (from llm-breakdown)[2m > [22maccepts known assignees from the valid set
 [32m✓[39m src/__tests__/kanban-breakdown.test.ts[2m > [22mvalidateSubtasks (from llm-breakdown)[2m > [22mhandles prompt-injection-like card content safely (XML-tagged in prompt)
 [32m✓[39m src/__tests__/kanban-breakdown.test.ts[2m > [22mgenerateBreakdown via worker (runAgent)[2m > [22mparses the worker JSON array output
 [32m✓[39m src/__tests__/kanban-breakdown.test.ts[2m > [22mgenerateBreakdown via worker (runAgent)[2m > [22mstrips a ```json fence the model may add despite instructions
 [32m✓[39m src/__tests__/kanban-breakdown.test.ts[2m > [22mgenerateBreakdown via worker (runAgent)[2m > [22mthrows when the worker returns no content (timeout / blocked)
 [32m✓[39m src/__tests__/kanban-breakdown.test.ts[2m > [22mgenerateBreakdown via worker (runAgent)[2m > [22mthrows on non-JSON output
 [32m✓[39m src/__tests__/kanban-breakdown.test.ts[2m > [22mgenerateBreakdown via worker (runAgent)[2m > [22mpasses the full system+card prompt to runAgent
 [32m✓[39m src/__tests__/kanban-breakdown.test.ts[2m > [22mbreakdown route regex patterns[2m > [22mmatches breakdown path
 [32m✓[39m src/__tests__/kanban-breakdown.test.ts[2m > [22mbreakdown route regex patterns[2m > [22mmatches accept path
 [32m✓[39m src/__tests__/kanban-breakdown.test.ts[2m > [22mbreakdown route regex patterns[2m > [22mmatches children path
tar: Error opening archive: Unrecognized archive format
 [32m✓[39m src/__tests__/hook-registration-guard.test.ts[2m > [22misWorktreeRoot[2m > [22mdetects a .claude/worktrees checkout by path
 [32m✓[39m src/__tests__/hook-registration-guard.test.ts[2m > [22misWorktreeRoot[2m > [22mdetects a generic linked worktree via the .git-is-a-file signal
 [32m✓[39m src/__tests__/hook-registration-guard.test.ts[2m > [22misWorktreeRoot[2m > [22mtreats a normal checkout (git dir, non-worktree path) as non-worktree
 [32m✓[39m src/__tests__/hook-registration-guard.test.ts[2m > [22mshouldRegisterHooks[2m > [22mregisters for a normal root in normal mode
 [32m✓[39m src/__tests__/hook-registration-guard.test.ts[2m > [22mshouldRegisterHooks[2m > [22mskips for a worktree root
 [32m✓[39m src/__tests__/hook-registration-guard.test.ts[2m > [22mshouldRegisterHooks[2m > [22mskips in WEB_ONLY staging mode even from a normal root
 [32m✓[39m src/__tests__/hook-registration-guard.test.ts[2m > [22mshouldRegisterHooks[2m > [22mskips a plain clone under /private/tmp (canary/second-instance)
 [32m✓[39m src/__tests__/hook-registration-guard.test.ts[2m > [22mshouldRegisterHooks[2m > [22mskips a clone under /tmp
 [32m✓[39m src/__tests__/hook-registration-guard.test.ts[2m > [22mshouldRegisterHooks[2m > [22mskips a clone under the injected OS tmpDir (e.g. macOS /var/folders/..)
 [32m✓[39m src/__tests__/hook-registration-guard.test.ts[2m > [22mshouldRegisterHooks[2m > [22mstill registers for a real install path that merely contains "tmp" mid-path
 [32m✓[39m src/__tests__/hook-registration-guard.test.ts[2m > [22misTemporaryRoot[2m > [22mtrue for /tmp and /private/tmp prefixes
 [32m✓[39m src/__tests__/hook-registration-guard.test.ts[2m > [22misTemporaryRoot[2m > [22mfalse for a normal install root
 [32m✓[39m src/__tests__/hook-registration-guard.test.ts[2m > [22misTemporaryRoot[2m > [22mhonours an injected OS tmpdir prefix (with or without trailing slash)
 [32m✓[39m src/__tests__/hook-registration-guard.test.ts[2m > [22misTemporaryRoot[2m > [22mdoes not match a path that merely contains a temp fragment mid-string
 [32m✓[39m src/__tests__/hook-registration-guard.test.ts[2m > [22mpruneStaleHookEntries[2m > [22mprunes stale worktree entries and keeps valid + foreign entries
 [32m✓[39m src/__tests__/hook-registration-guard.test.ts[2m > [22mpruneStaleHookEntries[2m > [22mprunes a missing-file NON-worktree entry when it matches our script names
 [32m✓[39m src/__tests__/hook-registration-guard.test.ts[2m > [22mpruneStaleHookEntries[2m > [22mkeeps our entry when the script file exists
 [32m✓[39m src/__tests__/hook-registration-guard.test.ts[2m > [22mpruneStaleHookEntries[2m > [22mkeeps a foreign hook whose file is missing (not ours, not worktree-pathed)
 [32m✓[39m src/__tests__/hook-registration-guard.test.ts[2m > [22mpruneStaleHookEntries[2m > [22mprunes an unknown-named script when its path lies inside .claude/worktrees/
 [32m✓[39m src/__tests__/hook-registration-guard.test.ts[2m > [22mpruneStaleHookEntries[2m > [22mis a no-op on settings without a hooks block
 [32m✓[39m src/__tests__/hook-registration-guard.test.ts[2m > [22mpruneStaleHookEntries[2m > [22mcovers the incident hook script names in KNOWN_HOOK_SCRIPTS
 [31m×[39m src/__tests__/hook-registration-guard.test.ts[2m > [22mpruneStaleHooksFromSettingsFile[2m > [22mrewrites the file without stale entries and preserves the rest
[31m   → expected '{"UserPromptSubmit":[{"hooks":[{"type…' to contain 'C:\Users\pohi9\AppData\Local\Temp\hoo…'[39m
 [32m✓[39m src/__tests__/hook-registration-guard.test.ts[2m > [22mpruneStaleHooksFromSettingsFile[2m > [22mleaves a missing or unparseable file untouched
/bin/bash: C:Userspohi9AppDataLocalTempneverstart-nCg6RNprobe.sh: No such file or directory
 [32m✓[39m src/__tests__/model-suggest.test.ts[2m > [22mclassifyPersona[2m > [22msuggests Opus for an architect persona
 [32m✓[39m src/__tests__/model-suggest.test.ts[2m > [22mclassifyPersona[2m > [22msuggests Haiku for a fitness coach persona
 [32m✓[39m src/__tests__/model-suggest.test.ts[2m > [22mclassifyPersona[2m > [22msuggests Haiku for an accounting persona
 [32m✓[39m src/__tests__/model-suggest.test.ts[2m > [22mclassifyPersona[2m > [22msuggests Sonnet as default for a general backend dev
 [32m✓[39m src/__tests__/model-suggest.test.ts[2m > [22mclassifyPersona[2m > [22moverrides to Opus when contextTokens > 150k regardless of persona
 [32m✓[39m src/__tests__/model-suggest.test.ts[2m > [22mclassifyPersona[2m > [22mdoes not suggest Haiku when fewer than 2 keyword hits
 [32m✓[39m src/__tests__/model-suggest.test.ts[2m > [22msuggestForAgent -- base (no signals)[2m > [22msets changeAdvised=false when current model matches suggestion
 [32m✓[39m src/__tests__/model-suggest.test.ts[2m > [22msuggestForAgent -- base (no signals)[2m > [22msets changeAdvised=true when models differ
 [32m✓[39m src/__tests__/model-suggest.test.ts[2m > [22msuggestForAgent -- base (no signals)[2m > [22mnormalises [1m] suffix for comparison
 [32m✓[39m src/__tests__/model-suggest.test.ts[2m > [22msuggestForAgent -- base (no signals)[2m > [22man agent still on Opus 4.8 IS advised to move to the distribution default (MODELSUGGEST807)
 [32m✓[39m src/__tests__/model-suggest.test.ts[2m > [22msuggestForAgent -- AgentSignals thresholds[2m > [22mtokenAvgInputPerCall > 10K alone adds 1 opus signal point (below threshold without persona hits)
 [32m✓[39m src/__tests__/model-suggest.test.ts[2m > [22msuggestForAgent -- AgentSignals thresholds[2m > [22mtokenAvgInputPerCall > 10K + mcpServerCount >= 4 pushes to Opus (2 signal hits)
 [32m✓[39m src/__tests__/model-suggest.test.ts[2m > [22msuggestForAgent -- AgentSignals thresholds[2m > [22mmcpServerCount >= 4 + kanbanUrgentCount >= 2 pushes to Opus (2 signal hits)
 [32m✓[39m src/__tests__/model-suggest.test.ts[2m > [22msuggestForAgent -- AgentSignals thresholds[2m > [22mscheduledFreqPerDay >= 10 alone adds 1 haiku signal point (not enough without persona)
 [32m✓[39m src/__tests__/model-suggest.test.ts[2m > [22msuggestForAgent -- AgentSignals thresholds[2m > [22mscheduledFreqPerDay >= 10 + haiku persona keywords pushes to Haiku
 [32m✓[39m src/__tests__/model-suggest.test.ts[2m > [22msuggestForAgent -- AgentSignals thresholds[2m > [22mopus signal hits block Haiku even with >= 2 haiku keyword hits
 [32m✓[39m src/__tests__/model-suggest.test.ts[2m > [22msuggestForAgent -- AgentSignals thresholds[2m > [22mcontext override (>150K) wins over all signals
 [32m✓[39m src/__tests__/model-suggest.test.ts[2m > [22msuggestForAgent -- AgentSignals thresholds[2m > [22mmcpServerCount below threshold (3) does not add opus signal point
 [32m✓[39m src/__tests__/model-suggest.test.ts[2m > [22msuggestForAgent -- AgentSignals thresholds[2m > [22mkanbanUrgentCount below threshold (1) does not add opus signal point
 [32m✓[39m src/__tests__/model-suggest.test.ts[2m > [22msuggestForAgent -- AgentSignals thresholds[2m > [22mtokenAvgInputPerCall at threshold boundary (exactly 10K) does not trigger
 [32m✓[39m src/__tests__/model-suggest.test.ts[2m > [22msuggestForAgent -- reason structure (6 sections)[2m > [22mreason contains all 6 sections when signals provided
 [32m✓[39m src/__tests__/model-suggest.test.ts[2m > [22msuggestForAgent -- reason structure (6 sections)[2m > [22mreason section 6 lists missing signals as uncertainty
 [32m✓[39m src/__tests__/model-suggest.test.ts[2m > [22msuggestForAgent -- reason structure (6 sections)[2m > [22mreason section 6 confirms full coverage when all signals present
 [32m✓[39m src/__tests__/model-suggest.test.ts[2m > [22msuggestForAgent -- reason structure (6 sections)[2m > [22mcost section shows cheaper direction when switching to Haiku
 [32m✓[39m src/__tests__/model-suggest.test.ts[2m > [22mMODELSUGGEST807 -- top tier is the shipped distribution default[2m > [22mthe constant this suite locks to is Opus 5 (1M) today
 [32m✓[39m src/__tests__/model-suggest.test.ts[2m > [22mMODELSUGGEST807 -- top tier is the shipped distribution default[2m > [22man agent already ON the distribution default is never advised to change tier upward
 [32m✓[39m src/__tests__/model-suggest.test.ts[2m > [22mMODELSUGGEST807 -- top tier is the shipped distribution default[2m > [22mthe >150k context override recommends the distribution default, not a downgrade
 [32m✓[39m src/__tests__/model-suggest.test.ts[2m > [22mMODELSUGGEST807 -- top tier is the shipped distribution default[2m > [22mno reason text ever names Opus 4.8 as the recommendation
 [32m✓[39m src/__tests__/model-suggest.test.ts[2m > [22mMODELSUGGEST807 -- top tier is the shipped distribution default[2m > [22mhumanModelLabel derives the prose label from the model id
 [32m✓[39m src/__tests__/federation-onboarding.test.ts[2m > [22mrenderFederationBlock[2m > [22mrenders the addressing exception, the peer list and the binary rule, within the byte budget
 [32m✓[39m src/__tests__/federation-onboarding.test.ts[2m > [22mrenderFederationBlock[2m > [22mstays within the byte budget in BOTH languages AND EVERY routing mode at the 5-system scale (L5 raised 2048->3072)
 [32m✓[39m src/__tests__/federation-onboarding.test.ts[2m > [22mrenderFederationBlock[2m > [22mcarries the L5 delegation directive + loop-safety rules in BOTH languages
 [32m✓[39m src/__tests__/federation-onboarding.test.ts[2m > [22mrenderFederationBlock[2m > [22mrenders English when DASHBOARD_LANG is en, without literal brand names
 [32m✓[39m src/__tests__/federation-onboarding.test.ts[2m > [22mrouting modes (configurable delegation eagerness)[2m > [22mrenders a DISTINCT directive per mode in BOTH languages, each still pointing at the catalog
 [32m✓[39m src/__tests__/federation-onboarding.test.ts[2m > [22mrouting modes (configurable delegation eagerness)[2m > [22mrenderFederationBlock embeds the chosen mode, and an absent routingMode === catalog-first
 [32m✓[39m src/__tests__/federation-onboarding.test.ts[2m > [22mrenderSubAgentFederationBlock[2m > [22mteaches a directly-addressed specialist to reply (both languages), no peer list, no policy seed, within budget
 [32m✓[39m src/__tests__/federation-onboarding.test.ts[2m > [22mapplyFederationBlock (line-exact surgery)[2m > [22minserts after the Inter-agent section when the heading exists
 [32m✓[39m src/__tests__/federation-onboarding.test.ts[2m > [22mapplyFederationBlock (line-exact surgery)[2m > [22mappends at EOF when the heading is missing (hand-edited persona)
 [32m✓[39m src/__tests__/federation-onboarding.test.ts[2m > [22mapplyFederationBlock (line-exact surgery)[2m > [22mis idempotent: re-applying the same block changes nothing
 [32m✓[39m src/__tests__/federation-onboarding.test.ts[2m > [22mapplyFederationBlock (line-exact surgery)[2m > [22mreplaces in place when the peer list changes, preserving surrounding text
 [32m✓[39m src/__tests__/federation-onboarding.test.ts[2m > [22mapplyFederationBlock (line-exact surgery)[2m > [22mremoves the block (markers inclusive) on disable, leaving the persona intact
 [32m✓[39m src/__tests__/federation-onboarding.test.ts[2m > [22mapplyFederationBlock (line-exact surgery)[2m > [22mdoes not leak blank lines across enable->disable->enable cycles (unbounded-growth guard)
 [32m✓[39m src/__tests__/federation-onboarding.test.ts[2m > [22mapplyFederationBlock (line-exact surgery)[2m > [22mtreats BEGIN without END as corruption: throws, never deletes to EOF
 [32m✓[39m src/__tests__/federation-onboarding.test.ts[2m > [22mapplyFederationBlock (line-exact surgery)[2m > [22mdoes not confuse the POLICY anchor with block markers
 [32m✓[39m src/__tests__/federation-onboarding.test.ts[2m > [22mrenderPolicySeed[2m > [22mstarts with the stable language-independent anchor in both languages
 [32m✓[39m src/__tests__/federation-onboarding.test.ts[2m > [22mrenderPolicySeed[2m > [22mbinds the RESPONSE content and outbound delegation, and flags unsolicited answers (L5)
 [32m✓[39m src/__tests__/federation-capabilities.test.ts[2m > [22mroleSpecificHead[2m > [22mcuts before the fleet-boilerplate heading (both accent variants), whole file as fallback
 [32m✓[39m src/__tests__/federation-capabilities.test.ts[2m > [22mcontainsPrivateData (deterministic outbound scrub)[2m > [22mcatches a CONFIGURED owner name case-insensitively (incl. inflected forms); never the distribution placeholder
 [32m✓[39m src/__tests__/federation-capabilities.test.ts[2m > [22mcontainsPrivateData (deterministic outbound scrub)[2m > [22mownerScrubNeedle: placeholder maps to empty (skipped), a real name passes through
 [32m✓[39m src/__tests__/federation-capabilities.test.ts[2m > [22mcontainsPrivateData (deterministic outbound scrub)[2m > [22mcatches internal system literals and the token path
 [32m✓[39m src/__tests__/federation-capabilities.test.ts[2m > [22mcontainsPrivateData (deterministic outbound scrub)[2m > [22mcatches configured peer tokens and the dashboard token value
 [32m✓[39m src/__tests__/federation-capabilities.test.ts[2m > [22mcontainsPrivateData (deterministic outbound scrub)[2m > [22mskips EMPTY constants (a fresh install without OWNER_DRIVE_FOLDER must not reject everything)
 [32m✓[39m src/__tests__/federation-capabilities.test.ts[2m > [22mpickStaleAgents (pure)[2m > [22mpicks missing entries; skips fresh ones; honours the limit
 [32m✓[39m src/__tests__/federation-capabilities.test.ts[2m > [22mpickStaleAgents (pure)[2m > [22mskips privacy-rejected entries until the sources change
 [32m✓[39m src/__tests__/federation-capabilities.test.ts[2m > [22mpickStaleAgents (pure)[2m > [22mrespects the exponential failure backoff and resets it on a hash change
 [32m✓[39m src/__tests__/federation-capabilities.test.ts[2m > [22mpickStaleAgents (pure)[2m > [22mprefers the least-recently-attempted eligible agent
 [32m✓[39m src/__tests__/federation-capabilities.test.ts[2m > [22mgenerateOneSummary[2m > [22mcaches a clean summary single-lined and capped; getCapabilitySummary reports it fresh
 [32m✓[39m src/__tests__/federation-capabilities.test.ts[2m > [22mgenerateOneSummary[2m > [22mREJECTS a summary that leaks private data and does not retry the same sources
 [32m✓[39m src/__tests__/federation-capabilities.test.ts[2m > [22mgenerateOneSummary[2m > [22mrecords failures (null text OR error -- covers the timeout-as-error path) with a growing counter
 [32m✓[39m src/__tests__/federation-capabilities.test.ts[2m > [22mcache maintenance[2m > [22mprunes entries for removed agents and purge deletes the file idempotently
 [32m✓[39m src/__tests__/federation-capabilities.test.ts[2m > [22mprompt + fixed main summary[2m > [22mthe generation prompt carries the privacy rules and the role head, and the main summary is template-only
 [32m✓[39m src/__tests__/federation-capabilities.test.ts[2m > [22mprompt + fixed main summary[2m > [22mthe source hash depends on generation language: a DASHBOARD_LANG flip invalidates the summary (L5 review)
[15:16:26.455] [32mINFO[39m (36636): [36mcapabilities: summary generated[39m
    [35magent[39m: "ghost-agent"
    [35mchars[39m: 600
[15:16:26.474] [33mWARN[39m (36636): [36mcapabilities: generated summary REJECTED by the privacy scrub; degrading to skills-only until sources change[39m
    [35magent[39m: "ghost-agent"
    [35mhit[39m: "internal system name"
[15:16:26.477] [33mWARN[39m (36636): [36mcapabilities: summary generation failed[39m
    [35magent[39m: "ghost-agent"
    [35mfailures[39m: 1
[15:16:26.480] [33mWARN[39m (36636): [36mcapabilities: summary generation failed[39m
    [35magent[39m: "ghost-agent"
    [35mfailures[39m: 2
    error: "timeout after 5min"
[15:16:26.483] [33mWARN[39m (36636): [36mcapabilities: summary generation failed[39m
    [35magent[39m: "ghost-agent"
    [35mfailures[39m: 3
    error: "Error: boom"
[15:16:26.495] [32mINFO[39m (36636): [36mcapabilities: summary generated[39m
    [35magent[39m: "ghost-agent"
    [35mchars[39m: 27
 [32m✓[39m src/__tests__/hook-path-guard.test.ts[2m > [22misUnsafeHookCommand (registration guard)[2m > [22mrejects a bare command with a /tmp path
 [32m✓[39m src/__tests__/hook-path-guard.test.ts[2m > [22misUnsafeHookCommand (registration guard)[2m > [22mrejects a fail-open wrapper whose script is under /tmp
 [32m✓[39m src/__tests__/hook-path-guard.test.ts[2m > [22misUnsafeHookCommand (registration guard)[2m > [22mrejects a non-existent script path
 [32m✓[39m src/__tests__/hook-path-guard.test.ts[2m > [22misUnsafeHookCommand (registration guard)[2m > [22maccepts a valid existing script
 [32m✓[39m src/__tests__/hook-path-guard.test.ts[2m > [22misUnsafeHookCommand (registration guard)[2m > [22maccepts the fail-open wrapper form pointing to an existing script
 [32m✓[39m src/__tests__/hook-path-guard.test.ts[2m > [22mscaffold never emits /tmp hook paths[2m > [22mrecognises /tmp-rooted staleness-hook commands as unsafe (guard catches them)
 [32m✓[39m src/__tests__/hook-path-guard.test.ts[2m > [22mscaffold never emits /tmp hook paths[2m > [22mUserPromptSubmit commands in the template use fail-open wrappers
 [31m×[39m src/__tests__/hook-path-guard.test.ts[2m > [22mboot-hook-prune.py[2m > [22mprunes a /tmp-rooted command hook from settings.json[33m 310[2mms[22m[39m
[31m   → Command failed: python3 Z:\001_Workspace\Marveen\marveen\.claude\worktrees\antigravity-fleet-agent\scripts\boot-hook-prune.py
A Python nem tal�lhat�. A Microsoft Store-b�l val� telep�t�shez futtassa a parancsot argumentumok n�lk�l, vagy a Be�ll�t�sok >Alkalmaz�sok > Speci�lis alkalmaz�sbe�ll�t�sok > Alkalmaz�s-v�grehajt�si aliasok lehet[39m
 [31m×[39m src/__tests__/hook-path-guard.test.ts[2m > [22mboot-hook-prune.py[2m > [22mprunes a hook whose script no longer exists on disk[33m 339[2mms[22m[39m
[31m   → Command failed: python3 Z:\001_Workspace\Marveen\marveen\.claude\worktrees\antigravity-fleet-agent\scripts\boot-hook-prune.py
A Python nem tal�lhat�. A Microsoft Store-b�l val� telep�t�shez futtassa a parancsot argumentumok n�lk�l, vagy a Be�ll�t�sok >Alkalmaz�sok > Speci�lis alkalmaz�sbe�ll�t�sok > Alkalmaz�s-v�grehajt�si aliasok lehet[39m
 [31m×[39m src/__tests__/hook-path-guard.test.ts[2m > [22mboot-hook-prune.py[2m > [22mleaves a settings file with no stale hooks untouched (no .bak)[33m 320[2mms[22m[39m
[31m   → Command failed: python3 Z:\001_Workspace\Marveen\marveen\.claude\worktrees\antigravity-fleet-agent\scripts\boot-hook-prune.py
A Python nem tal�lhat�. A Microsoft Store-b�l val� telep�t�shez futtassa a parancsot argumentumok n�lk�l, vagy a Be�ll�t�sok >Alkalmaz�sok > Speci�lis alkalmaz�sbe�ll�t�sok > Alkalmaz�s-v�grehajt�si aliasok lehet[39m
 [32m✓[39m src/__tests__/hook-path-guard.test.ts[2m > [22mfail-open wrapper (UserPromptSubmit)[2m > [22mexits 0 when the target script is missing[33m 549[2mms[22m[39m
 [31m×[39m src/__tests__/hook-path-guard.test.ts[2m > [22mfail-open wrapper (UserPromptSubmit)[2m > [22mpropagates non-zero exit when the script exists and intentionally blocks[33m 460[2mms[22m[39m
[31m   → expected +0 to be 2 // Object.is equality[39m
 [32m✓[39m src/__tests__/hook-path-guard.test.ts[2m > [22mfail-open wrapper (UserPromptSubmit)[2m > [22mbare python3 on a missing file exits non-zero (proves the wrapper is necessary)
 [31m×[39m src/__tests__/hook-path-guard.test.ts[2m > [22mupgradeLegacyHookCommands (automatic migration)[2m > [22mreplaces bare staleness-guard command with fail-open wrapper (no duplicate)
[31m   → expected false to be true // Object.is equality[39m
 [32m✓[39m src/__tests__/hook-path-guard.test.ts[2m > [22mupgradeLegacyHookCommands (automatic migration)[2m > [22mis idempotent: second run on already-wrapper settings returns false
 [31m×[39m src/__tests__/hook-path-guard.test.ts[2m > [22mupgradeLegacyHookCommands (automatic migration)[2m > [22mreplaces bare voice-reply-directive command with fail-open wrapper
[31m   → expected false to be true // Object.is equality[39m
 [32m✓[39m src/__tests__/hook-path-guard.test.ts[2m > [22mupgradeLegacyHookCommands (automatic migration)[2m > [22mleaves a settings that already has the wrapper form unchanged
 [31m×[39m src/__tests__/hook-path-guard.test.ts[2m > [22mupgradeLegacyHookCommands (automatic migration)[2m > [22mpreserves unrelated hooks and updates timeout on upgrade
[31m   → expected undefined to be 10 // Object.is equality[39m
 [32m✓[39m src/__tests__/copilot-agent-process.test.ts[2m > [22mbuildCopilotLaunchCommand[2m > [22mbuilds a fresh-session command with --allow-all-tools and a quoted config-dir
 [32m✓[39m src/__tests__/copilot-agent-process.test.ts[2m > [22mbuildCopilotLaunchCommand[2m > [22madds --continue when resume is true
 [32m✓[39m src/__tests__/copilot-agent-process.test.ts[2m > [22mbuildCopilotLaunchCommand[2m > [22madds --model when a model is given
 [32m✓[39m src/__tests__/copilot-agent-process.test.ts[2m > [22mbuildCopilotLaunchCommand[2m > [22msingle-quotes a config-dir path containing a single quote (defence #2, mirrors shSingleQuote use elsewhere)
 [32m✓[39m src/__tests__/copilot-agent-process.test.ts[2m > [22mcopilotConfigDir[2m > [22mis a dotdir inside the agent directory, not the shared ~/.copilot
 [32m✓[39m src/__tests__/copilot-agent-process.test.ts[2m > [22mstartCopilotAgentProcess[2m > [22mreturns "Agent not found" when the agent directory does not exist
 [32m✓[39m src/__tests__/copilot-agent-process.test.ts[2m > [22mstartCopilotAgentProcess[2m > [22mreturns "Agent is already running" without touching tmux when isAgentRunning is true
 [32m✓[39m src/__tests__/copilot-agent-process.test.ts[2m > [22mstartCopilotAgentProcess[2m > [22mlaunches a fresh (non-resume) session when no session-state file exists
 [32m✓[39m src/__tests__/copilot-agent-process.test.ts[2m > [22mstartCopilotAgentProcess[2m > [22mresumes (passes --continue) when a session-state file exists and fresh is not set
 [32m✓[39m src/__tests__/copilot-agent-process.test.ts[2m > [22mstartCopilotAgentProcess[2m > [22mdoes not resume when opts.fresh is true even if a session-state file exists
 [32m✓[39m src/__tests__/copilot-agent-process.test.ts[2m > [22mstartCopilotAgentProcess[2m > [22mreports a tmux launch failure instead of throwing
 [32m✓[39m src/__tests__/copilot-agent-process.test.ts[2m > [22mformatCopilotInboundMessage[2m > [22mframes a trusted-peer message the same way the Claude path does
 [32m✓[39m src/__tests__/copilot-agent-process.test.ts[2m > [22mformatCopilotInboundMessage[2m > [22mprepends a non-trusted-source warning for category 'untrusted'
 [32m✓[39m src/__tests__/copilot-agent-process.test.ts[2m > [22mformatCopilotInboundMessage[2m > [22mprepends a non-trusted-source warning for category 'federated'
 [32m✓[39m src/__tests__/copilot-agent-process.test.ts[2m > [22mformatCopilotInboundMessage[2m > [22mprepends a non-trusted-source warning for category 'channel-inbound'
 [32m✓[39m src/__tests__/agent-bundle.test.ts[2m > [22magent bundle export/import[2m > [22mstages the portable subset and excludes channel secrets by default
 [32m✓[39m src/__tests__/agent-bundle.test.ts[2m > [22magent bundle export/import[2m > [22mincludes channel secrets when asked
 [32m✓[39m src/__tests__/agent-bundle.test.ts[2m > [22magent bundle export/import[2m > [22mround-trips through tar and installs under a destination base[33m 331[2mms[22m[39m
 [32m✓[39m src/__tests__/agent-bundle.test.ts[2m > [22magent bundle export/import[2m > [22mrejects a name collision unless overwrite is set[33m 312[2mms[22m[39m
 [32m✓[39m src/__tests__/agent-bundle.test.ts[2m > [22magent bundle export/import[2m > [22mhonors overrideName and re-sanitizes it
 [32m✓[39m src/__tests__/agent-bundle.test.ts[2m > [22magent bundle export/import[2m > [22mstrips machine-specific config fields on import
 [32m✓[39m src/__tests__/agent-bundle.test.ts[2m > [22magent bundle export/import[2m > [22mrejects a bundle whose schema is newer than supported
 [32m✓[39m src/__tests__/agent-bundle.test.ts[2m > [22magent bundle export/import[2m > [22mrejects a bundle with no manifest
 [32m✓[39m src/__tests__/agent-bundle.test.ts[2m > [22magent bundle export/import[2m > [22mrejects a non-tar buffer with a friendly message
 [32m✓[39m src/__tests__/agent-bundle.test.ts[2m > [22magent bundle export/import[2m > [22mbuilds a safe download filename
 [32m✓[39m src/__tests__/agent-bundle.test.ts[2m > [22mfleet bundle export/import[2m > [22mpeekBundleKind tells a fleet bundle from a single-agent bundle
 [32m✓[39m src/__tests__/agent-bundle.test.ts[2m > [22mfleet bundle export/import[2m > [22mimports every agent from a fleet bundle
 [32m✓[39m src/__tests__/agent-bundle.test.ts[2m > [22mfleet bundle export/import[2m > [22mskips colliding agents without overwrite, replaces them with it
 [32m✓[39m src/__tests__/agent-bundle.test.ts[2m > [22mfleet bundle export/import[2m > [22mrejects a single-agent bundle fed to the fleet importer
 [32m✓[39m src/__tests__/agent-bundle.test.ts[2m > [22mfleet bundle export/import[2m > [22mreadFleetManifest rejects a newer schema
 [32m✓[39m src/__tests__/agent-bundle.test.ts[2m > [22mfleet bundle export/import[2m > [22mbuilds a stable fleet download filename
/bin/bash: C:Userspohi9AppDataLocalTempneverstart-6i7suGprobe.sh: No such file or directory
 [32m✓[39m src/__tests__/message-router-copilot-delivery.test.ts[2m > [22mmessage router: copilot-engine delivery reaches the pane[2m > [22mdelivers to a copilot-engine agent WITHOUT consulting the Claude readiness gate
 [32m✓[39m src/__tests__/message-router-copilot-delivery.test.ts[2m > [22mmessage router: copilot-engine delivery reaches the pane[2m > [22mresolves the destination engine exactly ONCE per message
 [32m✓[39m src/__tests__/message-router-copilot-delivery.test.ts[2m > [22mmessage router: copilot-engine delivery reaches the pane[2m > [22mpasses the SANITIZED sender and the trust category into the Copilot envelope
 [32m✓[39m src/__tests__/message-router-copilot-delivery.test.ts[2m > [22mmessage router: copilot-engine delivery reaches the pane[2m > [22mcarries the trusted-peer category through unchanged for a trusted sender
 [32m✓[39m src/__tests__/message-router-copilot-delivery.test.ts[2m > [22mmessage router: the Claude-engine path is unchanged[2m > [22mstill consults the readiness gate, and holds the message when it is closed
 [32m✓[39m src/__tests__/message-router-copilot-delivery.test.ts[2m > [22mmessage router: the Claude-engine path is unchanged[2m > [22mdelivers through sendPromptToSession with the Claude wrap once the gate opens
 [32m✓[39m src/__tests__/refactor-config-widget-index.test.ts[2m > [22mOWNER_NAME default value[2m > [22mdoes not fall back to a personal name
 [32m✓[39m src/__tests__/refactor-config-widget-index.test.ts[2m > [22magentActivityWidget removal[2m > [22mis absent from index.html
 [32m✓[39m src/__tests__/refactor-config-widget-index.test.ts[2m > [22magentActivityWidget removal[2m > [22moverview.card.agent_activity i18n key is absent from app.js
 [32m✓[39m src/__tests__/refactor-config-widget-index.test.ts[2m > [22magentActivityWidget removal[2m > [22morphaned i18n keys are removed from en.js lang file
 [32m✓[39m src/__tests__/refactor-config-widget-index.test.ts[2m > [22magentActivityWidget removal[2m > [22morphaned i18n keys are removed from hu.js lang file
 [32m✓[39m src/__tests__/refactor-config-widget-index.test.ts[2m > [22mpackage.json scripts[2m > [22mdoes not contain the broken schedule entry
 [32m✓[39m src/__tests__/refactor-config-widget-index.test.ts[2m > [22mpackage.json scripts[2m > [22mstill contains the core scripts that must remain
 [32m✓[39m src/__tests__/refactor-config-widget-index.test.ts[2m > [22mcosineSimilarity and vectorSearch are not exported from db.ts[2m > [22mcosineSimilarity is not an exported symbol
 [32m✓[39m src/__tests__/refactor-config-widget-index.test.ts[2m > [22mcosineSimilarity and vectorSearch are not exported from db.ts[2m > [22mvectorSearch is not an exported symbol
 [32m✓[39m src/__tests__/refactor-config-widget-index.test.ts[2m > [22morphaned i18n keys removed from lang files[2m > [22men.js does not contain any orphaned key
 [32m✓[39m src/__tests__/refactor-config-widget-index.test.ts[2m > [22morphaned i18n keys removed from lang files[2m > [22mhu.js does not contain any orphaned key
 [32m✓[39m src/__tests__/refactor-config-widget-index.test.ts[2m > [22mdead HTML element IDs removed from index.html[2m > [22mnone of the dead IDs appear in index.html
 [2m[90m↓[39m[22m src/__tests__/refactor-config-widget-index.test.ts[2m > [22mvault_ssh_servers legacy columns[2m > [22mdoes not contain the legacy key columns
 [2m[90m↓[39m[22m src/__tests__/refactor-config-widget-index.test.ts[2m > [22mvault_ssh_servers legacy columns[2m > [22mstill has the active columns
 [2m[90m↓[39m[22m src/__tests__/refactor-config-widget-index.test.ts[2m > [22magent_messages composite index[2m > [22midx_agent_messages_thread index exists on the agent_messages table
 [2m[90m↓[39m[22m src/__tests__/refactor-config-widget-index.test.ts[2m > [22magent_messages composite index[2m > [22midx_agent_messages_thread covers from_agent, to_agent, created_at columns
 [2m[90m↓[39m[22m src/__tests__/refactor-config-widget-index.test.ts[2m > [22magent_messages composite index[2m > [22mthe original status index is still present
 [32m✓[39m src/__tests__/copilot-agent-process.test.ts[2m > [22msendPromptToCopilotSession[2m > [22mflattens newlines into spaces before sending (multi-line body stays ONE prompt)[33m 309[2mms[22m[39m
 [32m✓[39m src/__tests__/skills-local-api.test.ts[2m > [22mGET /api/skills/local[2m > [22mreturns skills for the main agent (PROJECT_ROOT path)
 [32m✓[39m src/__tests__/skills-local-api.test.ts[2m > [22mGET /api/skills/local[2m > [22mreturns skills for sub-agents
 [32m✓[39m src/__tests__/skills-local-api.test.ts[2m > [22mGET /api/skills/local[2m > [22mall entries have required fields
 [32m✓[39m src/__tests__/skills-local-api.test.ts[2m > [22mGET /api/skills/local[2m > [22mdoes not duplicate if MAIN_AGENT_ID somehow appears in listAgentNames
 [32m✓[39m src/__tests__/skills-local-api.test.ts[2m > [22mGET /api/skills/:name?agent=<id> (agent-local detail)[2m > [22mreturns 200 with non-empty content for main-agent local skill
 [32m✓[39m src/__tests__/skills-local-api.test.ts[2m > [22mGET /api/skills/:name?agent=<id> (agent-local detail)[2m > [22mreturns 200 with non-empty content for sub-agent local skill
 [32m✓[39m src/__tests__/skills-local-api.test.ts[2m > [22mGET /api/skills/:name?agent=<id> (agent-local detail)[2m > [22mreturns 404 for non-existent agent-local skill
 [32m✓[39m src/__tests__/skills-local-api.test.ts[2m > [22mGET /api/skills/:name?agent=<id> (agent-local detail)[2m > [22mrejects path traversal in skill name (agent param)
 [32m✓[39m src/__tests__/skills-local-api.test.ts[2m > [22mGET /api/skills/:name?agent=<id> (agent-local detail)[2m > [22mrejects traversal-looking agent param with 404 not 500
 [32m✓[39m src/__tests__/skills-local-api.test.ts[2m > [22mPUT /api/skills/:name?agent=<id> (agent-local edit)[2m > [22mwrites updated content to main-agent local skill SKILL.md
 [32m✓[39m src/__tests__/skills-local-api.test.ts[2m > [22mPUT /api/skills/:name?agent=<id> (agent-local edit)[2m > [22mwrites updated content to sub-agent local skill SKILL.md
 [32m✓[39m src/__tests__/skills-local-api.test.ts[2m > [22mPUT /api/skills/:name?agent=<id> (agent-local edit)[2m > [22mreturns 404 for PUT on non-existent agent-local skill
 [32m✓[39m src/__tests__/skills-local-api.test.ts[2m > [22mPUT /api/skills/:name?agent=<id> (agent-local edit)[2m > [22mrejects path traversal in PUT skill name
 [32m✓[39m src/__tests__/skills-local-api.test.ts[2m > [22mPUT /api/skills/:name?agent=<id> (agent-local edit)[2m > [22mrejects traversal-looking agent param in PUT with 404 not 500
 [32m✓[39m src/__tests__/pane-looks-idle.test.ts[2m > [22mpaneLooksIdle[2m > [22midle surfaces -> true[2m > [22mdefault bypass footer (shift+tab to cycle), empty box
 [32m✓[39m src/__tests__/pane-looks-idle.test.ts[2m > [22mpaneLooksIdle[2m > [22midle surfaces -> true[2m > [22mstrict-mode footer (? for shortcuts)
 [32m✓[39m src/__tests__/pane-looks-idle.test.ts[2m > [22mpaneLooksIdle[2m > [22midle surfaces -> true[2m > [22mbackground-shells footer variant
 [32m✓[39m src/__tests__/pane-looks-idle.test.ts[2m > [22mpaneLooksIdle[2m > [22midle surfaces -> true[2m > [22mpost-tool-use idle (summary in scrollback, no live busy signal)
 [32m✓[39m src/__tests__/pane-looks-idle.test.ts[2m > [22mpaneLooksIdle[2m > [22midle surfaces -> true[2m > [22mmultibyte / emoji content in scrollback above an empty idle box
 [32m✓[39m src/__tests__/pane-looks-idle.test.ts[2m > [22mpaneLooksIdle[2m > [22midle surfaces -> true[2m > [22mstale token-counter scrolled above the idle box (94-retry regression)
 [32m✓[39m src/__tests__/pane-looks-idle.test.ts[2m > [22mpaneLooksIdle[2m > [22mbusy surfaces -> false[2m > [22mfull busy footer (spinner + tokens + esc to interrupt)
 [32m✓[39m src/__tests__/pane-looks-idle.test.ts[2m > [22mpaneLooksIdle[2m > [22mbusy surfaces -> false[2m > [22mframe-gap: spinner present, footer momentarily idle-shaped
 [32m✓[39m src/__tests__/pane-looks-idle.test.ts[2m > [22mpaneLooksIdle[2m > [22mbusy surfaces -> false[2m > [22mesc to interrupt footer marker alone
 [32m✓[39m src/__tests__/pane-looks-idle.test.ts[2m > [22mpaneLooksIdle[2m > [22mbusy surfaces -> false[2m > [22mlive spinner just above the box with older scrollback present
 [32m✓[39m src/__tests__/pane-looks-idle.test.ts[2m > [22mpaneLooksIdle[2m > [22mnon-idle / not-ready surfaces -> false[2m > [22mtext parked in the live input box (typing)
 [32m✓[39m src/__tests__/pane-looks-idle.test.ts[2m > [22mpaneLooksIdle[2m > [22mnon-idle / not-ready surfaces -> false[2m > [22m[Pasted text #N] placeholder in the input box
 [32m✓[39m src/__tests__/pane-looks-idle.test.ts[2m > [22mpaneLooksIdle[2m > [22mnon-idle / not-ready surfaces -> false[2m > [22mblocking interactive menu / modal
 [32m✓[39m src/__tests__/pane-looks-idle.test.ts[2m > [22mpaneLooksIdle[2m > [22mnon-idle / not-ready surfaces -> false[2m > [22mresume-from-summary modal
 [32m✓[39m src/__tests__/pane-looks-idle.test.ts[2m > [22mpaneLooksIdle[2m > [22mnon-idle / not-ready surfaces -> false[2m > [22mempty capture
 [32m✓[39m src/__tests__/pane-looks-idle.test.ts[2m > [22mpaneLooksIdle[2m > [22mnon-idle / not-ready surfaces -> false[2m > [22mwhitespace-only capture
 [32m✓[39m src/__tests__/pane-looks-idle.test.ts[2m > [22mpaneLooksIdle[2m > [22mnon-idle / not-ready surfaces -> false[2m > [22mnon-Claude shell pane
 [32m✓[39m src/__tests__/pane-looks-idle.test.ts[2m > [22mpaneLooksIdle[2m > [22misReadyForPrompt is a thin alias over paneLooksIdle[2m > [22magrees with isReadyForPrompt on IDLE_BYPASS
 [32m✓[39m src/__tests__/pane-looks-idle.test.ts[2m > [22mpaneLooksIdle[2m > [22misReadyForPrompt is a thin alias over paneLooksIdle[2m > [22magrees with isReadyForPrompt on BUSY_FULL_FOOTER
 [32m✓[39m src/__tests__/pane-looks-idle.test.ts[2m > [22mpaneLooksIdle[2m > [22misReadyForPrompt is a thin alias over paneLooksIdle[2m > [22magrees with isReadyForPrompt on BUSY_FOOTER_FRAME_GAP
 [32m✓[39m src/__tests__/pane-looks-idle.test.ts[2m > [22mpaneLooksIdle[2m > [22misReadyForPrompt is a thin alias over paneLooksIdle[2m > [22magrees with isReadyForPrompt on TYPING_PARKED
 [32m✓[39m src/__tests__/pane-looks-idle.test.ts[2m > [22mpaneLooksIdle[2m > [22misReadyForPrompt is a thin alias over paneLooksIdle[2m > [22magrees with isReadyForPrompt on PENDING_PASTE
 [32m✓[39m src/__tests__/pane-looks-idle.test.ts[2m > [22mpaneLooksIdle[2m > [22misReadyForPrompt is a thin alias over paneLooksIdle[2m > [22magrees with isReadyForPrompt on MODAL_BLOCKING_MENU
 [32m✓[39m src/__tests__/pane-looks-idle.test.ts[2m > [22mpaneLooksIdle[2m > [22misReadyForPrompt is a thin alias over paneLooksIdle[2m > [22magrees with isReadyForPrompt on EMPTY_CAPTURE
 [32m✓[39m src/__tests__/pane-looks-idle.test.ts[2m > [22mpaneLooksIdle[2m > [22misReadyForPrompt is a thin alias over paneLooksIdle[2m > [22magrees with isReadyForPrompt on NON_CLAUDE
 [32m✓[39m src/__tests__/copilot-agent-process.test.ts[2m > [22msendPromptToCopilotSession[2m > [22msends the literal text then Enter, both with host=null (local pane)[33m 307[2mms[22m[39m
/bin/bash: C:Userspohi9AppDataLocalTempchanrestart-vbV6RSprobe.sh: No such file or directory
 [32m✓[39m src/__tests__/pane-first-run-gate.test.ts[2m > [22mdetectsFirstRunGate[2m > [22mclassifies the folder-trust dialog
 [32m✓[39m src/__tests__/pane-first-run-gate.test.ts[2m > [22mdetectsFirstRunGate[2m > [22mclassifies the bypass-permissions acceptance dialog
 [32m✓[39m src/__tests__/pane-first-run-gate.test.ts[2m > [22mdetectsFirstRunGate[2m > [22mclassifies the login picker (wins over the welcome banner it renders under)
 [32m✓[39m src/__tests__/pane-first-run-gate.test.ts[2m > [22mdetectsFirstRunGate[2m > [22mclassifies the theme picker (wins over the welcome banner)
 [32m✓[39m src/__tests__/pane-first-run-gate.test.ts[2m > [22mdetectsFirstRunGate[2m > [22mclassifies the onboarding welcome/tour screen
 [32m✓[39m src/__tests__/pane-first-run-gate.test.ts[2m > [22mdetectsFirstRunGate[2m > [22mdoes NOT flag the normal fresh-session prompt under the welcome banner
 [32m✓[39m src/__tests__/pane-first-run-gate.test.ts[2m > [22mdetectsFirstRunGate[2m > [22mdoes NOT flag an idle pane that merely quotes the dialog text
 [32m✓[39m src/__tests__/pane-first-run-gate.test.ts[2m > [22mdetectsFirstRunGate[2m > [22mdoes NOT flag a busy pane that quotes the dialog text
 [32m✓[39m src/__tests__/pane-first-run-gate.test.ts[2m > [22mdetectsFirstRunGate[2m > [22mreturns null on empty/whitespace panes
 [32m✓[39m src/__tests__/pane-first-run-gate.test.ts[2m > [22mdetectsFirstRunGate[2m > [22mdocuments WHY the gate is needed: detectPaneState reads these dialogs as unknown
 [32m✓[39m src/__tests__/pane-first-run-gate.test.ts[2m > [22mdetectsFirstRunGate[2m > [22mtrust dialog would also read as a generic blocking menu (Escape would QUIT it) -- the first-run check must win
 [32m✓[39m src/__tests__/pane-first-run-gate.test.ts[2m > [22mfirst-run gate wiring contracts[2m > [22mthe scheduler forceSend path defers on a first-run gate BEFORE the bypass injects
 [32m✓[39m src/__tests__/pane-first-run-gate.test.ts[2m > [22mfirst-run gate wiring contracts[2m > [22mthe non-forceSend busy path distinguishes 'first-run' so the retry reason names the blocker
 [32m✓[39m src/__tests__/pane-first-run-gate.test.ts[2m > [22mfirst-run gate wiring contracts[2m > [22m'first-run' is exempt from skipIfBusy (queued like mcp-missing, never dropped)
 [32m✓[39m src/__tests__/pane-first-run-gate.test.ts[2m > [22mfirst-run gate wiring contracts[2m > [22mthe channel-monitor answers first-run dialogs instead of sending Escape
 [32m✓[39m src/__tests__/pane-first-run-gate.test.ts[2m > [22mfirst-run gate wiring contracts[2m > [22manswerFirstRunGates never answers the login picker and never sends Escape
 [31m×[39m src/__tests__/pane-first-run-gate.test.ts[2m > [22mfirst-run gate wiring contracts[2m > [22mstartAgentProcess stamps per-project trust in the config root the session boots from
[31m   → expected -1 to be greater than 0[39m
 [32m✓[39m src/__tests__/prompt-safety.test.ts[2m > [22mwrapUntrusted[2m > [22mwraps plain content in untrusted tags with the source
 [32m✓[39m src/__tests__/prompt-safety.test.ts[2m > [22mwrapUntrusted[2m > [22mreturns empty string for null/undefined/empty content
 [32m✓[39m src/__tests__/prompt-safety.test.ts[2m > [22mwrapUntrusted[2m > [22mcoerces non-string content to string
 [32m✓[39m src/__tests__/prompt-safety.test.ts[2m > [22mwrapUntrusted[2m > [22mscrubs a closing </untrusted> tag inside the payload
 [32m✓[39m src/__tests__/prompt-safety.test.ts[2m > [22mwrapUntrusted[2m > [22mscrubs case-insensitive and whitespace-padded tag attempts
 [32m✓[39m src/__tests__/prompt-safety.test.ts[2m > [22mwrapUntrusted[2m > [22mscrubs self-closing <untrusted/> variants
 [32m✓[39m src/__tests__/prompt-safety.test.ts[2m > [22mwrapUntrusted[2m > [22mALSO scrubs nested <trusted-peer> tags (V2 regression fix)
 [32m✓[39m src/__tests__/prompt-safety.test.ts[2m > [22mwrapUntrusted[2m > [22msanitizes the source name so attribute injection cannot happen
 [32m✓[39m src/__tests__/prompt-safety.test.ts[2m > [22mwrapUntrusted[2m > [22mpasses through unrelated angle brackets (code, URLs, HTML in text)
 [32m✓[39m src/__tests__/prompt-safety.test.ts[2m > [22mwrapTrustedPeer[2m > [22mwraps plain content in trusted-peer tags with the source
 [32m✓[39m src/__tests__/prompt-safety.test.ts[2m > [22mwrapTrustedPeer[2m > [22mreturns empty string for null/undefined/empty content
 [32m✓[39m src/__tests__/prompt-safety.test.ts[2m > [22mwrapTrustedPeer[2m > [22mscrubs nested <trusted-peer> tags so a forwarded message cannot spoof
 [32m✓[39m src/__tests__/prompt-safety.test.ts[2m > [22mwrapTrustedPeer[2m > [22mALSO scrubs nested <untrusted> tags (cross-tag injection)
 [32m✓[39m src/__tests__/prompt-safety.test.ts[2m > [22mwrapTrustedPeer[2m > [22msanitizes the source so attribute injection is impossible
 [32m✓[39m src/__tests__/prompt-safety.test.ts[2m > [22mwrapScheduledTask[2m > [22mwraps plain content in scheduled-task tags with the source
 [32m✓[39m src/__tests__/prompt-safety.test.ts[2m > [22mwrapScheduledTask[2m > [22mreturns empty string for null/undefined/empty content
 [32m✓[39m src/__tests__/prompt-safety.test.ts[2m > [22mwrapScheduledTask[2m > [22mscrubs nested security tags so a poisoned task body cannot spoof
 [32m✓[39m src/__tests__/prompt-safety.test.ts[2m > [22mSCHEDULED_TASK_PREAMBLE[2m > [22mframes the block as a task to execute, not third-party data
 [32m✓[39m src/__tests__/prompt-safety.test.ts[2m > [22mSCHEDULED_TASK_PREAMBLE[2m > [22mkeeps the escalate-on-dangerous guard rail
 [32m✓[39m src/__tests__/prompt-safety.test.ts[2m > [22msanitizeAgentIdent[2m > [22mstrips non-alphanumeric/dash/underscore characters
 [32m✓[39m src/__tests__/prompt-safety.test.ts[2m > [22msanitizeAgentIdent[2m > [22mreturns empty string for null/undefined
 [32m✓[39m src/__tests__/prompt-safety.test.ts[2m > [22msanitizeAgentSource[2m > [22mallows colon (so "agent:NAME" prefixes pass)
 [32m✓[39m src/__tests__/prompt-safety.test.ts[2m > [22msanitizeAgentSource[2m > [22mstrips everything that would break the source="..." attribute
 [32m✓[39m src/__tests__/prompt-safety.test.ts[2m > [22msanitizeAgentSource[2m > [22mreturns "unknown" for empty input so we never emit source=""
 [32m✓[39m src/__tests__/prompt-safety.test.ts[2m > [22mUNTRUSTED_PREAMBLE[2m > [22mmentions the tag convention and refuses to follow embedded instructions
 [32m✓[39m src/__tests__/prompt-safety.test.ts[2m > [22mTRUSTED_PEER_PREAMBLE[2m > [22mmentions the trusted-peer tag and clarifies its meaning
 [32m✓[39m src/__tests__/prompt-safety.test.ts[2m > [22mTRUSTED_PEER_PREAMBLE[2m > [22mdoes NOT tell the model to blindly execute; mentions judging on merits
 [32m✓[39m src/__tests__/prompt-safety.test.ts[2m > [22mTRUSTED_PEER_PREAMBLE[2m > [22mlists destructive-action examples but as examples, not an exhaustive list
 [32m✓[39m src/__tests__/prompt-safety.test.ts[2m > [22msanitizeCapabilityTag[2m > [22mpasses a valid lowercase-hyphenated tag
 [32m✓[39m src/__tests__/prompt-safety.test.ts[2m > [22msanitizeCapabilityTag[2m > [22mlowercases a valid uppercase tag
 [32m✓[39m src/__tests__/prompt-safety.test.ts[2m > [22msanitizeCapabilityTag[2m > [22mreturns null for an injection attempt with spaces (no normalisation)
 [32m✓[39m src/__tests__/prompt-safety.test.ts[2m > [22msanitizeCapabilityTag[2m > [22mreturns null for a comma-separated value (multiple tags as one string)
 [32m✓[39m src/__tests__/prompt-safety.test.ts[2m > [22msanitizeCapabilityTag[2m > [22mreturns null for an empty string
 [32m✓[39m src/__tests__/prompt-safety.test.ts[2m > [22msanitizeCapabilityTag[2m > [22mreturns null for a tag starting with a hyphen
 [32m✓[39m src/__tests__/prompt-safety.test.ts[2m > [22msanitizeCapabilityTag[2m > [22mreturns null for a tag exceeding 32 characters
 [32m✓[39m src/__tests__/prompt-safety.test.ts[2m > [22msanitizeCapabilityTag[2m > [22maccepts a tag exactly 32 characters long
 [32m✓[39m src/__tests__/prompt-safety.test.ts[2m > [22msanitizeCapabilityTag[2m > [22mreturns null for null/undefined input
/bin/bash: C:Userspohi9AppDataLocalTempneverstart-PfuyeXprobe.sh: No such file or directory
 [32m✓[39m src/__tests__/federation-poller.test.ts[2m > [22msanitizeManifest (pure)[2m > [22maccepts a good manifest and enforces the system-id match
 [32m✓[39m src/__tests__/federation-poller.test.ts[2m > [22msanitizeManifest (pure)[2m > [22mmatches the system id case-insensitively (L1): a peer reporting its display-cased id still passes
 [32m✓[39m src/__tests__/federation-poller.test.ts[2m > [22msanitizeManifest (pure)[2m > [22mcarries capabilitySummary through capped, and NEUTRALIZES injection in all free text (L5)
 [32m✓[39m src/__tests__/federation-poller.test.ts[2m > [22msanitizeManifest (pure)[2m > [22mneutralizes a forged <channel> envelope and Unicode line separators in peer text (L5 review)
 [32m✓[39m src/__tests__/federation-poller.test.ts[2m > [22msanitizeManifest (pure)[2m > [22mcaps agent/skill counts and truncates hostile strings
 [32m✓[39m src/__tests__/federation-poller.test.ts[2m > [22msanitizeManifest (pure)[2m > [22mdrops malformed entries instead of failing the whole manifest
 [32m✓[39m src/__tests__/federation-poller.test.ts[2m > [22msanitizeManifest (pure)[2m > [22mDROPS agent ids that are not valid id segments (XSS attribute-breakout guard)
 [32m✓[39m src/__tests__/federation-poller.test.ts[2m > [22mpollPeerManifests state machine[2m > [22m200 + valid manifest -> ok with lastOkAt
 [32m✓[39m src/__tests__/federation-poller.test.ts[2m > [22mpollPeerManifests state machine[2m > [22m401/403 -> auth-or-disabled (ONE honest state; the wire cannot distinguish)
 [32m✓[39m src/__tests__/federation-poller.test.ts[2m > [22mpollPeerManifests state machine[2m > [22mnetwork failure -> unreachable, and the last known manifest is RETAINED
 [32m✓[39m src/__tests__/federation-poller.test.ts[2m > [22mpollPeerManifests state machine[2m > [22moversized manifest -> error without buffering it (Content-Length precheck)
 [32m✓[39m src/__tests__/federation-poller.test.ts[2m > [22mpollPeerManifests state machine[2m > [22munpaired peer (empty outboundToken) is reported without a network attempt
 [32m✓[39m src/__tests__/federation-poller.test.ts[2m > [22mpollPeerManifests state machine[2m > [22mdisabled config clears the cache and does no network
 [32m✓[39m src/__tests__/federation-poller.test.ts[2m > [22mpollPeerManifests state machine[2m > [22mremoved peers are dropped from the cache; unknown state for never-polled peers
 [32m✓[39m src/__tests__/main-restart-platform.test.ts[2m > [22mmain-session restart is platform-correct (2026-07-26 launchctl ENOENT)[2m > [22mweb/context-guard-runner.ts[2m > [22mnever execs launchctl without checking the binary exists
 [32m✓[39m src/__tests__/main-restart-platform.test.ts[2m > [22mmain-session restart is platform-correct (2026-07-26 launchctl ENOENT)[2m > [22mweb/context-guard-runner.ts[2m > [22mhas a non-launchd main-restart path
 [32m✓[39m src/__tests__/main-restart-platform.test.ts[2m > [22mmain-session restart is platform-correct (2026-07-26 launchctl ENOENT)[2m > [22mweb/context-guard-runner.ts[2m > [22msurfaces a failed main restart when the helper reports one
 [32m✓[39m src/__tests__/main-restart-platform.test.ts[2m > [22mmain-session restart is platform-correct (2026-07-26 launchctl ENOENT)[2m > [22mweb/auto-restart-runner.ts[2m > [22mnever execs launchctl without checking the binary exists
 [32m✓[39m src/__tests__/main-restart-platform.test.ts[2m > [22mmain-session restart is platform-correct (2026-07-26 launchctl ENOENT)[2m > [22mweb/auto-restart-runner.ts[2m > [22mhas a non-launchd main-restart path
 [32m✓[39m src/__tests__/main-restart-platform.test.ts[2m > [22mmain-session restart is platform-correct (2026-07-26 launchctl ENOENT)[2m > [22mweb/auto-restart-runner.ts[2m > [22msurfaces a failed main restart when the helper reports one
 [32m✓[39m src/__tests__/main-restart-platform.test.ts[2m > [22mmain-session restart is platform-correct (2026-07-26 launchctl ENOENT)[2m > [22mweb/model-fallback-runner.ts[2m > [22mnever execs launchctl without checking the binary exists
 [32m✓[39m src/__tests__/main-restart-platform.test.ts[2m > [22mmain-session restart is platform-correct (2026-07-26 launchctl ENOENT)[2m > [22mweb/model-fallback-runner.ts[2m > [22mhas a non-launchd main-restart path
 [32m✓[39m src/__tests__/main-restart-platform.test.ts[2m > [22mmain-session restart is platform-correct (2026-07-26 launchctl ENOENT)[2m > [22mweb/model-fallback-runner.ts[2m > [22msurfaces a failed main restart when the helper reports one
 [32m✓[39m src/__tests__/main-restart-platform.test.ts[2m > [22mmain-session restart is platform-correct (2026-07-26 launchctl ENOENT)[2m > [22mthe helper keeps the launchd leg for macOS installs, gated on the plist
 [32m✓[39m src/__tests__/main-restart-platform.test.ts[2m > [22mmain-session restart is platform-correct (2026-07-26 launchctl ENOENT)[2m > [22mthe helper falls through to the pane respawn when the plist is absent
 [32m✓[39m src/__tests__/main-restart-platform.test.ts[2m > [22mmain-session restart is platform-correct (2026-07-26 launchctl ENOENT)[2m > [22mthe launchd leg of the auto-restart runner is gated, and the fallback is the shared respawn helper
 [32m✓[39m src/__tests__/main-restart-platform.test.ts[2m > [22mcontext guard defers a main restart inside the post-respawn grace[2m > [22mreuses the shared grace predicate and stamp, not a private threshold
 [32m✓[39m src/__tests__/main-restart-platform.test.ts[2m > [22mcontext guard defers a main restart inside the post-respawn grace[2m > [22mgates the restart action, and only for the main session
 [32m✓[39m src/__tests__/main-restart-platform.test.ts[2m > [22mcontext guard defers a main restart inside the post-respawn grace[2m > [22mdoes NOT advance the guard state machine when it defers
 [32m✓[39m src/__tests__/federation-poller.test.ts[2m > [22mrefreshFederationStatus single-flight[2m > [22mconcurrent refreshes share one round
 [32m✓[39m src/__tests__/copilot-agent-process.test.ts[2m > [22msendPromptToCopilotSession[2m > [22mholds the per-pane send lock for the whole keystroke span[33m 308[2mms[22m[39m
 [32m✓[39m src/__tests__/costops-ledger.test.ts[2m > [22mcostops month math[2m > [22mcomputes UTC month window + days
 [32m✓[39m src/__tests__/costops-ledger.test.ts[2m > [22mcostops month math[2m > [22mhonours an explicit month key
 [32m✓[39m src/__tests__/costops-ledger.test.ts[2m > [22mcostops hashRef[2m > [22mis deterministic and salt-sensitive and non-reversible
 [32m✓[39m src/__tests__/costops-ledger.test.ts[2m > [22mcostops confidenceBucket[2m > [22mmaps confidence tiers to buckets
 [32m✓[39m src/__tests__/costops-ledger.test.ts[2m > [22mcostops config validation[2m > [22maccepts a valid config and applies defaults
 [32m✓[39m src/__tests__/costops-ledger.test.ts[2m > [22mcostops config validation[2m > [22mdrops invalid entries with error notes, keeps valid ones
 [32m✓[39m src/__tests__/costops-ledger.test.ts[2m > [22mcostops config validation[2m > [22mrejects non-monthly periods in v0.1
 [31m×[39m src/__tests__/costops-ledger.test.ts[2m > [22mcostops ledger + summary[2m > [22msyncs fixed costs idempotently (no duplicates on re-run)
[31m   → The module '\\?\Z:\001_Workspace\Marveen\marveen\.claude\worktrees\antigravity-fleet-agent\node_modules\better-sqlite3\build\Release\better_sqlite3.node'
was compiled against a different Node.js version using
NODE_MODULE_VERSION 127. This version of Node.js requires
NODE_MODULE_VERSION 137. Please try re-compiling or re-installing
the module (for instance, using `npm rebuild` or `npm install`).[39m
 [31m×[39m src/__tests__/costops-ledger.test.ts[2m > [22mcostops ledger + summary[2m > [22mreflects updated config amounts on re-sync (upsert, not insert)
[31m   → The module '\\?\Z:\001_Workspace\Marveen\marveen\.claude\worktrees\antigravity-fleet-agent\node_modules\better-sqlite3\build\Release\better_sqlite3.node'
was compiled against a different Node.js version using
NODE_MODULE_VERSION 127. This version of Node.js requires
NODE_MODULE_VERSION 137. Please try re-compiling or re-installing
the module (for instance, using `npm rebuild` or `npm install`).[39m
 [31m×[39m src/__tests__/costops-ledger.test.ts[2m > [22mcostops ledger + summary[2m > [22mcomputes a deterministic monthly summary (golden values)
[31m   → The module '\\?\Z:\001_Workspace\Marveen\marveen\.claude\worktrees\antigravity-fleet-agent\node_modules\better-sqlite3\build\Release\better_sqlite3.node'
was compiled against a different Node.js version using
NODE_MODULE_VERSION 127. This version of Node.js requires
NODE_MODULE_VERSION 137. Please try re-compiling or re-installing
the module (for instance, using `npm rebuild` or `npm install`).[39m
 [31m×[39m src/__tests__/costops-ledger.test.ts[2m > [22mcostops ledger + summary[2m > [22mall_sources lists every configured source (not capped like top_sources)
[31m   → The module '\\?\Z:\001_Workspace\Marveen\marveen\.claude\worktrees\antigravity-fleet-agent\node_modules\better-sqlite3\build\Release\better_sqlite3.node'
was compiled against a different Node.js version using
NODE_MODULE_VERSION 127. This version of Node.js requires
NODE_MODULE_VERSION 137. Please try re-compiling or re-installing
the module (for instance, using `npm rebuild` or `npm install`).[39m
 [31m×[39m src/__tests__/costops-ledger.test.ts[2m > [22mcostops ledger + summary[2m > [22mclassifies budget status at thresholds (display-only, no action)
[31m   → The module '\\?\Z:\001_Workspace\Marveen\marveen\.claude\worktrees\antigravity-fleet-agent\node_modules\better-sqlite3\build\Release\better_sqlite3.node'
was compiled against a different Node.js version using
NODE_MODULE_VERSION 127. This version of Node.js requires
NODE_MODULE_VERSION 137. Please try re-compiling or re-installing
the module (for instance, using `npm rebuild` or `npm install`).[39m
 [31m×[39m src/__tests__/costops-ledger.test.ts[2m > [22mcostops ledger + summary[2m > [22mprorates usage-type line items to month-end for forecast
[31m   → The module '\\?\Z:\001_Workspace\Marveen\marveen\.claude\worktrees\antigravity-fleet-agent\node_modules\better-sqlite3\build\Release\better_sqlite3.node'
was compiled against a different Node.js version using
NODE_MODULE_VERSION 127. This version of Node.js requires
NODE_MODULE_VERSION 137. Please try re-compiling or re-installing
the module (for instance, using `npm rebuild` or `npm install`).[39m
 [31m×[39m src/__tests__/costops-ledger.test.ts[2m > [22mcostops ledger + summary[2m > [22mreports token_usage as VOLUME only, never priced
[31m   → The module '\\?\Z:\001_Workspace\Marveen\marveen\.claude\worktrees\antigravity-fleet-agent\node_modules\better-sqlite3\build\Release\better_sqlite3.node'
was compiled against a different Node.js version using
NODE_MODULE_VERSION 127. This version of Node.js requires
NODE_MODULE_VERSION 137. Please try re-compiling or re-installing
the module (for instance, using `npm rebuild` or `npm install`).[39m
 [32m✓[39m src/__tests__/channel-plugin-unlock.test.ts[2m > [22mchannel-plugin-unlock helper contract[2m > [22mexports schedulePluginUnlockAfterRespawn for the channel-monitor respawn paths
 [32m✓[39m src/__tests__/channel-plugin-unlock.test.ts[2m > [22mchannel-plugin-unlock helper contract[2m > [22mgates the keystrokes on the absence of a bun child under the claude pid
 [32m✓[39m src/__tests__/channel-plugin-unlock.test.ts[2m > [22mchannel-plugin-unlock helper contract[2m > [22mrefuses to send keystrokes if the pane shows a modal or non-idle state
 [32m✓[39m src/__tests__/channel-plugin-unlock.test.ts[2m > [22mchannel-plugin-unlock helper contract[2m > [22mdelivers /mcp, Up, Enter, Enter then Esc, Esc to back the pane out to idle
 [32m✓[39m src/__tests__/channel-plugin-unlock.test.ts[2m > [22mchannel-plugin-unlock helper contract[2m > [22mschedules the probe with a cold-start delay >= 25 seconds
 [32m✓[39m src/__tests__/channel-plugin-unlock.test.ts[2m > [22mchannel-monitor wires the unlock probe into both in-process respawn paths[2m > [22mimports schedulePluginUnlockAfterRespawn from channel-plugin-unlock
 [32m✓[39m src/__tests__/channel-plugin-unlock.test.ts[2m > [22mchannel-monitor wires the unlock probe into both in-process respawn paths[2m > [22mresumeMarveenSession schedules the unlock probe after the respawn
 [32m✓[39m src/__tests__/channel-plugin-unlock.test.ts[2m > [22mchannel-monitor wires the unlock probe into both in-process respawn paths[2m > [22mrespawnMarveenSessionFresh schedules the unlock probe after the respawn
 [32m✓[39m src/__tests__/channel-plugin-unlock.test.ts[2m > [22mabsent-plugin verdict feeds the down-cascade restart budget[2m > [22mrecords the absent verdict in the "plugin absent from /mcp list" branch
 [32m✓[39m src/__tests__/channel-plugin-unlock.test.ts[2m > [22mabsent-plugin verdict feeds the down-cascade restart budget[2m > [22mexports the accessors the monitor reads and clears
 [32m✓[39m src/__tests__/channel-plugin-unlock.test.ts[2m > [22mabsent-plugin verdict feeds the down-cascade restart budget[2m > [22mretires the absent verdict once the probe sees the plugin healthy
 [32m✓[39m src/__tests__/channel-plugin-unlock.test.ts[2m > [22mabsent-plugin verdict feeds the down-cascade restart budget[2m > [22mmonitor caps the restart budget at one attempt when absent-confirmed
 [32m✓[39m src/__tests__/channel-plugin-unlock.test.ts[2m > [22mabsent-plugin verdict feeds the down-cascade restart budget[2m > [22mmonitor clears the absent verdict on a healthy sweep
 [32m✓[39m src/__tests__/stuck-input-action.test.ts[2m > [22mdecideStuckInputAction (recovery-decision unit)[2m > [22mNEVER bare-Enters a multi-row box: complete block -> re-inject, not enter
 [32m✓[39m src/__tests__/stuck-input-action.test.ts[2m > [22mdecideStuckInputAction (recovery-decision unit)[2m > [22mmulti-row truncated <channel> block -> hold (no Enter, no wrong-chat_id re-inject)
 [32m✓[39m src/__tests__/stuck-input-action.test.ts[2m > [22mdecideStuckInputAction (recovery-decision unit)[2m > [22mmulti-row sub-agent MACHINE-marked plain text -> re-inject plain, never enter
 [32m✓[39m src/__tests__/stuck-input-action.test.ts[2m > [22mdecideStuckInputAction (recovery-decision unit)[2m > [22mSTUCKINPUT805: a parked scheduled tick on a SUB-AGENT is clear-only, never reinject-plain
 [32m✓[39m src/__tests__/stuck-input-action.test.ts[2m > [22mdecideStuckInputAction (recovery-decision unit)[2m > [22mSTUCKINPUT805: uncertain-origin park on a sub-agent -> hold, never clear or re-inject
 [32m✓[39m src/__tests__/stuck-input-action.test.ts[2m > [22mdecideStuckInputAction (recovery-decision unit)[2m > [22mSTUCKINPUT805: box so short even the tail marker is cut -> no machine evidence -> default path
 [32m✓[39m src/__tests__/stuck-input-action.test.ts[2m > [22mdecideStuckInputAction (recovery-decision unit)[2m > [22mmulti-row with nothing safely re-injectable -> hold (never corrupt via Enter)
 [32m✓[39m src/__tests__/stuck-input-action.test.ts[2m > [22mdecideStuckInputAction (recovery-decision unit)[2m > [22msingle-row complete block, pre-escalation -> bare Enter (may submit on its own)
 [32m✓[39m src/__tests__/stuck-input-action.test.ts[2m > [22mdecideStuckInputAction (recovery-decision unit)[2m > [22msingle-row complete block, escalated -> clear + verbatim re-inject
 [32m✓[39m src/__tests__/stuck-input-action.test.ts[2m > [22mdecideStuckInputAction (recovery-decision unit)[2m > [22mtruncation-guard preserved: escalated truncated preamble -> clear only
 [32m✓[39m src/__tests__/stuck-input-action.test.ts[2m > [22mdecideStuckInputAction (recovery-decision unit)[2m > [22msingle-row truncated block keeps the harmless legacy Enter
 [32m✓[39m src/__tests__/stuck-input-action.test.ts[2m > [22mdecideStuckInputAction (recovery-decision unit)[2m > [22msingle-row default (swallowed Enter) -> bare Enter
 [32m✓[39m src/__tests__/stuck-input-action.test.ts[2m > [22mdecideStuckInputAction (recovery-decision unit)[2m > [22mmulti-row parked scheduled-task tick on main -> clear-scheduled, not hold
 [32m✓[39m src/__tests__/stuck-input-action.test.ts[2m > [22mdecideStuckInputAction (recovery-decision unit)[2m > [22mescalated single-row scheduled-task tick -> clear-scheduled
 [32m✓[39m src/__tests__/stuck-input-action.test.ts[2m > [22mdecideStuckInputAction (recovery-decision unit)[2m > [22msingle-row scheduled-task tick pre-escalation still tries the harmless Enter
 [32m✓[39m src/__tests__/stuck-input-action.test.ts[2m > [22mdecideStuckInputAction (recovery-decision unit)[2m > [22mSTUCKINPUT805 precedence FLIP: clear-scheduled beats plain re-inject on sub-agents too
 [32m✓[39m src/__tests__/stuck-input-action.test.ts[2m > [22msubmitLanded (post-submit verification)[2m > [22mverified-landed -> stop: the parked signature cleared after submit
 [32m✓[39m src/__tests__/stuck-input-action.test.ts[2m > [22msubmitLanded (post-submit verification)[2m > [22mnot-landed -> escalate: the same text is still parked after the attempt
 [32m✓[39m src/__tests__/stuck-input-action.test.ts[2m > [22msubmitLanded (post-submit verification)[2m > [22mnull capture after submit -> not landed (cannot confirm -> escalate)
 [32m✓[39m src/__tests__/stuck-input-action.test.ts[2m > [22mparkedInputRowCount[2m > [22msingle-row parked input -> 1
 [32m✓[39m src/__tests__/stuck-input-action.test.ts[2m > [22mparkedInputRowCount[2m > [22mwrapped multi-row parked input -> >1
 [32m✓[39m src/__tests__/stuck-input-action.test.ts[2m > [22mparkedInputRowCount[2m > [22midle / empty box -> 0
/bin/bash: C:Userspohi9AppDataLocalTempchanrestart-6B2nsDprobe.sh: No such file or directory
 [2m[90m↓[39m[22m src/__tests__/auth-recovery.test.ts[2m > [22msecurityReset[2m > [22mrevokes all device keys and sessions, keeps users, audits the counts
 [2m[90m↓[39m[22m src/__tests__/auth-recovery.test.ts[2m > [22msecurityReset[2m > [22mis a safe no-op on an empty install
 [2m[90m↓[39m[22m src/__tests__/auth-recovery.test.ts[2m > [22mHTTP break-glass password reset audit[2m > [22mwrites an audit row with the target username on the token path
 [2m[90m↓[39m[22m src/__tests__/auth-recovery.test.ts[2m > [22mHTTP break-glass password reset audit[2m > [22mdoes NOT audit a normal session-path password change as break-glass
 [2m[90m↓[39m[22m src/__tests__/auth-recovery.test.ts[2m > [22mout-of-band revocation reaches a live cache (CLI -> running server)[2m > [22ma cached device key stops resolving once its row is gone and the debounce fires
 [2m[90m↓[39m[22m src/__tests__/auth-recovery.test.ts[2m > [22mout-of-band revocation reaches a live cache (CLI -> running server)[2m > [22ma WARM cache entry is evicted by the debounced existence check (no restart, no cache clear)
 [2m[90m↓[39m[22m src/__tests__/auth-recovery.test.ts[2m > [22mout-of-band revocation reaches a live cache (CLI -> running server)[2m > [22ma cached session stops resolving after its row is deleted out-of-band
/bin/bash: line 1: state: command not found
/bin/bash: line 1: state: command not found
/bin/bash: line 1: start_launchd_unit: command not found
/bin/bash: C:Userspohi9AppDataLocalTempstreak-60QC0wchain.sh: No such file or directory
 [31m×[39m src/__tests__/channels-never-started-backoff.test.ts[2m > [22mnever-started budget backoff[2m > [22mstarts at the original 10 minutes, so a healthy cold start is unaffected[33m 702[2mms[22m[39m
[31m   → expected 127 to be +0 // Object.is equality[39m
 [31m×[39m src/__tests__/channels-never-started-backoff.test.ts[2m > [22mnever-started budget backoff[2m > [22mgrows on consecutive failures[33m 825[2mms[22m[39m
[31m   → expected 127 to be +0 // Object.is equality[39m
 [31m×[39m src/__tests__/channels-never-started-backoff.test.ts[2m > [22mnever-started budget backoff[2m > [22mis capped -- it never grows without bound[33m 684[2mms[22m[39m
[31m   → expected 127 to be +0 // Object.is equality[39m
 [31m×[39m src/__tests__/channels-never-started-backoff.test.ts[2m > [22mnever-started budget backoff[2m > [22mtreats a garbage or missing streak file as zero (no accidental 40-minute start)[33m 534[2mms[22m[39m
[31m   → expected 127 to be +0 // Object.is equality[39m
 [32m✓[39m src/__tests__/channels-never-started-backoff.test.ts[2m > [22mthe streak is persisted and cleared in the right places[2m > [22mthe never-started exit writes the incremented streak BEFORE exiting
 [32m✓[39m src/__tests__/channels-never-started-backoff.test.ts[2m > [22mthe streak is persisted and cleared in the right places[2m > [22ma plugin that comes up clears the streak, so recovery restores the fast watchdog
 [32m✓[39m src/__tests__/channels-never-started-backoff.test.ts[2m > [22mthe streak is persisted and cleared in the right places[2m > [22mthe streak file lives in store/, next to the other channel state
 [32m✓[39m src/__tests__/channels-never-started-backoff.test.ts[2m > [22mthe signal is NOT damped -- only the churn is[2m > [22mstill warns on every never-started exit
 [32m✓[39m src/__tests__/channels-never-started-backoff.test.ts[2m > [22mthe signal is NOT damped -- only the churn is[2m > [22mstill exits non-zero, so the unit restarts and OnFailure= fires
 [32m✓[39m src/__tests__/channels-never-started-backoff.test.ts[2m > [22mthe signal is NOT damped -- only the churn is[2m > [22mleaves the died-after-up branch on its unchanged 180s grace (scope pin)
 [31m×[39m src/__tests__/channels-never-started-backoff.test.ts[2m > [22mthe streak file, executed for real and read back[2m > [22mcounts up across consecutive never-started exits and clears on recovery[33m 741[2mms[22m[39m
[31m   → expected 127 to be +0 // Object.is equality[39m
 [31m×[39m src/__tests__/channels-never-started-backoff.test.ts[2m > [22mthe streak file, executed for real and read back[2m > [22man unwritable store/ does not fake success: the counter stays put and the exit still happens
[31m   → spawnSync chmod ENOENT[39m
 [32m✓[39m src/__tests__/copilot-agent-process.test.ts[2m > [22msendPromptToCopilotSession[2m > [22mserializes two concurrent sends into the same pane (no interleaving)[33m 625[2mms[22m[39m
 [31m×[39m src/__tests__/otel-distributed-tracing.test.ts[2m > [22motel_spans: upsertOtelSpan + closeOtelSpan[2m > [22minserts a new open span
[31m   → The module '\\?\Z:\001_Workspace\Marveen\marveen\.claude\worktrees\antigravity-fleet-agent\node_modules\better-sqlite3\build\Release\better_sqlite3.node'
was compiled against a different Node.js version using
NODE_MODULE_VERSION 127. This version of Node.js requires
NODE_MODULE_VERSION 137. Please try re-compiling or re-installing
the module (for instance, using `npm rebuild` or `npm install`).[39m
 [31m×[39m src/__tests__/otel-distributed-tracing.test.ts[2m > [22motel_spans: upsertOtelSpan + closeOtelSpan[2m > [22mcloses an open span with correct status
[31m   → The module '\\?\Z:\001_Workspace\Marveen\marveen\.claude\worktrees\antigravity-fleet-agent\node_modules\better-sqlite3\build\Release\better_sqlite3.node'
was compiled against a different Node.js version using
NODE_MODULE_VERSION 127. This version of Node.js requires
NODE_MODULE_VERSION 137. Please try re-compiling or re-installing
the module (for instance, using `npm rebuild` or `npm install`).[39m
 [31m×[39m src/__tests__/otel-distributed-tracing.test.ts[2m > [22motel_spans: upsertOtelSpan + closeOtelSpan[2m > [22mcloseOtelSpan returns false for non-existent span
[31m   → The module '\\?\Z:\001_Workspace\Marveen\marveen\.claude\worktrees\antigravity-fleet-agent\node_modules\better-sqlite3\build\Release\better_sqlite3.node'
was compiled against a different Node.js version using
NODE_MODULE_VERSION 127. This version of Node.js requires
NODE_MODULE_VERSION 137. Please try re-compiling or re-installing
the module (for instance, using `npm rebuild` or `npm install`).[39m
 [31m×[39m src/__tests__/otel-distributed-tracing.test.ts[2m > [22motel_spans: upsertOtelSpan + closeOtelSpan[2m > [22mupsert is idempotent: second insert updates end_ms
[31m   → The module '\\?\Z:\001_Workspace\Marveen\marveen\.claude\worktrees\antigravity-fleet-agent\node_modules\better-sqlite3\build\Release\better_sqlite3.node'
was compiled against a different Node.js version using
NODE_MODULE_VERSION 127. This version of Node.js requires
NODE_MODULE_VERSION 137. Please try re-compiling or re-installing
the module (for instance, using `npm rebuild` or `npm install`).[39m
 [31m×[39m src/__tests__/otel-distributed-tracing.test.ts[2m > [22motel_spans: upsertOtelSpan + closeOtelSpan[2m > [22mparent_span_id links child to parent
[31m   → The module '\\?\Z:\001_Workspace\Marveen\marveen\.claude\worktrees\antigravity-fleet-agent\node_modules\better-sqlite3\build\Release\better_sqlite3.node'
was compiled against a different Node.js version using
NODE_MODULE_VERSION 127. This version of Node.js requires
NODE_MODULE_VERSION 137. Please try re-compiling or re-installing
the module (for instance, using `npm rebuild` or `npm install`).[39m
 [31m×[39m src/__tests__/otel-distributed-tracing.test.ts[2m > [22mstampMessageTrace[2m > [22mstamps trace fields onto a pending message with no trace_id
[31m   → The module '\\?\Z:\001_Workspace\Marveen\marveen\.claude\worktrees\antigravity-fleet-agent\node_modules\better-sqlite3\build\Release\better_sqlite3.node'
was compiled against a different Node.js version using
NODE_MODULE_VERSION 127. This version of Node.js requires
NODE_MODULE_VERSION 137. Please try re-compiling or re-installing
the module (for instance, using `npm rebuild` or `npm install`).[39m
 [31m×[39m src/__tests__/otel-distributed-tracing.test.ts[2m > [22mstampMessageTrace[2m > [22mdoes NOT overwrite an already-stamped message (idempotent)
[31m   → The module '\\?\Z:\001_Workspace\Marveen\marveen\.claude\worktrees\antigravity-fleet-agent\node_modules\better-sqlite3\build\Release\better_sqlite3.node'
was compiled against a different Node.js version using
NODE_MODULE_VERSION 127. This version of Node.js requires
NODE_MODULE_VERSION 137. Please try re-compiling or re-installing
the module (for instance, using `npm rebuild` or `npm install`).[39m
 [31m×[39m src/__tests__/otel-distributed-tracing.test.ts[2m > [22mstampMessageTrace[2m > [22mstamps parent_span_id for propagated context
[31m   → The module '\\?\Z:\001_Workspace\Marveen\marveen\.claude\worktrees\antigravity-fleet-agent\node_modules\better-sqlite3\build\Release\better_sqlite3.node'
was compiled against a different Node.js version using
NODE_MODULE_VERSION 127. This version of Node.js requires
NODE_MODULE_VERSION 137. Please try re-compiling or re-installing
the module (for instance, using `npm rebuild` or `npm install`).[39m
 [31m×[39m src/__tests__/otel-distributed-tracing.test.ts[2m > [22mstampMessageTrace[2m > [22mreturns false for non-existent message id
[31m   → The module '\\?\Z:\001_Workspace\Marveen\marveen\.claude\worktrees\antigravity-fleet-agent\node_modules\better-sqlite3\build\Release\better_sqlite3.node'
was compiled against a different Node.js version using
NODE_MODULE_VERSION 127. This version of Node.js requires
NODE_MODULE_VERSION 137. Please try re-compiling or re-installing
the module (for instance, using `npm rebuild` or `npm install`).[39m
 [31m×[39m src/__tests__/otel-distributed-tracing.test.ts[2m > [22mtrace tree: multi-span chain[2m > [22morders spans by start_ms (root first)
[31m   → The module '\\?\Z:\001_Workspace\Marveen\marveen\.claude\worktrees\antigravity-fleet-agent\node_modules\better-sqlite3\build\Release\better_sqlite3.node'
was compiled against a different Node.js version using
NODE_MODULE_VERSION 127. This version of Node.js requires
NODE_MODULE_VERSION 137. Please try re-compiling or re-installing
the module (for instance, using `npm rebuild` or `npm install`).[39m
 [31m×[39m src/__tests__/otel-distributed-tracing.test.ts[2m > [22mtrace tree: multi-span chain[2m > [22mspans from different traces do not mix
[31m   → The module '\\?\Z:\001_Workspace\Marveen\marveen\.claude\worktrees\antigravity-fleet-agent\node_modules\better-sqlite3\build\Release\better_sqlite3.node'
was compiled against a different Node.js version using
NODE_MODULE_VERSION 127. This version of Node.js requires
NODE_MODULE_VERSION 137. Please try re-compiling or re-installing
the module (for instance, using `npm rebuild` or `npm install`).[39m
 [32m✓[39m src/__tests__/reauth-detect.test.ts[2m > [22mdetectReauthNeeded[2m > [22mnull/empty pane -> no reauth
 [32m✓[39m src/__tests__/reauth-detect.test.ts[2m > [22mdetectReauthNeeded[2m > [22mdetects "Please run /login"
 [32m✓[39m src/__tests__/reauth-detect.test.ts[2m > [22mdetectReauthNeeded[2m > [22mdetects the 401 invalid-credentials string
 [32m✓[39m src/__tests__/reauth-detect.test.ts[2m > [22mdetectReauthNeeded[2m > [22mdetects "Not logged in"
 [32m✓[39m src/__tests__/reauth-detect.test.ts[2m > [22mdetectReauthNeeded[2m > [22mdetects bare API Error: 401
 [32m✓[39m src/__tests__/reauth-detect.test.ts[2m > [22mdetectReauthNeeded[2m > [22mdetects OAuth token expired
 [32m✓[39m src/__tests__/reauth-detect.test.ts[2m > [22mdetectReauthNeeded[2m > [22mdoes NOT fire on a chat message mentioning /login as a topic
 [32m✓[39m src/__tests__/reauth-detect.test.ts[2m > [22mdetectReauthNeeded[2m > [22mdoes NOT fire on a normal idle pane
 [32m✓[39m src/__tests__/reauth-detect.test.ts[2m > [22mdetectReauthNeeded[2m > [22mdoes NOT fire when the marker is in scrollback ABOVE the tail (review false-positive)
 [32m✓[39m src/__tests__/reauth-detect.test.ts[2m > [22mdetectReauthNeeded[2m > [22mDOES fire when the marker is in the live tail
 [32m✓[39m src/__tests__/reauth-detect.test.ts[2m > [22mdetectReauthNeeded[2m > [22mdoes NOT fire when a stale login failure is followed by a successful login
 [32m✓[39m src/__tests__/reauth-detect.test.ts[2m > [22mdetectReauthNeeded[2m > [22mDOES fire when the live status line above the input box reports the failure
 [32m✓[39m src/__tests__/reauth-detect.test.ts[2m > [22mdetectReauthNeeded[2m > [22mdoes NOT fire when a prior escalation message is quoted back into the pane (self-loop)
 [32m✓[39m src/__tests__/reauth-detect.test.ts[2m > [22mdetectReauthNeeded[2m > [22mdoes NOT fire on the quiet-hours morning summary quoted back either
 [32m✓[39m src/__tests__/reauth-detect.test.ts[2m > [22mdetectReauthNeeded[2m > [22mdetects the first-run "Select login method" onboarding picker
 [32m✓[39m src/__tests__/reauth-detect.test.ts[2m > [22mdetectReauthNeeded[2m > [22mdoes NOT fire on a chat that merely mentions the picker in scrollback
 [32m✓[39m src/__tests__/reauth-detect.test.ts[2m > [22mdetectReauthNeeded: browser sign-in screen[2m > [22mdetects the sign-in URL screen
 [32m✓[39m src/__tests__/reauth-detect.test.ts[2m > [22mdetectReauthNeeded: browser sign-in screen[2m > [22mdoes NOT re-fire on the healer escalation quoting the picker reason (self-loop regression)
 [32m✓[39m src/__tests__/ghost-suggestion-strip.test.ts[2m > [22mstripGhostSuggestion[2m > [22mdrops dim (SGR 2) text and strips all ANSI
 [32m✓[39m src/__tests__/ghost-suggestion-strip.test.ts[2m > [22mstripGhostSuggestion[2m > [22mkeeps normal-intensity text
 [32m✓[39m src/__tests__/ghost-suggestion-strip.test.ts[2m > [22mstripGhostSuggestion[2m > [22mtreats SGR 22 and SGR 0 as dim-reset
 [32m✓[39m src/__tests__/ghost-suggestion-strip.test.ts[2m > [22mstripGhostSuggestion[2m > [22mdoes NOT mistake a 256-colour INDEX of 2 for the dim attribute
 [32m✓[39m src/__tests__/ghost-suggestion-strip.test.ts[2m > [22mstripGhostSuggestion[2m > [22mcollapses a dim-ghost input box to an empty prompt
 [32m✓[39m src/__tests__/ghost-suggestion-strip.test.ts[2m > [22mghost suggestion does not trigger stuck-input recovery[2m > [22ma dim-ghost box is NOT classified as parked input
 [32m✓[39m src/__tests__/ghost-suggestion-strip.test.ts[2m > [22mghost suggestion does not trigger stuck-input recovery[2m > [22ma REAL non-dim parked input is preserved (no over-strip)
 [32m✓[39m src/__tests__/ghost-suggestion-strip.test.ts[2m > [22mv2.1.201 fresh-session readiness (ghost example-suggestion)[2m > [22ma fresh dim example-suggestion box reads IDLE once the ghost is stripped
 [32m✓[39m src/__tests__/ghost-suggestion-strip.test.ts[2m > [22mv2.1.201 fresh-session readiness (ghost example-suggestion)[2m > [22mdocuments the bug: the SAME box on a plain (dim-lost) capture mis-reads as typing
 [32m✓[39m src/__tests__/ghost-suggestion-strip.test.ts[2m > [22mv2.1.201 fresh-session readiness (ghost example-suggestion)[2m > [22ma REAL parked message with an NBSP gap still reads typing after strip (security)
 [32m✓[39m src/__tests__/ghost-suggestion-strip.test.ts[2m > [22mv2.1.201 fresh-session readiness (ghost example-suggestion)[2m > [22ma DIM saturation banner is LOST by the strip but caught on the plain capture
 [32m✓[39m src/__tests__/ghost-suggestion-strip.test.ts[2m > [22misSessionReadyForPrompt wiring (dim-ghost tolerant idle)[2m > [22mresolves idle through idleOrGhost/captureParkedInputView and saturation on the plain capture
 [32m✓[39m src/__tests__/provider-poller-match.test.ts[2m > [22mmatchesProviderPollerCmd[2m > [22mtelegram[2m > [22mmatches the live cache-path telegram poller
 [32m✓[39m src/__tests__/provider-poller-match.test.ts[2m > [22mmatchesProviderPollerCmd[2m > [22mtelegram[2m > [22mmatches the live marketplace-path telegram poller
 [32m✓[39m src/__tests__/provider-poller-match.test.ts[2m > [22mmatchesProviderPollerCmd[2m > [22mslack[2m > [22mmatches a slack-channel node poller (documented plugin path)
 [32m✓[39m src/__tests__/provider-poller-match.test.ts[2m > [22mmatchesProviderPollerCmd[2m > [22mslack[2m > [22mmatches a slack-channel bun poller
 [32m✓[39m src/__tests__/provider-poller-match.test.ts[2m > [22mmatchesProviderPollerCmd[2m > [22mslack[2m > [22mmatches a slack poller whose cmdline carries the socket-mode signal but no /slack/ path-slug
 [32m✓[39m src/__tests__/provider-poller-match.test.ts[2m > [22mmatchesProviderPollerCmd[2m > [22mdiscord[2m > [22mmatches a discord cache-path bun poller
 [32m✓[39m src/__tests__/provider-poller-match.test.ts[2m > [22mmatchesProviderPollerCmd[2m > [22mmasking-prevention (2026-06-09 fix, the load-bearing guarantee)[2m > [22msynology-chat poller is NOT misidentified as telegram alive
 [32m✓[39m src/__tests__/provider-poller-match.test.ts[2m > [22mmatchesProviderPollerCmd[2m > [22mmasking-prevention (2026-06-09 fix, the load-bearing guarantee)[2m > [22msynology-chat poller is NOT misidentified as slack alive
 [32m✓[39m src/__tests__/provider-poller-match.test.ts[2m > [22mmatchesProviderPollerCmd[2m > [22mmasking-prevention (2026-06-09 fix, the load-bearing guarantee)[2m > [22msynology-chat poller is NOT misidentified as discord alive
 [32m✓[39m src/__tests__/provider-poller-match.test.ts[2m > [22mmatchesProviderPollerCmd[2m > [22mmasking-prevention (2026-06-09 fix, the load-bearing guarantee)[2m > [22ma hypothetical bun + server.ts cmdline without /telegram/ does NOT match telegram
 [32m✓[39m src/__tests__/provider-poller-match.test.ts[2m > [22mmatchesProviderPollerCmd[2m > [22mmasking-prevention (2026-06-09 fix, the load-bearing guarantee)[2m > [22ma node process whose argv mentions "slack" but not as a plugin path does NOT match slack
 [32m✓[39m src/__tests__/provider-poller-match.test.ts[2m > [22mmatchesProviderPollerCmd[2m > [22mmasking-prevention (2026-06-09 fix, the load-bearing guarantee)[2m > [22ma node process whose argv mentions "discord" but not as a plugin path does NOT match discord
 [32m✓[39m src/__tests__/provider-poller-match.test.ts[2m > [22mmatchesProviderPollerCmd[2m > [22medge cases[2m > [22mempty cmd -> false for all providers
 [32m✓[39m src/__tests__/provider-poller-match.test.ts[2m > [22mmatchesProviderPollerCmd[2m > [22medge cases[2m > [22mplugin path present but no bun/node runtime -> false
 [32m✓[39m src/__tests__/provider-poller-match.test.ts[2m > [22mmatchesProviderPollerCmd[2m > [22medge cases[2m > [22mbun substring inside a word -> false (\bbun\b token requirement)
 [32m✓[39m src/__tests__/provider-poller-match.test.ts[2m > [22mmatchesProviderPollerCmd[2m > [22medge cases[2m > [22mtelegram slug at end-of-string -> true
 [32m✓[39m src/__tests__/provider-poller-match.test.ts[2m > [22mmatchesProviderPollerCmd[2m > [22msocket-mode signal is slack-scoped (no cross-provider leak)[2m > [22msocket-mode in a node cmdline does NOT match telegram
 [32m✓[39m src/__tests__/provider-poller-match.test.ts[2m > [22mmatchesProviderPollerCmd[2m > [22msocket-mode signal is slack-scoped (no cross-provider leak)[2m > [22msocket-mode in a bun cmdline does NOT match discord
 [32m✓[39m src/__tests__/provider-poller-match.test.ts[2m > [22mmatchesProviderPollerCmd[2m > [22msocket-mode signal is slack-scoped (no cross-provider leak)[2m > [22msocket-mode WITHOUT bun/node runtime token does NOT match slack
 [32m✓[39m src/__tests__/provider-poller-match.test.ts[2m > [22mmatchesProviderPollerCmd[2m > [22msocket-mode signal is slack-scoped (no cross-provider leak)[2m > [22m"socket-modemax" (substring inside a word) does NOT match slack
 [32m✓[39m src/__tests__/provider-poller-match.test.ts[2m > [22mmatchesProviderPollerCmd[2m > [22mcross-provider non-confusion[2m > [22mtelegram cmdline does NOT match slack or discord
 [32m✓[39m src/__tests__/provider-poller-match.test.ts[2m > [22mmatchesProviderPollerCmd[2m > [22mcross-provider non-confusion[2m > [22mslack cmdline does NOT match telegram or discord
 [32m✓[39m src/__tests__/provider-poller-match.test.ts[2m > [22mmatchesProviderPollerCmd[2m > [22mcross-provider non-confusion[2m > [22mdiscord cmdline does NOT match telegram or slack
/bin/bash: C:Userspohi9AppDataLocalTempchanrestart-GnBYBrprobe.sh: No such file or directory
 [32m✓[39m src/__tests__/inbound-probe.test.ts[2m > [22mshouldTriggerDeafnessRespawn[2m > [22mreturns false when timeout has not elapsed yet
 [32m✓[39m src/__tests__/inbound-probe.test.ts[2m > [22mshouldTriggerDeafnessRespawn[2m > [22mreturns true at EXACTLY the probeTimeoutMs boundary with no ingestion
 [32m✓[39m src/__tests__/inbound-probe.test.ts[2m > [22mshouldTriggerDeafnessRespawn[2m > [22mreturns false 1ms BEFORE the probeTimeoutMs boundary
 [32m✓[39m src/__tests__/inbound-probe.test.ts[2m > [22mshouldTriggerDeafnessRespawn[2m > [22mreturns true when timeout elapsed and no ingestion ever
 [32m✓[39m src/__tests__/inbound-probe.test.ts[2m > [22mshouldTriggerDeafnessRespawn[2m > [22mreturns true when timeout elapsed and last ingestion predates the marker
 [32m✓[39m src/__tests__/inbound-probe.test.ts[2m > [22mshouldTriggerDeafnessRespawn[2m > [22mreturns false when timeout elapsed but ingestion is AFTER the marker (healthy)
 [32m✓[39m src/__tests__/inbound-probe.test.ts[2m > [22mshouldTriggerDeafnessRespawn[2m > [22mreturns false when timeout elapsed and ingestion equals the marker timestamp
 [32m✓[39m src/__tests__/inbound-probe.test.ts[2m > [22mreadLastIngestionTimestamp[2m > [22mreturns null for an empty directory (no JSONL files)
 [32m✓[39m src/__tests__/inbound-probe.test.ts[2m > [22mreadLastIngestionTimestamp[2m > [22mreturns null when no lines contain <channel source=
 [32m✓[39m src/__tests__/inbound-probe.test.ts[2m > [22mreadLastIngestionTimestamp[2m > [22mreturns the timestamp of the last <channel source= line
 [32m✓[39m src/__tests__/inbound-probe.test.ts[2m > [22mreadLastIngestionTimestamp[2m > [22mskips malformed JSON lines without aborting
 [32m✓[39m src/__tests__/inbound-probe.test.ts[2m > [22mreadLastIngestionTimestamp[2m > [22mreturns null when the directory does not exist
 [32m✓[39m src/__tests__/inbound-probe.test.ts[2m > [22mreadLastIngestionTimestamp[2m > [22mtail-read: finds <channel source= line near the END of a >256KB file (AC-D3-2)
 [32m✓[39m src/__tests__/inbound-probe.test.ts[2m > [22mreadLastIngestionTimestamp[2m > [22mtail-read: returns null when the only <channel source= line is in the first 10KB of a >256KB file (AC-D3-3, known limitation)
 [32m✓[39m src/__tests__/fleet-transfer.test.ts[2m > [22mencrypt/decrypt round-trip[2m > [22mdecrypts to the original plaintext[33m 1081[2mms[22m[39m
 [32m✓[39m src/__tests__/fleet-transfer.test.ts[2m > [22mencrypt/decrypt round-trip[2m > [22mthrows on wrong password (GCM auth tag mismatch)[33m 1032[2mms[22m[39m
 [32m✓[39m src/__tests__/fleet-transfer.test.ts[2m > [22mencrypt/decrypt round-trip[2m > [22mthrows on truncated blob (L1 sanity check)
 [32m✓[39m src/__tests__/fleet-transfer.test.ts[2m > [22mencrypt/decrypt round-trip[2m > [22mproduces a non-trivially-parseable blob that differs from plaintext JSON[33m 659[2mms[22m[39m
 [32m✓[39m src/__tests__/fleet-transfer.test.ts[2m > [22mencrypt/decrypt round-trip[2m > [22mconstants are correct values
 [32m✓[39m src/__tests__/fleet-transfer.test.ts[2m > [22mimportFleet: encrypted wrapper detection[2m > [22mreturns error DiffReport when encrypted but no password given[33m 634[2mms[22m[39m
 [32m✓[39m src/__tests__/fleet-transfer.test.ts[2m > [22mimportFleet: encrypted wrapper detection[2m > [22mreturns error DiffReport on wrong password (no file writes)[33m 1117[2mms[22m[39m
 [32m✓[39m src/__tests__/fleet-transfer.test.ts[2m > [22mimportFleet: encrypted wrapper detection[2m > [22msucceeds (dry-run) with correct password[33m 1197[2mms[22m[39m
 [32m✓[39m src/__tests__/fleet-transfer.test.ts[2m > [22mimportFleet: encrypted wrapper detection[2m > [22maccepts plaintext fleet JSON without password
 [32m✓[39m src/__tests__/fleet-transfer.test.ts[2m > [22mimportFleet: wouldOverwrite in DiffReport[2m > [22mDiffReport contains wouldOverwrite fields
 [32m✓[39m src/__tests__/fleet-transfer.test.ts[2m > [22mimportFleet: wouldOverwrite in DiffReport[2m > [22mwouldOverwrite.agents empty when no existing agents (mocked listAgentNames returns [])
 [32m✓[39m src/__tests__/fleet-transfer.test.ts[2m > [22mexportFleet: channelEnvs not in VaultExport[2m > [22mexported plaintext fleet JSON has no channelEnvs key in vault
 [32m✓[39m src/__tests__/fleet-transfer.test.ts[2m > [22mimportFleet: identity takeover[2m > [22mdry-run includes identity warning when mainAgent.agentId is present
 [32m✓[39m src/__tests__/fleet-transfer.test.ts[2m > [22mimportFleet: identity takeover[2m > [22mapply writes all identity keys to config-overrides.json and returns warning
 [32m✓[39m src/__tests__/fleet-transfer.test.ts[2m > [22mimportFleet: identity takeover[2m > [22mapply mirrors the full identity into .env (channels.sh reads .env, not config-overrides)
 [32m✓[39m src/__tests__/fleet-transfer.test.ts[2m > [22mimportFleet: identity takeover[2m > [22mdry-run counts both atlas and hestia memories (no remap dedup)
 [32m✓[39m src/__tests__/fleet-transfer.test.ts[2m > [22mimportFleet: avatarExt traversal rejected[2m > [22mreturns nameErrors for traversal avatarExt
 [31m×[39m src/__tests__/background-tasks.test.ts[2m > [22mbackground_tasks schema and CRUD[2m > [22minserts a running task
[31m   → The module '\\?\Z:\001_Workspace\Marveen\marveen\.claude\worktrees\antigravity-fleet-agent\node_modules\better-sqlite3\build\Release\better_sqlite3.node'
was compiled against a different Node.js version using
NODE_MODULE_VERSION 127. This version of Node.js requires
NODE_MODULE_VERSION 137. Please try re-compiling or re-installing
the module (for instance, using `npm rebuild` or `npm install`).[39m
 [31m×[39m src/__tests__/background-tasks.test.ts[2m > [22mbackground_tasks schema and CRUD[2m > [22mfinishes a task with done status
[31m   → The module '\\?\Z:\001_Workspace\Marveen\marveen\.claude\worktrees\antigravity-fleet-agent\node_modules\better-sqlite3\build\Release\better_sqlite3.node'
was compiled against a different Node.js version using
NODE_MODULE_VERSION 127. This version of Node.js requires
NODE_MODULE_VERSION 137. Please try re-compiling or re-installing
the module (for instance, using `npm rebuild` or `npm install`).[39m
 [31m×[39m src/__tests__/background-tasks.test.ts[2m > [22mbackground_tasks schema and CRUD[2m > [22mrejects invalid status
[31m   → The module '\\?\Z:\001_Workspace\Marveen\marveen\.claude\worktrees\antigravity-fleet-agent\node_modules\better-sqlite3\build\Release\better_sqlite3.node'
was compiled against a different Node.js version using
NODE_MODULE_VERSION 127. This version of Node.js requires
NODE_MODULE_VERSION 137. Please try re-compiling or re-installing
the module (for instance, using `npm rebuild` or `npm install`).[39m
 [31m×[39m src/__tests__/background-tasks.test.ts[2m > [22mbackground_tasks schema and CRUD[2m > [22mcounts running tasks per agent
[31m   → The module '\\?\Z:\001_Workspace\Marveen\marveen\.claude\worktrees\antigravity-fleet-agent\node_modules\better-sqlite3\build\Release\better_sqlite3.node'
was compiled against a different Node.js version using
NODE_MODULE_VERSION 127. This version of Node.js requires
NODE_MODULE_VERSION 137. Please try re-compiling or re-installing
the module (for instance, using `npm rebuild` or `npm install`).[39m
 [31m×[39m src/__tests__/background-tasks.test.ts[2m > [22mbackground_tasks schema and CRUD[2m > [22mlists tasks with optional agent filter
[31m   → The module '\\?\Z:\001_Workspace\Marveen\marveen\.claude\worktrees\antigravity-fleet-agent\node_modules\better-sqlite3\build\Release\better_sqlite3.node'
was compiled against a different Node.js version using
NODE_MODULE_VERSION 127. This version of Node.js requires
NODE_MODULE_VERSION 137. Please try re-compiling or re-installing
the module (for instance, using `npm rebuild` or `npm install`).[39m
 [31m×[39m src/__tests__/background-tasks.test.ts[2m > [22mbackground_tasks schema and CRUD[2m > [22msupports timeout status
[31m   → The module '\\?\Z:\001_Workspace\Marveen\marveen\.claude\worktrees\antigravity-fleet-agent\node_modules\better-sqlite3\build\Release\better_sqlite3.node'
was compiled against a different Node.js version using
NODE_MODULE_VERSION 127. This version of Node.js requires
NODE_MODULE_VERSION 137. Please try re-compiling or re-installing
the module (for instance, using `npm rebuild` or `npm install`).[39m
 [31m×[39m src/__tests__/background-tasks.test.ts[2m > [22mbackground_tasks schema and CRUD[2m > [22matomic create respects concurrency limit
[31m   → The module '\\?\Z:\001_Workspace\Marveen\marveen\.claude\worktrees\antigravity-fleet-agent\node_modules\better-sqlite3\build\Release\better_sqlite3.node'
was compiled against a different Node.js version using
NODE_MODULE_VERSION 127. This version of Node.js requires
NODE_MODULE_VERSION 137. Please try re-compiling or re-installing
the module (for instance, using `npm rebuild` or `npm install`).[39m
 [31m×[39m src/__tests__/background-tasks.test.ts[2m > [22mbackground_tasks schema and CRUD[2m > [22mmarks orphaned tasks as failed
[31m   → The module '\\?\Z:\001_Workspace\Marveen\marveen\.claude\worktrees\antigravity-fleet-agent\node_modules\better-sqlite3\build\Release\better_sqlite3.node'
was compiled against a different Node.js version using
NODE_MODULE_VERSION 127. This version of Node.js requires
NODE_MODULE_VERSION 137. Please try re-compiling or re-installing
the module (for instance, using `npm rebuild` or `npm install`).[39m
 [31m×[39m src/__tests__/background-tasks.test.ts[2m > [22mbackground_tasks schema and CRUD[2m > [22mDELETE captures output before kill (order test)
[31m   → The module '\\?\Z:\001_Workspace\Marveen\marveen\.claude\worktrees\antigravity-fleet-agent\node_modules\better-sqlite3\build\Release\better_sqlite3.node'
was compiled against a different Node.js version using
NODE_MODULE_VERSION 127. This version of Node.js requires
NODE_MODULE_VERSION 137. Please try re-compiling or re-installing
the module (for instance, using `npm rebuild` or `npm install`).[39m
 [32m✓[39m src/__tests__/background-tasks.test.ts[2m > [22mbackground-tasks route ID regex[2m > [22mmatches exactly 8 hex chars
 [32m✓[39m src/__tests__/agent-scaffold-dashboard-origin.test.ts[2m > [22mresolveDashboardOrigin[2m > [22mreturns localhost URL when publicUrl is empty
 [32m✓[39m src/__tests__/agent-scaffold-dashboard-origin.test.ts[2m > [22mresolveDashboardOrigin[2m > [22muses the supplied public URL when set
 [32m✓[39m src/__tests__/agent-scaffold-dashboard-origin.test.ts[2m > [22mresolveDashboardOrigin[2m > [22mstrips a trailing slash from the public URL
 [32m✓[39m src/__tests__/agent-scaffold-dashboard-origin.test.ts[2m > [22mresolveDashboardOrigin[2m > [22mstrips a trailing slash from a localhost fallback (non-standard port)
 [32m✓[39m src/__tests__/agent-scaffold-dashboard-origin.test.ts[2m > [22mresolveDashboardOrigin[2m > [22mdoes not strip a path prefix from the public URL
 [32m✓[39m src/__tests__/agent-scaffold-dashboard-origin.test.ts[2m > [22mresolveDashboardOrigin[2m > [22mstrips trailing slash even from a sub-path URL
 [32m✓[39m src/__tests__/agent-scaffold-dashboard-origin.test.ts[2m > [22mresolveDashboardOrigin[2m > [22maccepts a non-default port in the public URL
 [32m✓[39m src/__tests__/agent-scaffold-dashboard-origin.test.ts[2m > [22mgenerateClaudeMd prompt: no hardcoded localhost:3420[2m > [22mimports DASHBOARD_PUBLIC_URL from config
 [32m✓[39m src/__tests__/agent-scaffold-dashboard-origin.test.ts[2m > [22mgenerateClaudeMd prompt: no hardcoded localhost:3420[2m > [22mdoes not contain the literal localhost:3420 URL in the prompt body
 [32m✓[39m src/__tests__/agent-scaffold-dashboard-origin.test.ts[2m > [22mgenerateClaudeMd prompt: no hardcoded localhost:3420[2m > [22mreferences dashboardOrigin in the memory API curl example
 [32m✓[39m src/__tests__/agent-scaffold-dashboard-origin.test.ts[2m > [22mgenerateClaudeMd prompt: no hardcoded localhost:3420[2m > [22mreferences dashboardOrigin in the daily-log API curl example
 [32m✓[39m src/__tests__/agent-scaffold-dashboard-origin.test.ts[2m > [22mgenerateClaudeMd prompt: no hardcoded localhost:3420[2m > [22mreferences dashboardOrigin in the schedules API curl example
 [32m✓[39m src/__tests__/agent-scaffold-dashboard-origin.test.ts[2m > [22mgenerateClaudeMd prompt: no hardcoded localhost:3420[2m > [22mreferences dashboardOrigin in the inter-agent messages API curl example
 [32m✓[39m src/__tests__/agent-scaffold-dashboard-origin.test.ts[2m > [22mgenerateClaudeMd prompt: no hardcoded localhost:3420[2m > [22mdefines dashboardOrigin using resolveDashboardOrigin
 [32m✓[39m src/__tests__/agent-scaffold-dashboard-origin.test.ts[2m > [22mrenderHeartbeatClaudeMd: respects dashboardOrigin[2m > [22muses a public URL when dashboardOrigin is set to one
 [32m✓[39m src/__tests__/agent-scaffold-dashboard-origin.test.ts[2m > [22mrenderHeartbeatClaudeMd: respects dashboardOrigin[2m > [22mfalls back to localhost when dashboardOrigin is the localhost default
 [32m✓[39m src/__tests__/agent-scaffold-dashboard-origin.test.ts[2m > [22mrenderHeartbeatClaudeMd: respects dashboardOrigin[2m > [22memits no hardcoded hostname other than the dashboardOrigin host
 [32m✓[39m src/__tests__/agent-scaffold-dashboard-origin.test.ts[2m > [22mcurrentHeartbeatIdentity: delegates to resolveDashboardOrigin[2m > [22mimports DASHBOARD_PUBLIC_URL from config
 [32m✓[39m src/__tests__/agent-scaffold-dashboard-origin.test.ts[2m > [22mcurrentHeartbeatIdentity: delegates to resolveDashboardOrigin[2m > [22mimports resolveDashboardOrigin from agent-scaffold
 [32m✓[39m src/__tests__/agent-scaffold-dashboard-origin.test.ts[2m > [22mcurrentHeartbeatIdentity: delegates to resolveDashboardOrigin[2m > [22muses resolveDashboardOrigin for dashboardOrigin in currentHeartbeatIdentity
 [32m✓[39m src/__tests__/agent-scaffold-dashboard-origin.test.ts[2m > [22mcurrentHeartbeatIdentity: delegates to resolveDashboardOrigin[2m > [22mdoes not hardcode localhost:PORT as a string literal in currentHeartbeatIdentity
 [32m✓[39m src/__tests__/federation-ui-contract.test.ts[2m > [22mfederation UI wiring[2m > [22msidebar: federation lives in the connections group between connectors and migrate
 [32m✓[39m src/__tests__/federation-ui-contract.test.ts[2m > [22mfederation UI wiring[2m > [22mpage div, router dispatch and hoisted loader exist
 [32m✓[39m src/__tests__/federation-ui-contract.test.ts[2m > [22mfederation UI wiring[2m > [22mfrontend consumes the round-2 endpoints
 [32m✓[39m src/__tests__/federation-ui-contract.test.ts[2m > [22mfederation UI wiring[2m > [22mthe federation status fetches are failure-proof (must never blank Agents/Messages)
 [32m✓[39m src/__tests__/federation-ui-contract.test.ts[2m > [22mfederation UI wiring[2m > [22mfederated agents live in a SEPARATE store from the local `agents` global
 [32m✓[39m src/__tests__/federation-ui-contract.test.ts[2m > [22mfederation UI wiring[2m > [22mmanifest-derived strings render as text nodes via escapeHtml, never in attributes
 [32m✓[39m src/__tests__/federation-ui-contract.test.ts[2m > [22mfederation UI wiring[2m > [22mfederated card CSS exists and disarms the click affordance
 [32m✓[39m src/__tests__/federation-ui-contract.test.ts[2m > [22mfederation UI wiring[2m > [22mthe top-right button applies settings by restarting the MAIN agent (no terminal, no misleading refresh)
 [32m✓[39m src/__tests__/federation-ui-contract.test.ts[2m > [22mfederation UI wiring[2m > [22mthe per-peer capability-share checkbox is wired to a PATCH (L5)
 [32m✓[39m src/__tests__/federation-ui-contract.test.ts[2m > [22mfederation UI wiring[2m > [22mthe pending-to-main hint is gated on pending status AND the main-agent recipient (L2)
 [32m✓[39m src/__tests__/federation-ui-contract.test.ts[2m > [22mfederation UI wiring[2m > [22mthe routing-mode selector is wired to /api/federation/routing-mode for all three modes
/bin/bash: C:Userspohi9AppDataLocalTempchanrestart-YQ8TWrprobe.sh: No such file or directory
 [32m✓[39m src/__tests__/federation-ui-contract.test.ts[2m > [22mfederation UI wiring[2m > [22mnav + core keys exist in BOTH language files
 [32m✓[39m src/__tests__/model-profiles.test.ts[2m > [22mmodel profile map validation[2m > [22maccepts a complete map
 [32m✓[39m src/__tests__/model-profiles.test.ts[2m > [22mmodel profile map validation[2m > [22mrejects a PARTIAL map instead of filling the gap with a default
 [32m✓[39m src/__tests__/model-profiles.test.ts[2m > [22mmodel profile map validation[2m > [22mrejects an empty model string
 [32m✓[39m src/__tests__/model-profiles.test.ts[2m > [22mmodel profile map validation[2m > [22mrejects an unknown profile id in the map
 [32m✓[39m src/__tests__/model-profiles.test.ts[2m > [22mmodel profile map validation[2m > [22mrejects non-objects, arrays and a missing profiles key
 [32m✓[39m src/__tests__/model-profiles.test.ts[2m > [22mmodel profile map validation[2m > [22mexposes exactly the four Phase 1 profile ids
 [32m✓[39m src/__tests__/model-profiles.test.ts[2m > [22mresolver precedence[2m > [22ma legacy explicit model still resolves exactly as before
 [32m✓[39m src/__tests__/model-profiles.test.ts[2m > [22mresolver precedence[2m > [22mstill applies the legacy alias table to an explicit model
 [32m✓[39m src/__tests__/model-profiles.test.ts[2m > [22mresolver precedence[2m > [22mresolves a modelProfile when no explicit model is set
 [32m✓[39m src/__tests__/model-profiles.test.ts[2m > [22mresolver precedence[2m > [22man explicit model BEATS a modelProfile
 [32m✓[39m src/__tests__/model-profiles.test.ts[2m > [22mresolver precedence[2m > [22mfalls back to the install default when neither is configured
 [32m✓[39m src/__tests__/model-profiles.test.ts[2m > [22mfailure semantics -- no silent model change[2m > [22man unknown profile id reports an error rather than passing silently
 [32m✓[39m src/__tests__/model-profiles.test.ts[2m > [22mfailure semantics -- no silent model change[2m > [22ma missing map with a legacy explicit model changes nothing and raises nothing
 [32m✓[39m src/__tests__/model-profiles.test.ts[2m > [22mfailure semantics -- no silent model change[2m > [22ma missing map with ONLY a modelProfile is a surfaced error, not a quiet default
 [32m✓[39m src/__tests__/model-profiles.test.ts[2m > [22mfailure semantics -- no silent model change[2m > [22ma broken map with ONLY a modelProfile carries the map error forward
 [32m✓[39m src/__tests__/model-profiles.test.ts[2m > [22mfailure semantics -- no silent model change[2m > [22ma broken map does NOT disturb an agent that names an explicit model
 [32m✓[39m src/__tests__/model-profiles.test.ts[2m > [22mbehaviour neutrality (spec 5.5 acceptance)[2m > [22mthe canary agent 'buildfejleszto' resolves to the SAME model through its profile as through its explicit model
 [32m✓[39m src/__tests__/model-profiles.test.ts[2m > [22mbehaviour neutrality (spec 5.5 acceptance)[2m > [22mthe canary agent 'research' resolves to the SAME model through its profile as through its explicit model
 [32m✓[39m src/__tests__/model-profiles.test.ts[2m > [22mbehaviour neutrality (spec 5.5 acceptance)[2m > [22mevery profile in the shipped map resolves to a model the fleet already runs
 [32m✓[39m src/__tests__/model-profiles.test.ts[2m > [22mbehaviour neutrality (spec 5.5 acceptance)[2m > [22mtwo profiles pointing at the same model is valid -- Phase 1 abstracts, it does not re-tier
 [32m✓[39m src/__tests__/model-profiles.test.ts[2m > [22mbehaviour neutrality (spec 5.5 acceptance)[2m > [22mresolution touches only the model -- account and config-dir are not part of this layer
 [31m×[39m src/__tests__/approvals.test.ts[2m > [22mcreateApproval[2m > [22mcreates a pending approval with the given fields
[31m   → The module '\\?\Z:\001_Workspace\Marveen\marveen\.claude\worktrees\antigravity-fleet-agent\node_modules\better-sqlite3\build\Release\better_sqlite3.node'
was compiled against a different Node.js version using
NODE_MODULE_VERSION 127. This version of Node.js requires
NODE_MODULE_VERSION 137. Please try re-compiling or re-installing
the module (for instance, using `npm rebuild` or `npm install`).[39m
 [31m×[39m src/__tests__/approvals.test.ts[2m > [22mcreateApproval[2m > [22mstores timeout_at when provided
[31m   → The module '\\?\Z:\001_Workspace\Marveen\marveen\.claude\worktrees\antigravity-fleet-agent\node_modules\better-sqlite3\build\Release\better_sqlite3.node'
was compiled against a different Node.js version using
NODE_MODULE_VERSION 127. This version of Node.js requires
NODE_MODULE_VERSION 137. Please try re-compiling or re-installing
the module (for instance, using `npm rebuild` or `npm install`).[39m
 [31m×[39m src/__tests__/approvals.test.ts[2m > [22mcreateApproval[2m > [22mstores null timeout_at when not provided
[31m   → The module '\\?\Z:\001_Workspace\Marveen\marveen\.claude\worktrees\antigravity-fleet-agent\node_modules\better-sqlite3\build\Release\better_sqlite3.node'
was compiled against a different Node.js version using
NODE_MODULE_VERSION 127. This version of Node.js requires
NODE_MODULE_VERSION 137. Please try re-compiling or re-installing
the module (for instance, using `npm rebuild` or `npm install`).[39m
 [31m×[39m src/__tests__/approvals.test.ts[2m > [22mcreateApproval[2m > [22mstores optional action_payload
[31m   → The module '\\?\Z:\001_Workspace\Marveen\marveen\.claude\worktrees\antigravity-fleet-agent\node_modules\better-sqlite3\build\Release\better_sqlite3.node'
was compiled against a different Node.js version using
NODE_MODULE_VERSION 127. This version of Node.js requires
NODE_MODULE_VERSION 137. Please try re-compiling or re-installing
the module (for instance, using `npm rebuild` or `npm install`).[39m
 [31m×[39m src/__tests__/approvals.test.ts[2m > [22mcreateApproval[2m > [22mpersists to DB (getApproval returns it)
[31m   → The module '\\?\Z:\001_Workspace\Marveen\marveen\.claude\worktrees\antigravity-fleet-agent\node_modules\better-sqlite3\build\Release\better_sqlite3.node'
was compiled against a different Node.js version using
NODE_MODULE_VERSION 127. This version of Node.js requires
NODE_MODULE_VERSION 137. Please try re-compiling or re-installing
the module (for instance, using `npm rebuild` or `npm install`).[39m
 [31m×[39m src/__tests__/approvals.test.ts[2m > [22mgetApproval[2m > [22mreturns undefined for an unknown id
[31m   → The module '\\?\Z:\001_Workspace\Marveen\marveen\.claude\worktrees\antigravity-fleet-agent\node_modules\better-sqlite3\build\Release\better_sqlite3.node'
was compiled against a different Node.js version using
NODE_MODULE_VERSION 127. This version of Node.js requires
NODE_MODULE_VERSION 137. Please try re-compiling or re-installing
the module (for instance, using `npm rebuild` or `npm install`).[39m
 [31m×[39m src/__tests__/approvals.test.ts[2m > [22mresolveApproval[2m > [22mapproves a pending approval and returns true
[31m   → The module '\\?\Z:\001_Workspace\Marveen\marveen\.claude\worktrees\antigravity-fleet-agent\node_modules\better-sqlite3\build\Release\better_sqlite3.node'
was compiled against a different Node.js version using
NODE_MODULE_VERSION 127. This version of Node.js requires
NODE_MODULE_VERSION 137. Please try re-compiling or re-installing
the module (for instance, using `npm rebuild` or `npm install`).[39m
 [31m×[39m src/__tests__/approvals.test.ts[2m > [22mresolveApproval[2m > [22mrejects a pending approval and returns true
[31m   → The module '\\?\Z:\001_Workspace\Marveen\marveen\.claude\worktrees\antigravity-fleet-agent\node_modules\better-sqlite3\build\Release\better_sqlite3.node'
was compiled against a different Node.js version using
NODE_MODULE_VERSION 127. This version of Node.js requires
NODE_MODULE_VERSION 137. Please try re-compiling or re-installing
the module (for instance, using `npm rebuild` or `npm install`).[39m
 [31m×[39m src/__tests__/approvals.test.ts[2m > [22mresolveApproval[2m > [22msets resolved_at and resolved_by
[31m   → The module '\\?\Z:\001_Workspace\Marveen\marveen\.claude\worktrees\antigravity-fleet-agent\node_modules\better-sqlite3\build\Release\better_sqlite3.node'
was compiled against a different Node.js version using
NODE_MODULE_VERSION 127. This version of Node.js requires
NODE_MODULE_VERSION 137. Please try re-compiling or re-installing
the module (for instance, using `npm rebuild` or `npm install`).[39m
 [31m×[39m src/__tests__/approvals.test.ts[2m > [22mresolveApproval[2m > [22mstores telegram_message_id when provided
[31m   → The module '\\?\Z:\001_Workspace\Marveen\marveen\.claude\worktrees\antigravity-fleet-agent\node_modules\better-sqlite3\build\Release\better_sqlite3.node'
was compiled against a different Node.js version using
NODE_MODULE_VERSION 127. This version of Node.js requires
NODE_MODULE_VERSION 137. Please try re-compiling or re-installing
the module (for instance, using `npm rebuild` or `npm install`).[39m
 [31m×[39m src/__tests__/approvals.test.ts[2m > [22mresolveApproval[2m > [22mreturns false for an unknown id
[31m   → The module '\\?\Z:\001_Workspace\Marveen\marveen\.claude\worktrees\antigravity-fleet-agent\node_modules\better-sqlite3\build\Release\better_sqlite3.node'
was compiled against a different Node.js version using
NODE_MODULE_VERSION 127. This version of Node.js requires
NODE_MODULE_VERSION 137. Please try re-compiling or re-installing
the module (for instance, using `npm rebuild` or `npm install`).[39m
 [31m×[39m src/__tests__/approvals.test.ts[2m > [22mresolveApproval[2m > [22mis idempotent-safe: double-resolve returns false on second call
[31m   → The module '\\?\Z:\001_Workspace\Marveen\marveen\.claude\worktrees\antigravity-fleet-agent\node_modules\better-sqlite3\build\Release\better_sqlite3.node'
was compiled against a different Node.js version using
NODE_MODULE_VERSION 127. This version of Node.js requires
NODE_MODULE_VERSION 137. Please try re-compiling or re-installing
the module (for instance, using `npm rebuild` or `npm install`).[39m
 [31m×[39m src/__tests__/approvals.test.ts[2m > [22mlistApprovals[2m > [22mreturns all approvals without filter
[31m   → The module '\\?\Z:\001_Workspace\Marveen\marveen\.claude\worktrees\antigravity-fleet-agent\node_modules\better-sqlite3\build\Release\better_sqlite3.node'
was compiled against a different Node.js version using
NODE_MODULE_VERSION 127. This version of Node.js requires
NODE_MODULE_VERSION 137. Please try re-compiling or re-installing
the module (for instance, using `npm rebuild` or `npm install`).[39m
 [31m×[39m src/__tests__/approvals.test.ts[2m > [22mlistApprovals[2m > [22mfilters by agent_id
[31m   → The module '\\?\Z:\001_Workspace\Marveen\marveen\.claude\worktrees\antigravity-fleet-agent\node_modules\better-sqlite3\build\Release\better_sqlite3.node'
was compiled against a different Node.js version using
NODE_MODULE_VERSION 127. This version of Node.js requires
NODE_MODULE_VERSION 137. Please try re-compiling or re-installing
the module (for instance, using `npm rebuild` or `npm install`).[39m
 [31m×[39m src/__tests__/approvals.test.ts[2m > [22mlistApprovals[2m > [22mfilters by category
[31m   → The module '\\?\Z:\001_Workspace\Marveen\marveen\.claude\worktrees\antigravity-fleet-agent\node_modules\better-sqlite3\build\Release\better_sqlite3.node'
was compiled against a different Node.js version using
NODE_MODULE_VERSION 127. This version of Node.js requires
NODE_MODULE_VERSION 137. Please try re-compiling or re-installing
the module (for instance, using `npm rebuild` or `npm install`).[39m
 [31m×[39m src/__tests__/approvals.test.ts[2m > [22mlistApprovals[2m > [22mfilters by status
[31m   → The module '\\?\Z:\001_Workspace\Marveen\marveen\.claude\worktrees\antigravity-fleet-agent\node_modules\better-sqlite3\build\Release\better_sqlite3.node'
was compiled against a different Node.js version using
NODE_MODULE_VERSION 127. This version of Node.js requires
NODE_MODULE_VERSION 137. Please try re-compiling or re-installing
the module (for instance, using `npm rebuild` or `npm install`).[39m
 [31m×[39m src/__tests__/approvals.test.ts[2m > [22mlistApprovals[2m > [22mrespects limit
[31m   → The module '\\?\Z:\001_Workspace\Marveen\marveen\.claude\worktrees\antigravity-fleet-agent\node_modules\better-sqlite3\build\Release\better_sqlite3.node'
was compiled against a different Node.js version using
NODE_MODULE_VERSION 127. This version of Node.js requires
NODE_MODULE_VERSION 137. Please try re-compiling or re-installing
the module (for instance, using `npm rebuild` or `npm install`).[39m
 [31m×[39m src/__tests__/approvals.test.ts[2m > [22mlistApprovals[2m > [22mreturns all items (order is by requested_at DESC, stable in production)
[31m   → The module '\\?\Z:\001_Workspace\Marveen\marveen\.claude\worktrees\antigravity-fleet-agent\node_modules\better-sqlite3\build\Release\better_sqlite3.node'
was compiled against a different Node.js version using
NODE_MODULE_VERSION 127. This version of Node.js requires
NODE_MODULE_VERSION 137. Please try re-compiling or re-installing
the module (for instance, using `npm rebuild` or `npm install`).[39m
 [31m×[39m src/__tests__/approvals.test.ts[2m > [22mexpireTimedOutApprovals[2m > [22mreturns 0 when there are no timed-out pending approvals
[31m   → The module '\\?\Z:\001_Workspace\Marveen\marveen\.claude\worktrees\antigravity-fleet-agent\node_modules\better-sqlite3\build\Release\better_sqlite3.node'
was compiled against a different Node.js version using
NODE_MODULE_VERSION 127. This version of Node.js requires
NODE_MODULE_VERSION 137. Please try re-compiling or re-installing
the module (for instance, using `npm rebuild` or `npm install`).[39m
 [31m×[39m src/__tests__/approvals.test.ts[2m > [22mexpireTimedOutApprovals[2m > [22mexpires approvals whose timeout_at is in the past
[31m   → The module '\\?\Z:\001_Workspace\Marveen\marveen\.claude\worktrees\antigravity-fleet-agent\node_modules\better-sqlite3\build\Release\better_sqlite3.node'
was compiled against a different Node.js version using
NODE_MODULE_VERSION 127. This version of Node.js requires
NODE_MODULE_VERSION 137. Please try re-compiling or re-installing
the module (for instance, using `npm rebuild` or `npm install`).[39m
 [31m×[39m src/__tests__/approvals.test.ts[2m > [22mexpireTimedOutApprovals[2m > [22mdoes not expire approvals without a timeout_at
[31m   → The module '\\?\Z:\001_Workspace\Marveen\marveen\.claude\worktrees\antigravity-fleet-agent\node_modules\better-sqlite3\build\Release\better_sqlite3.node'
was compiled against a different Node.js version using
NODE_MODULE_VERSION 127. This version of Node.js requires
NODE_MODULE_VERSION 137. Please try re-compiling or re-installing
the module (for instance, using `npm rebuild` or `npm install`).[39m
 [31m×[39m src/__tests__/approvals.test.ts[2m > [22mexpireTimedOutApprovals[2m > [22mdoes not re-expire already-resolved approvals
[31m   → The module '\\?\Z:\001_Workspace\Marveen\marveen\.claude\worktrees\antigravity-fleet-agent\node_modules\better-sqlite3\build\Release\better_sqlite3.node'
was compiled against a different Node.js version using
NODE_MODULE_VERSION 127. This version of Node.js requires
NODE_MODULE_VERSION 137. Please try re-compiling or re-installing
the module (for instance, using `npm rebuild` or `npm install`).[39m
 [32m✓[39m src/__tests__/channel-poller-reap.test.ts[2m > [22mparsePollerPidsFromPs[2m > [22mreturns the bun poller pid matching the TELEGRAM_STATE_DIR for samu
 [32m✓[39m src/__tests__/channel-poller-reap.test.ts[2m > [22mparsePollerPidsFromPs[2m > [22mreturns the slack poller pid for the SLACK_STATE_DIR variant
 [32m✓[39m src/__tests__/channel-poller-reap.test.ts[2m > [22mparsePollerPidsFromPs[2m > [22mdoes NOT match a different agent that uses the same env var
 [32m✓[39m src/__tests__/channel-poller-reap.test.ts[2m > [22mparsePollerPidsFromPs[2m > [22mreturns empty array when no row matches
 [32m✓[39m src/__tests__/channel-poller-reap.test.ts[2m > [22mparsePollerPidsFromPs[2m > [22mreturns multiple pids when several rows match (a real orphan scenario)
 [32m✓[39m src/__tests__/channel-poller-reap.test.ts[2m > [22mparsePollerPidsFromPs[2m > [22mignores rows where the path appears only in argv (not as an env-var value)
 [32m✓[39m src/__tests__/channel-poller-reap.test.ts[2m > [22mparsePollerPidsFromPs[2m > [22mdrops pid 0 and pid 1 even if such a row could be crafted
 [32m✓[39m src/__tests__/channel-poller-reap.test.ts[2m > [22mfindOrphanChannelClaudes[2m > [22mreaps detached channel claudes, spares live panes and the tmux server
 [32m✓[39m src/__tests__/channel-poller-reap.test.ts[2m > [22mfindOrphanChannelClaudes[2m > [22mspares the live main-session claude (pid == pane pid)
 [32m✓[39m src/__tests__/channel-poller-reap.test.ts[2m > [22mfindOrphanChannelClaudes[2m > [22mspares a live sub-agent claude whose parent is the live pane shell
 [32m✓[39m src/__tests__/channel-poller-reap.test.ts[2m > [22mfindOrphanChannelClaudes[2m > [22mnever matches the tmux server even though its argv embeds the claude command
 [32m✓[39m src/__tests__/channel-poller-reap.test.ts[2m > [22mfindOrphanChannelClaudes[2m > [22mignores claude processes without --channels
 [32m✓[39m src/__tests__/channel-poller-reap.test.ts[2m > [22mfindOrphanChannelClaudes[2m > [22mhonors a channelNeedle filter (only telegram orphans, not slack)
 [32m✓[39m src/__tests__/channel-poller-reap.test.ts[2m > [22mfindOrphanChannelClaudes[2m > [22mreturns empty when there are no detached channel claudes
 [32m✓[39m src/__tests__/cron.test.ts[2m > [22mresolveCronTz source precedence[2m > [22mprefers the configured SCHEDULER_TZ over the host zone
 [32m✓[39m src/__tests__/cron.test.ts[2m > [22mresolveCronTz source precedence[2m > [22mfalls back to TZ when SCHEDULER_TZ is absent
 [32m✓[39m src/__tests__/cron.test.ts[2m > [22mresolveCronTz source precedence[2m > [22mfalls back to the system default when neither SCHEDULER_TZ nor TZ is set
 [32m✓[39m src/__tests__/cron.test.ts[2m > [22mresolveCronTz source precedence[2m > [22mdoes not cry wolf when SCHEDULER_TZ comes from .env instead of process.env
 [32m✓[39m src/__tests__/cron.test.ts[2m > [22mresolveCronTz source precedence[2m > [22mstill warns when SCHEDULER_TZ is only exported into process.env
 [32m✓[39m src/__tests__/cron.test.ts[2m > [22mcronDueBetween window semantics[2m > [22mfires when a fixed-time occurrence falls inside the (from, to] window
 [32m✓[39m src/__tests__/cron.test.ts[2m > [22mcronDueBetween window semantics[2m > [22mdoes not fire when no occurrence falls inside the window
 [32m✓[39m src/__tests__/cron.test.ts[2m > [22mcronDueBetween window semantics[2m > [22mis half-open on `from` (occurrence exactly at from does not re-fire)
 [32m✓[39m src/__tests__/cron.test.ts[2m > [22mcronDueBetween window semantics[2m > [22mis inclusive on `to` (occurrence exactly on the tick boundary fires exactly once)
 [32m✓[39m src/__tests__/cron.test.ts[2m > [22mcronDueBetween window semantics[2m > [22mTHE FIX: a fixed 60s window drops a straddled occurrence that (from, now] catches
 [32m✓[39m src/__tests__/cron.test.ts[2m > [22mcronDueBetween window semantics[2m > [22mis timezone-aware: the same instant fires under Budapest but not under UTC
 [32m✓[39m src/__tests__/cron.test.ts[2m > [22msparse-cron starvation is fixed under realistic tick drift[2m > [22mfires a daily cron exactly once over 24h despite 61s tick drift[33m 843[2mms[22m[39m
 [32m✓[39m src/__tests__/cron.test.ts[2m > [22msparse-cron starvation is fixed under realistic tick drift[2m > [22mfires a twice-daily cron exactly twice over 24h despite drift[33m 587[2mms[22m[39m
 [32m✓[39m src/__tests__/cron.test.ts[2m > [22msparse-cron starvation is fixed under realistic tick drift[2m > [22mfires a */15 interval cron on essentially every occurrence (tz-invariant survivor)[33m 350[2mms[22m[39m
 [32m✓[39m src/__tests__/cron.test.ts[2m > [22msparse-cron starvation is fixed under realistic tick drift[2m > [22ma 3-minute tick gap still catches a daily occurrence (exactly once)
 [32m✓[39m src/__tests__/cron.test.ts[2m > [22mrestart double-fire guard (runner logic)[2m > [22mdoes not re-fire an occurrence already recorded before a restart
 [32m✓[39m src/__tests__/cron.test.ts[2m > [22mcronMatchesNow back-compat shim[2m > [22mis equivalent to a (now - catchUpMs, now] cronDueBetween window
 [32m✓[39m src/__tests__/cron.test.ts[2m > [22mcronMatchesNow back-compat shim[2m > [22man interval cron is timezone-invariant
 [32m✓[39m src/__tests__/cron.test.ts[2m > [22mcomputeNextRun honours the passed timezone[2m > [22mcomputes the next fixed-time occurrence in the given zone
 [32m✓[39m src/__tests__/team-trust.test.ts[2m > [22misTrustedPeer — guard rails[2m > [22mreturns false for an empty from
 [32m✓[39m src/__tests__/team-trust.test.ts[2m > [22misTrustedPeer — guard rails[2m > [22mreturns false for an empty to
 [32m✓[39m src/__tests__/team-trust.test.ts[2m > [22misTrustedPeer — guard rails[2m > [22mreturns false for a self-loop
 [32m✓[39m src/__tests__/team-trust.test.ts[2m > [22misTrustedPeer — guard rails[2m > [22mreturns false when from is unknown
 [32m✓[39m src/__tests__/team-trust.test.ts[2m > [22misTrustedPeer — guard rails[2m > [22mreturns false when to is unknown
 [32m✓[39m src/__tests__/team-trust.test.ts[2m > [22misTrustedPeer — guard rails[2m > [22mreturns false for a spoofed unknown targeting MAIN (sorrend-guard)
 [32m✓[39m src/__tests__/team-trust.test.ts[2m > [22misTrustedPeer — MAIN shortcut[2m > [22mtrusts MAIN → any known agent even without an explicit edge
 [32m✓[39m src/__tests__/team-trust.test.ts[2m > [22misTrustedPeer — MAIN shortcut[2m > [22mtrusts any known agent → MAIN even without an explicit edge
 [32m✓[39m src/__tests__/team-trust.test.ts[2m > [22misTrustedPeer — reportsTo edge[2m > [22mtrusts leader → member (to.reportsTo === from)
 [32m✓[39m src/__tests__/team-trust.test.ts[2m > [22misTrustedPeer — reportsTo edge[2m > [22mtrusts member → leader (from.reportsTo === to)
 [32m✓[39m src/__tests__/team-trust.test.ts[2m > [22misTrustedPeer — delegatesTo edge[2m > [22mtrusts a → b when a.delegatesTo includes b
 [32m✓[39m src/__tests__/team-trust.test.ts[2m > [22misTrustedPeer — delegatesTo edge[2m > [22mtrusts b → a symmetrically (a delegates to b means b also trusts a)
 [32m✓[39m src/__tests__/team-trust.test.ts[2m > [22misTrustedPeer — delegatesTo edge[2m > [22mdoes not trust unrelated peers (a ↔ c)
 [32m✓[39m src/__tests__/team-trust.test.ts[2m > [22misTrustedPeer — trustFrom explicit override[2m > [22mtrusts b → a when a.trustFrom includes b
 [32m✓[39m src/__tests__/team-trust.test.ts[2m > [22misTrustedPeer — trustFrom explicit override[2m > [22mtrusts a → b symmetrically
 [32m✓[39m src/__tests__/team-trust.test.ts[2m > [22misTrustedPeer — trustFrom absent field[2m > [22mhandles a missing trustFrom field as an empty list
 [32m✓[39m src/__tests__/team-trust.test.ts[2m > [22misTrustedPeer — no false trust for strangers[2m > [22mdoes not trust two members of the same leader without an explicit edge
 [32m✓[39m src/__tests__/team-trust.test.ts[2m > [22misTrustedPeer — typical dev-team scenario[2m > [22mleader ↔ each member is trusted
 [32m✓[39m src/__tests__/team-trust.test.ts[2m > [22misTrustedPeer — typical dev-team scenario[2m > [22mmain ↔ every known agent is trusted
 [32m✓[39m src/__tests__/team-trust.test.ts[2m > [22misTrustedPeer — typical dev-team scenario[2m > [22mpeer-to-peer is NOT trusted unless an explicit edge exists
 [32m✓[39m src/__tests__/team-trust.test.ts[2m > [22misTrustedPeer — typical dev-team scenario[2m > [22misolated agent is only trusted with main
 [32m✓[39m src/__tests__/team-trust.test.ts[2m > [22misTrustedPeer — custom mainAgentId[2m > [22muses ctx.mainAgentId for the implicit shortcut
 [32m✓[39m src/__tests__/team-trust.test.ts[2m > [22misTrustedPeer — custom mainAgentId[2m > [22mdoes NOT trust the literal string "main" when the configured id is different
/bin/bash: C:Userspohi9AppDataLocalTempchanrestart-J0jgROprobe.sh: No such file or directory
 [32m✓[39m src/__tests__/channel-provider.test.ts[2m > [22mgetProviderType[2m > [22mreturns telegram by default
 [32m✓[39m src/__tests__/channel-provider.test.ts[2m > [22mgetProviderType[2m > [22mreturns slack when explicitly set
 [32m✓[39m src/__tests__/channel-provider.test.ts[2m > [22mgetProvider[2m > [22mreturns telegram provider with correct pluginId
 [32m✓[39m src/__tests__/channel-provider.test.ts[2m > [22mgetProvider[2m > [22mreturns slack provider with correct pluginId
 [32m✓[39m src/__tests__/channel-provider.test.ts[2m > [22mgetChannelToken[2m > [22mreads TELEGRAM_BOT_TOKEN for telegram
 [32m✓[39m src/__tests__/channel-provider.test.ts[2m > [22mgetChannelToken[2m > [22mreads SLACK_BOT_TOKEN for slack
 [32m✓[39m src/__tests__/channel-provider.test.ts[2m > [22mgetChannelToken[2m > [22mreturns empty string when key is missing
 [32m✓[39m src/__tests__/channel-provider.test.ts[2m > [22mgetChannelChatId[2m > [22mreads ALLOWED_CHAT_ID for telegram
 [32m✓[39m src/__tests__/channel-provider.test.ts[2m > [22mgetChannelChatId[2m > [22mreads SLACK_CHANNEL_ID for slack
 [32m✓[39m src/__tests__/channel-provider.test.ts[2m > [22mgetChannelChatId[2m > [22mreturns empty string when key is missing
 [31m×[39m src/__tests__/channel-provider.test.ts[2m > [22mchannelStateDir[2m > [22muses telegram subdirectory for telegram
[31m   → expected 'C:\Users\pohi9\.claude\channels\teleg…' to match /\.claude\/channels\/telegram$/channels\[39m
 [31m×[39m src/__tests__/channel-provider.test.ts[2m > [22mchannelStateDir[2m > [22muses slack subdirectory for slack
[31m   → expected 'C:\Users\pohi9\.claude\channels\slack' to match /\.claude\/channels\/slack$/channels\[39m
 [31m×[39m src/__tests__/channel-provider.test.ts[2m > [22mchannelStateDir[2m > [22muses agent dir when provided
[31m   → expected '\tmp\agents\test-agent\.claude\channe…' to be '/tmp/agents/test-agent/.claude/channe…' // Object.is equality[39m
 [32m✓[39m src/__tests__/channel-provider.test.ts[2m > [22mformatMessage per provider[2m > [22mtelegram: converts markdown headers to bold
 [32m✓[39m src/__tests__/channel-provider.test.ts[2m > [22mformatMessage per provider[2m > [22mtelegram: converts **bold** to HTML
 [32m✓[39m src/__tests__/channel-provider.test.ts[2m > [22mformatMessage per provider[2m > [22mslack: converts markdown headers to mrkdwn bold
 [32m✓[39m src/__tests__/channel-provider.test.ts[2m > [22mformatMessage per provider[2m > [22mslack: converts **bold** to mrkdwn bold
 [32m✓[39m src/__tests__/channel-provider.test.ts[2m > [22mformatMessage per provider[2m > [22mslack: converts links to mrkdwn format
 [32m✓[39m src/__tests__/channel-provider.test.ts[2m > [22mformatMessage per provider[2m > [22mslack: converts strikethrough
 [32m✓[39m src/__tests__/channel-provider.test.ts[2m > [22mformatMessage per provider[2m > [22mslack: converts checkboxes
 [32m✓[39m src/__tests__/channel-provider.test.ts[2m > [22msplitMessage per provider[2m > [22mtelegram: uses 4096 char limit
 [32m✓[39m src/__tests__/channel-provider.test.ts[2m > [22msplitMessage per provider[2m > [22mslack: uses 4000 char limit
 [32m✓[39m src/__tests__/channel-provider.test.ts[2m > [22mcheckTelegramTokenBusy[2m > [22mreports webhook-bound tokens with the deleteWebhook remedy, without leaking the token
 [32m✓[39m src/__tests__/channel-provider.test.ts[2m > [22mcheckTelegramTokenBusy[2m > [22mreports a competing poller on getUpdates 409 with the stop-or-new-bot remedy
 [32m✓[39m src/__tests__/channel-provider.test.ts[2m > [22mcheckTelegramTokenBusy[2m > [22mpasses a free token
 [32m✓[39m src/__tests__/channel-provider.test.ts[2m > [22mcheckTelegramTokenBusy[2m > [22mis advisory: a probe network error lets the save through (getMe already proved connectivity)
 [32m✓[39m src/__tests__/channel-provider.test.ts[2m > [22mcheckTelegramTokenBusy[2m > [22mthe channel setup route wires the busy probe in, gated on a token change
 [32m✓[39m src/__tests__/channel-monitor-session-recreate.test.ts[2m > [22mchannel-monitor: self-healing vanished main session[2m > [22mimports spawn from node:child_process
 [31m×[39m src/__tests__/channel-monitor-session-recreate.test.ts[2m > [22mchannel-monitor: self-healing vanished main session[2m > [22mmainChannelsSessionExists probes via tmux has-session
[31m   → mainChannelsSessionExists closing brace not found: expected -1 to be greater than 51366[39m
 [31m×[39m src/__tests__/channel-monitor-session-recreate.test.ts[2m > [22mchannel-monitor: self-healing vanished main session[2m > [22mcreateMainChannelsSession launches channels.sh detached and unref'd
[31m   → createMainChannelsSession closing brace not found: expected -1 to be greater than 52052[39m
 [31m×[39m src/__tests__/channel-monitor-session-recreate.test.ts[2m > [22mchannel-monitor: self-healing vanished main session[2m > [22mcreateMainChannelsSession is throttled by a multi-minute grace
[31m   → createMainChannelsSession closing brace not found: expected -1 to be greater than 52052[39m
 [31m×[39m src/__tests__/channel-monitor-session-recreate.test.ts[2m > [22mchannel-monitor: self-healing vanished main session[2m > [22mcreateMainChannelsSession writes the shared respawn stamp for cold-start grace
[31m   → createMainChannelsSession closing brace not found: expected -1 to be greater than 52052[39m
 [32m✓[39m src/__tests__/channel-monitor-session-recreate.test.ts[2m > [22mchannel-monitor: self-healing vanished main session[2m > [22mresumeMarveenSession writes the shared respawn stamp (2026-06-08 self-defer fix)
 [32m✓[39m src/__tests__/channel-monitor-session-recreate.test.ts[2m > [22mchannel-monitor: self-healing vanished main session[2m > [22mCHANNELS_SCRIPT resolves to scripts/channels.sh under PROJECT_ROOT
 [32m✓[39m src/__tests__/channel-monitor-session-recreate.test.ts[2m > [22mchannel-monitor: self-healing vanished main session[2m > [22mcheck() recreates an absent session instead of running the respawn-pane cascade
 [31m×[39m src/__tests__/channel-monitor-session-recreate.test.ts[2m > [22mchannel-monitor: createMainChannelsSession discriminated result (PR #779 review)[2m > [22mreturns 'grace' | 'script-missing' | 'started' | 'spawn-failed' instead of booleans
[31m   → createMainChannelsSession closing brace not found: expected -1 to be greater than 52052[39m
 [32m✓[39m src/__tests__/channel-monitor-session-recreate.test.ts[2m > [22mchannel-monitor: createMainChannelsSession discriminated result (PR #779 review)[2m > [22mmonitor loop only clears the down state on an actual 'started'
 [32m✓[39m src/__tests__/channel-monitor-session-recreate.test.ts[2m > [22mchannel-monitor: createMainChannelsSession discriminated result (PR #779 review)[2m > [22monboarding launch maps the broken-install results to a 500, not starting:true
 [32m✓[39m src/__tests__/federation-bridge.test.ts[2m > [22msendFederatedMessage -- terminal failures (no network)[2m > [22mfails when federation is disabled
 [32m✓[39m src/__tests__/federation-bridge.test.ts[2m > [22msendFederatedMessage -- terminal failures (no network)[2m > [22mfails on an invalid address and on an unknown peer
 [32m✓[39m src/__tests__/federation-bridge.test.ts[2m > [22msendFederatedMessage -- terminal failures (no network)[2m > [22mfails when the target system is the own system
 [32m✓[39m src/__tests__/federation-bridge.test.ts[2m > [22msendFederatedMessage -- terminal failures (no network)[2m > [22mmatches the target system case-insensitively (L1): uppercase prefix finds the peer / own system
 [32m✓[39m src/__tests__/federation-bridge.test.ts[2m > [22msendFederatedMessage -- terminal failures (no network)[2m > [22mrefuses to forward an already-qualified sender
 [32m✓[39m src/__tests__/federation-bridge.test.ts[2m > [22msendFederatedMessage -- terminal failures (no network)[2m > [22mfails terminally (no network attempt) while pairing is incomplete (empty outboundToken)
 [32m✓[39m src/__tests__/federation-bridge.test.ts[2m > [22msendFederatedMessage -- terminal failures (no network)[2m > [22mfails oversized content terminally without a network attempt
 [32m✓[39m src/__tests__/federation-bridge.test.ts[2m > [22msendFederatedMessage -- wire behaviour[2m > [22mdelivers on 202 and returns the remote id
 [32m✓[39m src/__tests__/federation-bridge.test.ts[2m > [22msendFederatedMessage -- wire behaviour[2m > [22mtreats 4xx as terminal and does NOT back the peer off (a rejection is an answer)
 [32m✓[39m src/__tests__/federation-bridge.test.ts[2m > [22msendFederatedMessage -- wire behaviour[2m > [22mtreats 401 as RETRYABLE with backoff (token rotation must not burn the queue)
 [32m✓[39m src/__tests__/federation-bridge.test.ts[2m > [22msendFederatedMessage -- wire behaviour[2m > [22mtreats 5xx as retryable and backs the peer off
 [32m✓[39m src/__tests__/federation-bridge.test.ts[2m > [22msendFederatedMessage -- wire behaviour[2m > [22mtreats network errors as retryable with backoff
 [32m✓[39m src/__tests__/federation-bridge.test.ts[2m > [22mper-peer backoff (circuit breaker)[2m > [22mskips without a network attempt while backing off, then retries after the window
 [32m✓[39m src/__tests__/federation-bridge.test.ts[2m > [22mper-peer backoff (circuit breaker)[2m > [22mbackoff grows exponentially and clears on success
 [32m✓[39m src/__tests__/federation-bridge.test.ts[2m > [22mconstants[2m > [22mkeeps the request timeout a few seconds (tick-holding bound)
 [31m×[39m src/__tests__/skill-usage.test.ts[2m > [22mskill_usage schema[2m > [22maccepts tool_call trigger_type
[31m   → The module '\\?\Z:\001_Workspace\Marveen\marveen\.claude\worktrees\antigravity-fleet-agent\node_modules\better-sqlite3\build\Release\better_sqlite3.node'
was compiled against a different Node.js version using
NODE_MODULE_VERSION 127. This version of Node.js requires
NODE_MODULE_VERSION 137. Please try re-compiling or re-installing
the module (for instance, using `npm rebuild` or `npm install`).[39m
 [31m×[39m src/__tests__/skill-usage.test.ts[2m > [22mskill_usage schema[2m > [22maccepts skill_read trigger_type
[31m   → The module '\\?\Z:\001_Workspace\Marveen\marveen\.claude\worktrees\antigravity-fleet-agent\node_modules\better-sqlite3\build\Release\better_sqlite3.node'
was compiled against a different Node.js version using
NODE_MODULE_VERSION 127. This version of Node.js requires
NODE_MODULE_VERSION 137. Please try re-compiling or re-installing
the module (for instance, using `npm rebuild` or `npm install`).[39m
 [31m×[39m src/__tests__/skill-usage.test.ts[2m > [22mskill_usage schema[2m > [22mrejects unknown trigger_type
[31m   → The module '\\?\Z:\001_Workspace\Marveen\marveen\.claude\worktrees\antigravity-fleet-agent\node_modules\better-sqlite3\build\Release\better_sqlite3.node'
was compiled against a different Node.js version using
NODE_MODULE_VERSION 127. This version of Node.js requires
NODE_MODULE_VERSION 137. Please try re-compiling or re-installing
the module (for instance, using `npm rebuild` or `npm install`).[39m
 [31m×[39m src/__tests__/skill-usage.test.ts[2m > [22mskill_usage schema[2m > [22mallows null session_id
[31m   → The module '\\?\Z:\001_Workspace\Marveen\marveen\.claude\worktrees\antigravity-fleet-agent\node_modules\better-sqlite3\build\Release\better_sqlite3.node'
was compiled against a different Node.js version using
NODE_MODULE_VERSION 127. This version of Node.js requires
NODE_MODULE_VERSION 137. Please try re-compiling or re-installing
the module (for instance, using `npm rebuild` or `npm install`).[39m
 [31m×[39m src/__tests__/skill-usage.test.ts[2m > [22mskill_usage schema[2m > [22mstores session_id when provided
[31m   → The module '\\?\Z:\001_Workspace\Marveen\marveen\.claude\worktrees\antigravity-fleet-agent\node_modules\better-sqlite3\build\Release\better_sqlite3.node'
was compiled against a different Node.js version using
NODE_MODULE_VERSION 127. This version of Node.js requires
NODE_MODULE_VERSION 137. Please try re-compiling or re-installing
the module (for instance, using `npm rebuild` or `npm install`).[39m
 [31m×[39m src/__tests__/skill-usage.test.ts[2m > [22mskill_usage schema[2m > [22mautoincrement id is unique per row
[31m   → The module '\\?\Z:\001_Workspace\Marveen\marveen\.claude\worktrees\antigravity-fleet-agent\node_modules\better-sqlite3\build\Release\better_sqlite3.node'
was compiled against a different Node.js version using
NODE_MODULE_VERSION 127. This version of Node.js requires
NODE_MODULE_VERSION 137. Please try re-compiling or re-installing
the module (for instance, using `npm rebuild` or `npm install`).[39m
 [31m×[39m src/__tests__/skill-usage.test.ts[2m > [22mskill_usage schema[2m > [22mallows same skill to appear multiple times (no unique constraint)
[31m   → The module '\\?\Z:\001_Workspace\Marveen\marveen\.claude\worktrees\antigravity-fleet-agent\node_modules\better-sqlite3\build\Release\better_sqlite3.node'
was compiled against a different Node.js version using
NODE_MODULE_VERSION 127. This version of Node.js requires
NODE_MODULE_VERSION 137. Please try re-compiling or re-installing
the module (for instance, using `npm rebuild` or `npm install`).[39m
 [31m×[39m src/__tests__/skill-usage.test.ts[2m > [22mskill_usage queries[2m > [22mreturns all rows when cutoff is 0
[31m   → The module '\\?\Z:\001_Workspace\Marveen\marveen\.claude\worktrees\antigravity-fleet-agent\node_modules\better-sqlite3\build\Release\better_sqlite3.node'
was compiled against a different Node.js version using
NODE_MODULE_VERSION 127. This version of Node.js requires
NODE_MODULE_VERSION 137. Please try re-compiling or re-installing
the module (for instance, using `npm rebuild` or `npm install`).[39m
 [31m×[39m src/__tests__/skill-usage.test.ts[2m > [22mskill_usage queries[2m > [22mfilters by agent_id
[31m   → The module '\\?\Z:\001_Workspace\Marveen\marveen\.claude\worktrees\antigravity-fleet-agent\node_modules\better-sqlite3\build\Release\better_sqlite3.node'
was compiled against a different Node.js version using
NODE_MODULE_VERSION 127. This version of Node.js requires
NODE_MODULE_VERSION 137. Please try re-compiling or re-installing
the module (for instance, using `npm rebuild` or `npm install`).[39m
 [31m×[39m src/__tests__/skill-usage.test.ts[2m > [22mskill_usage queries[2m > [22mfilters by skill_name
[31m   → The module '\\?\Z:\001_Workspace\Marveen\marveen\.claude\worktrees\antigravity-fleet-agent\node_modules\better-sqlite3\build\Release\better_sqlite3.node'
was compiled against a different Node.js version using
NODE_MODULE_VERSION 127. This version of Node.js requires
NODE_MODULE_VERSION 137. Please try re-compiling or re-installing
the module (for instance, using `npm rebuild` or `npm install`).[39m
 [31m×[39m src/__tests__/skill-usage.test.ts[2m > [22mskill_usage queries[2m > [22mreturns rows newer than cutoff
[31m   → The module '\\?\Z:\001_Workspace\Marveen\marveen\.claude\worktrees\antigravity-fleet-agent\node_modules\better-sqlite3\build\Release\better_sqlite3.node'
was compiled against a different Node.js version using
NODE_MODULE_VERSION 127. This version of Node.js requires
NODE_MODULE_VERSION 137. Please try re-compiling or re-installing
the module (for instance, using `npm rebuild` or `npm install`).[39m
 [31m×[39m src/__tests__/skill-usage.test.ts[2m > [22mskill_usage stats aggregation[2m > [22maggregates fleet-helper correctly
[31m   → The module '\\?\Z:\001_Workspace\Marveen\marveen\.claude\worktrees\antigravity-fleet-agent\node_modules\better-sqlite3\build\Release\better_sqlite3.node'
was compiled against a different Node.js version using
NODE_MODULE_VERSION 127. This version of Node.js requires
NODE_MODULE_VERSION 137. Please try re-compiling or re-installing
the module (for instance, using `npm rebuild` or `npm install`).[39m
 [31m×[39m src/__tests__/skill-usage.test.ts[2m > [22mskill_usage stats aggregation[2m > [22mfleet-helper is ranked first by total_count
[31m   → The module '\\?\Z:\001_Workspace\Marveen\marveen\.claude\worktrees\antigravity-fleet-agent\node_modules\better-sqlite3\build\Release\better_sqlite3.node'
was compiled against a different Node.js version using
NODE_MODULE_VERSION 127. This version of Node.js requires
NODE_MODULE_VERSION 137. Please try re-compiling or re-installing
the module (for instance, using `npm rebuild` or `npm install`).[39m
 [31m×[39m src/__tests__/skill-usage.test.ts[2m > [22mskill_usage stats aggregation[2m > [22mrespects the cutoff filter in stats
[31m   → The module '\\?\Z:\001_Workspace\Marveen\marveen\.claude\worktrees\antigravity-fleet-agent\node_modules\better-sqlite3\build\Release\better_sqlite3.node'
was compiled against a different Node.js version using
NODE_MODULE_VERSION 127. This version of Node.js requires
NODE_MODULE_VERSION 137. Please try re-compiling or re-installing
the module (for instance, using `npm rebuild` or `npm install`).[39m
 [31m×[39m src/__tests__/skill-usage.test.ts[2m > [22mskill_usage stats aggregation[2m > [22mdoes not include rows outside the time window
[31m   → The module '\\?\Z:\001_Workspace\Marveen\marveen\.claude\worktrees\antigravity-fleet-agent\node_modules\better-sqlite3\build\Release\better_sqlite3.node'
was compiled against a different Node.js version using
NODE_MODULE_VERSION 127. This version of Node.js requires
NODE_MODULE_VERSION 137. Please try re-compiling or re-installing
the module (for instance, using `npm rebuild` or `npm install`).[39m
 [31m×[39m src/__tests__/skill-usage.test.ts[2m > [22mskill_usage has no prune mechanism[2m > [22mtable definition has no expiry column (row stays forever)
[31m   → The module '\\?\Z:\001_Workspace\Marveen\marveen\.claude\worktrees\antigravity-fleet-agent\node_modules\better-sqlite3\build\Release\better_sqlite3.node'
was compiled against a different Node.js version using
NODE_MODULE_VERSION 127. This version of Node.js requires
NODE_MODULE_VERSION 137. Please try re-compiling or re-installing
the module (for instance, using `npm rebuild` or `npm install`).[39m
/bin/bash: line 1: state: command not found
/bin/bash: line 1: state: command not found
/bin/bash: line 1: start_launchd_unit: command not found
 [32m✓[39m src/__tests__/channel-stability-contract.test.ts[2m > [22mP1#1 — channels.sh puts the OAuth token into the tmux SERVER global env[2m > [22mcalls tmux set-environment -g CLAUDE_CODE_OAUTH_TOKEN
 [32m✓[39m src/__tests__/channel-stability-contract.test.ts[2m > [22mP1#1 — channels.sh puts the OAuth token into the tmux SERVER global env[2m > [22mdoes so BEFORE the new-session (launch-order independent)
 [32m✓[39m src/__tests__/channel-stability-contract.test.ts[2m > [22mP1#2 — marveen-channels.service Restart=always + StartLimit in [Unit][2m > [22mRestart=always (not on-failure)
 [32m✓[39m src/__tests__/channel-stability-contract.test.ts[2m > [22mP1#2 — marveen-channels.service Restart=always + StartLimit in [Unit][2m > [22mStartLimitIntervalSec + StartLimitBurst are in [Unit], not [Service]
 [32m✓[39m src/__tests__/channel-stability-contract.test.ts[2m > [22mP1#3 — .bun/bin PATH on every claude (re)spawn path[2m > [22mchannels.sh exports a PATH containing .bun/bin
 [32m✓[39m src/__tests__/channel-stability-contract.test.ts[2m > [22mP1#3 — .bun/bin PATH on every claude (re)spawn path[2m > [22mthe systemd-timer watchdog respawn command exports .bun/bin
 [32m✓[39m src/__tests__/channel-stability-contract.test.ts[2m > [22mP1#3 — .bun/bin PATH on every claude (re)spawn path[2m > [22magent-process.ts sub-agent launch exports .bun/bin
 [32m✓[39m src/__tests__/channel-stability-contract.test.ts[2m > [22mP1#4 — DISABLE_AUTOUPDATER=1 on the sub-agent spawn path[2m > [22magent-process.ts sub-agent launch disables the auto-updater
 [32m✓[39m src/__tests__/channel-stability-contract.test.ts[2m > [22mP2#4 — independent systemd-timer watchdog[2m > [22mNEVER uses systemctl restart (would kill the shared tmux server / all agents)
 [32m✓[39m src/__tests__/channel-stability-contract.test.ts[2m > [22mP2#4 — independent systemd-timer watchdog[2m > [22mrecovers via tmux respawn-pane of ONLY the channels session
 [32m✓[39m src/__tests__/channel-stability-contract.test.ts[2m > [22mP2#4 — independent systemd-timer watchdog[2m > [22mruns every 5 minutes
 [32m✓[39m src/__tests__/channel-stability-contract.test.ts[2m > [22mP2#4 — independent systemd-timer watchdog[2m > [22mhas a respawn grace and a consecutive-respawn backoff (no storm)
 [32m✓[39m src/__tests__/channel-stability-contract.test.ts[2m > [22mP2#4 — independent systemd-timer watchdog[2m > [22mwrites the shared respawn stamp the dashboard watchdog also honors
 [32m✓[39m src/__tests__/channel-stability-contract.test.ts[2m > [22mP2#5 — dashboard restart routes the main agent through respawn-pane (no /remote-control, no systemctl)[2m > [22mthe restart route delegates the main agent to hardRestartMarveenChannels
 [31m×[39m src/__tests__/channel-stability-contract.test.ts[2m > [22mP2#5 — dashboard restart routes the main agent through respawn-pane (no /remote-control, no systemctl)[2m > [22mhardRestartMarveenChannels never systemctl-restarts (respawn-pane only on Linux)
[31m   → expected 'import { existsSync, readFileSync, st…' not to match /systemctl[^\n]*restart/[39m
 [32m✓[39m src/__tests__/channel-stability-contract.test.ts[2m > [22mP2#6 — channel-watchdog.sh independent auth-dead backstop (GAP 2b)[2m > [22mstill NEVER calls systemctl … restart after the restructuring
 [32m✓[39m src/__tests__/channel-stability-contract.test.ts[2m > [22mP2#6 — channel-watchdog.sh independent auth-dead backstop (GAP 2b)[2m > [22minvokes scripts/channels-auth-probe.mjs as the independent auth-dead signal
 [32m✓[39m src/__tests__/channel-stability-contract.test.ts[2m > [22mP2#6 — channel-watchdog.sh independent auth-dead backstop (GAP 2b)[2m > [22mcomputes STALE and AUTHDEAD independently and proceeds to recovery on either
 [32m✓[39m src/__tests__/channel-stability-contract.test.ts[2m > [22mP2#6 — channel-watchdog.sh independent auth-dead backstop (GAP 2b)[2m > [22mgates AUTHDEAD on AUTH_DEAD_THRESHOLD_TICKS consecutive dead ticks (not a single probe)
 [32m✓[39m src/__tests__/channel-stability-contract.test.ts[2m > [22mP2#6 — channel-watchdog.sh independent auth-dead backstop (GAP 2b)[2m > [22mRESPAWN_CMD construction references main-agent-isolated-config.mjs (GAP 1 parity fix, 3c)
/bin/bash: C:Userspohi9AppDataLocalTempchanrestart-UicQBLprobe.sh: No such file or directory
 [32m✓[39m src/__tests__/quarantine-allowlist-render.test.ts[2m > [22mrenderQuarantineReader[2m > [22mappends the owner domains inside the domain section, not at the end of the file
 [32m✓[39m src/__tests__/quarantine-allowlist-render.test.ts[2m > [22mrenderQuarantineReader[2m > [22mkeeps every shipped domain
 [32m✓[39m src/__tests__/quarantine-allowlist-render.test.ts[2m > [22mrenderQuarantineReader[2m > [22mis idempotent: rendering twice does not stack the block
 [32m✓[39m src/__tests__/quarantine-allowlist-render.test.ts[2m > [22mrenderQuarantineReader[2m > [22mdrops an owner domain the template already ships (no duplicate line)
 [32m✓[39m src/__tests__/quarantine-allowlist-render.test.ts[2m > [22mrenderQuarantineReader[2m > [22mis case-insensitive about that duplicate check
 [32m✓[39m src/__tests__/quarantine-allowlist-render.test.ts[2m > [22mrenderQuarantineReader[2m > [22mreturns the template untouched when the owner allowed nothing
 [32m✓[39m src/__tests__/quarantine-allowlist-render.test.ts[2m > [22mrenderQuarantineReader[2m > [22mre-render REMOVES a domain the owner revoked
 [32m✓[39m src/__tests__/quarantine-allowlist-render.test.ts[2m > [22mrenderQuarantineReader[2m > [22msurvives a template with no domain bullets at all
 [32m✓[39m src/__tests__/quarantine-allowlist-render.test.ts[2m > [22mownerAllowedDomains[2m > [22mreads the domains array
 [32m✓[39m src/__tests__/quarantine-allowlist-render.test.ts[2m > [22mownerAllowedDomains[2m > [22mtrims and drops the blanks
 [32m✓[39m src/__tests__/quarantine-allowlist-render.test.ts[2m > [22mownerAllowedDomains[2m > [22mdrops non-strings instead of throwing
 [32m✓[39m src/__tests__/quarantine-allowlist-render.test.ts[2m > [22mownerAllowedDomains[2m > [22ma malformed or missing file means "no extra domains", never a crash
 [32m✓[39m src/__tests__/quarantine-allowlist-render.test.ts[2m > [22mownerAllowedDomains[2m > [22ma file without a domains key is not an error either
 [32m✓[39m src/__tests__/quarantine-allowlist-render.test.ts[2m > [22misPublicFetchHost[2m > [22mrejects the five values that reproduced in review
 [32m✓[39m src/__tests__/quarantine-allowlist-render.test.ts[2m > [22misPublicFetchHost[2m > [22mrejects IP literals generally, not just the private ones
 [32m✓[39m src/__tests__/quarantine-allowlist-render.test.ts[2m > [22misPublicFetchHost[2m > [22mrejects internal suffixes and single-label names
 [32m✓[39m src/__tests__/quarantine-allowlist-render.test.ts[2m > [22misPublicFetchHost[2m > [22mrejects anything carrying a scheme, port, path, space or wildcard
 [32m✓[39m src/__tests__/quarantine-allowlist-render.test.ts[2m > [22misPublicFetchHost[2m > [22maccepts ordinary public hostnames
 [32m✓[39m src/__tests__/quarantine-allowlist-render.test.ts[2m > [22misPublicFetchHost[2m > [22mis case and whitespace tolerant
 [32m✓[39m src/__tests__/quarantine-allowlist-render.test.ts[2m > [22misPublicFetchHost[2m > [22mdrops the rejected entries from ownerAllowedDomains instead of failing the read
 [32m✓[39m src/__tests__/quarantine-allowlist-render.test.ts[2m > [22mrenderQuarantineReader anchoring[2m > [22mputs the block in the Domain restriction section even when a later section has bullets
 [31m×[39m src/__tests__/heartbeat-urgent-open-only.test.ts[2m > [22mthe heartbeat urgent list contains urgent, unfinished cards[2m > [22mexcludes done and archived, keeps waiting, in_progress AND planned
[31m   → The module '\\?\Z:\001_Workspace\Marveen\marveen\.claude\worktrees\antigravity-fleet-agent\node_modules\better-sqlite3\build\Release\better_sqlite3.node'
was compiled against a different Node.js version using
NODE_MODULE_VERSION 127. This version of Node.js requires
NODE_MODULE_VERSION 137. Please try re-compiling or re-installing
the module (for instance, using `npm rebuild` or `npm install`).[39m
 [31m×[39m src/__tests__/heartbeat-urgent-open-only.test.ts[2m > [22mthe heartbeat urgent list contains urgent, unfinished cards[2m > [22ma board where every urgent card is done yields an EMPTY list -- not a fallback
[31m   → The module '\\?\Z:\001_Workspace\Marveen\marveen\.claude\worktrees\antigravity-fleet-agent\node_modules\better-sqlite3\build\Release\better_sqlite3.node'
was compiled against a different Node.js version using
NODE_MODULE_VERSION 127. This version of Node.js requires
NODE_MODULE_VERSION 137. Please try re-compiling or re-installing
the module (for instance, using `npm rebuild` or `npm install`).[39m
 [31m×[39m src/__tests__/heartbeat-urgent-open-only.test.ts[2m > [22mthe heartbeat urgent list contains urgent, unfinished cards[2m > [22man EMPTY board stays empty on both lists
[31m   → The module '\\?\Z:\001_Workspace\Marveen\marveen\.claude\worktrees\antigravity-fleet-agent\node_modules\better-sqlite3\build\Release\better_sqlite3.node'
was compiled against a different Node.js version using
NODE_MODULE_VERSION 127. This version of Node.js requires
NODE_MODULE_VERSION 137. Please try re-compiling or re-installing
the module (for instance, using `npm rebuild` or `npm install`).[39m
 [31m×[39m src/__tests__/heartbeat-urgent-open-only.test.ts[2m > [22mthe heartbeat urgent list contains urgent, unfinished cards[2m > [22mthe waiting list is waiting-only and drops archived rows
[31m   → The module '\\?\Z:\001_Workspace\Marveen\marveen\.claude\worktrees\antigravity-fleet-agent\node_modules\better-sqlite3\build\Release\better_sqlite3.node'
was compiled against a different Node.js version using
NODE_MODULE_VERSION 127. This version of Node.js requires
NODE_MODULE_VERSION 137. Please try re-compiling or re-installing
the module (for instance, using `npm rebuild` or `npm install`).[39m
 [32m✓[39m src/__tests__/heartbeat-urgent-open-only.test.ts[2m > [22mthere is ONE definition, and both consumers read it[2m > [22mthe built-in heartbeat does not run its own kanban SQL
 [32m✓[39m src/__tests__/heartbeat-urgent-open-only.test.ts[2m > [22mthere is ONE definition, and both consumers read it[2m > [22mthe API endpoint serves the same summary function
 [32m✓[39m src/__tests__/heartbeat-urgent-open-only.test.ts[2m > [22mthere is ONE definition, and both consumers read it[2m > [22mthe definition itself excludes finished and archived work, and nothing else
 [32m✓[39m src/__tests__/heartbeat-urgent-open-only.test.ts[2m > [22mthe heartbeat AGENT is handed the list, not a filter to re-apply[2m > [22mthe kanban step is one endpoint call
 [32m✓[39m src/__tests__/heartbeat-urgent-open-only.test.ts[2m > [22mthe heartbeat AGENT is handed the list, not a filter to re-apply[2m > [22mthat step no longer asks the agent to compose SQL or to run sqlite3
 [32m✓[39m src/__tests__/heartbeat-urgent-open-only.test.ts[2m > [22mthe heartbeat AGENT is handed the list, not a filter to re-apply[2m > [22mit says out loud that an empty list stays empty
 [32m✓[39m src/__tests__/parked-machine-input.test.ts[2m > [22mparkedScheduledTaskInput[2m > [22mdetects a parked scheduler wrapper block
 [32m✓[39m src/__tests__/parked-machine-input.test.ts[2m > [22mparkedScheduledTaskInput[2m > [22mdetects a bare parked <scheduled-task> block
 [32m✓[39m src/__tests__/parked-machine-input.test.ts[2m > [22mparkedScheduledTaskInput[2m > [22mignores an inter-agent message (not a scheduled tick)
 [32m✓[39m src/__tests__/parked-machine-input.test.ts[2m > [22mparkedScheduledTaskInput[2m > [22mignores a human draft that merely QUOTES the wrapper mid-text
 [32m✓[39m src/__tests__/parked-machine-input.test.ts[2m > [22mparkedScheduledTaskInput[2m > [22mdetects a FRONT-TRUNCATED tick whose notice header the TUI dropped
 [32m✓[39m src/__tests__/parked-machine-input.test.ts[2m > [22mparkedScheduledTaskInput[2m > [22mstill ignores a human draft that only TALKS about scheduling
 [32m✓[39m src/__tests__/parked-machine-input.test.ts[2m > [22mparkedScheduledTaskInput[2m > [22mignores an idle pane
 [32m✓[39m src/__tests__/parked-machine-input.test.ts[2m > [22mparkedMachineOriginInput[2m > [22mrecognises scheduler, inter-agent and channel wrappers as machine-origin
 [32m✓[39m src/__tests__/parked-machine-input.test.ts[2m > [22mparkedMachineOriginInput[2m > [22ma human draft is NOT machine-origin, even when it quotes a wrapper
 [32m✓[39m src/__tests__/parked-machine-input.test.ts[2m > [22mparkedMachineOriginInput[2m > [22mrecognises a FRONT-TRUNCATED tick as machine-origin
 [32m✓[39m src/__tests__/parked-machine-input.test.ts[2m > [22mparkedMachineOriginInput[2m > [22ma human draft that only TALKS about scheduling is still not machine-origin
 [32m✓[39m src/__tests__/parked-machine-input.test.ts[2m > [22mparkedMachineOriginInput[2m > [22man idle pane parks nothing
 [32m✓[39m src/__tests__/parked-machine-input.test.ts[2m > [22mparkedMainInputHasRemedy[2m > [22ma parked scheduled-task tick HAS a remedy now (clear-scheduled)
 [32m✓[39m src/__tests__/parked-machine-input.test.ts[2m > [22mparkedMainInputHasRemedy[2m > [22ma complete <channel> block has a remedy (chat_id-safe re-inject)
 [32m✓[39m src/__tests__/parked-machine-input.test.ts[2m > [22mparkedMainInputHasRemedy[2m > [22ma multi-row inter-agent block on main has NO soft remedy -> restart carve-out territory
 [32m✓[39m src/__tests__/parked-machine-input.test.ts[2m > [22mparkedMainInputHasRemedy[2m > [22ma multi-row human draft has no remedy either -- but the carve-out never restarts it (machineOrigin=false)
 [32m✓[39m src/__tests__/parked-machine-input.test.ts[2m > [22mparkedMainInputHasRemedy[2m > [22ma FRONT-TRUNCATED tick has the same clear-only remedy as an intact one
/bin/bash: line 1: cd: C:\Users\pohi9\AppData\Local\Temp\portchain-stkccu: No such file or directory
/bin/bash: Z:\001_Workspace\Marveen\marveen\.claude\worktrees\antigravity-fleet-agent\scripts\skill-index.sh: No such file or directory
 [31m×[39m src/__tests__/installer-node22-abi.test.ts[2m > [22minstall-macos.sh: the native module must be built for the SERVICE node[2m > [22mbuilds better-sqlite3 under node@22, not the generic node on PATH
[31m   → npm rebuild never ran; saw: []: expected undefined to be defined[39m
 [31m×[39m src/__tests__/installer-node22-abi.test.ts[2m > [22minstall-macos.sh: the native module must be built for the SERVICE node[2m > [22minstalls dependencies under the same node the services will run
[31m   → npm install never ran; saw: []: expected undefined to be defined[39m
 [31m×[39m src/__tests__/installer-node22-abi.test.ts[2m > [22minstall-macos.sh: the native module must be built for the SERVICE node[2m > [22mcompletes the step without tripping the ERR trap
[31m   → expected '' to contain 'REACHED_THE_END'[39m
 [32m✓[39m src/__tests__/installer-node22-abi.test.ts[2m > [22minstall-macos.sh: the native module must be built for the SERVICE node[2m > [22mresolves the service node BEFORE it compiles the native module
/bin/bash: line 1: cd: C:\Users\pohi9\AppData\Local\Temp\portchain-stkccu: No such file or directory
/bin/bash: C:Userspohi9AppDataLocalTempchanrestart-J2uLZ0probe.sh: No such file or directory
 [31m×[39m src/__tests__/schedule-runner-retry-missing.test.ts[2m > [22mschedule runner: pending retry survives a missing target session[2m > [22mkeeps the retry row on 'missing' and logs the transition once across ticks
[31m   → Required binary not found on PATH: tmux[39m
 [2m[90m↓[39m[22m src/__tests__/auth-gate.test.ts[2m > [22mrequiresAuth (gated-path predicate)[2m > [22mleaves the public probes ungated
 [2m[90m↓[39m[22m src/__tests__/auth-gate.test.ts[2m > [22mrequiresAuth (gated-path predicate)[2m > [22mgates every other /api/* path and the fleet manifest
 [2m[90m↓[39m[22m src/__tests__/auth-gate.test.ts[2m > [22mrequiresAuth (gated-path predicate)[2m > [22mdoes not gate non-api static paths
 [2m[90m↓[39m[22m src/__tests__/auth-gate.test.ts[2m > [22mbearer lane (byte-identical, users absent AND present)[2m > [22maccepts a valid bearer with ZERO users configured
 [2m[90m↓[39m[22m src/__tests__/auth-gate.test.ts[2m > [22mbearer lane (byte-identical, users absent AND present)[2m > [22maccepts the SAME valid bearer once a user EXISTS (no behavior drift)
 [2m[90m↓[39m[22m src/__tests__/auth-gate.test.ts[2m > [22mbearer lane (byte-identical, users absent AND present)[2m > [22mrejects a wrong bearer with no cookie -> none (401 upstream)
 [2m[90m↓[39m[22m src/__tests__/auth-gate.test.ts[2m > [22mbearer lane (byte-identical, users absent AND present)[2m > [22mrejects a missing Authorization header -> none
 [2m[90m↓[39m[22m src/__tests__/auth-gate.test.ts[2m > [22mSSE pane-stream ?token= lane[2m > [22maccepts the token via query on the SSE path
 [2m[90m↓[39m[22m src/__tests__/auth-gate.test.ts[2m > [22mSSE pane-stream ?token= lane[2m > [22mrejects a wrong token via query
 [2m[90m↓[39m[22m src/__tests__/auth-gate.test.ts[2m > [22mSSE pane-stream ?token= lane[2m > [22mdoes NOT honor ?token= on a non-SSE path
 [2m[90m↓[39m[22m src/__tests__/auth-gate.test.ts[2m > [22mSSE pane-stream ?token= lane[2m > [22maccepts a session cookie on the SSE path (cookie-only EventSource)
 [2m[90m↓[39m[22m src/__tests__/auth-gate.test.ts[2m > [22msession cookie lane[2m > [22mresolves a valid session cookie to its user
 [2m[90m↓[39m[22m src/__tests__/auth-gate.test.ts[2m > [22msession cookie lane[2m > [22mbearer takes precedence over a present session cookie
 [2m[90m↓[39m[22m src/__tests__/auth-gate.test.ts[2m > [22msession cookie lane[2m > [22mrejects an unknown/garbage cookie value -> none
 [2m[90m↓[39m[22m src/__tests__/auth-gate.test.ts[2m > [22mfederation endpoint scoping is preserved[2m > [22mdoes not authenticate an arbitrary token on the manifest endpoint
 [2m[90m↓[39m[22m src/__tests__/auth-gate.test.ts[2m > [22mfederation endpoint scoping is preserved[2m > [22mstill accepts the dashboard bearer on a federation endpoint
 [2m[90m↓[39m[22m src/__tests__/auth-gate.test.ts[2m > [22mfederation endpoint scoping is preserved[2m > [22mfederation scoping does not leak onto a non-federation path
 [2m[90m↓[39m[22m src/__tests__/auth-gate.test.ts[2m > [22mparseCookies[2m > [22mparses multiple pairs and trims whitespace
 [2m[90m↓[39m[22m src/__tests__/auth-gate.test.ts[2m > [22mparseCookies[2m > [22mreturns empty for no header
 [2m[90m↓[39m[22m src/__tests__/auth-gate.test.ts[2m > [22mparseCookies[2m > [22mkeeps the first occurrence of a duplicated name
 [31m×[39m src/__tests__/schedule-runner-retry-missing.test.ts[2m > [22mschedule runner: pending retry survives a missing target session[2m > [22mdoes not re-log a retry already known to be missing
[31m   → Required binary not found on PATH: tmux[39m
/bin/bash: line 1: cd: C:\Users\pohi9\AppData\Local\Temp\portchain-stkccu: No such file or directory
 [31m×[39m src/__tests__/schedule-runner-retry-missing.test.ts[2m > [22mschedule runner: pending retry survives a missing target session[2m > [22mstill deletes the row when the retry finally fires
[31m   → Required binary not found on PATH: tmux[39m
 [2m[90m↓[39m[22m src/__tests__/memory-performance.test.ts[2m > [22mSQLite performance pragmas[2m > [22mcache_size is set to -65536 (64 MB)
 [2m[90m↓[39m[22m src/__tests__/memory-performance.test.ts[2m > [22mSQLite performance pragmas[2m > [22msynchronous is NORMAL (1)
 [2m[90m↓[39m[22m src/__tests__/memory-performance.test.ts[2m > [22mgetAgentMemories in-process cache[2m > [22mcold miss: returns data from DB, cache is populated
 [2m[90m↓[39m[22m src/__tests__/memory-performance.test.ts[2m > [22mgetAgentMemories in-process cache[2m > [22mwarm hit: second call returns same object from cache (no DB round-trip)
 [2m[90m↓[39m[22m src/__tests__/memory-performance.test.ts[2m > [22mgetAgentMemories in-process cache[2m > [22mcache key is per agentId+limit: different limit = separate entry
 [2m[90m↓[39m[22m src/__tests__/memory-performance.test.ts[2m > [22mgetAgentMemories in-process cache[2m > [22msaveAgentMemory invalidates the cache for that agent
 [2m[90m↓[39m[22m src/__tests__/memory-performance.test.ts[2m > [22mgetAgentMemories in-process cache[2m > [22mupdateMemory with agentId invalidates the cache
 [2m[90m↓[39m[22m src/__tests__/memory-performance.test.ts[2m > [22mgetAgentMemories in-process cache[2m > [22mcache is isolated between agents
 [2m[90m↓[39m[22m src/__tests__/memory-performance.test.ts[2m > [22mgetAgentMemories in-process cache[2m > [22mclearMemoryCache wipes all entries
 [2m[90m↓[39m[22m src/__tests__/memory-performance.test.ts[2m > [22mbackfillEmbeddings[2m > [22mreturns 0 when all memories already have embeddings or Ollama is unreachable
 [2m[90m↓[39m[22m src/__tests__/memory-performance.test.ts[2m > [22mbackfillEmbeddings[2m > [22mprocesses rows without embeddings and updates them when Ollama responds
/bin/bash: Z:\001_Workspace\Marveen\marveen\.claude\worktrees\antigravity-fleet-agent\scripts\skill-index.sh: No such file or directory
/bin/bash: line 1: cd: C:\Users\pohi9\AppData\Local\Temp\portchain-stkccu: No such file or directory
/bin/bash: C:Userspohi9AppDataLocalTempchanrestart-tsGLtIprobe.sh: No such file or directory
 [31m×[39m src/__tests__/channels-unit-restart-policy.test.ts[2m > [22mchannels.sh watchdog exit status[2m > [22mexits non-zero when a watchdog branch asked for the restart[33m 542[2mms[22m[39m
[31m   → expected 127 to be 1 // Object.is equality[39m
 [31m×[39m src/__tests__/channels-unit-restart-policy.test.ts[2m > [22mchannels.sh watchdog exit status[2m > [22mstill exits zero on a genuinely normal end (no watchdog request)[33m 647[2mms[22m[39m
[31m   → expected 127 to be +0 // Object.is equality[39m
 [32m✓[39m src/__tests__/channels-unit-restart-policy.test.ts[2m > [22mchannels.sh watchdog exit status[2m > [22msets the flag in BOTH watchdog branches, not just the one that was observed
 [32m✓[39m src/__tests__/channels-unit-restart-policy.test.ts[2m > [22minstaller unit template[2m > [22mwrites Restart=always for the channels unit
 [32m✓[39m src/__tests__/channels-unit-restart-policy.test.ts[2m > [22minstaller unit template[2m > [22mkeeps the crash-loop throttle that bounds the new restart policy
 [32m✓[39m src/__tests__/channels-unit-restart-policy.test.ts[2m > [22minstaller unit template[2m > [22mleaves the dashboard unit policy alone (scope pin)
 [32m✓[39m src/__tests__/channels-unit-restart-policy.test.ts[2m > [22minstaller unit template[2m > [22mthe macOS side already restarts regardless of exit code -- this is the symmetry being restored
 [31m×[39m src/__tests__/channels-unit-restart-policy.test.ts[2m > [22mupdate.sh migration for already-installed machines[2m > [22mrewrites an existing on-failure channels unit and leaves no backup file[33m 879[2mms[22m[39m
[31m   → expected 127 to be +0 // Object.is equality[39m
 [31m×[39m src/__tests__/channels-unit-restart-policy.test.ts[2m > [22mupdate.sh migration for already-installed machines[2m > [22mis idempotent: a second run changes nothing and reports nothing[33m 1454[2mms[22m[39m
[31m   → expected 127 to be +0 // Object.is equality[39m
 [31m×[39m src/__tests__/channels-unit-restart-policy.test.ts[2m > [22mupdate.sh migration for already-installed machines[2m > [22mmigrates a renamed install too (unit name derives from the bot name)[33m 839[2mms[22m[39m
[31m   → expected '[Unit]\nDescription=Marveen Channels …' to match /^Restart=always$/m[39m
 [32m✓[39m src/__tests__/channels-unit-restart-policy.test.ts[2m > [22mupdate.sh migration for already-installed machines[2m > [22mdoes not touch the dashboard unit in the same directory[33m 876[2mms[22m[39m
 [31m×[39m src/__tests__/channels-unit-restart-policy.test.ts[2m > [22mupdate.sh migration for already-installed machines[2m > [22msurvives a directory with no units at all (fresh macOS host)[33m 662[2mms[22m[39m
[31m   → expected 127 to be +0 // Object.is equality[39m
 [32m✓[39m src/__tests__/channels-unit-restart-policy.test.ts[2m > [22mupdate.sh migration for already-installed machines[2m > [22mis actually called by update.sh, not merely defined
 [31m×[39m src/__tests__/auth-sessions.test.ts[2m > [22mcreateSession / resolveSession[2m > [22mmints a token that resolves to its user
[31m   → The module '\\?\Z:\001_Workspace\Marveen\marveen\.claude\worktrees\antigravity-fleet-agent\node_modules\better-sqlite3\build\Release\better_sqlite3.node'
was compiled against a different Node.js version using
NODE_MODULE_VERSION 127. This version of Node.js requires
NODE_MODULE_VERSION 137. Please try re-compiling or re-installing
the module (for instance, using `npm rebuild` or `npm install`).[39m
 [31m×[39m src/__tests__/auth-sessions.test.ts[2m > [22mcreateSession / resolveSession[2m > [22mstores only sha256(token) at rest, never the raw token
[31m   → The module '\\?\Z:\001_Workspace\Marveen\marveen\.claude\worktrees\antigravity-fleet-agent\node_modules\better-sqlite3\build\Release\better_sqlite3.node'
was compiled against a different Node.js version using
NODE_MODULE_VERSION 127. This version of Node.js requires
NODE_MODULE_VERSION 137. Please try re-compiling or re-installing
the module (for instance, using `npm rebuild` or `npm install`).[39m
 [31m×[39m src/__tests__/auth-sessions.test.ts[2m > [22mcreateSession / resolveSession[2m > [22mreturns null for an unknown/empty token
[31m   → The module '\\?\Z:\001_Workspace\Marveen\marveen\.claude\worktrees\antigravity-fleet-agent\node_modules\better-sqlite3\build\Release\better_sqlite3.node'
was compiled against a different Node.js version using
NODE_MODULE_VERSION 127. This version of Node.js requires
NODE_MODULE_VERSION 137. Please try re-compiling or re-installing
the module (for instance, using `npm rebuild` or `npm install`).[39m
 [31m×[39m src/__tests__/auth-sessions.test.ts[2m > [22mTTLs[2m > [22mexpires after 7 days idle despite a valid cookie
[31m   → The module '\\?\Z:\001_Workspace\Marveen\marveen\.claude\worktrees\antigravity-fleet-agent\node_modules\better-sqlite3\build\Release\better_sqlite3.node'
was compiled against a different Node.js version using
NODE_MODULE_VERSION 127. This version of Node.js requires
NODE_MODULE_VERSION 137. Please try re-compiling or re-installing
the module (for instance, using `npm rebuild` or `npm install`).[39m
 [31m×[39m src/__tests__/auth-sessions.test.ts[2m > [22mTTLs[2m > [22mexpires after 30 days absolute even with continuous activity
[31m   → The module '\\?\Z:\001_Workspace\Marveen\marveen\.claude\worktrees\antigravity-fleet-agent\node_modules\better-sqlite3\build\Release\better_sqlite3.node'
was compiled against a different Node.js version using
NODE_MODULE_VERSION 127. This version of Node.js requires
NODE_MODULE_VERSION 137. Please try re-compiling or re-installing
the module (for instance, using `npm rebuild` or `npm install`).[39m
 [31m×[39m src/__tests__/auth-sessions.test.ts[2m > [22mTTLs[2m > [22mdebounces last_seen writes to >= 60s apart
[31m   → The module '\\?\Z:\001_Workspace\Marveen\marveen\.claude\worktrees\antigravity-fleet-agent\node_modules\better-sqlite3\build\Release\better_sqlite3.node'
was compiled against a different Node.js version using
NODE_MODULE_VERSION 127. This version of Node.js requires
NODE_MODULE_VERSION 137. Please try re-compiling or re-installing
the module (for instance, using `npm rebuild` or `npm install`).[39m
 [31m×[39m src/__tests__/auth-sessions.test.ts[2m > [22mrevocation[2m > [22mrevokes a single session
[31m   → The module '\\?\Z:\001_Workspace\Marveen\marveen\.claude\worktrees\antigravity-fleet-agent\node_modules\better-sqlite3\build\Release\better_sqlite3.node'
was compiled against a different Node.js version using
NODE_MODULE_VERSION 127. This version of Node.js requires
NODE_MODULE_VERSION 137. Please try re-compiling or re-installing
the module (for instance, using `npm rebuild` or `npm install`).[39m
 [31m×[39m src/__tests__/auth-sessions.test.ts[2m > [22mrevocation[2m > [22mrevokes all sessions of a user
[31m   → The module '\\?\Z:\001_Workspace\Marveen\marveen\.claude\worktrees\antigravity-fleet-agent\node_modules\better-sqlite3\build\Release\better_sqlite3.node'
was compiled against a different Node.js version using
NODE_MODULE_VERSION 127. This version of Node.js requires
NODE_MODULE_VERSION 137. Please try re-compiling or re-installing
the module (for instance, using `npm rebuild` or `npm install`).[39m
 [31m×[39m src/__tests__/auth-sessions.test.ts[2m > [22mrevocation[2m > [22mrevokes all EXCEPT the caller when a token is spared
[31m   → The module '\\?\Z:\001_Workspace\Marveen\marveen\.claude\worktrees\antigravity-fleet-agent\node_modules\better-sqlite3\build\Release\better_sqlite3.node'
was compiled against a different Node.js version using
NODE_MODULE_VERSION 127. This version of Node.js requires
NODE_MODULE_VERSION 137. Please try re-compiling or re-installing
the module (for instance, using `npm rebuild` or `npm install`).[39m
 [31m×[39m src/__tests__/auth-sessions.test.ts[2m > [22mrestart rehydration[2m > [22mresolves an existing session after a fresh DB handle + empty cache
[31m   → The module '\\?\Z:\001_Workspace\Marveen\marveen\.claude\worktrees\antigravity-fleet-agent\node_modules\better-sqlite3\build\Release\better_sqlite3.node'
was compiled against a different Node.js version using
NODE_MODULE_VERSION 127. This version of Node.js requires
NODE_MODULE_VERSION 137. Please try re-compiling or re-installing
the module (for instance, using `npm rebuild` or `npm install`).[39m
 [31m×[39m src/__tests__/auth-sessions.test.ts[2m > [22msweep + listing[2m > [22msweeps only expired rows
[31m   → The module '\\?\Z:\001_Workspace\Marveen\marveen\.claude\worktrees\antigravity-fleet-agent\node_modules\better-sqlite3\build\Release\better_sqlite3.node'
was compiled against a different Node.js version using
NODE_MODULE_VERSION 127. This version of Node.js requires
NODE_MODULE_VERSION 137. Please try re-compiling or re-installing
the module (for instance, using `npm rebuild` or `npm install`).[39m
 [31m×[39m src/__tests__/auth-sessions.test.ts[2m > [22msweep + listing[2m > [22mlists a user sessions with hashed prefix only
[31m   → The module '\\?\Z:\001_Workspace\Marveen\marveen\.claude\worktrees\antigravity-fleet-agent\node_modules\better-sqlite3\build\Release\better_sqlite3.node'
was compiled against a different Node.js version using
NODE_MODULE_VERSION 127. This version of Node.js requires
NODE_MODULE_VERSION 137. Please try re-compiling or re-installing
the module (for instance, using `npm rebuild` or `npm install`).[39m
 [32m✓[39m src/__tests__/autonomy-section.test.ts[2m > [22mensureAutonomySection -- main agent (PROJECT_ROOT/CLAUDE.md)[2m > [22mwrites the autonomy block to PROJECT_ROOT/CLAUDE.md for MAIN_AGENT_ID
 [32m✓[39m src/__tests__/autonomy-section.test.ts[2m > [22mensureAutonomySection -- main agent (PROJECT_ROOT/CLAUDE.md)[2m > [22mdoes NOT write to agents/agent-a/CLAUDE.md for MAIN_AGENT_ID
 [32m✓[39m src/__tests__/autonomy-section.test.ts[2m > [22mensureAutonomySection[2m > [22m(a) appends the autonomy block when CLAUDE.md has no existing marker
 [32m✓[39m src/__tests__/autonomy-section.test.ts[2m > [22mensureAutonomySection[2m > [22m(a) level 2 curl in the written block uses the agent name, not a placeholder
 [32m✓[39m src/__tests__/autonomy-section.test.ts[2m > [22mensureAutonomySection[2m > [22m(a) level 1 block in the written file does NOT call /api/approvals
 [32m✓[39m src/__tests__/autonomy-section.test.ts[2m > [22mensureAutonomySection[2m > [22m(b) replaces ONLY the marker block when markers already exist
 [32m✓[39m src/__tests__/autonomy-section.test.ts[2m > [22mensureAutonomySection[2m > [22m(c) does not write to disk when computed content is identical (idempotent)
 [32m✓[39m src/__tests__/autonomy-section.test.ts[2m > [22mensureAutonomySection[2m > [22m(d) skips gracefully when CLAUDE.md does not exist
/bin/bash: line 1: cd: C:\Users\pohi9\AppData\Local\Temp\portchain-stkccu: No such file or directory
 [32m✓[39m src/__tests__/queued-messages-not-idle.test.ts[2m > [22mqueued messages are not idle[2m > [22mclassifies a live turn with a queued message as busy
 [32m✓[39m src/__tests__/queued-messages-not-idle.test.ts[2m > [22mqueued messages are not idle[2m > [22mstays busy even when the spinner is out of the busy window
 [32m✓[39m src/__tests__/queued-messages-not-idle.test.ts[2m > [22mqueued messages are not idle[2m > [22mis not rescued by the dim-ghost tolerance
 [32m✓[39m src/__tests__/queued-messages-not-idle.test.ts[2m > [22mqueued messages are not idle[2m > [22mleaves a genuinely idle pane idle
 [32m✓[39m src/__tests__/queued-messages-not-idle.test.ts[2m > [22mqueued messages are not idle[2m > [22mdoes not pin a pane busy because the hint appears in scrollback
/bin/bash: line 1: state: command not found
/bin/bash: line 1: state: command not found
/bin/bash: line 1: start_launchd_unit: command not found
/bin/bash: Z:\001_Workspace\Marveen\marveen\.claude\worktrees\antigravity-fleet-agent\scripts\skill-index.sh: No such file or directory
 [32m✓[39m src/__tests__/recall.test.ts[2m > [22mparseDateExpression[2m > [22mISO dates[2m > [22mparses single ISO date
 [32m✓[39m src/__tests__/recall.test.ts[2m > [22mparseDateExpression[2m > [22mISO dates[2m > [22mparses ISO date range with dash
 [32m✓[39m src/__tests__/recall.test.ts[2m > [22mparseDateExpression[2m > [22mISO dates[2m > [22mparses ISO date range with en-dash
 [32m✓[39m src/__tests__/recall.test.ts[2m > [22mparseDateExpression[2m > [22mrelative keywords[2m > [22mparses "ma"
 [32m✓[39m src/__tests__/recall.test.ts[2m > [22mparseDateExpression[2m > [22mrelative keywords[2m > [22mparses "tegnap"
 [32m✓[39m src/__tests__/recall.test.ts[2m > [22mparseDateExpression[2m > [22mrelative keywords[2m > [22mparses "tegnapelőtt"
 [32m✓[39m src/__tests__/recall.test.ts[2m > [22mparseDateExpression[2m > [22mrelative keywords[2m > [22mparses "yesterday"
 [32m✓[39m src/__tests__/recall.test.ts[2m > [22mparseDateExpression[2m > [22mN days/weeks ago[2m > [22mparses "3 napja"
 [32m✓[39m src/__tests__/recall.test.ts[2m > [22mparseDateExpression[2m > [22mN days/weeks ago[2m > [22mparses "5 nappal ezelőtt"
 [32m✓[39m src/__tests__/recall.test.ts[2m > [22mparseDateExpression[2m > [22mN days/weeks ago[2m > [22mparses "2 hete"
 [32m✓[39m src/__tests__/recall.test.ts[2m > [22mparseDateExpression[2m > [22mN days/weeks ago[2m > [22mparses "1 héttel ezelőtt"
 [32m✓[39m src/__tests__/recall.test.ts[2m > [22mparseDateExpression[2m > [22mweek references[2m > [22mparses "múlt héten"
 [32m✓[39m src/__tests__/recall.test.ts[2m > [22mparseDateExpression[2m > [22mweek references[2m > [22mparses "ezen a héten"
 [32m✓[39m src/__tests__/recall.test.ts[2m > [22mparseDateExpression[2m > [22mweek references[2m > [22mparses "ez a hét"
 [32m✓[39m src/__tests__/recall.test.ts[2m > [22mparseDateExpression[2m > [22mmonth references[2m > [22mparses "ebben a hónapban"
 [32m✓[39m src/__tests__/recall.test.ts[2m > [22mparseDateExpression[2m > [22mmonth references[2m > [22mparses "múlt hónapban"
 [32m✓[39m src/__tests__/recall.test.ts[2m > [22mparseDateExpression[2m > [22mmonth references[2m > [22mparses "elmúlt 7 nap"
 [32m✓[39m src/__tests__/recall.test.ts[2m > [22mparseDateExpression[2m > [22mmonth references[2m > [22mparses "utolsó 30 nap"
 [32m✓[39m src/__tests__/recall.test.ts[2m > [22mparseDateExpression[2m > [22mHungarian month names[2m > [22mparses "május első hete"
 [32m✓[39m src/__tests__/recall.test.ts[2m > [22mparseDateExpression[2m > [22mHungarian month names[2m > [22mparses "január első hete" (start-of-month edge)
 [32m✓[39m src/__tests__/recall.test.ts[2m > [22mparseDateExpression[2m > [22mHungarian month names[2m > [22mparses "március második hete"
 [32m✓[39m src/__tests__/recall.test.ts[2m > [22mparseDateExpression[2m > [22mHungarian month names[2m > [22mparses "december utolsó hete"
 [32m✓[39m src/__tests__/recall.test.ts[2m > [22mparseDateExpression[2m > [22mHungarian month names[2m > [22mparses "május 10"
 [32m✓[39m src/__tests__/recall.test.ts[2m > [22mparseDateExpression[2m > [22mHungarian month names[2m > [22mparses "januárban"
 [32m✓[39m src/__tests__/recall.test.ts[2m > [22mparseDateExpression[2m > [22mHungarian month names[2m > [22mparses abbreviated "szept"
 [32m✓[39m src/__tests__/recall.test.ts[2m > [22mparseDateExpression[2m > [22mHungarian day names[2m > [22mparses "hétfő"
 [32m✓[39m src/__tests__/recall.test.ts[2m > [22mparseDateExpression[2m > [22mHungarian day names[2m > [22mparses "csütörtök"
 [32m✓[39m src/__tests__/recall.test.ts[2m > [22mparseDateExpression[2m > [22mHungarian day names[2m > [22mparses "múlt péntek"
 [32m✓[39m src/__tests__/recall.test.ts[2m > [22mparseDateExpression[2m > [22mHungarian day names[2m > [22mparses "vasárnap"
 [32m✓[39m src/__tests__/recall.test.ts[2m > [22mparseDateExpression[2m > [22mHungarian day names[2m > [22mparses "szerda"
 [32m✓[39m src/__tests__/recall.test.ts[2m > [22mparseDateExpression[2m > [22minvalid input[2m > [22mreturns null for empty string
 [32m✓[39m src/__tests__/recall.test.ts[2m > [22mparseDateExpression[2m > [22minvalid input[2m > [22mreturns null for gibberish
 [32m✓[39m src/__tests__/recall.test.ts[2m > [22mparseDateExpression[2m > [22minvalid input[2m > [22mreturns null for partial date
/bin/bash: line 1: cd: C:\Users\pohi9\AppData\Local\Temp\portchain-stkccu/scripts: No such file or directory
/bin/bash: C:Userspohi9AppDataLocalTempunitmaint-MQ6y4vprobe.sh: No such file or directory
 [32m✓[39m src/__tests__/session-send-lock.test.ts[2m > [22mwithSessionSendLock -- per-session delivery serialization[2m > [22mserializes two concurrent DELIVER writers to the same pane (no interleave)
 [32m✓[39m src/__tests__/shipped-recipes-no-sqlite-cli.test.ts[2m > [22mshipped recipes only use binaries the installer guarantees[2m > [22mfinds the shipped skill/task files at all (positive control)
 [32m✓[39m src/__tests__/shipped-recipes-no-sqlite-cli.test.ts[2m > [22mshipped recipes only use binaries the installer guarantees[2m > [22mno fenced shell block invokes sqlite3 or jq
 [32m✓[39m src/__tests__/shipped-recipes-no-sqlite-cli.test.ts[2m > [22mshipped recipes only use binaries the installer guarantees[2m > [22mthe two fixed recipes go through the dashboard API instead
 [32m✓[39m src/__tests__/shipped-recipes-no-sqlite-cli.test.ts[2m > [22mshipped recipes only use binaries the installer guarantees[2m > [22mthe recipes resolve the port instead of hardcoding 3420
 [32m✓[39m src/__tests__/shipped-recipes-no-sqlite-cli.test.ts[2m > [22mshipped recipes only use binaries the installer guarantees[2m > [22mthe CLAUDE.md template hands the agent the kanban API, not a table name
 [32m✓[39m src/__tests__/shipped-recipes-no-sqlite-cli.test.ts[2m > [22mboth seeding paths substitute the same placeholders[2m > [22mthe scheduled-task seeder in update.sh matches the installer
 [32m✓[39m src/__tests__/context-guard-hidden-worker.test.ts[2m > [22mhidden technical workers and the saturation net[2m > [22mthe guard sweep visits a dashboard-hidden worker
 [32m✓[39m src/__tests__/context-guard-hidden-worker.test.ts[2m > [22mhidden technical workers and the saturation net[2m > [22mthe sweep set is a SET -- the main agent is never swept twice
 [32m✓[39m src/__tests__/context-guard-hidden-worker.test.ts[2m > [22mhidden technical workers and the saturation net[2m > [22mthe dashboard listing still hides that same worker
 [32m✓[39m src/__tests__/context-guard-hidden-worker.test.ts[2m > [22mhidden technical workers and the saturation net[2m > [22ma hidden worker with no store entry is still armed by default
 [32m✓[39m src/__tests__/context-guard-hidden-worker.test.ts[2m > [22mhidden technical workers and the saturation net[2m > [22mthe rescue restart is FRESH, never --continue
 [32m✓[39m src/__tests__/session-send-lock.test.ts[2m > [22mwithSessionSendLock -- per-session delivery serialization[2m > [22mDIFFERENT panes are NOT serialized against each other (per-session, not global)
 [32m✓[39m src/__tests__/session-send-lock.test.ts[2m > [22mwithSessionSendLock -- per-session delivery serialization[2m > [22mRECOVER mode skips (ran:false) when a delivery holds the lane, runs when free
 [32m✓[39m src/__tests__/session-send-lock.test.ts[2m > [22mwithSessionSendLock -- per-session delivery serialization[2m > [22mDELIVER fails OPEN when the wait budget elapses against a wedged holder
 [32m✓[39m src/__tests__/session-send-lock.test.ts[2m > [22mwithSessionSendLock -- per-session delivery serialization[2m > [22ma fail-open waiter is removed from the queue so a later release does not resolve a phantom holder
 [32m✓[39m src/__tests__/session-send-lock.test.ts[2m > [22msendPromptToSession delivery-lock wiring[2m > [22msendPromptToSession runs its emit span inside withSessionSendLock
 [32m✓[39m src/__tests__/session-send-lock.test.ts[2m > [22msendPromptToSession delivery-lock wiring[2m > [22mthe stuck-input clear+re-inject recovery uses recover-mode (fail-closed)
/bin/bash: line 1: cd: C:\Users\pohi9\AppData\Local\Temp\portchain-bare-qxRknO: No such file or directory
 [32m✓[39m src/__tests__/approvals-ui-contract.test.ts[2m > [22mapprovals UI wiring[2m > [22msidebar has the approvals nav item AFTER autonomy and BEFORE settings
 [32m✓[39m src/__tests__/approvals-ui-contract.test.ts[2m > [22mapprovals UI wiring[2m > [22mpage div, router dispatch, loader function and nav key exist
 [32m✓[39m src/__tests__/approvals-ui-contract.test.ts[2m > [22mapprovals UI wiring[2m > [22mfrontend consumes the correct API endpoints
 [32m✓[39m src/__tests__/approvals-ui-contract.test.ts[2m > [22mapprovals UI wiring[2m > [22mdashboard resolved_by is a source label, not an agent id -- avoids tripping self-approval guard
 [32m✓[39m src/__tests__/approvals-ui-contract.test.ts[2m > [22mapprovals UI wiring[2m > [22mstat cards, toolbar, and pagination CSS classes exist
 [32m✓[39m src/__tests__/approvals-ui-contract.test.ts[2m > [22mapprovals UI wiring[2m > [22mpending row highlight uses warning color variable
 [32m✓[39m src/__tests__/approvals-ui-contract.test.ts[2m > [22mapprovals UI wiring[2m > [22mtimeout countdown renders for pending rows with timeout_at
 [32m✓[39m src/__tests__/approvals-ui-contract.test.ts[2m > [22mapprovals UI wiring[2m > [22msidebar badge element exists and is hidden by default
 [32m✓[39m src/__tests__/approvals-ui-contract.test.ts[2m > [22mapprovals UI wiring[2m > [22mpending notice banner exists, hidden by default, shown only when pending > 0
 [32m✓[39m src/__tests__/approvals-ui-contract.test.ts[2m > [22mapprovals UI wiring[2m > [22mresolved_at timestamp is rendered alongside resolved_by in non-pending rows
 [32m✓[39m src/__tests__/approvals-ui-contract.test.ts[2m > [22mapprovals UI wiring[2m > [22mnav + core i18n keys exist in BOTH language files
 [31m×[39m src/__tests__/port-chain-no-hardcode.test.ts[2m > [22mPORTCHAIN1: the port chain follows WEB_PORT on a NON-default port[2m > [22mscripts/doctor.sh resolves WEB_PORT from .env, not 3420[33m 383[2mms[22m[39m
[31m   → expected '' to be '3421' // Object.is equality[39m
 [31m×[39m src/__tests__/port-chain-no-hardcode.test.ts[2m > [22mPORTCHAIN1: the port chain follows WEB_PORT on a NON-default port[2m > [22mscripts/pre-pr-review.sh resolves WEB_PORT from .env, not 3420
[31m   → expected '' to be '3421' // Object.is equality[39m
 [31m×[39m src/__tests__/port-chain-no-hardcode.test.ts[2m > [22mPORTCHAIN1: the port chain follows WEB_PORT on a NON-default port[2m > [22mscripts/start.sh resolves WEB_PORT from .env, not 3420
[31m   → expected '' to be '3421' // Object.is equality[39m
 [31m×[39m src/__tests__/port-chain-no-hardcode.test.ts[2m > [22mPORTCHAIN1: the port chain follows WEB_PORT on a NON-default port[2m > [22mscripts/migrate-main-agent-id.sh resolves WEB_PORT from .env, not 3420[33m 342[2mms[22m[39m
[31m   → expected '' to be '3421' // Object.is equality[39m
 [31m×[39m src/__tests__/port-chain-no-hardcode.test.ts[2m > [22mPORTCHAIN1: the port chain follows WEB_PORT on a NON-default port[2m > [22mscripts/set-bot-menu.sh resolves WEB_PORT from .env, not 3420
[31m   → expected '' to be '3421' // Object.is equality[39m
 [32m✓[39m src/__tests__/port-chain-no-hardcode.test.ts[2m > [22mPORTCHAIN1: the port chain follows WEB_PORT on a NON-default port[2m > [22mscripts/doctor.sh contains no literal localhost:3420 at any call site
 [32m✓[39m src/__tests__/port-chain-no-hardcode.test.ts[2m > [22mPORTCHAIN1: the port chain follows WEB_PORT on a NON-default port[2m > [22mscripts/pre-pr-review.sh contains no literal localhost:3420 at any call site
 [32m✓[39m src/__tests__/port-chain-no-hardcode.test.ts[2m > [22mPORTCHAIN1: the port chain follows WEB_PORT on a NON-default port[2m > [22mscripts/start.sh contains no literal localhost:3420 at any call site
 [32m✓[39m src/__tests__/port-chain-no-hardcode.test.ts[2m > [22mPORTCHAIN1: the port chain follows WEB_PORT on a NON-default port[2m > [22mscripts/migrate.sh contains no literal localhost:3420 at any call site
 [32m✓[39m src/__tests__/port-chain-no-hardcode.test.ts[2m > [22mPORTCHAIN1: the port chain follows WEB_PORT on a NON-default port[2m > [22mscripts/migrate-main-agent-id.sh contains no literal localhost:3420 at any call site
 [32m✓[39m src/__tests__/port-chain-no-hardcode.test.ts[2m > [22mPORTCHAIN1: the port chain follows WEB_PORT on a NON-default port[2m > [22mscripts/set-bot-menu.sh contains no literal localhost:3420 at any call site
 [32m✓[39m src/__tests__/port-chain-no-hardcode.test.ts[2m > [22mPORTCHAIN1: the port chain follows WEB_PORT on a NON-default port[2m > [22msrc/web/channel-monitor.ts contains no literal localhost:3420 at any call site
 [32m✓[39m src/__tests__/port-chain-no-hardcode.test.ts[2m > [22mPORTCHAIN1: the port chain follows WEB_PORT on a NON-default port[2m > [22mtemplates/settings.json.template contains no literal localhost:3420 at any call site
 [32m✓[39m src/__tests__/port-chain-no-hardcode.test.ts[2m > [22mPORTCHAIN1: the port chain follows WEB_PORT on a NON-default port[2m > [22minstall-windows.ps1 contains no literal localhost:3420 at any call site
 [32m✓[39m src/__tests__/port-chain-no-hardcode.test.ts[2m > [22mPORTCHAIN1: the port chain follows WEB_PORT on a NON-default port[2m > [22minstall-lang.sh contains no literal localhost:3420 at any call site
 [31m×[39m src/__tests__/port-chain-no-hardcode.test.ts[2m > [22mPORTCHAIN1: the port chain follows WEB_PORT on a NON-default port[2m > [22mthe resolution honours an explicit WEB_PORT env over the .env[33m 358[2mms[22m[39m
[31m   → expected '' to be '9999' // Object.is equality[39m
 [31m×[39m src/__tests__/port-chain-no-hardcode.test.ts[2m > [22mPORTCHAIN1: the port chain follows WEB_PORT on a NON-default port[2m > [22mfalls back to 3420 only when nothing selects a port
[31m   → expected '' to be '3420' // Object.is equality[39m
 [32m✓[39m src/__tests__/port-chain-no-hardcode.test.ts[2m > [22mPORTCHAIN1: the port chain follows WEB_PORT on a NON-default port[2m > [22msettings.json.template carries NO literal 3420 once rendered
 [32m✓[39m src/__tests__/port-chain-no-hardcode.test.ts[2m > [22mPORTCHAIN1: the port chain follows WEB_PORT on a NON-default port[2m > [22mchannel-monitor builds its agent instruction from WEB_PORT
 [32m✓[39m src/__tests__/port-chain-no-hardcode.test.ts[2m > [22mPORTCHAIN1: the port chain follows WEB_PORT on a NON-default port[2m > [22megress-gate allowlists the dashboard on the CONFIGURED port
 [32m✓[39m src/__tests__/port-chain-no-hardcode.test.ts[2m > [22mPORTCHAIN1: the port chain follows WEB_PORT on a NON-default port[2m > [22mleaves the documented fallbacks alone
 [32m✓[39m src/__tests__/port-chain-no-hardcode.test.ts[2m > [22mPORTCHAIN1: the port chain follows WEB_PORT on a NON-default port[2m > [22mweb/app.js keeps its pre-fetch initial value (overwritten at boot)
/bin/bash: Z:\001_Workspace\Marveen\marveen\.claude\worktrees\antigravity-fleet-agent\scripts\skill-index.sh: No such file or directory
 [32m✓[39m src/__tests__/heartbeat-oauth-token.test.ts[2m > [22mheartbeat OAuth bridge from Keychain to .credentials.json (#250 follow-up)[2m > [22mhelper is renamed to read the FULL credentials JSON (not just a token)
 [32m✓[39m src/__tests__/heartbeat-oauth-token.test.ts[2m > [22mheartbeat OAuth bridge from Keychain to .credentials.json (#250 follow-up)[2m > [22mshells out to /usr/bin/security via execFileSync (no shell, no string interpolation)
 [32m✓[39m src/__tests__/heartbeat-oauth-token.test.ts[2m > [22mheartbeat OAuth bridge from Keychain to .credentials.json (#250 follow-up)[2m > [22mruns ONLY on darwin -- returns null on linux so the symlinked .credentials.json carries auth
 [32m✓[39m src/__tests__/heartbeat-oauth-token.test.ts[2m > [22mheartbeat OAuth bridge from Keychain to .credentials.json (#250 follow-up)[2m > [22muses stdio:[ignore, pipe, ignore] so stderr cannot capture/leak the JSON
 [31m×[39m src/__tests__/heartbeat-oauth-token.test.ts[2m > [22mheartbeat OAuth bridge from Keychain to .credentials.json (#250 follow-up)[2m > [22mrefuses to log the JSON value or even the error detail (error may echo lookup key)
[31m   → expected -1 to be greater than 13705[39m
 [32m✓[39m src/__tests__/heartbeat-oauth-token.test.ts[2m > [22mheartbeat OAuth bridge from Keychain to .credentials.json (#250 follow-up)[2m > [22mwrites the JSON to $HEARTBEAT_CONFIG_DIR/.credentials.json (NOT to an env var)
 [32m✓[39m src/__tests__/heartbeat-oauth-token.test.ts[2m > [22mheartbeat OAuth bridge from Keychain to .credentials.json (#250 follow-up)[2m > [22mwrites the credentials file with mode 0600 (owner-only read/write)
 [32m✓[39m src/__tests__/heartbeat-oauth-token.test.ts[2m > [22mheartbeat OAuth bridge from Keychain to .credentials.json (#250 follow-up)[2m > [22mstill passes CLAUDE_CONFIG_DIR to runAgent (the #250 isolation gate stays in force)
 [32m✓[39m src/__tests__/heartbeat-oauth-token.test.ts[2m > [22mheartbeat OAuth bridge from Keychain to .credentials.json (#250 follow-up)[2m > [22mcredentials write happens inside ensureHeartbeatWorkerCwd, AFTER the symlink tree is built
 [32m✓[39m src/__tests__/wizard-pending-agent-id.test.ts[2m > [22mPAIRAPPROVE1: the wizard resolves the real agent id before asking[2m > [22mthe boot-race guard still exists and is what we reuse
 [32m✓[39m src/__tests__/wizard-pending-agent-id.test.ts[2m > [22mPAIRAPPROVE1: the wizard resolves the real agent id before asking[2m > [22mawaits the guard BEFORE fetching pending (order is the whole fix)
 [32m✓[39m src/__tests__/wizard-pending-agent-id.test.ts[2m > [22mPAIRAPPROVE1: the wizard resolves the real agent id before asking[2m > [22mchecks res.ok and shows the error instead of an empty list
 [32m✓[39m src/__tests__/wizard-pending-agent-id.test.ts[2m > [22mPAIRAPPROVE1: the wizard resolves the real agent id before asking[2m > [22mdoes NOT parse the response before knowing it succeeded
 [32m✓[39m src/__tests__/wizard-pending-agent-id.test.ts[2m > [22mPAIRAPPROVE1: the wizard resolves the real agent id before asking[2m > [22mleaves the mainAgentId fallback alone (other call sites depend on it)
 [32m✓[39m src/__tests__/wizard-pending-agent-id.test.ts[2m > [22mPAIRAPPROVE1: the wizard resolves the real agent id before asking[2m > [22mkeeps the expiry filter, which is correct (the plugin writes ms)
 [32m✓[39m src/__tests__/wizard-pending-agent-id.test.ts[2m > [22mboth failure paths surface, and they look different from "no pending"[2m > [22mroutes the !res.ok branch through the shared error sink
 [32m✓[39m src/__tests__/wizard-pending-agent-id.test.ts[2m > [22mboth failure paths surface, and they look different from "no pending"[2m > [22mthe outer catch is no longer silent
 [32m✓[39m src/__tests__/wizard-pending-agent-id.test.ts[2m > [22mboth failure paths surface, and they look different from "no pending"[2m > [22mthe error sink also uses onbMsg, not just the muted hint slot
 [32m✓[39m src/__tests__/hook-command-quoting.test.ts[2m > [22mhookCommand builder[2m > [22mquotes BOTH the interpreter and the script path
 [32m✓[39m src/__tests__/hook-command-quoting.test.ts[2m > [22mhookCommand builder[2m > [22mblocks with a message when the interpreter is gone, instead of exiting 127
 [32m✓[39m src/__tests__/hook-command-quoting.test.ts[2m > [22minjectors write a quoted absolute interpreter, never a bare node[2m > [22minjectEmailSendGate
 [32m✓[39m src/__tests__/hook-command-quoting.test.ts[2m > [22minjectors write a quoted absolute interpreter, never a bare node[2m > [22minjectSelfPaceGate
 [32m✓[39m src/__tests__/hook-command-quoting.test.ts[2m > [22minjectors write a quoted absolute interpreter, never a bare node[2m > [22minjectEgressGate
 [32m✓[39m src/__tests__/hook-command-quoting.test.ts[2m > [22mhookCommandWired[2m > [22mfinds a freshly injected command (posix path)
 [32m✓[39m src/__tests__/hook-command-quoting.test.ts[2m > [22mhookCommandWired[2m > [22msettles on a backslash (Windows-style) path where the raw compare does not
 [32m✓[39m src/__tests__/hook-command-quoting.test.ts[2m > [22mensure* migrations are idempotent (true, then false)[2m > [22mensureEgressGate
 [32m✓[39m src/__tests__/hook-command-quoting.test.ts[2m > [22mensure* migrations are idempotent (true, then false)[2m > [22mensureGovernanceGateCommands upgrades a legacy bare-node entry, then settles
/bin/bash: C:Userspohi9AppDataLocalTempunitmaint-5zgS4Aprobe.sh: No such file or directory
 [32m✓[39m src/__tests__/model-profiles-wiring.test.ts[2m > [22madditive over the existing selector[2m > [22man agent with only a legacy explicit model resolves exactly as before
 [32m✓[39m src/__tests__/model-profiles-wiring.test.ts[2m > [22madditive over the existing selector[2m > [22mADDING modelProfile to a canary agent does not change its resolved model
 [32m✓[39m src/__tests__/model-profiles-wiring.test.ts[2m > [22madditive over the existing selector[2m > [22man agent with ONLY a profile resolves through the map
 [32m✓[39m src/__tests__/model-profiles-wiring.test.ts[2m > [22madditive over the existing selector[2m > [22man unknown profile id surfaces an error instead of silently switching models
 [32m✓[39m src/__tests__/model-profiles-wiring.test.ts[2m > [22madditive over the existing selector[2m > [22man agent with no config at all still gets the install default
 [32m✓[39m src/__tests__/model-profiles-wiring.test.ts[2m > [22mthe existing model selector is untouched[2m > [22mconfig-registry still owns the distribution default
 [32m✓[39m src/__tests__/model-profiles-wiring.test.ts[2m > [22mthe existing model selector is untouched[2m > [22mmodel-suggest still exists and knows nothing about profiles
 [32m✓[39m src/__tests__/model-profiles-wiring.test.ts[2m > [22mthe existing model selector is untouched[2m > [22mthe legacy alias table is still applied and still owns the short names
 [32m✓[39m src/__tests__/model-profiles-wiring.test.ts[2m > [22mthe existing model selector is untouched[2m > [22mthe profile module does not import the existing selector
 [2m[90m↓[39m[22m src/__tests__/memory-listing-staleness.test.ts[2m > [22mupdateMemory cache invalidation[2m > [22minvalidates without an explicit agentId (the normal edit, owner unchanged)
 [2m[90m↓[39m[22m src/__tests__/memory-listing-staleness.test.ts[2m > [22mupdateMemory cache invalidation[2m > [22minvalidates both the old and the new owner when the memory is reassigned
 [2m[90m↓[39m[22m src/__tests__/memory-listing-staleness.test.ts[2m > [22mupdateMemory cache invalidation[2m > [22minvalidates every agent when a shared memory changes
 [2m[90m↓[39m[22m src/__tests__/memory-listing-staleness.test.ts[2m > [22msaveAgentMemory cache invalidation[2m > [22minvalidates every agent when a NEW shared memory is created
 [2m[90m↓[39m[22m src/__tests__/memory-listing-staleness.test.ts[2m > [22mgetAgentMemories category filtering[2m > [22mreturns a hot memory that falls outside the most-recent N rows
 [2m[90m↓[39m[22m src/__tests__/memory-listing-staleness.test.ts[2m > [22mgetAgentMemories category filtering[2m > [22mcaches each category separately from the unfiltered list
/bin/bash: Z:\001_Workspace\Marveen\marveen\.claude\worktrees\antigravity-fleet-agent\scripts\skill-index.sh: No such file or directory
 [32m✓[39m src/__tests__/platform-bin-resolve.test.ts[2m > [22mtryResolveFromPath[2m > [22mreturns the which-resolved path when PATH resolves the binary
 [31m×[39m src/__tests__/platform-bin-resolve.test.ts[2m > [22mtryResolveFromPath[2m > [22mfalls back to a known install dir when which fails (transient PATH gap)
[31m   → expected null to be '/opt/homebrew/bin/claude' // Object.is equality[39m
 [31m×[39m src/__tests__/platform-bin-resolve.test.ts[2m > [22mtryResolveFromPath[2m > [22mprobes /usr/local/bin when /opt/homebrew/bin has no binary
[31m   → expected null to be '/usr/local/bin/tmux' // Object.is equality[39m
 [32m✓[39m src/__tests__/platform-bin-resolve.test.ts[2m > [22mtryResolveFromPath[2m > [22mprobes the user-level install dirs (~/.local/bin native, ~/.bun/bin bun) -- the bootcamp/AVX-fallback layout
 [32m✓[39m src/__tests__/platform-bin-resolve.test.ts[2m > [22mtryResolveFromPath[2m > [22muser-level dirs win over system dirs (PATH-precedence parity)
 [32m✓[39m src/__tests__/platform-bin-resolve.test.ts[2m > [22mtryResolveFromPath[2m > [22mreturns null (does NOT throw) when the binary is absent everywhere
 [32m✓[39m src/__tests__/platform-bin-resolve.test.ts[2m > [22mtryResolveFromPath[2m > [22mrejects an invalid binary name before touching the shell
 [32m✓[39m src/__tests__/platform-bin-resolve.test.ts[2m > [22mresolveFromPath[2m > [22mthrows only when the binary is truly unresolvable
 [32m✓[39m src/__tests__/platform-bin-resolve.test.ts[2m > [22mmakeLazyBinResolver[2m > [22mdoes not resolve at construction time (safe during a boot-time PATH gap)
 [32m✓[39m src/__tests__/platform-bin-resolve.test.ts[2m > [22mmakeLazyBinResolver[2m > [22mresolves on first call and memoises while the cached path still exists
 [32m✓[39m src/__tests__/platform-bin-resolve.test.ts[2m > [22mmakeLazyBinResolver[2m > [22mre-resolves when the cached path disappears (binary moved / symlink repointed)
 [32m✓[39m src/__tests__/platform-bin-resolve.test.ts[2m > [22mmakeLazyBinResolver[2m > [22msurfaces the not-found error on first use, not at import
/bin/bash: C:Userspohi9AppDataLocalTempunitmaint-3YPZUrprobe.sh: No such file or directory
 [32m✓[39m src/__tests__/test-run-marker.test.ts[2m > [22mmarkIfTestRun[2m > [22mprefixes under a test runner and is idempotent
 [32m✓[39m src/__tests__/test-run-marker.test.ts[2m > [22mmarkIfTestRun[2m > [22mdoes not prefix in production (no VITEST, no NODE_ENV=test)
 [32m✓[39m src/__tests__/test-run-marker.test.ts[2m > [22mnotifyChannel / notifySecurityEvent funnel[2m > [22msends the message WITH the [TESZT] prefix under a test runner
 [32m✓[39m src/__tests__/test-run-marker.test.ts[2m > [22mnotifyChannel / notifySecurityEvent funnel[2m > [22msecurity events (break-glass reset path) are prefixed too
 [32m✓[39m src/__tests__/test-run-marker.test.ts[2m > [22mnotifyChannel / notifySecurityEvent funnel[2m > [22msends WITHOUT prefix in production
 [32m✓[39m src/__tests__/test-run-marker.test.ts[2m > [22mgetProvider wrapper (every provider send, not only notifyChannel)[2m > [22mmarks provider.sendMessage under a test runner
 [32m✓[39m src/__tests__/test-run-marker.test.ts[2m > [22mgetProvider wrapper (every provider send, not only notifyChannel)[2m > [22mdoes not mark provider.sendMessage in production
 [32m✓[39m src/__tests__/test-run-marker.test.ts[2m > [22msendTelegramMessage direct Bot API funnel (schedule-runner path)[2m > [22mprefixes under a test runner
 [32m✓[39m src/__tests__/test-run-marker.test.ts[2m > [22msendTelegramMessage direct Bot API funnel (schedule-runner path)[2m > [22mdoes not prefix in production
 [32m✓[39m src/__tests__/pane-writers-under-send-lock.test.ts[2m > [22mtryAcquireSessionSendLane: sync fail-closed acquire[2m > [22macquires a free lane and blocks recover-mode callers until released
 [32m✓[39m src/__tests__/pane-writers-under-send-lock.test.ts[2m > [22mtryAcquireSessionSendLane: sync fail-closed acquire[2m > [22mreturns null while an async holder owns the lane (fail-closed, never queues)
 [32m✓[39m src/__tests__/pane-writers-under-send-lock.test.ts[2m > [22mtryAcquireSessionSendLane: sync fail-closed acquire[2m > [22mrelease is idempotent: a double call cannot hand the lane to a phantom holder
 [32m✓[39m src/__tests__/pane-writers-under-send-lock.test.ts[2m > [22mtryAcquireSessionSendLane: sync fail-closed acquire[2m > [22mhands the lane to a queued deliver-mode waiter on release, not to a barger
 [32m✓[39m src/__tests__/pane-writers-under-send-lock.test.ts[2m > [22mtryAcquireSessionSendLane: sync fail-closed acquire[2m > [22mlane keys are host-scoped: a remote lane does not contend with the local one
 [32m✓[39m src/__tests__/pane-writers-under-send-lock.test.ts[2m > [22mevery unguarded pane writer routes through the send lane[2m > [22mchannel-mcp-reconnect takes the lane for the whole /mcp menu walk and releases in finally
 [32m✓[39m src/__tests__/pane-writers-under-send-lock.test.ts[2m > [22mevery unguarded pane writer routes through the send lane[2m > [22mchannel-plugin-unlock gates the keystroke fire on the lane and reuses its retry ladder
 [32m✓[39m src/__tests__/pane-writers-under-send-lock.test.ts[2m > [22mevery unguarded pane writer routes through the send lane[2m > [22mreauth-healer wraps the /login sequence in recover-mode and logs the skip
 [32m✓[39m src/__tests__/pane-writers-under-send-lock.test.ts[2m > [22mevery unguarded pane writer routes through the send lane[2m > [22magent-worker runs /clear + prompt-send as ONE deliver-mode span with a held inner send
 [31m×[39m src/__tests__/pane-writers-under-send-lock.test.ts[2m > [22mevery unguarded pane writer routes through the send lane[2m > [22mthe modal dismissals acquire the lane fail-closed, except when the caller already holds it
[31m   → expected -1 to be greater than -1[39m
/bin/bash: line 1: state: command not found
/bin/bash: line 1: state: command not found
/bin/bash: line 1: start_launchd_unit: command not found
 [32m✓[39m src/__tests__/agent-taskstate.test.ts[2m > [22mshouldReplayTaskState[2m > [22mreplays a fresh unconsumed record on compact
 [32m✓[39m src/__tests__/agent-taskstate.test.ts[2m > [22mshouldReplayTaskState[2m > [22mreplays on resume too
 [32m✓[39m src/__tests__/agent-taskstate.test.ts[2m > [22mshouldReplayTaskState[2m > [22mreplays on startup too (crash respawn mid-task)
 [32m✓[39m src/__tests__/agent-taskstate.test.ts[2m > [22mshouldReplayTaskState[2m > [22mdoes NOT replay an unknown source
 [32m✓[39m src/__tests__/agent-taskstate.test.ts[2m > [22mshouldReplayTaskState[2m > [22mdoes NOT replay an empty record on startup either
 [32m✓[39m src/__tests__/agent-taskstate.test.ts[2m > [22mshouldReplayTaskState[2m > [22mdoes NOT replay a consumed record on startup either
 [32m✓[39m src/__tests__/agent-taskstate.test.ts[2m > [22mshouldReplayTaskState[2m > [22mdoes NOT replay a consumed record
 [32m✓[39m src/__tests__/agent-taskstate.test.ts[2m > [22mshouldReplayTaskState[2m > [22mdoes NOT replay a null record
 [32m✓[39m src/__tests__/agent-taskstate.test.ts[2m > [22mshouldReplayTaskState[2m > [22mdoes NOT replay past the TTL (orphan)
 [32m✓[39m src/__tests__/agent-taskstate.test.ts[2m > [22mshouldReplayTaskState[2m > [22mreplays right up to the TTL boundary
 [32m✓[39m src/__tests__/agent-taskstate.test.ts[2m > [22mshouldReplayTaskState[2m > [22mdoes NOT replay an empty (no-task) record
 [32m✓[39m src/__tests__/agent-taskstate.test.ts[2m > [22misEmptyTaskState[2m > [22mtrue when no steps/delegations/next/pending
 [32m✓[39m src/__tests__/agent-taskstate.test.ts[2m > [22misEmptyTaskState[2m > [22mfalse when a nextAction exists
 [32m✓[39m src/__tests__/agent-taskstate.test.ts[2m > [22misEmptyTaskState[2m > [22mfalse when already-delegated exists (the re-delegation guard data)
 [32m✓[39m src/__tests__/agent-taskstate.test.ts[2m > [22mbuildTaskStateInjection[2m > [22mcarries the sentinel + structured do-not-resend lists
 [32m✓[39m src/__tests__/agent-taskstate.test.ts[2m > [22mtask-state store I/O[2m > [22mwrite -> read round-trips and arms (consumed=false, fresh ts)
 [32m✓[39m src/__tests__/agent-taskstate.test.ts[2m > [22mtask-state store I/O[2m > [22mmarkConsumed flips the flag so the next replay is suppressed
 [32m✓[39m src/__tests__/agent-taskstate.test.ts[2m > [22mtask-state store I/O[2m > [22msweepOrphanTaskStates drops a record older than the TTL
 [32m✓[39m src/__tests__/agent-taskstate.test.ts[2m > [22mtask-state store I/O[2m > [22msanitizes the agent name (no path traversal in the filename)
 [32m✓[39m src/__tests__/research-routes.test.ts[2m > [22mresearch routes[2m > [22mlists seeded docs for sub-agent and main agent
 [32m✓[39m src/__tests__/research-routes.test.ts[2m > [22mresearch routes[2m > [22mserves a single doc with content
 [32m✓[39m src/__tests__/research-routes.test.ts[2m > [22mresearch routes[2m > [22mrejects encoded path traversal in the file name
 [32m✓[39m src/__tests__/research-routes.test.ts[2m > [22mresearch routes[2m > [22mrejects traversal aimed at dotfiles outside research/
 [32m✓[39m src/__tests__/research-routes.test.ts[2m > [22mresearch routes[2m > [22mrejects non-.md file names
 [32m✓[39m src/__tests__/research-routes.test.ts[2m > [22mresearch routes[2m > [22mrejects unknown agents
 [32m✓[39m src/__tests__/research-routes.test.ts[2m > [22mresearch routes[2m > [22m404s on a missing but well-formed file name
 [32m✓[39m src/__tests__/research-routes.test.ts[2m > [22mresearch routes[2m > [22mignores non-research paths
/bin/bash: Z:\001_Workspace\Marveen\marveen\.claude\worktrees\antigravity-fleet-agent\scripts\skill-index.sh: No such file or directory
 [31m×[39m src/__tests__/tool-call-audit-metadata.test.ts[2m > [22mtool call audit metadata: agent_id, trace_id, duration_ms storage[2m > [22mstores agent_id, trace_id, and duration_ms and returns them via getRecentToolCalls
[31m   → The module '\\?\Z:\001_Workspace\Marveen\marveen\.claude\worktrees\antigravity-fleet-agent\node_modules\better-sqlite3\build\Release\better_sqlite3.node'
was compiled against a different Node.js version using
NODE_MODULE_VERSION 127. This version of Node.js requires
NODE_MODULE_VERSION 137. Please try re-compiling or re-installing
the module (for instance, using `npm rebuild` or `npm install`).[39m
 [31m×[39m src/__tests__/tool-call-audit-metadata.test.ts[2m > [22mtool call audit metadata: agent_id, trace_id, duration_ms storage[2m > [22mstores core fields alongside the audit fields
[31m   → The module '\\?\Z:\001_Workspace\Marveen\marveen\.claude\worktrees\antigravity-fleet-agent\node_modules\better-sqlite3\build\Release\better_sqlite3.node'
was compiled against a different Node.js version using
NODE_MODULE_VERSION 127. This version of Node.js requires
NODE_MODULE_VERSION 137. Please try re-compiling or re-installing
the module (for instance, using `npm rebuild` or `npm install`).[39m
 [31m×[39m src/__tests__/tool-call-audit-metadata.test.ts[2m > [22mtool call audit metadata: agent_id, trace_id, duration_ms storage[2m > [22maccepts null for all three audit fields (backward compat -- old hook callers)
[31m   → The module '\\?\Z:\001_Workspace\Marveen\marveen\.claude\worktrees\antigravity-fleet-agent\node_modules\better-sqlite3\build\Release\better_sqlite3.node'
was compiled against a different Node.js version using
NODE_MODULE_VERSION 127. This version of Node.js requires
NODE_MODULE_VERSION 137. Please try re-compiling or re-installing
the module (for instance, using `npm rebuild` or `npm install`).[39m
 [31m×[39m src/__tests__/tool-call-audit-metadata.test.ts[2m > [22mtool call audit metadata: agent_id, trace_id, duration_ms storage[2m > [22mtwo calls with different tool_use_ids produce distinct trace_ids
[31m   → The module '\\?\Z:\001_Workspace\Marveen\marveen\.claude\worktrees\antigravity-fleet-agent\node_modules\better-sqlite3\build\Release\better_sqlite3.node'
was compiled against a different Node.js version using
NODE_MODULE_VERSION 127. This version of Node.js requires
NODE_MODULE_VERSION 137. Please try re-compiling or re-installing
the module (for instance, using `npm rebuild` or `npm install`).[39m
 [31m×[39m src/__tests__/tool-call-audit-metadata.test.ts[2m > [22mtool call audit metadata: agent_id, trace_id, duration_ms storage[2m > [22mduration_ms is stored as an integer (not rounded or cast to string)
[31m   → The module '\\?\Z:\001_Workspace\Marveen\marveen\.claude\worktrees\antigravity-fleet-agent\node_modules\better-sqlite3\build\Release\better_sqlite3.node'
was compiled against a different Node.js version using
NODE_MODULE_VERSION 127. This version of Node.js requires
NODE_MODULE_VERSION 137. Please try re-compiling or re-installing
the module (for instance, using `npm rebuild` or `npm install`).[39m
 [31m×[39m src/__tests__/tool-call-audit-metadata.test.ts[2m > [22mtool call audit metadata: agent_id, trace_id, duration_ms storage[2m > [22mrows from multiple agents are independently labeled with correct trace_ids
[31m   → The module '\\?\Z:\001_Workspace\Marveen\marveen\.claude\worktrees\antigravity-fleet-agent\node_modules\better-sqlite3\build\Release\better_sqlite3.node'
was compiled against a different Node.js version using
NODE_MODULE_VERSION 127. This version of Node.js requires
NODE_MODULE_VERSION 137. Please try re-compiling or re-installing
the module (for instance, using `npm rebuild` or `npm install`).[39m
 [31m×[39m src/__tests__/tool-call-audit-metadata.test.ts[2m > [22mfix-revert guard: all three audit fields are load-bearing[2m > [22magent_id is non-null when explicitly provided
[31m   → The module '\\?\Z:\001_Workspace\Marveen\marveen\.claude\worktrees\antigravity-fleet-agent\node_modules\better-sqlite3\build\Release\better_sqlite3.node'
was compiled against a different Node.js version using
NODE_MODULE_VERSION 127. This version of Node.js requires
NODE_MODULE_VERSION 137. Please try re-compiling or re-installing
the module (for instance, using `npm rebuild` or `npm install`).[39m
 [31m×[39m src/__tests__/tool-call-audit-metadata.test.ts[2m > [22mfix-revert guard: all three audit fields are load-bearing[2m > [22mtrace_id is non-null when explicitly provided
[31m   → The module '\\?\Z:\001_Workspace\Marveen\marveen\.claude\worktrees\antigravity-fleet-agent\node_modules\better-sqlite3\build\Release\better_sqlite3.node'
was compiled against a different Node.js version using
NODE_MODULE_VERSION 127. This version of Node.js requires
NODE_MODULE_VERSION 137. Please try re-compiling or re-installing
the module (for instance, using `npm rebuild` or `npm install`).[39m
 [31m×[39m src/__tests__/tool-call-audit-metadata.test.ts[2m > [22mfix-revert guard: all three audit fields are load-bearing[2m > [22mduration_ms is non-null when explicitly provided
[31m   → The module '\\?\Z:\001_Workspace\Marveen\marveen\.claude\worktrees\antigravity-fleet-agent\node_modules\better-sqlite3\build\Release\better_sqlite3.node'
was compiled against a different Node.js version using
NODE_MODULE_VERSION 127. This version of Node.js requires
NODE_MODULE_VERSION 137. Please try re-compiling or re-installing
the module (for instance, using `npm rebuild` or `npm install`).[39m
/bin/bash: C:Userspohi9AppDataLocalTempunitmaint-9gCN88probe.sh: No such file or directory
 [32m✓[39m src/__tests__/update-unit-maintenance-order.test.ts[2m > [22munit maintenance runs before the up-to-date early exit[2m > [22mthe maintenance call precedes the early exit in file order
 [32m✓[39m src/__tests__/update-unit-maintenance-order.test.ts[2m > [22munit maintenance runs before the up-to-date early exit[2m > [22mno unit repair is left below the early exit
 [32m✓[39m src/__tests__/update-unit-maintenance-order.test.ts[2m > [22munit maintenance runs before the up-to-date early exit[2m > [22mboth repairs are wired into the single maintenance entry point
 [31m×[39m src/__tests__/update-unit-maintenance-order.test.ts[2m > [22mthe maintenance itself, executed for real[2m > [22mrepairs BOTH unit kinds in one pass[33m 551[2mms[22m[39m
[31m   → expected 127 to be +0 // Object.is equality[39m
 [31m×[39m src/__tests__/update-unit-maintenance-order.test.ts[2m > [22mthe maintenance itself, executed for real[2m > [22mis idempotent: the second pass changes nothing and says nothing[33m 1413[2mms[22m[39m
[31m   → expected 127 to be +0 // Object.is equality[39m
 [31m×[39m src/__tests__/update-unit-maintenance-order.test.ts[2m > [22mthe maintenance itself, executed for real[2m > [22msurvives a machine with no unit directory at all (macOS)[33m 788[2mms[22m[39m
[31m   → expected 127 to be +0 // Object.is equality[39m
/bin/bash: C:Userspohi9AppDataLocalTemptokenprobe-hJJn0oprobe.sh: No such file or directory
 [31m×[39m src/__tests__/remote-enroll-fs.test.ts[2m > [22menrollAuthorizedKey (filesystem)[2m > [22mcreates .ssh (0700) and authorized_keys (0600) when missing
[31m   → expected 438 to be 448 // Object.is equality[39m
 [32m✓[39m src/__tests__/remote-enroll-fs.test.ts[2m > [22menrollAuthorizedKey (filesystem)[2m > [22mappends and preserves an existing unrelated key byte-for-byte
 [32m✓[39m src/__tests__/remote-enroll-fs.test.ts[2m > [22menrollAuthorizedKey (filesystem)[2m > [22mreplaces by id on re-enrollment
 [31m×[39m src/__tests__/remote-enroll-fs.test.ts[2m > [22menrollAuthorizedKey (filesystem)[2m > [22mwarns when .ssh permissions are looser than 0700
[31m   → expected false to be true // Object.is equality[39m
 [31m×[39m src/__tests__/remote-enroll-fs.test.ts[2m > [22menrollAuthorizedKey (filesystem)[2m > [22mwarns when existing authorized_keys is looser than 0600 and rewrites 0600
[31m   → expected false to be true // Object.is equality[39m
 [32m✓[39m src/__tests__/remote-enroll-fs.test.ts[2m > [22menrollAuthorizedKey (filesystem)[2m > [22mleaves no temp files behind and removes the lockfile
 [32m✓[39m src/__tests__/remote-enroll-fs.test.ts[2m > [22menrollAuthorizedKey (filesystem)[2m > [22mfails fast when a fresh (non-stale) lockfile is held
 [32m✓[39m src/__tests__/remote-enroll-fs.test.ts[2m > [22menrollAuthorizedKey (filesystem)[2m > [22mbreaks a stale lock and proceeds
/bin/bash: line 1: apt_lock_holder: command not found
/bin/bash: line 1: _t: command not found
/bin/bash: line 1: _t: command not found
/bin/bash: line 1: _t: command not found
/bin/bash: line 1: apt_lock_holder: command not found
/bin/bash: line 1: _t: command not found
/bin/bash: line 1: _t: command not found
/bin/bash: line 1: _t: command not found
/bin/bash: line 1: _t: command not found
/bin/bash: line 1: _t: command not found
/bin/bash: line 1: _t: command not found
environment: line 12: [: : integer expression expected
environment: line 18: [: : integer expression expected
environment: line 21: [: : integer expression expected
 [31m×[39m src/__tests__/installer-whisper-optional.test.ts[2m > [22minstall-macos.sh: whisper is an optional dependency[2m > [22mcontinues the install when every whisper installer fails
[31m   → expected '' to contain 'REACHED_THE_END'[39m
 [31m×[39m src/__tests__/installer-whisper-optional.test.ts[2m > [22minstall-macos.sh: whisper is an optional dependency[2m > [22mtells the operator whisper was skipped instead of failing silently
[31m   → expected '' to match /whisper/[39m
 [32m✓[39m src/__tests__/installer-whisper-optional.test.ts[2m > [22minstall-macos.sh: whisper is an optional dependency[2m > [22mdoes not swallow the installer error that explains the skip
 [31m×[39m src/__tests__/installer-whisper-optional.test.ts[2m > [22minstall-macos.sh: whisper is an optional dependency[2m > [22mstill reports success when an installer works
[31m   → expected '' to contain 'REACHED_THE_END'[39m
 [31m×[39m src/__tests__/scheduled-task-kanban-waiting.test.ts[2m > [22mfindActiveKanbanCardByTitle[2m > [22mfinds an active card by exact title match
[31m   → The module '\\?\Z:\001_Workspace\Marveen\marveen\.claude\worktrees\antigravity-fleet-agent\node_modules\better-sqlite3\build\Release\better_sqlite3.node'
was compiled against a different Node.js version using
NODE_MODULE_VERSION 127. This version of Node.js requires
NODE_MODULE_VERSION 137. Please try re-compiling or re-installing
the module (for instance, using `npm rebuild` or `npm install`).[39m
 [31m×[39m src/__tests__/scheduled-task-kanban-waiting.test.ts[2m > [22mfindActiveKanbanCardByTitle[2m > [22mreturns undefined when no card matches the title
[31m   → The module '\\?\Z:\001_Workspace\Marveen\marveen\.claude\worktrees\antigravity-fleet-agent\node_modules\better-sqlite3\build\Release\better_sqlite3.node'
was compiled against a different Node.js version using
NODE_MODULE_VERSION 127. This version of Node.js requires
NODE_MODULE_VERSION 137. Please try re-compiling or re-installing
the module (for instance, using `npm rebuild` or `npm install`).[39m
 [31m×[39m src/__tests__/scheduled-task-kanban-waiting.test.ts[2m > [22mfindActiveKanbanCardByTitle[2m > [22mdoes not match archived cards
[31m   → The module '\\?\Z:\001_Workspace\Marveen\marveen\.claude\worktrees\antigravity-fleet-agent\node_modules\better-sqlite3\build\Release\better_sqlite3.node'
was compiled against a different Node.js version using
NODE_MODULE_VERSION 127. This version of Node.js requires
NODE_MODULE_VERSION 137. Please try re-compiling or re-installing
the module (for instance, using `npm rebuild` or `npm install`).[39m
 [31m×[39m src/__tests__/scheduled-task-kanban-waiting.test.ts[2m > [22mfindActiveKanbanCardByTitle[2m > [22mdoes not do partial or case-insensitive matching
[31m   → The module '\\?\Z:\001_Workspace\Marveen\marveen\.claude\worktrees\antigravity-fleet-agent\node_modules\better-sqlite3\build\Release\better_sqlite3.node'
was compiled against a different Node.js version using
NODE_MODULE_VERSION 127. This version of Node.js requires
NODE_MODULE_VERSION 137. Please try re-compiling or re-installing
the module (for instance, using `npm rebuild` or `npm install`).[39m
 [31m×[39m src/__tests__/scheduled-task-kanban-waiting.test.ts[2m > [22mmarkScheduledTaskKanbanWaiting[2m > [22mmoves the matching active card to waiting and returns its id
[31m   → The module '\\?\Z:\001_Workspace\Marveen\marveen\.claude\worktrees\antigravity-fleet-agent\node_modules\better-sqlite3\build\Release\better_sqlite3.node'
was compiled against a different Node.js version using
NODE_MODULE_VERSION 127. This version of Node.js requires
NODE_MODULE_VERSION 137. Please try re-compiling or re-installing
the module (for instance, using `npm rebuild` or `npm install`).[39m
 [31m×[39m src/__tests__/scheduled-task-kanban-waiting.test.ts[2m > [22mmarkScheduledTaskKanbanWaiting[2m > [22mreturns null and makes no changes when no card matches
[31m   → The module '\\?\Z:\001_Workspace\Marveen\marveen\.claude\worktrees\antigravity-fleet-agent\node_modules\better-sqlite3\build\Release\better_sqlite3.node'
was compiled against a different Node.js version using
NODE_MODULE_VERSION 127. This version of Node.js requires
NODE_MODULE_VERSION 137. Please try re-compiling or re-installing
the module (for instance, using `npm rebuild` or `npm install`).[39m
 [31m×[39m src/__tests__/scheduled-task-kanban-waiting.test.ts[2m > [22mmarkScheduledTaskKanbanWaiting[2m > [22mdoes NOT create a new kanban card when no matching card exists
[31m   → The module '\\?\Z:\001_Workspace\Marveen\marveen\.claude\worktrees\antigravity-fleet-agent\node_modules\better-sqlite3\build\Release\better_sqlite3.node'
was compiled against a different Node.js version using
NODE_MODULE_VERSION 127. This version of Node.js requires
NODE_MODULE_VERSION 137. Please try re-compiling or re-installing
the module (for instance, using `npm rebuild` or `npm install`).[39m
 [31m×[39m src/__tests__/scheduled-task-kanban-waiting.test.ts[2m > [22mmarkScheduledTaskKanbanWaiting[2m > [22mis a no-op for archived cards (does not revive them)
[31m   → The module '\\?\Z:\001_Workspace\Marveen\marveen\.claude\worktrees\antigravity-fleet-agent\node_modules\better-sqlite3\build\Release\better_sqlite3.node'
was compiled against a different Node.js version using
NODE_MODULE_VERSION 127. This version of Node.js requires
NODE_MODULE_VERSION 137. Please try re-compiling or re-installing
the module (for instance, using `npm rebuild` or `npm install`).[39m
 [31m×[39m src/__tests__/scheduled-task-kanban-waiting.test.ts[2m > [22mmarkScheduledTaskKanbanWaiting[2m > [22mrecords a status-transition event for auditing
[31m   → The module '\\?\Z:\001_Workspace\Marveen\marveen\.claude\worktrees\antigravity-fleet-agent\node_modules\better-sqlite3\build\Release\better_sqlite3.node'
was compiled against a different Node.js version using
NODE_MODULE_VERSION 127. This version of Node.js requires
NODE_MODULE_VERSION 137. Please try re-compiling or re-installing
the module (for instance, using `npm rebuild` or `npm install`).[39m
 [31m×[39m src/__tests__/scheduled-task-kanban-waiting.test.ts[2m > [22mmarkScheduledTaskKanbanWaiting[2m > [22mplaces the card at the end of the waiting column (sort_order after existing waiting cards)
[31m   → The module '\\?\Z:\001_Workspace\Marveen\marveen\.claude\worktrees\antigravity-fleet-agent\node_modules\better-sqlite3\build\Release\better_sqlite3.node'
was compiled against a different Node.js version using
NODE_MODULE_VERSION 127. This version of Node.js requires
NODE_MODULE_VERSION 137. Please try re-compiling or re-installing
the module (for instance, using `npm rebuild` or `npm install`).[39m
 [31m×[39m src/__tests__/scheduled-task-kanban-waiting.test.ts[2m > [22mfix-revert guard: kanban coupling is load-bearing[2m > [22mreturns the card id (not null) when a matching active card exists
[31m   → The module '\\?\Z:\001_Workspace\Marveen\marveen\.claude\worktrees\antigravity-fleet-agent\node_modules\better-sqlite3\build\Release\better_sqlite3.node'
was compiled against a different Node.js version using
NODE_MODULE_VERSION 127. This version of Node.js requires
NODE_MODULE_VERSION 137. Please try re-compiling or re-installing
the module (for instance, using `npm rebuild` or `npm install`).[39m
 [31m×[39m src/__tests__/scheduled-task-kanban-waiting.test.ts[2m > [22mfix-revert guard: kanban coupling is load-bearing[2m > [22mactually changes the card status (not just returns an id)
[31m   → The module '\\?\Z:\001_Workspace\Marveen\marveen\.claude\worktrees\antigravity-fleet-agent\node_modules\better-sqlite3\build\Release\better_sqlite3.node'
was compiled against a different Node.js version using
NODE_MODULE_VERSION 127. This version of Node.js requires
NODE_MODULE_VERSION 137. Please try re-compiling or re-installing
the module (for instance, using `npm rebuild` or `npm install`).[39m
 [32m✓[39m src/__tests__/agent-scaffold-tasks.test.ts[2m > [22mensureDefaultScheduledTasks JSON-rewrite (task-config.json)[2m > [22mrewrites the agent field to MAIN_AGENT_ID on a hardcoded "marveen" config
 [32m✓[39m src/__tests__/agent-scaffold-tasks.test.ts[2m > [22mensureDefaultScheduledTasks JSON-rewrite (task-config.json)[2m > [22mrewrites even when the source agent is already the host MAIN_AGENT_ID
 [32m✓[39m src/__tests__/agent-scaffold-tasks.test.ts[2m > [22mensureDefaultScheduledTasks JSON-rewrite (task-config.json)[2m > [22mleaves the agent field missing when the source has no agent key
 [32m✓[39m src/__tests__/agent-scaffold-tasks.test.ts[2m > [22mensureDefaultScheduledTasks JSON-rewrite (task-config.json)[2m > [22mfalls back to a byte copy when the source is not valid JSON
 [32m✓[39m src/__tests__/agent-scaffold-tasks.test.ts[2m > [22mensureDefaultScheduledTasks JSON-rewrite (task-config.json)[2m > [22mpreserves non-agent string fields containing the literal "marveen"
/bin/bash: C:Userspohi9AppDataLocalTempseedrefresh-Yo2XTHinstallprobe.sh: No such file or directory
/bin/bash: Z:\001_Workspace\Marveen\marveen\.claude\worktrees\antigravity-fleet-agent\scripts\skill-index.sh: No such file or directory
 [31m×[39m src/__tests__/owner-chat-fresh-install.test.ts[2m > [22mfresh wizard install (no usable ALLOWED_CHAT_ID, channel paired)[2m > [22msends the new-agent welcome to the REAL chat, and never to the placeholder
[31m   → the welcome message must actually be sent: expected 0 to be greater than 0[39m
 [32m✓[39m src/__tests__/owner-chat-fresh-install.test.ts[2m > [22mfresh wizard install (no usable ALLOWED_CHAT_ID, channel paired)[2m > [22mwith no pairing at all, it sends NOTHING rather than a doomed request
 [2m[90m↓[39m[22m src/__tests__/channel-request.test.ts[2m > [22mupsertChannelRequest[2m > [22minserts a new pending request
 [2m[90m↓[39m[22m src/__tests__/channel-request.test.ts[2m > [22mupsertChannelRequest[2m > [22mdeduplicates pending requests for same agent+channel
 [2m[90m↓[39m[22m src/__tests__/channel-request.test.ts[2m > [22mupsertChannelRequest[2m > [22mallows same channel for different agents
 [2m[90m↓[39m[22m src/__tests__/channel-request.test.ts[2m > [22mupsertChannelRequest[2m > [22mblocks re-entry for recently denied channels (7-day window)
 [2m[90m↓[39m[22m src/__tests__/channel-request.test.ts[2m > [22mupsertChannelRequest[2m > [22mallows re-entry for denied channels after 7 days
 [2m[90m↓[39m[22m src/__tests__/channel-request.test.ts[2m > [22mupsertChannelRequest[2m > [22mallows re-entry for approved channels (new pending)
 [2m[90m↓[39m[22m src/__tests__/channel-request.test.ts[2m > [22mupdateChannelRequestStatus[2m > [22msets resolved_at when approving
 [2m[90m↓[39m[22m src/__tests__/channel-request.test.ts[2m > [22mupdateChannelRequestStatus[2m > [22msets resolved_at when denying
 [2m[90m↓[39m[22m src/__tests__/channel-request.test.ts[2m > [22mupdateChannelRequestStatus[2m > [22mreturns false for non-existent id
 [2m[90m↓[39m[22m src/__tests__/channel-request.test.ts[2m > [22mupdateChannelRequestStatus[2m > [22mreturns false for already resolved request
 [2m[90m↓[39m[22m src/__tests__/channel-request.test.ts[2m > [22mupdateChannelRequestName[2m > [22msets channel name on existing request
 [2m[90m↓[39m[22m src/__tests__/channel-request.test.ts[2m > [22maudit log parsing (algorithm)[2m > [22mparses gate.inbound.drop with botMentioned
 [2m[90m↓[39m[22m src/__tests__/channel-request.test.ts[2m > [22maudit log parsing (algorithm)[2m > [22mignores lines without botMentioned
 [2m[90m↓[39m[22m src/__tests__/channel-request.test.ts[2m > [22maudit log parsing (algorithm)[2m > [22mhandles malformed JSON gracefully
/bin/bash: C:Userspohi9AppDataLocalTemptokenprobe-AWbu2oprobe.sh: No such file or directory
 [32m✓[39m src/__tests__/model-fallback.test.ts[2m > [22mdetectsUsageLimit[2m > [22mmatches Claude plan usage-limit banners in the live region
 [32m✓[39m src/__tests__/model-fallback.test.ts[2m > [22mdetectsUsageLimit[2m > [22mdoes NOT match a transient API 429 / generic rate limit
 [32m✓[39m src/__tests__/model-fallback.test.ts[2m > [22mdetectsUsageLimit[2m > [22mignores the phrase when it is only up in scrollback, not the live region
 [32m✓[39m src/__tests__/model-fallback.test.ts[2m > [22mdetectsUsageLimit[2m > [22mreturns false for empty / whitespace panes
 [32m✓[39m src/__tests__/model-fallback.test.ts[2m > [22mnextFallbackModel[2m > [22mwalks one step down the chain
 [32m✓[39m src/__tests__/model-fallback.test.ts[2m > [22mnextFallbackModel[2m > [22mreturns null at the bottom
 [32m✓[39m src/__tests__/model-fallback.test.ts[2m > [22mnextFallbackModel[2m > [22mtreats an unknown current model as the primary
 [32m✓[39m src/__tests__/model-fallback.test.ts[2m > [22mnextFallbackModel[2m > [22mreturns null for a degenerate chain
 [32m✓[39m src/__tests__/model-fallback.test.ts[2m > [22mdecideModelAction[2m > [22mdowngrades when a limit is detected and a lower model exists
 [32m✓[39m src/__tests__/model-fallback.test.ts[2m > [22mdecideModelAction[2m > [22mdoes nothing when limited at the bottom of the chain
 [32m✓[39m src/__tests__/model-fallback.test.ts[2m > [22mdecideModelAction[2m > [22mreverts to the primary after the window once limit-free
 [32m✓[39m src/__tests__/model-fallback.test.ts[2m > [22mdecideModelAction[2m > [22mdoes not revert before the window elapses
 [32m✓[39m src/__tests__/model-fallback.test.ts[2m > [22mdecideModelAction[2m > [22mdoes nothing when on the primary and limit-free
 [32m✓[39m src/__tests__/model-fallback.test.ts[2m > [22mdecideModelAction[2m > [22mdoes not re-revert when already back on the primary
 [32m✓[39m src/__tests__/model-fallback.test.ts[2m > [22mnormalizeModelFallbackConfig[2m > [22mdefaults on junk input
 [32m✓[39m src/__tests__/model-fallback.test.ts[2m > [22mnormalizeModelFallbackConfig[2m > [22mhonors a valid override
 [32m✓[39m src/__tests__/model-fallback.test.ts[2m > [22mnormalizeModelFallbackConfig[2m > [22mrejects a too-short chain and non-string entries
 [32m✓[39m src/__tests__/model-fallback.test.ts[2m > [22mnormalizeModelFallbackConfig[2m > [22mrejects a non-positive revert window
 [32m✓[39m src/__tests__/installer-service-auth-gate.test.ts[2m > [22minstall-linux.sh -- service-side auth gate[2m > [22mis FALSE on a bare install (no .env, no fleet token)
 [32m✓[39m src/__tests__/installer-service-auth-gate.test.ts[2m > [22minstall-linux.sh -- service-side auth gate[2m > [22mis FALSE when .env exists but carries no auth key
 [32m✓[39m src/__tests__/installer-service-auth-gate.test.ts[2m > [22minstall-linux.sh -- service-side auth gate[2m > [22mis FALSE when the auth key is present but EMPTY (the skipped-prompt case)[33m 364[2mms[22m[39m
 [31m×[39m src/__tests__/installer-service-auth-gate.test.ts[2m > [22minstall-linux.sh -- service-side auth gate[2m > [22mis TRUE when .env carries an OAuth token[33m 384[2mms[22m[39m
[31m   → expected false to be true // Object.is equality[39m
 [31m×[39m src/__tests__/installer-service-auth-gate.test.ts[2m > [22minstall-linux.sh -- service-side auth gate[2m > [22mis TRUE when .env carries an API key instead[33m 340[2mms[22m[39m
[31m   → expected false to be true // Object.is equality[39m
 [31m×[39m src/__tests__/installer-service-auth-gate.test.ts[2m > [22minstall-linux.sh -- service-side auth gate[2m > [22mis TRUE on the fleet token file alone (sub-agent isolation path)[33m 322[2mms[22m[39m
[31m   → expected false to be true // Object.is equality[39m
 [32m✓[39m src/__tests__/installer-service-auth-gate.test.ts[2m > [22minstall-linux.sh -- service-side auth gate[2m > [22mis FALSE when the fleet token file exists but is EMPTY
 [32m✓[39m src/__tests__/installer-service-auth-gate.test.ts[2m > [22minstall-linux.sh -- service-side auth gate[2m > [22mnever consults ~/.claude, the Keychain, or an exported env token
 [32m✓[39m src/__tests__/installer-service-auth-gate.test.ts[2m > [22minstall-linux.sh -- service-side auth gate[2m > [22mdeclares a three-state auth verdict and defaults to BROKEN
 [32m✓[39m src/__tests__/installer-service-auth-gate.test.ts[2m > [22minstall-linux.sh -- service-side auth gate[2m > [22mprobes with an ISOLATED config dir so ambient credentials cannot fake health
 [32m✓[39m src/__tests__/installer-service-auth-gate.test.ts[2m > [22minstall-linux.sh -- service-side auth gate[2m > [22mrepeats the verdict at the very end when auth is not OK
 [32m✓[39m src/__tests__/installer-service-auth-gate.test.ts[2m > [22minstall-linux.sh -- service-side auth gate[2m > [22mcaptures the probe exit WITHOUT a pipe, so it is claude's own status
 [32m✓[39m src/__tests__/installer-service-auth-gate.test.ts[2m > [22minstall-macos.sh -- service-side auth gate[2m > [22mis FALSE on a bare install (no .env, no fleet token)[33m 330[2mms[22m[39m
 [32m✓[39m src/__tests__/installer-service-auth-gate.test.ts[2m > [22minstall-macos.sh -- service-side auth gate[2m > [22mis FALSE when .env exists but carries no auth key[33m 315[2mms[22m[39m
 [32m✓[39m src/__tests__/installer-service-auth-gate.test.ts[2m > [22minstall-macos.sh -- service-side auth gate[2m > [22mis FALSE when the auth key is present but EMPTY (the skipped-prompt case)
 [31m×[39m src/__tests__/installer-service-auth-gate.test.ts[2m > [22minstall-macos.sh -- service-side auth gate[2m > [22mis TRUE when .env carries an OAuth token
[31m   → expected false to be true // Object.is equality[39m
 [31m×[39m src/__tests__/installer-service-auth-gate.test.ts[2m > [22minstall-macos.sh -- service-side auth gate[2m > [22mis TRUE when .env carries an API key instead
[31m   → expected false to be true // Object.is equality[39m
 [31m×[39m src/__tests__/installer-service-auth-gate.test.ts[2m > [22minstall-macos.sh -- service-side auth gate[2m > [22mis TRUE on the fleet token file alone (sub-agent isolation path)[33m 317[2mms[22m[39m
[31m   → expected false to be true // Object.is equality[39m
 [32m✓[39m src/__tests__/installer-service-auth-gate.test.ts[2m > [22minstall-macos.sh -- service-side auth gate[2m > [22mis FALSE when the fleet token file exists but is EMPTY
 [32m✓[39m src/__tests__/installer-service-auth-gate.test.ts[2m > [22minstall-macos.sh -- service-side auth gate[2m > [22mnever consults ~/.claude, the Keychain, or an exported env token
 [32m✓[39m src/__tests__/installer-service-auth-gate.test.ts[2m > [22minstall-macos.sh -- service-side auth gate[2m > [22mdeclares a three-state auth verdict and defaults to BROKEN
 [32m✓[39m src/__tests__/installer-service-auth-gate.test.ts[2m > [22minstall-macos.sh -- service-side auth gate[2m > [22mprobes with an ISOLATED config dir so ambient credentials cannot fake health
 [32m✓[39m src/__tests__/installer-service-auth-gate.test.ts[2m > [22minstall-macos.sh -- service-side auth gate[2m > [22mrepeats the verdict at the very end when auth is not OK
 [32m✓[39m src/__tests__/installer-service-auth-gate.test.ts[2m > [22minstall-macos.sh -- service-side auth gate[2m > [22mcaptures the probe exit WITHOUT a pipe, so it is claude's own status
 [31m×[39m src/__tests__/installer-service-auth-gate.test.ts[2m > [22mthe PIPESTATUS trap is real (guards the premise of the test above)[2m > [22m$? after `VAR=$(cmd | head)` reports head -- and PIPESTATUS does NOT rescue it[33m 637[2mms[22m[39m
[31m   → expected '' to be '0' // Object.is equality[39m
 [31m×[39m src/__tests__/installer-service-auth-gate.test.ts[2m > [22mboth installers stay parseable[2m > [22mbash -n install-linux.sh[33m 578[2mms[22m[39m
[31m   → expected [Function] to not throw an error but 'Error: Command failed: bash -n Z:\001…' was thrown[39m
 [31m×[39m src/__tests__/installer-service-auth-gate.test.ts[2m > [22mboth installers stay parseable[2m > [22mbash -n install-macos.sh[33m 868[2mms[22m[39m
[31m   → expected [Function] to not throw an error but 'Error: Command failed: bash -n Z:\001…' was thrown[39m
 [32m✓[39m src/__tests__/pending-retries.test.ts[2m > [22mshouldSendAlert[2m > [22mreturns false when no time has passed
 [32m✓[39m src/__tests__/pending-retries.test.ts[2m > [22mshouldSendAlert[2m > [22mreturns false while the waiting window is below the threshold
 [32m✓[39m src/__tests__/pending-retries.test.ts[2m > [22mshouldSendAlert[2m > [22mreturns false exactly at the threshold (strict >)
 [32m✓[39m src/__tests__/pending-retries.test.ts[2m > [22mshouldSendAlert[2m > [22mreturns true once the waiting window exceeds the threshold
 [32m✓[39m src/__tests__/pending-retries.test.ts[2m > [22mshouldSendAlert[2m > [22mreturns false if an alert was already sent
 [32m✓[39m src/__tests__/pending-retries.test.ts[2m > [22mshouldSendAlert[2m > [22muses the default threshold (1 hour) when not supplied
 [32m✓[39m src/__tests__/pending-retries.test.ts[2m > [22mshouldSendAlert[2m > [22mreturns false if firstAttempt is zero / non-positive (corrupt row)
 [32m✓[39m src/__tests__/pending-retries.test.ts[2m > [22mshouldSendAlert[2m > [22mreturns false if now < firstAttempt (clock skew or bad input)
 [32m✓[39m src/__tests__/pending-retries.test.ts[2m > [22mshouldSendAlert[2m > [22mreturns false on non-finite inputs
 [32m✓[39m src/__tests__/pending-retries.test.ts[2m > [22mtoPendingRetryView[2m > [22mmaps snake_case DB fields to camelCase UI view
 [32m✓[39m src/__tests__/pending-retries.test.ts[2m > [22mtoPendingRetryView[2m > [22mderives ageMs as now - firstAttempt, clamped at zero
 [32m✓[39m src/__tests__/pending-retries.test.ts[2m > [22mtoPendingRetryView[2m > [22msets alertDue=true once past the threshold and no alert yet
 [32m✓[39m src/__tests__/pending-retries.test.ts[2m > [22mtoPendingRetryView[2m > [22msets alertDue=false if an alert was already sent
 [32m✓[39m src/__tests__/pending-retries.test.ts[2m > [22mtoPendingRetryView[2m > [22mhonors a custom threshold
 [32m✓[39m src/__tests__/pending-retries.test.ts[2m > [22mclassifyTelegramSendError[2m > [22mtreats a bare network error (no HTTP status) as transient
 [32m✓[39m src/__tests__/pending-retries.test.ts[2m > [22mclassifyTelegramSendError[2m > [22mtreats 429 (rate limited) as transient
 [32m✓[39m src/__tests__/pending-retries.test.ts[2m > [22mclassifyTelegramSendError[2m > [22mtreats 5xx as transient
 [32m✓[39m src/__tests__/pending-retries.test.ts[2m > [22mclassifyTelegramSendError[2m > [22mtreats 400 (bad chat_id) as permanent
 [32m✓[39m src/__tests__/pending-retries.test.ts[2m > [22mclassifyTelegramSendError[2m > [22mtreats 401/403/404 (bad or blocked token) as permanent
/bin/bash: Z:\001_Workspace\Marveen\marveen\.claude\worktrees\antigravity-fleet-agent\scripts\skill-index.sh: No such file or directory
 [31m×[39m src/__tests__/costops-api.test.ts[2m > [22mcostops API (route smoke)[2m > [22mGET /api/costs/summary returns a well-formed read-only summary
[31m   → The module '\\?\Z:\001_Workspace\Marveen\marveen\.claude\worktrees\antigravity-fleet-agent\node_modules\better-sqlite3\build\Release\better_sqlite3.node'
was compiled against a different Node.js version using
NODE_MODULE_VERSION 127. This version of Node.js requires
NODE_MODULE_VERSION 137. Please try re-compiling or re-installing
the module (for instance, using `npm rebuild` or `npm install`).[39m
 [31m×[39m src/__tests__/costops-api.test.ts[2m > [22mcostops API (route smoke)[2m > [22mGET /api/costs/sources returns an array
[31m   → The module '\\?\Z:\001_Workspace\Marveen\marveen\.claude\worktrees\antigravity-fleet-agent\node_modules\better-sqlite3\build\Release\better_sqlite3.node'
was compiled against a different Node.js version using
NODE_MODULE_VERSION 127. This version of Node.js requires
NODE_MODULE_VERSION 137. Please try re-compiling or re-installing
the module (for instance, using `npm rebuild` or `npm install`).[39m
 [31m×[39m src/__tests__/costops-api.test.ts[2m > [22mcostops API (route smoke)[2m > [22mfalls through (returns false) for unrelated paths
[31m   → The module '\\?\Z:\001_Workspace\Marveen\marveen\.claude\worktrees\antigravity-fleet-agent\node_modules\better-sqlite3\build\Release\better_sqlite3.node'
was compiled against a different Node.js version using
NODE_MODULE_VERSION 127. This version of Node.js requires
NODE_MODULE_VERSION 137. Please try re-compiling or re-installing
the module (for instance, using `npm rebuild` or `npm install`).[39m
 [31m×[39m src/__tests__/costops-api.test.ts[2m > [22mcostops API (route smoke)[2m > [22mGET /api/costs/summary is read-only (review blocker regression)[2m > [22mnever inserts into cost_line_items/cost_sources, even with a real fixed cost configured
[31m   → The module '\\?\Z:\001_Workspace\Marveen\marveen\.claude\worktrees\antigravity-fleet-agent\node_modules\better-sqlite3\build\Release\better_sqlite3.node'
was compiled against a different Node.js version using
NODE_MODULE_VERSION 127. This version of Node.js requires
NODE_MODULE_VERSION 137. Please try re-compiling or re-installing
the module (for instance, using `npm rebuild` or `npm install`).[39m
 [31m×[39m src/__tests__/costops-api.test.ts[2m > [22mcostops API (route smoke)[2m > [22mGET /api/costs/summary is read-only (review blocker regression)[2m > [22mstartCostsSyncTask() is where the write actually happens, and it works
[31m   → The module '\\?\Z:\001_Workspace\Marveen\marveen\.claude\worktrees\antigravity-fleet-agent\node_modules\better-sqlite3\build\Release\better_sqlite3.node'
was compiled against a different Node.js version using
NODE_MODULE_VERSION 127. This version of Node.js requires
NODE_MODULE_VERSION 137. Please try re-compiling or re-installing
the module (for instance, using `npm rebuild` or `npm install`).[39m
 [32m✓[39m src/__tests__/messages-view-display-name.test.ts[2m > [22mMessages view maps the main agent id to BOT_NAME (regression #519/#520)[2m > [22mshows the BOT_NAME from /api/marveen for the main agent, not the routing id
 [32m✓[39m src/__tests__/messages-view-display-name.test.ts[2m > [22mMessages view maps the main agent id to BOT_NAME (regression #519/#520)[2m > [22mpasses every other agent id through unchanged (they already carry a human name)
 [32m✓[39m src/__tests__/messages-view-display-name.test.ts[2m > [22mMessages view maps the main agent id to BOT_NAME (regression #519/#520)[2m > [22mfalls back to _brandTokens.bot when _marveen has not resolved yet
 [32m✓[39m src/__tests__/messages-view-display-name.test.ts[2m > [22mMessages view maps the main agent id to BOT_NAME (regression #519/#520)[2m > [22mfalls back to the routing id when no brand info is available (no crash, no empty label)
 [32m✓[39m src/__tests__/messages-view-display-name.test.ts[2m > [22mMessages view maps the main agent id to BOT_NAME (regression #519/#520)[2m > [22mleaves a stock (unrenamed) install reading "Marveen", never the "marveen" slug
 [32m✓[39m src/__tests__/messages-view-display-name.test.ts[2m > [22mMessages view wiring: all four display points route through chatDisplayName[2m > [22mthe thread-sidebar item label uses chatDisplayName(name)
 [32m✓[39m src/__tests__/messages-view-display-name.test.ts[2m > [22mMessages view wiring: all four display points route through chatDisplayName[2m > [22mthe thread header label uses chatDisplayName(agentName)
 [32m✓[39m src/__tests__/messages-view-display-name.test.ts[2m > [22mMessages view wiring: all four display points route through chatDisplayName[2m > [22mthe compose placeholder uses chatDisplayName(agentName)
 [32m✓[39m src/__tests__/messages-view-display-name.test.ts[2m > [22mMessages view wiring: all four display points route through chatDisplayName[2m > [22mthe message-bubble sender label renders senderLabel derived from chatDisplayName, not the raw id
 [32m✓[39m src/__tests__/config-app-tz.test.ts[2m > [22mresolveAppTz[2m > [22maccepts a valid configured zone and reports it as configured
 [32m✓[39m src/__tests__/config-app-tz.test.ts[2m > [22mresolveAppTz[2m > [22mfalls back to the system zone when unset, with no configured marker
 [32m✓[39m src/__tests__/config-app-tz.test.ts[2m > [22mresolveAppTz[2m > [22mrejects a misspelled zone and reports the rejected value
 [32m✓[39m src/__tests__/config-app-tz.test.ts[2m > [22mresolveAppTz[2m > [22mdoes not report a rejected zone as configured (the reporter must not claim it won)
 [32m✓[39m src/__tests__/config-app-tz.test.ts[2m > [22mresolveAppTz[2m > [22muses the real process zone as the default second argument
 [32m✓[39m src/__tests__/config-app-tz.test.ts[2m > [22mthe probe agrees with the consumer[2m > [22maccepts "Europe/Budapest" because cron-parser does
 [32m✓[39m src/__tests__/config-app-tz.test.ts[2m > [22mthe probe agrees with the consumer[2m > [22maccepts "UTC" because cron-parser does
 [32m✓[39m src/__tests__/config-app-tz.test.ts[2m > [22mthe probe agrees with the consumer[2m > [22maccepts "Etc/GMT-2" because cron-parser does
 [32m✓[39m src/__tests__/config-app-tz.test.ts[2m > [22mthe probe agrees with the consumer[2m > [22mrejects what cron-parser rejects
 [32m✓[39m src/__tests__/config-app-tz.test.ts[2m > [22mthe probe agrees with the consumer[2m > [22mmatches cron-parser on an engine-dependent input, whichever way it goes
 [32m✓[39m src/__tests__/config-app-tz.test.ts[2m > [22mthe outage the validation prevents[2m > [22mcronDueBetween swallows an unknown-zone throw into a permanent "not due"
 [32m✓[39m src/__tests__/config-app-tz.test.ts[2m > [22mthe outage the validation prevents[2m > [22mthe validated zone keeps that same occurrence firing
 [32m✓[39m src/__tests__/installer-auth-deferred-marker.test.ts[2m > [22mdeliberate auth skip is recorded, not inferred[2m > [22msets the flag in the SKIP branch, not anywhere else
 [31m×[39m src/__tests__/installer-auth-deferred-marker.test.ts[2m > [22mdeliberate auth skip is recorded, not inferred[2m > [22mpersists the flag AFTER the decision, and only when it was made
[31m   → spawnSync /bin/bash ENOENT[39m
 [32m✓[39m src/__tests__/installer-auth-deferred-marker.test.ts[2m > [22mdeliberate auth skip is recorded, not inferred[2m > [22mis never derived from missing credentials
 [32m✓[39m src/__tests__/installer-auth-deferred-marker.test.ts[2m > [22mdeliberate auth skip is recorded, not inferred[2m > [22ma failed token attempt does NOT set the flag
/bin/bash: C:Userspohi9AppDataLocalTemptokenprobe-wOW1efprobe.sh: No such file or directory
 [32m✓[39m src/__tests__/approvals-prompt-contract.test.ts[2m > [22magent-scaffold.ts buildAutonomyBody: approval wiring content[2m > [22mautonomy section header is in the function body
 [32m✓[39m src/__tests__/approvals-prompt-contract.test.ts[2m > [22magent-scaffold.ts buildAutonomyBody: approval wiring content[2m > [22mreferences autonomy-config.json so agents know where to read the level
 [32m✓[39m src/__tests__/approvals-prompt-contract.test.ts[2m > [22magent-scaffold.ts buildAutonomyBody: approval wiring content[2m > [22mlevel 1 rule says notify and stop -- not queue an approval
 [32m✓[39m src/__tests__/approvals-prompt-contract.test.ts[2m > [22magent-scaffold.ts buildAutonomyBody: approval wiring content[2m > [22mlevel 2 rule instructs POST /api/approvals before acting
 [32m✓[39m src/__tests__/approvals-prompt-contract.test.ts[2m > [22magent-scaffold.ts buildAutonomyBody: approval wiring content[2m > [22mlevel 2 includes GET polling for the approval decision
 [32m✓[39m src/__tests__/approvals-prompt-contract.test.ts[2m > [22magent-scaffold.ts buildAutonomyBody: approval wiring content[2m > [22mlevel 3 means act then report -- no approval API call
 [32m✓[39m src/__tests__/approvals-prompt-contract.test.ts[2m > [22magent-scaffold.ts buildAutonomyBody: approval wiring content[2m > [22mapproval request uses the agent name parameter, not a hardcoded id
 [32m✓[39m src/__tests__/approvals-prompt-contract.test.ts[2m > [22magent-scaffold.ts buildAutonomyBody: approval wiring content[2m > [22mAUTONOMY_BEGIN and AUTONOMY_END markers are defined and used in generateClaudeMd
 [32m✓[39m src/__tests__/approvals-prompt-contract.test.ts[2m > [22magent-scaffold.ts buildAutonomyBody: approval wiring content[2m > [22mensureAutonomySection is exported and calls atomicWriteFileSync
 [32m✓[39m src/__tests__/wizard-rename.test.ts[2m > [22mcurrentBotName / currentBrandName (fresh per-call reads)[2m > [22mreflects a post-import BOT_NAME change without a restart, while the module const stays frozen
 [32m✓[39m src/__tests__/wizard-rename.test.ts[2m > [22mcurrentBotName / currentBrandName (fresh per-call reads)[2m > [22mfalls brandName back to the current bot name when BRAND_NAME is unset
 [32m✓[39m src/__tests__/wizard-rename.test.ts[2m > [22mcurrentBotName / currentBrandName (fresh per-call reads)[2m > [22muses an explicit BRAND_NAME over the bot name, and ignores a blank one
 [32m✓[39m src/__tests__/wizard-rename.test.ts[2m > [22mcurrentBotName / currentBrandName (fresh per-call reads)[2m > [22mfalls back to the boot-time name when the .env line is missing
/bin/bash: line 1: state: command not found
/bin/bash: line 1: state: command not found
/bin/bash: line 1: start_launchd_unit: command not found
 [32m✓[39m src/__tests__/owner-chat.test.ts[2m > [22mnormalizeChatId[2m > [22mtreats the installer placeholder as NOT SET
 [32m✓[39m src/__tests__/owner-chat.test.ts[2m > [22mnormalizeChatId[2m > [22mkeeps real chat ids, including negative group ids
 [32m✓[39m src/__tests__/owner-chat.test.ts[2m > [22mresolveOwnerChatId[2m > [22mprefers an explicitly configured chat id (pre-wizard installs are unchanged)
 [32m✓[39m src/__tests__/owner-chat.test.ts[2m > [22mresolveOwnerChatId[2m > [22mfalls back to the paired channel when .env holds the placeholder
 [32m✓[39m src/__tests__/owner-chat.test.ts[2m > [22mresolveOwnerChatId[2m > [22maccepts a numeric allowlist entry, and skips a placeholder inside it
 [32m✓[39m src/__tests__/owner-chat.test.ts[2m > [22mresolveOwnerChatId[2m > [22mfalls back to an allowed group when there is no DM entry
 [32m✓[39m src/__tests__/owner-chat.test.ts[2m > [22mresolveOwnerChatId[2m > [22mreturns null when this install genuinely has no owner chat
 [32m✓[39m src/__tests__/owner-chat.test.ts[2m > [22mresolveOwnerChatId[2m > [22mNEVER returns the placeholder, whatever the inputs
/bin/bash: Z:\001_Workspace\Marveen\marveen\.claude\worktrees\antigravity-fleet-agent\scripts\skill-index.sh: No such file or directory
 [32m✓[39m src/__tests__/agent-scaffold-claude-md-prompt.test.ts[2m > [22mgenerateClaudeMd: stranger-sender ARANYSZABÁLY block is bot-name agnostic[2m > [22msubstitutes BOT_NAME for the display name (no literal "Marveennek")
 [32m✓[39m src/__tests__/agent-scaffold-claude-md-prompt.test.ts[2m > [22mgenerateClaudeMd: stranger-sender ARANYSZABÁLY block is bot-name agnostic[2m > [22msubstitutes MAIN_AGENT_ID for the inter-agent routing target (no literal "to":"marveen")
 [32m✓[39m src/__tests__/agent-scaffold-claude-md-prompt.test.ts[2m > [22mgenerateClaudeMd: stranger-sender ARANYSZABÁLY block is bot-name agnostic[2m > [22mimports BOT_NAME from config so the substitution actually resolves
 [32m✓[39m src/__tests__/agent-scaffold-claude-md-prompt.test.ts[2m > [22mdeferred MCP tool hint (FLEETDEFER809)[2m > [22mthe shared scaffold teaches select-then-keyword ToolSearch before claiming absence
 [32m✓[39m src/__tests__/message-router-tick-cap.test.ts[2m > [22mmessage router per-tick work cap[2m > [22mprocesses at most MAX_MESSAGES_PER_TICK messages in one tick
 [32m✓[39m src/__tests__/message-router-tick-cap.test.ts[2m > [22mmessage router per-tick work cap[2m > [22mprocesses all messages when the backlog is under the cap
 [31m×[39m src/__tests__/approvals-notify.test.ts[2m > [22mapprovals notification target[2m > [22msends the inter-agent notification to MAIN_AGENT_ID, not a hardcoded agent id
[31m   → The module '\\?\Z:\001_Workspace\Marveen\marveen\.claude\worktrees\antigravity-fleet-agent\node_modules\better-sqlite3\build\Release\better_sqlite3.node'
was compiled against a different Node.js version using
NODE_MODULE_VERSION 127. This version of Node.js requires
NODE_MODULE_VERSION 137. Please try re-compiling or re-installing
the module (for instance, using `npm rebuild` or `npm install`).[39m
 [31m×[39m src/__tests__/approvals-notify.test.ts[2m > [22mapprovals self-approval guard[2m > [22mreturns 403 when resolved_by matches the requesting agent_id
[31m   → The module '\\?\Z:\001_Workspace\Marveen\marveen\.claude\worktrees\antigravity-fleet-agent\node_modules\better-sqlite3\build\Release\better_sqlite3.node'
was compiled against a different Node.js version using
NODE_MODULE_VERSION 127. This version of Node.js requires
NODE_MODULE_VERSION 137. Please try re-compiling or re-installing
the module (for instance, using `npm rebuild` or `npm install`).[39m
 [31m×[39m src/__tests__/approvals-notify.test.ts[2m > [22mapprovals self-approval guard[2m > [22mallows approval when resolved_by differs from the requesting agent_id
[31m   → The module '\\?\Z:\001_Workspace\Marveen\marveen\.claude\worktrees\antigravity-fleet-agent\node_modules\better-sqlite3\build\Release\better_sqlite3.node'
was compiled against a different Node.js version using
NODE_MODULE_VERSION 127. This version of Node.js requires
NODE_MODULE_VERSION 137. Please try re-compiling or re-installing
the module (for instance, using `npm rebuild` or `npm install`).[39m
 [31m×[39m src/__tests__/wizard-rename.test.ts[2m > [22midentitySavePlan (identity-save decision core)[2m > [22mmid-setup rename with the fleet up restarts the channels session (the VPS wizard path)[33m 463[2mms[22m[39m
[31m   → Required binary not found on PATH: tmux[39m
 [31m×[39m src/__tests__/wizard-rename.test.ts[2m > [22midentitySavePlan (identity-save decision core)[2m > [22mmid-setup rename with no fleet does not restart anything (pre-install flow: launch picks the name up)
[31m   → Required binary not found on PATH: tmux[39m
 [31m×[39m src/__tests__/wizard-rename.test.ts[2m > [22midentitySavePlan (identity-save decision core)[2m > [22mrename on a configured (incl. pre-wizard legacy) running install never implicitly bounces a working fleet
[31m   → Required binary not found on PATH: tmux[39m
 [31m×[39m src/__tests__/wizard-rename.test.ts[2m > [22midentitySavePlan (identity-save decision core)[2m > [22mrename on a configured stopped install needs no restart flag either
[31m   → Required binary not found on PATH: tmux[39m
 [31m×[39m src/__tests__/wizard-rename.test.ts[2m > [22midentitySavePlan (identity-save decision core)[2m > [22ma no-op save (name unchanged) never restarts and never demands one, in any state
[31m   → Required binary not found on PATH: tmux[39m
/bin/bash: C:Userspohi9AppDataLocalTemptokenprobe-qVUM5bprobe.sh: No such file or directory
 [32m✓[39m src/__tests__/heartbeat-claude-json-bridge.test.ts[2m > [22mheartbeat ~/.claude.json bridge (2026-06-02 14:27 regression fix)[2m > [22mreads the real ~/.claude.json from HOME (not from CLAUDE_CONFIG_DIR)
 [32m✓[39m src/__tests__/heartbeat-claude-json-bridge.test.ts[2m > [22mheartbeat ~/.claude.json bridge (2026-06-02 14:27 regression fix)[2m > [22mwrites the parsed JSON into HEARTBEAT_CONFIG_DIR/.claude.json with mode 0600
 [32m✓[39m src/__tests__/heartbeat-claude-json-bridge.test.ts[2m > [22mheartbeat ~/.claude.json bridge (2026-06-02 14:27 regression fix)[2m > [22mduplicates projects[PROJECT_ROOT] into projects[HEARTBEAT_AGENT_CWD]
 [32m✓[39m src/__tests__/heartbeat-claude-json-bridge.test.ts[2m > [22mheartbeat ~/.claude.json bridge (2026-06-02 14:27 regression fix)[2m > [22mrefuses to clobber an existing projects[HEARTBEAT_AGENT_CWD] entry
 [32m✓[39m src/__tests__/heartbeat-claude-json-bridge.test.ts[2m > [22mheartbeat ~/.claude.json bridge (2026-06-02 14:27 regression fix)[2m > [22mfailure to copy ~/.claude.json is non-fatal (warn, do not abort)
 [32m✓[39m src/__tests__/heartbeat-claude-json-bridge.test.ts[2m > [22mdashboard-hide sentinel (Szabi 2026-06-02 14:31 ask)[2m > [22magent-config exports HIDDEN_AGENT_SENTINEL
 [32m✓[39m src/__tests__/heartbeat-claude-json-bridge.test.ts[2m > [22mdashboard-hide sentinel (Szabi 2026-06-02 14:31 ask)[2m > [22mlistAgentNames filters out directories containing the sentinel
 [32m✓[39m src/__tests__/heartbeat-claude-json-bridge.test.ts[2m > [22mdashboard-hide sentinel (Szabi 2026-06-02 14:31 ask)[2m > [22mheartbeat ensures the sentinel exists in agents/heartbeat-worker/
 [32m✓[39m src/__tests__/heartbeat-claude-json-bridge.test.ts[2m > [22mdashboard-hide sentinel (Szabi 2026-06-02 14:31 ask)[2m > [22msentinel write is idempotent (skip if already present)
 [32m✓[39m src/__tests__/channel-watchdog-busy-guard.test.ts[2m > [22mdown-confirmation window[2m > [22mdoes NOT restart on the first down sample (the 19:33 false positive)
 [32m✓[39m src/__tests__/channel-watchdog-busy-guard.test.ts[2m > [22mdown-confirmation window[2m > [22mdoes NOT restart while the down-spell is shorter than the confirm window
 [32m✓[39m src/__tests__/channel-watchdog-busy-guard.test.ts[2m > [22mdown-confirmation window[2m > [22mrestarts once the down-spell is confirmed across sweeps
 [32m✓[39m src/__tests__/channel-watchdog-busy-guard.test.ts[2m > [22mdown-confirmation window[2m > [22mkeeps the legacy single-sample behaviour when no window is configured
 [32m✓[39m src/__tests__/channel-watchdog-busy-guard.test.ts[2m > [22mbusy-guard[2m > [22mdefers the restart while the agent is generating
 [32m✓[39m src/__tests__/channel-watchdog-busy-guard.test.ts[2m > [22mbusy-guard[2m > [22mrestarts a confirmed-down agent that is idle
 [32m✓[39m src/__tests__/channel-watchdog-busy-guard.test.ts[2m > [22mbusy-guard[2m > [22mescalates to the operator instead of killing a still-busy agent past the cap
 [32m✓[39m src/__tests__/channel-watchdog-busy-guard.test.ts[2m > [22mbusy-guard[2m > [22mdefers indefinitely while busy when no cap is configured
 [32m✓[39m src/__tests__/channel-watchdog-busy-guard.test.ts[2m > [22mbusy-guard[2m > [22mnever restarts a busy agent that is still inside the confirm window
 [32m✓[39m src/__tests__/channel-watchdog-busy-guard.test.ts[2m > [22mguard interaction with the existing failure cap[2m > [22mstill alerts at the restart cap, even for a busy agent (cap wins)
 [32m✓[39m src/__tests__/channel-watchdog-busy-guard.test.ts[2m > [22mguard interaction with the existing failure cap[2m > [22mstill honours the startup grace under the new guards
 [32m✓[39m src/__tests__/channel-watchdog-busy-guard.test.ts[2m > [22mguard interaction with the existing failure cap[2m > [22mstill honours the restart back-off under the new guards
 [32m✓[39m src/__tests__/default-agent-model.test.ts[2m > [22mDEFAULT_AGENT_MODEL[2m > [22mis registered as a restart-scoped, non-secret agents setting
 [32m✓[39m src/__tests__/default-agent-model.test.ts[2m > [22mDEFAULT_AGENT_MODEL[2m > [22mkeeps the registry default and the boot constant on one literal
 [32m✓[39m src/__tests__/default-agent-model.test.ts[2m > [22mDEFAULT_AGENT_MODEL[2m > [22moffers the distribution default among the selectable values
 [32m✓[39m src/__tests__/default-agent-model.test.ts[2m > [22mDEFAULT_AGENT_MODEL[2m > [22mvalidates against the value set
 [32m✓[39m src/__tests__/default-agent-model.test.ts[2m > [22mDEFAULT_AGENT_MODEL[2m > [22mresolves to the configured value, defaulting to the distribution literal
 [32m✓[39m src/__tests__/default-agent-model.test.ts[2m > [22magent-config default wiring[2m > [22mre-exports the install default under the historical DEFAULT_MODEL name
 [32m✓[39m src/__tests__/default-agent-model.test.ts[2m > [22magent-config default wiring[2m > [22mresolves the 'inherit' alias to the install default
 [32m✓[39m src/__tests__/default-agent-model.test.ts[2m > [22magent-config default wiring[2m > [22mresolves the bare 'opus' alias to Opus 5 (MODELMIGRATE806)
 [32m✓[39m src/__tests__/default-agent-model.test.ts[2m > [22mdefaultChainForInstall[2m > [22mputs the install default first so a revert lands on the model actually run
 [32m✓[39m src/__tests__/default-agent-model.test.ts[2m > [22mdefaultChainForInstall[2m > [22mnever repeats a model, even when the default is already on the ladder
 [32m✓[39m src/__tests__/default-agent-model.test.ts[2m > [22mdefaultChainForInstall[2m > [22mkeeps a usable ladder: primary plus at least one downgrade target
 [32m✓[39m src/__tests__/heartbeat-worker-isolation.test.ts[2m > [22mheartbeat worker cwd + CLAUDE_CONFIG_DIR isolation (2026-06-02 incident chain)[2m > [22muses CLAUDE_CONFIG_DIR as the load-bearing override -- not just project-scope settings.json
 [32m✓[39m src/__tests__/heartbeat-worker-isolation.test.ts[2m > [22mheartbeat worker cwd + CLAUDE_CONFIG_DIR isolation (2026-06-02 incident chain)[2m > [22mpasses CLAUDE_CONFIG_DIR to runAgent via the env override
 [32m✓[39m src/__tests__/heartbeat-worker-isolation.test.ts[2m > [22mheartbeat worker cwd + CLAUDE_CONFIG_DIR isolation (2026-06-02 incident chain)[2m > [22msymlinks ~/.claude/ entries INTO the isolated config dir (preserve auth + projects)
 [32m✓[39m src/__tests__/heartbeat-worker-isolation.test.ts[2m > [22mheartbeat worker cwd + CLAUDE_CONFIG_DIR isolation (2026-06-02 incident chain)[2m > [22mexplicitly skips settings.json from the symlink set (it is the WHOLE POINT to replace it)
 [32m✓[39m src/__tests__/heartbeat-worker-isolation.test.ts[2m > [22mheartbeat worker cwd + CLAUDE_CONFIG_DIR isolation (2026-06-02 incident chain)[2m > [22mwrites a fresh settings.json with enabledPlugins:false for all channel plugins
 [32m✓[39m src/__tests__/heartbeat-worker-isolation.test.ts[2m > [22mheartbeat worker cwd + CLAUDE_CONFIG_DIR isolation (2026-06-02 incident chain)[2m > [22mCHANNEL_PLUGIN_IDS covers all five providers (regression: googlechat/teams were missing from heartbeat)
 [32m✓[39m src/__tests__/heartbeat-worker-isolation.test.ts[2m > [22mheartbeat worker cwd + CLAUDE_CONFIG_DIR isolation (2026-06-02 incident chain)[2m > [22mrefuses to read through a settings.json symlink (would import user-scope enabledPlugins)
 [32m✓[39m src/__tests__/heartbeat-worker-isolation.test.ts[2m > [22mheartbeat worker cwd + CLAUDE_CONFIG_DIR isolation (2026-06-02 incident chain)[2m > [22mkeeps the empty .mcp.json -- defense in depth
 [32m✓[39m src/__tests__/heartbeat-worker-isolation.test.ts[2m > [22mheartbeat worker cwd + CLAUDE_CONFIG_DIR isolation (2026-06-02 incident chain)[2m > [22midempotent: stale non-symlinks under the config dir get rebuilt, not appended
 [32m✓[39m src/__tests__/agent-create-no-destructive-rollback.test.ts[2m > [22magent creation never deletes the agent directory on failure[2m > [22mthe create handler does not rmSync the agent dir
 [32m✓[39m src/__tests__/agent-create-no-destructive-rollback.test.ts[2m > [22magent creation never deletes the agent directory on failure[2m > [22mthe failure path writes fallback personality files instead
 [32m✓[39m src/__tests__/agent-create-no-destructive-rollback.test.ts[2m > [22magent creation never deletes the agent directory on failure[2m > [22mthe failure path marks the personality as a placeholder
 [32m✓[39m src/__tests__/agent-create-no-destructive-rollback.test.ts[2m > [22magent creation never deletes the agent directory on failure[2m > [22ma failed generation still reports the agent as created, with a warning
 [32m✓[39m src/__tests__/agent-create-no-destructive-rollback.test.ts[2m > [22magent creation never deletes the agent directory on failure[2m > [22mteam notification sits OUTSIDE the generation try/catch
/bin/bash: Z:\001_Workspace\Marveen\marveen\.claude\worktrees\antigravity-fleet-agent\scripts\skill-index.sh: No such file or directory
 [32m✓[39m src/__tests__/ssh-tmux.test.ts[2m > [22mshQuote[2m > [22mwraps a plain string in single quotes
 [32m✓[39m src/__tests__/ssh-tmux.test.ts[2m > [22mshQuote[2m > [22mescapes an embedded single quote with the POSIX dance
 [32m✓[39m src/__tests__/ssh-tmux.test.ts[2m > [22mshQuote[2m > [22mkeeps glob/bracket characters literal (inside single quotes)
 [32m✓[39m src/__tests__/ssh-tmux.test.ts[2m > [22mshQuote[2m > [22mkeeps shell metacharacters literal
 [32m✓[39m src/__tests__/ssh-tmux.test.ts[2m > [22mbuildTmuxInvocation[2m > [22mhost=null returns the bare local binary + args (byte-identical to a direct local call)
 [32m✓[39m src/__tests__/ssh-tmux.test.ts[2m > [22mbuildTmuxInvocation[2m > [22mhost set wraps every tmux arg in one shell-quoted ssh command string
 [32m✓[39m src/__tests__/ssh-tmux.test.ts[2m > [22mbuildTmuxInvocation[2m > [22ma full new-session launch command rides as a SINGLE argv element with brackets kept literal
 [32m✓[39m src/__tests__/ssh-tmux.test.ts[2m > [22mbuildTmuxInvocation[2m > [22mpreserves a slid leading-dash chunk (Hungarian suffix) verbatim
 [32m✓[39m src/__tests__/ssh-tmux.test.ts[2m > [22mbuildSshExec[2m > [22mbuilds an ssh invocation with SSH_OPTS + host + the raw remote command
 [32m✓[39m src/__tests__/ssh-tmux.test.ts[2m > [22mSSH_OPTS[2m > [22mbounds an alive-but-unresponsive remote (ServerAlive), not just TCP connect
 [31m×[39m src/__tests__/ssh-tmux.test.ts[2m > [22mSSH_OPTS[2m > [22muses a private ControlMaster socket dir, not a bare world-writable /tmp path
[31m   → expected 'ControlPath=\tmp\marveen-ssh-pohi9999…' to contain '/tmp/marveen-ssh-pohi99999'[39m
 [32m✓[39m src/__tests__/ssh-tmux.test.ts[2m > [22msessionInList[2m > [22mmatches an exact session line
 [32m✓[39m src/__tests__/ssh-tmux.test.ts[2m > [22msessionInList[2m > [22mis false when the session is absent
 [32m✓[39m src/__tests__/ssh-tmux.test.ts[2m > [22msessionInList[2m > [22mdoes not match on a substring of a longer session name
 [32m✓[39m src/__tests__/skills-local-on-page.test.ts[2m > [22mlocal agent skills on global Skills page[2m > [22mbackend exposes /api/skills/local endpoint
 [32m✓[39m src/__tests__/skills-local-on-page.test.ts[2m > [22mlocal agent skills on global Skills page[2m > [22mmain agent is NOT skipped -- no bare continue after MAIN_AGENT_ID check
 [32m✓[39m src/__tests__/skills-local-on-page.test.ts[2m > [22mlocal agent skills on global Skills page[2m > [22mmain agent skills path uses PROJECT_ROOT not agentDir
 [32m✓[39m src/__tests__/skills-local-on-page.test.ts[2m > [22mlocal agent skills on global Skills page[2m > [22mloadGlobalSkills fetches both /api/skills and /api/skills/local
 [32m✓[39m src/__tests__/skills-local-on-page.test.ts[2m > [22mlocal agent skills on global Skills page[2m > [22mlocal skill cards get skills-card--local CSS modifier
 [32m✓[39m src/__tests__/skills-local-on-page.test.ts[2m > [22mlocal agent skills on global Skills page[2m > [22mCSS defines .skills-card--local with distinct border/background
 [32m✓[39m src/__tests__/skills-local-on-page.test.ts[2m > [22mlocal agent skills on global Skills page[2m > [22magent filter button is present in HTML
 [32m✓[39m src/__tests__/skills-local-on-page.test.ts[2m > [22mlocal agent skills on global Skills page[2m > [22mi18n keys present in hu.js
 [32m✓[39m src/__tests__/skills-local-on-page.test.ts[2m > [22mlocal agent skills on global Skills page[2m > [22mi18n keys present in en.js
 [32m✓[39m src/__tests__/skills-local-on-page.test.ts[2m > [22mlocal agent skills on global Skills page[2m > [22msidebar uses localAgentSkills for agent filter (categories stay populated)
 [32m✓[39m src/__tests__/skills-local-on-page.test.ts[2m > [22mlocal agent skills on global Skills page[2m > [22mdocumented stat card and dead code removed
 [32m✓[39m src/__tests__/skills-local-on-page.test.ts[2m > [22mlocal agent skills on global Skills page[2m > [22mpage subtitle describes all three skill sources in both locales
 [32m✓[39m src/__tests__/slack-half-configured-onboarding.test.ts[2m > [22mPRVERIFY883: half-configured Slack (token present, managed-settings not ready)[2m > [22mchannelConfigured gates Slack on the managed-settings allowlist, not token presence alone
 [32m✓[39m src/__tests__/slack-half-configured-onboarding.test.ts[2m > [22mPRVERIFY883: half-configured Slack (token present, managed-settings not ready)[2m > [22mthe status endpoint derives sudoCommand only when managed-settings is NOT ready
 [32m✓[39m src/__tests__/slack-half-configured-onboarding.test.ts[2m > [22mPRVERIFY883: half-configured Slack (token present, managed-settings not ready)[2m > [22mthe wizard surfaces the sudo command on step 3 when the status carries one
 [32m✓[39m src/__tests__/slack-half-configured-onboarding.test.ts[2m > [22mPRVERIFY883: half-configured Slack (token present, managed-settings not ready)[2m > [22man empty Slack app token is rejected at save (Socket Mode would never connect)
/bin/bash: C:Userspohi9AppDataLocalTemptokenprobe-w7Z1Tqprobe.sh: No such file or directory
 [31m×[39m src/__tests__/installer-token-probe.test.ts[2m > [22mprobe_telegram_token -- functional, through the real shell function[2m > [22msays INVALID in human language when getMe rejects, and still completes[33m 627[2mms[22m[39m
[31m   → Command failed: bash C:\Users\pohi9\AppData\Local\Temp\tokenprobe-hJJn0o\probe.sh
/bin/bash: C:Userspohi9AppDataLocalTemptokenprobe-hJJn0oprobe.sh: No such file or directory
[39m
 [31m×[39m src/__tests__/installer-token-probe.test.ts[2m > [22mprobe_telegram_token -- functional, through the real shell function[2m > [22mnames the webhook state with the deleteWebhook remedy[33m 941[2mms[22m[39m
[31m   → Command failed: bash C:\Users\pohi9\AppData\Local\Temp\tokenprobe-AWbu2o\probe.sh
/bin/bash: C:Userspohi9AppDataLocalTemptokenprobe-AWbu2oprobe.sh: No such file or directory
[39m
 [31m×[39m src/__tests__/installer-token-probe.test.ts[2m > [22mprobe_telegram_token -- functional, through the real shell function[2m > [22mnames the competing-poller state on getUpdates 409 with the stop-or-new-bot remedy[33m 645[2mms[22m[39m
[31m   → Command failed: bash C:\Users\pohi9\AppData\Local\Temp\tokenprobe-wOW1ef\probe.sh
/bin/bash: C:Userspohi9AppDataLocalTemptokenprobe-wOW1efprobe.sh: No such file or directory
[39m
 [31m×[39m src/__tests__/installer-token-probe.test.ts[2m > [22mprobe_telegram_token -- functional, through the real shell function[2m > [22mstays SILENT on a free token[33m 795[2mms[22m[39m
[31m   → Command failed: bash C:\Users\pohi9\AppData\Local\Temp\tokenprobe-qVUM5b\probe.sh
/bin/bash: C:Userspohi9AppDataLocalTemptokenprobe-qVUM5bprobe.sh: No such file or directory
[39m
 [31m×[39m src/__tests__/installer-token-probe.test.ts[2m > [22mprobe_telegram_token -- functional, through the real shell function[2m > [22mis advisory: a failing curl neither warns nor aborts the set -e installer[33m 700[2mms[22m[39m
[31m   → Command failed: bash C:\Users\pohi9\AppData\Local\Temp\tokenprobe-w7Z1Tq\probe.sh
/bin/bash: C:Userspohi9AppDataLocalTemptokenprobe-w7Z1Tqprobe.sh: No such file or directory
[39m
 [32m✓[39m src/__tests__/installer-token-probe.test.ts[2m > [22mboth installers wire the probe after the telegram token prompt[2m > [22minstall-macos.sh defines the probe and calls it right after the prompt
 [32m✓[39m src/__tests__/installer-token-probe.test.ts[2m > [22mboth installers wire the probe after the telegram token prompt[2m > [22minstall-linux.sh defines the probe and calls it right after the prompt
 [32m✓[39m src/__tests__/installer-token-probe.test.ts[2m > [22mboth installers wire the probe after the telegram token prompt[2m > [22minstall-macos.sh never prints the token value in the probe messages
 [32m✓[39m src/__tests__/installer-token-probe.test.ts[2m > [22mboth installers wire the probe after the telegram token prompt[2m > [22minstall-linux.sh never prints the token value in the probe messages
 [2m[90m↓[39m[22m src/__tests__/agent-conversation.test.ts[2m > [22mgetAgentConversation[2m > [22mreturns ONLY this agent's messages, newest-first
 [2m[90m↓[39m[22m src/__tests__/agent-conversation.test.ts[2m > [22mgetAgentConversation[2m > [22mrespects the limit
 [2m[90m↓[39m[22m src/__tests__/agent-conversation.test.ts[2m > [22mgetAgentConversation[2m > [22mcaps the limit at 200 and floors it at 1
 [2m[90m↓[39m[22m src/__tests__/agent-conversation.test.ts[2m > [22mgetAgentConversation[2m > [22mpaginates older with beforeId (scroll-up)
 [2m[90m↓[39m[22m src/__tests__/agent-conversation.test.ts[2m > [22mgetAgentConversationThreads[2m > [22mlists a peer with its count + most-recent message
 [2m[90m↓[39m[22m src/__tests__/agent-conversation.test.ts[2m > [22mgetAgentConversationThreads[2m > [22mexcludes CHAT_SYSTEM_AGENTS as thread rows but still counts their messages for the peer
 [2m[90m↓[39m[22m src/__tests__/agent-conversation.test.ts[2m > [22mgetAgentConversationThreads[2m > [22mis sorted newest-first by last message
 [32m✓[39m src/__tests__/settings-store.test.ts[2m > [22msettings-store[2m > [22mresolves OVERRIDES_PATH inside the sandbox (the guard this suite relies on)
 [32m✓[39m src/__tests__/settings-store.test.ts[2m > [22msettings-store[2m > [22mfalls back to the registry default when no override and no .env value exist
 [32m✓[39m src/__tests__/settings-store.test.ts[2m > [22msettings-store[2m > [22mthrows for a key not in the registry
 [32m✓[39m src/__tests__/settings-store.test.ts[2m > [22msettings-store[2m > [22mpersists a valid override and resolves it ahead of the default
 [32m✓[39m src/__tests__/settings-store.test.ts[2m > [22msettings-store[2m > [22mwrites the overrides file atomically (content matches what was set)
 [32m✓[39m src/__tests__/settings-store.test.ts[2m > [22msettings-store[2m > [22mrejects an invalid value and does not write or change the cache
 [32m✓[39m src/__tests__/settings-store.test.ts[2m > [22msettings-store[2m > [22mrejects an unknown key without touching the file
 [32m✓[39m src/__tests__/settings-store.test.ts[2m > [22msettings-store[2m > [22mmerges multiple overrides instead of clobbering previously set keys
 [32m✓[39m src/__tests__/remote-launch-command.test.ts[2m > [22mclassifyRunStateFromExit (failed list-sessions probe)[2m > [22mremote ssh transport failure (exit 255) is unreachable
 [32m✓[39m src/__tests__/remote-launch-command.test.ts[2m > [22mclassifyRunStateFromExit (failed list-sessions probe)[2m > [22mremote reachable but tmux has no server/session (exit 1) is stopped, NOT unreachable
 [32m✓[39m src/__tests__/remote-launch-command.test.ts[2m > [22mclassifyRunStateFromExit (failed list-sessions probe)[2m > [22mremote killed/timeout (no numeric status) is unreachable
 [32m✓[39m src/__tests__/remote-launch-command.test.ts[2m > [22mclassifyRunStateFromExit (failed list-sessions probe)[2m > [22mlocal failures are always stopped (no tmux server)
 [32m✓[39m src/__tests__/remote-launch-command.test.ts[2m > [22mbuildContinueProbeCommand[2m > [22mkeeps $HOME OUTSIDE the single-quoted region so the remote shell expands it
 [32m✓[39m src/__tests__/remote-launch-command.test.ts[2m > [22mbuildContinueProbeCommand[2m > [22mencodes an absolute workdir with the leading-dash scheme
 [32m✓[39m src/__tests__/remote-launch-command.test.ts[2m > [22mbuildRemoteLaunchCommand[2m > [22mbuilds a channel-less launch with cd, --continue and a quoted model
 [32m✓[39m src/__tests__/remote-launch-command.test.ts[2m > [22mbuildRemoteLaunchCommand[2m > [22mexports a PATH covering both macOS and Linux binary locations
 [32m✓[39m src/__tests__/remote-launch-command.test.ts[2m > [22mbuildRemoteLaunchCommand[2m > [22momits --continue when continue is false
 [32m✓[39m src/__tests__/remote-launch-command.test.ts[2m > [22mbuildRemoteLaunchCommand[2m > [22mnever carries channel/token scaffolding (launch-only, channel-less)
 [32m✓[39m src/__tests__/remote-launch-command.test.ts[2m > [22mclassifyRunState[2m > [22mrunning when the session is present in the list output
 [32m✓[39m src/__tests__/remote-launch-command.test.ts[2m > [22mclassifyRunState[2m > [22mstopped when the session is absent but the list query succeeded
 [32m✓[39m src/__tests__/remote-launch-command.test.ts[2m > [22mclassifyRunState[2m > [22munreachable for a remote agent when the query itself failed (null)
 [32m✓[39m src/__tests__/remote-launch-command.test.ts[2m > [22mclassifyRunState[2m > [22mstopped (not unreachable) for a local agent when the query failed (no tmux)
/bin/bash: Z:\001_Workspace\Marveen\marveen\.claude\worktrees\antigravity-fleet-agent\scripts\skill-index.sh: No such file or directory
 [32m✓[39m src/__tests__/bridge-enroll-host.test.ts[2m > [22misTailnetIPv4 (CGNAT 100.64.0.0/10 boundaries)[2m > [22maccepts the range, including both edges
 [32m✓[39m src/__tests__/bridge-enroll-host.test.ts[2m > [22misTailnetIPv4 (CGNAT 100.64.0.0/10 boundaries)[2m > [22mrejects 100.x addresses OUTSIDE the /10
 [32m✓[39m src/__tests__/bridge-enroll-host.test.ts[2m > [22misTailnetIPv4 (CGNAT 100.64.0.0/10 boundaries)[2m > [22mrejects non-100 and non-IPv4 shapes
 [32m✓[39m src/__tests__/bridge-enroll-host.test.ts[2m > [22mselectEnrollHost[2m > [22mTHE LIVE CASE: tailnet wins even when it is NOT the first interface
 [32m✓[39m src/__tests__/bridge-enroll-host.test.ts[2m > [22mselectEnrollHost[2m > [22mno tailnet present: first non-loopback IPv4 wins (pre-PR behavior unchanged)
 [32m✓[39m src/__tests__/bridge-enroll-host.test.ts[2m > [22mselectEnrollHost[2m > [22mmultiple tailnet-like addresses: the first tailnet in order, deterministically
 [32m✓[39m src/__tests__/bridge-enroll-host.test.ts[2m > [22mselectEnrollHost[2m > [22minternal and IPv6 entries never win
 [32m✓[39m src/__tests__/bridge-enroll-host.test.ts[2m > [22mselectEnrollHost[2m > [22mnumeric family (Node >=18 shape) is honored the same way
 [32m✓[39m src/__tests__/bridge-enroll-host.test.ts[2m > [22mselectEnrollHost[2m > [22mreturns null when nothing usable exists
 [32m✓[39m src/__tests__/bridge-enroll-host.test.ts[2m > [22mselectEnrollHost[2m > [22mexplicit input.host stays ahead of the selector in the enroll path
 [32m✓[39m src/__tests__/parked-clear-sequence.test.ts[2m > [22mparkedClearSequence[2m > [22mstarts at the beginning of the buffer so the first kill has something ahead of it
 [32m✓[39m src/__tests__/parked-clear-sequence.test.ts[2m > [22mparkedClearSequence[2m > [22mdeletes FORWARD -- C-u is a no-op with the cursor at offset 0
 [32m✓[39m src/__tests__/parked-clear-sequence.test.ts[2m > [22mparkedClearSequence[2m > [22mpairs every kill with a newline-eating Delete
 [32m✓[39m src/__tests__/parked-clear-sequence.test.ts[2m > [22mparkedClearSequence[2m > [22mscales past the measured need: a 7-row box drained in 20 rounds
 [32m✓[39m src/__tests__/parked-clear-sequence.test.ts[2m > [22mparkedClearSequence[2m > [22mkeeps a workable floor for a single-row box
 [32m✓[39m src/__tests__/parked-clear-sequence.test.ts[2m > [22mparkedClearSequence[2m > [22mnever returns an unbounded sequence for an absurd row count
 [32m✓[39m src/__tests__/parked-clear-sequence.test.ts[2m > [22mclearStaleParkedInput uses the sequence instead of the old C-u cascade[2m > [22mdrives its keystrokes from parkedClearSequence
 [32m✓[39m src/__tests__/parked-clear-sequence.test.ts[2m > [22mclearStaleParkedInput uses the sequence instead of the old C-u cascade[2m > [22mno longer sends a bare C-u round anywhere in the module
 [32m✓[39m src/__tests__/parked-clear-sequence.test.ts[2m > [22mclearStaleParkedInput uses the sequence instead of the old C-u cascade[2m > [22mclearInputBuffer also drives the sequence, so a pre-flight clear cannot silently no-op
 [2m[90m↓[39m[22m src/__tests__/delivered-needs-timestamp.test.ts[2m > [22mdelivered rows always carry a timestamp[2m > [22mrecords a timestamp on a genuine delivery
 [2m[90m↓[39m[22m src/__tests__/delivered-needs-timestamp.test.ts[2m > [22mdelivered rows always carry a timestamp[2m > [22mmarks an operator close with both a timestamp and a reason
 [2m[90m↓[39m[22m src/__tests__/delivered-needs-timestamp.test.ts[2m > [22mdelivered rows always carry a timestamp[2m > [22mdoes not reopen or re-close a row that is no longer pending
 [2m[90m↓[39m[22m src/__tests__/delivered-needs-timestamp.test.ts[2m > [22mdelivered rows always carry a timestamp[2m > [22mrepairs a raw-SQL status flip that skipped the timestamp
 [2m[90m↓[39m[22m src/__tests__/delivered-needs-timestamp.test.ts[2m > [22mdelivered rows always carry a timestamp[2m > [22mleaves a genuine delivery untouched when other rows are flipped
 [32m✓[39m src/__tests__/format.test.ts[2m > [22mformatForTelegram[2m > [22mfelcimeket vastagit
 [32m✓[39m src/__tests__/format.test.ts[2m > [22mformatForTelegram[2m > [22mvastagitast konvertal
 [32m✓[39m src/__tests__/format.test.ts[2m > [22mformatForTelegram[2m > [22mdoltbetut konvertal
 [32m✓[39m src/__tests__/format.test.ts[2m > [22mformatForTelegram[2m > [22minline kodot konvertal
 [32m✓[39m src/__tests__/format.test.ts[2m > [22mformatForTelegram[2m > [22mkodblokkot konvertal
 [32m✓[39m src/__tests__/format.test.ts[2m > [22mformatForTelegram[2m > [22mathuzast konvertal
 [32m✓[39m src/__tests__/format.test.ts[2m > [22mformatForTelegram[2m > [22mlinkeket konvertal
 [32m✓[39m src/__tests__/format.test.ts[2m > [22mformatForTelegram[2m > [22mHTML karaktereket escape-el
 [32m✓[39m src/__tests__/format.test.ts[2m > [22mformatForTelegram[2m > [22mjelolonegyzeteket konvertal
 [32m✓[39m src/__tests__/format.test.ts[2m > [22mformatForTelegram[2m > [22melvalaszto vonalakat eltavolít
 [32m✓[39m src/__tests__/format.test.ts[2m > [22mformatForSlackMrkdwn[2m > [22mconverts markdown headers to bold
 [32m✓[39m src/__tests__/format.test.ts[2m > [22mformatForSlackMrkdwn[2m > [22mconverts **bold** to mrkdwn bold
 [32m✓[39m src/__tests__/format.test.ts[2m > [22mformatForSlackMrkdwn[2m > [22mconverts __bold__ to mrkdwn bold
 [32m✓[39m src/__tests__/format.test.ts[2m > [22mformatForSlackMrkdwn[2m > [22mconverts markdown links to Slack format
 [32m✓[39m src/__tests__/format.test.ts[2m > [22mformatForSlackMrkdwn[2m > [22mconverts strikethrough to single tilde
 [32m✓[39m src/__tests__/format.test.ts[2m > [22mformatForSlackMrkdwn[2m > [22mconverts checkboxes to Slack emojis
 [32m✓[39m src/__tests__/format.test.ts[2m > [22mformatForSlackMrkdwn[2m > [22mremoves horizontal rules
 [32m✓[39m src/__tests__/format.test.ts[2m > [22mformatForSlackMrkdwn[2m > [22mpreserves inline code
 [32m✓[39m src/__tests__/format.test.ts[2m > [22mformatForSlackMrkdwn[2m > [22mpreserves code blocks
 [32m✓[39m src/__tests__/format.test.ts[2m > [22mformatForSlackMrkdwn[2m > [22mtrims whitespace from output
 [32m✓[39m src/__tests__/format.test.ts[2m > [22msplitMessage[2m > [22mrovid uzeneteket nem bontja
 [32m✓[39m src/__tests__/format.test.ts[2m > [22msplitMessage[2m > [22mhosszu uzeneteket sortoresnel bontja
 [32m✓[39m src/__tests__/format.test.ts[2m > [22msplitMessage[2m > [22megyeni limitet hasznalhat
'awk' is not recognized as an internal or external command,
operable program or batch file.
'awk' is not recognized as an internal or external command,
operable program or batch file.
 [32m✓[39m src/__tests__/settings-heartbeat-calendar.test.ts[2m > [22mheartbeat calendar settings[2m > [22mHEARTBEAT_CALENDAR_ACCOUNT is in the registry under the heartbeat module
 [32m✓[39m src/__tests__/settings-heartbeat-calendar.test.ts[2m > [22mheartbeat calendar settings[2m > [22mHEARTBEAT_CALENDAR_ID is in the registry under the heartbeat module
 [32m✓[39m src/__tests__/settings-heartbeat-calendar.test.ts[2m > [22mheartbeat calendar settings[2m > [22mHEARTBEAT_CALENDAR_ACCOUNT accepts any string value including empty
 [32m✓[39m src/__tests__/settings-heartbeat-calendar.test.ts[2m > [22mheartbeat calendar settings[2m > [22mHEARTBEAT_CALENDAR_ID accepts any string value including empty
 [32m✓[39m src/__tests__/settings-heartbeat-calendar.test.ts[2m > [22mheartbeat calendar settings[2m > [22mheartbeat module contains all expected keys in correct order
 [32m✓[39m src/__tests__/settings-heartbeat-calendar.test.ts[2m > [22mheartbeat calendar settings[2m > [22mneither calendar key is marked secret (UI must be able to show them)
 [32m✓[39m src/__tests__/settings-heartbeat-calendar.test.ts[2m > [22mheartbeat calendar settings wiring (config.ts)[2m > [22mboth keys read through cfg(), not bare env[]
'awk' is not recognized as an internal or external command,
operable program or batch file.
'awk' is not recognized as an internal or external command,
operable program or batch file.
 [31m×[39m src/__tests__/channels-reap-scope.test.ts[2m > [22mchannels.sh second-pass orphan reap is scoped to the main agent[2m > [22mreaps the main agent old-build orphans (no agent dir in env)
[31m   → Command failed: awk -v needle='CLAUDE_PLUGIN_ROOT=' -v prov='/telegram' -v subdir='/test/install/agents/' '$0 ~ needle && $0 ~ prov && index($0, subdir) == 0 { print $1 }'
'awk' is not recognized as an internal or external command,
operable program or batch file.
[39m
 [31m×[39m src/__tests__/channels-reap-scope.test.ts[2m > [22mchannels.sh second-pass orphan reap is scoped to the main agent[2m > [22mnever reaps a live sub-agent poller (env carries $INSTALL_DIR/agents/<name>/)
[31m   → Command failed: awk -v needle='CLAUDE_PLUGIN_ROOT=' -v prov='/telegram' -v subdir='/test/install/agents/' '$0 ~ needle && $0 ~ prov && index($0, subdir) == 0 { print $1 }'
'awk' is not recognized as an internal or external command,
operable program or batch file.
[39m
 [31m×[39m src/__tests__/channels-reap-scope.test.ts[2m > [22mchannels.sh second-pass orphan reap is scoped to the main agent[2m > [22mselects only the main orphans out of a mixed fleet snapshot
[31m   → Command failed: awk -v needle='CLAUDE_PLUGIN_ROOT=' -v prov='/telegram' -v subdir='/test/install/agents/' '$0 ~ needle && $0 ~ prov && index($0, subdir) == 0 { print $1 }'
'awk' is not recognized as an internal or external command,
operable program or batch file.
[39m
 [31m×[39m src/__tests__/channels-reap-scope.test.ts[2m > [22mchannels.sh second-pass orphan reap is scoped to the main agent[2m > [22mignores a different provider and non-poller processes
[31m   → Command failed: awk -v needle='CLAUDE_PLUGIN_ROOT=' -v prov='/telegram' -v subdir='/test/install/agents/' '$0 ~ needle && $0 ~ prov && index($0, subdir) == 0 { print $1 }'
'awk' is not recognized as an internal or external command,
operable program or batch file.
[39m
 [32m✓[39m src/__tests__/channels-reap-scope.test.ts[2m > [22mchannels.sh second-pass orphan reap is scoped to the main agent[2m > [22mkeeps the sub-agent exclusion guard so it cannot revert to the unscoped form
 [32m✓[39m src/__tests__/memory-recency-weighting.test.ts[2m > [22mrecencyWeightedScore / reRankByRecency (pure)[2m > [22mholtverseny: azonos relevancia mellett a frissebb memória nyer
 [32m✓[39m src/__tests__/memory-recency-weighting.test.ts[2m > [22mrecencyWeightedScore / reRankByRecency (pure)[2m > [22merős relevancia-különbség legyőzi a frissességet (λ = 0.7 dominancia)
 [32m✓[39m src/__tests__/memory-recency-weighting.test.ts[2m > [22mrecencyWeightedScore / reRankByRecency (pure)[2m > [22mnem-negatív bm25 rank relevanciája 0 (degenerált eset, nem dob hibát)
 [32m✓[39m src/__tests__/memory-recency-weighting.test.ts[2m > [22mrecencyWeightedScore / reRankByRecency (pure)[2m > [22ma jövőbeli created_at nem kap 1-nél nagyobb recency-t (age clamp 0-ra)
 [32m✓[39m src/__tests__/memory-recency-weighting.test.ts[2m > [22mrecencyWeightedScore / reRankByRecency (pure)[2m > [22mlimitre vág és a sorrend determinisztikus
 [32m✓[39m src/__tests__/memory-recency-weighting.test.ts[2m > [22mrecencyWeightedScore / reRankByRecency (pure)[2m > [22mtau: az exponens időállandója szerint cseng le a recency
 [2m[90m↓[39m[22m src/__tests__/memory-recency-weighting.test.ts[2m > [22msearchAgentMemories recency tie-break (integration, in-memory FTS5)[2m > [22mazonos kulcsszavú régi és új memóriából az új jön előrébb
 [32m✓[39m src/__tests__/egress-gate-port-validation.test.ts[2m > [22megress-gate dashboard-port validation (cards 266d8248, 417cf07a)[2m > [22mdocuments WHY: an @ in the port makes the attacker host the real host
 [32m✓[39m src/__tests__/egress-gate-port-validation.test.ts[2m > [22megress-gate dashboard-port validation (cards 266d8248, 417cf07a)[2m > [22mBLOCKS a port that smuggles a host onto the built-in allowlist (the exploit)
 [32m✓[39m src/__tests__/egress-gate-port-validation.test.ts[2m > [22megress-gate dashboard-port validation (cards 266d8248, 417cf07a)[2m > [22ma rejected port cannot put a foreign host on the allowlist, and falls back to the default[33m 2346[2mms[22m[39m
 [32m✓[39m src/__tests__/egress-gate-port-validation.test.ts[2m > [22megress-gate dashboard-port validation (cards 266d8248, 417cf07a)[2m > [22mdoes NOT over-correct: a legitimate configured port still reaches the dashboard
 [32m✓[39m src/__tests__/egress-gate-port-validation.test.ts[2m > [22megress-gate dashboard-port validation (cards 266d8248, 417cf07a)[2m > [22ma port that is NOT the configured one stays blocked
 [32m✓[39m src/__tests__/egress-gate-port-validation.test.ts[2m > [22megress-gate dashboard-port validation (cards 266d8248, 417cf07a)[2m > [22mwith WEB_PORT unset the default port is allowed
/bin/bash: Z:\001_Workspace\Marveen\marveen\.claude\worktrees\antigravity-fleet-agent\scripts\skill-index.sh: No such file or directory
 [31m×[39m src/__tests__/kanban-labels.test.ts[2m > [22mlabel registry CRUD[2m > [22mcreates and lists a label
[31m   → The module '\\?\Z:\001_Workspace\Marveen\marveen\.claude\worktrees\antigravity-fleet-agent\node_modules\better-sqlite3\build\Release\better_sqlite3.node'
was compiled against a different Node.js version using
NODE_MODULE_VERSION 127. This version of Node.js requires
NODE_MODULE_VERSION 137. Please try re-compiling or re-installing
the module (for instance, using `npm rebuild` or `npm install`).[39m
 [31m×[39m src/__tests__/kanban-labels.test.ts[2m > [22mlabel registry CRUD[2m > [22mupdates name and colour independently
[31m   → The module '\\?\Z:\001_Workspace\Marveen\marveen\.claude\worktrees\antigravity-fleet-agent\node_modules\better-sqlite3\build\Release\better_sqlite3.node'
was compiled against a different Node.js version using
NODE_MODULE_VERSION 127. This version of Node.js requires
NODE_MODULE_VERSION 137. Please try re-compiling or re-installing
the module (for instance, using `npm rebuild` or `npm install`).[39m
 [31m×[39m src/__tests__/kanban-labels.test.ts[2m > [22mlabel registry CRUD[2m > [22mreturns false updating a non-existent label
[31m   → The module '\\?\Z:\001_Workspace\Marveen\marveen\.claude\worktrees\antigravity-fleet-agent\node_modules\better-sqlite3\build\Release\better_sqlite3.node'
was compiled against a different Node.js version using
NODE_MODULE_VERSION 127. This version of Node.js requires
NODE_MODULE_VERSION 137. Please try re-compiling or re-installing
the module (for instance, using `npm rebuild` or `npm install`).[39m
 [31m×[39m src/__tests__/kanban-labels.test.ts[2m > [22mlabel registry CRUD[2m > [22mdeletes a label and its card associations (no dangling join rows)
[31m   → The module '\\?\Z:\001_Workspace\Marveen\marveen\.claude\worktrees\antigravity-fleet-agent\node_modules\better-sqlite3\build\Release\better_sqlite3.node'
was compiled against a different Node.js version using
NODE_MODULE_VERSION 127. This version of Node.js requires
NODE_MODULE_VERSION 137. Please try re-compiling or re-installing
the module (for instance, using `npm rebuild` or `npm install`).[39m
 [31m×[39m src/__tests__/kanban-labels.test.ts[2m > [22mlabel registry CRUD[2m > [22mreturns false deleting a non-existent label
[31m   → The module '\\?\Z:\001_Workspace\Marveen\marveen\.claude\worktrees\antigravity-fleet-agent\node_modules\better-sqlite3\build\Release\better_sqlite3.node'
was compiled against a different Node.js version using
NODE_MODULE_VERSION 127. This version of Node.js requires
NODE_MODULE_VERSION 137. Please try re-compiling or re-installing
the module (for instance, using `npm rebuild` or `npm install`).[39m
 [31m×[39m src/__tests__/kanban-labels.test.ts[2m > [22mcard <-> label associations[2m > [22mattaches a label to a card and reads it back
[31m   → The module '\\?\Z:\001_Workspace\Marveen\marveen\.claude\worktrees\antigravity-fleet-agent\node_modules\better-sqlite3\build\Release\better_sqlite3.node'
was compiled against a different Node.js version using
NODE_MODULE_VERSION 127. This version of Node.js requires
NODE_MODULE_VERSION 137. Please try re-compiling or re-installing
the module (for instance, using `npm rebuild` or `npm install`).[39m
 [31m×[39m src/__tests__/kanban-labels.test.ts[2m > [22mcard <-> label associations[2m > [22mis idempotent -- attaching the same label twice does not duplicate it
[31m   → The module '\\?\Z:\001_Workspace\Marveen\marveen\.claude\worktrees\antigravity-fleet-agent\node_modules\better-sqlite3\build\Release\better_sqlite3.node'
was compiled against a different Node.js version using
NODE_MODULE_VERSION 127. This version of Node.js requires
NODE_MODULE_VERSION 137. Please try re-compiling or re-installing
the module (for instance, using `npm rebuild` or `npm install`).[39m
 [31m×[39m src/__tests__/kanban-labels.test.ts[2m > [22mcard <-> label associations[2m > [22mremoves a label from a card
[31m   → The module '\\?\Z:\001_Workspace\Marveen\marveen\.claude\worktrees\antigravity-fleet-agent\node_modules\better-sqlite3\build\Release\better_sqlite3.node'
was compiled against a different Node.js version using
NODE_MODULE_VERSION 127. This version of Node.js requires
NODE_MODULE_VERSION 137. Please try re-compiling or re-installing
the module (for instance, using `npm rebuild` or `npm install`).[39m
 [31m×[39m src/__tests__/kanban-labels.test.ts[2m > [22mcard <-> label associations[2m > [22mreturns false removing an association that does not exist
[31m   → The module '\\?\Z:\001_Workspace\Marveen\marveen\.claude\worktrees\antigravity-fleet-agent\node_modules\better-sqlite3\build\Release\better_sqlite3.node'
was compiled against a different Node.js version using
NODE_MODULE_VERSION 127. This version of Node.js requires
NODE_MODULE_VERSION 137. Please try re-compiling or re-installing
the module (for instance, using `npm rebuild` or `npm install`).[39m
 [31m×[39m src/__tests__/kanban-labels.test.ts[2m > [22mcard <-> label associations[2m > [22mbulk-loads labels for all cards in one map
[31m   → The module '\\?\Z:\001_Workspace\Marveen\marveen\.claude\worktrees\antigravity-fleet-agent\node_modules\better-sqlite3\build\Release\better_sqlite3.node'
was compiled against a different Node.js version using
NODE_MODULE_VERSION 127. This version of Node.js requires
NODE_MODULE_VERSION 137. Please try re-compiling or re-installing
the module (for instance, using `npm rebuild` or `npm install`).[39m
 [31m×[39m src/__tests__/kanban-labels.test.ts[2m > [22mcard <-> label associations[2m > [22mdrops a card label association when the card is deleted
[31m   → The module '\\?\Z:\001_Workspace\Marveen\marveen\.claude\worktrees\antigravity-fleet-agent\node_modules\better-sqlite3\build\Release\better_sqlite3.node'
was compiled against a different Node.js version using
NODE_MODULE_VERSION 127. This version of Node.js requires
NODE_MODULE_VERSION 137. Please try re-compiling or re-installing
the module (for instance, using `npm rebuild` or `npm install`).[39m
 [32m✓[39m src/__tests__/send-prompt-force-send-gate.test.ts[2m > [22msendPromptToSession waitForIdle gate[2m > [22msendPromptToSession accepts a waitForIdle option
 [32m✓[39m src/__tests__/send-prompt-force-send-gate.test.ts[2m > [22msendPromptToSession waitForIdle gate[2m > [22mthe gate defaults ON (waitForIdle !== false) so all other callers keep it
 [32m✓[39m src/__tests__/send-prompt-force-send-gate.test.ts[2m > [22msendPromptToSession waitForIdle gate[2m > [22monBusyTimeout defaults to the historical best-effort send; abort is explicit opt-in
 [32m✓[39m src/__tests__/send-prompt-force-send-gate.test.ts[2m > [22msendPromptToSession waitForIdle gate[2m > [22mthe forceSend scheduled-task path opts out of the idle wait
 [32m✓[39m src/__tests__/send-prompt-force-send-gate.test.ts[2m > [22msendPromptToSession waitForIdle gate[2m > [22mdocuments WHY forceSend skips the gate
 [32m✓[39m src/__tests__/update-release-grouping.test.ts[2m > [22mgroupByRelease[2m > [22mgroups commits under their enclosing release, newest-first
 [32m✓[39m src/__tests__/update-release-grouping.test.ts[2m > [22mgroupByRelease[2m > [22mprefers the release-commit body over the subject summary, stripping trailers
 [32m✓[39m src/__tests__/update-release-grouping.test.ts[2m > [22mgroupByRelease[2m > [22mfalls back to the subject summary when the body is empty (historical inconsistency)
 [32m✓[39m src/__tests__/update-release-grouping.test.ts[2m > [22mgroupByRelease[2m > [22mmatches an em-dash separator in a release subject
 [32m✓[39m src/__tests__/update-release-grouping.test.ts[2m > [22mgroupByRelease[2m > [22mputs everything in upcoming when there is no release marker
 [32m✓[39m src/__tests__/update-release-grouping.test.ts[2m > [22mgroupByRelease[2m > [22momits the empty upcoming group when the newest commit is a release
 [32m✓[39m src/__tests__/verify-channels-health-static.test.ts[2m > [22mD1 — verify-channels-health.sh static assertions[2m > [22mD1-DoD-1: does NOT contain the old global 'pgrep -af bun server.ts' fallback
 [32m✓[39m src/__tests__/verify-channels-health-static.test.ts[2m > [22mD1 — verify-channels-health.sh static assertions[2m > [22mD1-DoD-2: has session-absent guard that sets fail=1 when pane PID is empty
 [32m✓[39m src/__tests__/verify-channels-health-static.test.ts[2m > [22mD1 — verify-channels-health.sh static assertions[2m > [22mD1-DoD-3: walks process tree rooted at pane PID via pgrep -P
 [32m✓[39m src/__tests__/verify-channels-health-static.test.ts[2m > [22mD1 — verify-channels-health.sh static assertions[2m > [22mD1-DoD-4: preserves CLAUDE_PID derivation for --channels plugin: (used by (b) and (c))
 [32m✓[39m src/__tests__/verify-channels-health-static.test.ts[2m > [22mD1 — verify-channels-health.sh static assertions[2m > [22mD1-DoD-5: uses exit "$fail" so 0 = HEALTHY, 1 = any failure
 [32m✓[39m src/__tests__/installer-start-and-fallback.test.ts[2m > [22minstall-linux.sh -- a failing probe must not abort the installer[2m > [22mguards every `claude --print "ping"` capture so its failure stays DATA
 [32m✓[39m src/__tests__/installer-start-and-fallback.test.ts[2m > [22minstall-linux.sh -- a failing probe must not abort the installer[2m > [22mstill declares the BROKEN verdict the probe is supposed to produce
 [32m✓[39m src/__tests__/installer-start-and-fallback.test.ts[2m > [22minstall-macos.sh -- a failing probe must not abort the installer[2m > [22mguards every `claude --print "ping"` capture so its failure stays DATA
 [32m✓[39m src/__tests__/installer-start-and-fallback.test.ts[2m > [22minstall-macos.sh -- a failing probe must not abort the installer[2m > [22mstill declares the BROKEN verdict the probe is supposed to produce
 [31m×[39m src/__tests__/installer-start-and-fallback.test.ts[2m > [22mthe ERR-trap abort is real (guards the premise of the tests above)[2m > [22man unguarded capture aborts, and bash blames the enclosing `fi`[33m 792[2mms[22m[39m
[31m   → expected '' to be 'TRAP:6' // Object.is equality[39m
 [31m×[39m src/__tests__/installer-start-and-fallback.test.ts[2m > [22mthe ERR-trap abort is real (guards the premise of the tests above)[2m > [22ma `set +e` window does NOT stop an ERR trap that exits[33m 680[2mms[22m[39m
[31m   → expected '' to match /^TRAP:/[39m
 [31m×[39m src/__tests__/installer-start-and-fallback.test.ts[2m > [22mthe ERR-trap abort is real (guards the premise of the tests above)[2m > [22mthe `&& rc=0 || rc=$?` guard survives AND keeps the real exit status[33m 738[2mms[22m[39m
[31m   → expected '' to be 'REACHED:7:boom' // Object.is equality[39m
 [31m×[39m src/__tests__/installer-start-and-fallback.test.ts[2m > [22mthe ERR-trap abort is real (guards the premise of the tests above)[2m > [22mthe same guard reports success unchanged[33m 822[2mms[22m[39m
[31m   → expected '' to be 'REACHED:0:ok' // Object.is equality[39m
 [32m✓[39m src/__tests__/installer-start-and-fallback.test.ts[2m > [22minstall-linux.sh -- the diagnose-with-Claude offer must be runnable[2m > [22mnever invokes the non-existent `--prompt` flag
 [32m✓[39m src/__tests__/installer-start-and-fallback.test.ts[2m > [22minstall-linux.sh -- the diagnose-with-Claude offer must be runnable[2m > [22mpasses the prompt positionally, the way the CLI accepts it
 [32m✓[39m src/__tests__/installer-start-and-fallback.test.ts[2m > [22minstall-macos.sh -- the diagnose-with-Claude offer must be runnable[2m > [22mnever invokes the non-existent `--prompt` flag
 [32m✓[39m src/__tests__/installer-start-and-fallback.test.ts[2m > [22minstall-macos.sh -- the diagnose-with-Claude offer must be runnable[2m > [22mpasses the prompt positionally, the way the CLI accepts it
 [31m×[39m src/__tests__/installer-start-and-fallback.test.ts[2m > [22minstall-macos.sh -- launchd units must be verified, not assumed[2m > [22mnever trusts load/bootstrap alone -- it always kickstarts[33m 2288[2mms[22m[39m
[31m   → expected [] to include 'kickstart'[39m
 [31m×[39m src/__tests__/installer-start-and-fallback.test.ts[2m > [22minstall-macos.sh -- launchd units must be verified, not assumed[2m > [22mreturns the pid once the unit is actually up[33m 2849[2mms[22m[39m
[31m   → expected '' to be '4242' // Object.is equality[39m
 [32m✓[39m src/__tests__/installer-start-and-fallback.test.ts[2m > [22minstall-macos.sh -- launchd units must be verified, not assumed[2m > [22mreturns NOTHING when the spawn stays pended, so the caller can fail loudly[33m 2263[2mms[22m[39m
 [32m✓[39m src/__tests__/installer-start-and-fallback.test.ts[2m > [22minstall-macos.sh -- launchd units must be verified, not assumed[2m > [22mreturns NOTHING for a crash-looping unit whose first pid was transient[33m 2169[2mms[22m[39m
 [32m✓[39m src/__tests__/installer-start-and-fallback.test.ts[2m > [22minstall-macos.sh -- launchd units must be verified, not assumed[2m > [22mdoes not abort the installer when launchd refuses to start the unit[33m 2374[2mms[22m[39m
 [32m✓[39m src/__tests__/installer-start-and-fallback.test.ts[2m > [22minstall-macos.sh -- launchd units must be verified, not assumed[2m > [22minstall-macos.sh gates the success banner on the verified pids
 [32m✓[39m src/__tests__/installer-start-and-fallback.test.ts[2m > [22minstall-macos.sh -- launchd units must be verified, not assumed[2m > [22mscripts/start.sh uses the same verified starter, not a bare load
 [32m✓[39m src/__tests__/installer-start-and-fallback.test.ts[2m > [22minstall-macos.sh -- launchd units must be verified, not assumed[2m > [22mscripts/start.sh refuses to report success when a unit did not come up
 [31m×[39m src/__tests__/installer-start-and-fallback.test.ts[2m > [22mevery touched shell entry point stays parseable[2m > [22mbash -n install-linux.sh[33m 803[2mms[22m[39m
[31m   → expected [Function] to not throw an error but 'Error: Command failed: bash -n Z:\001…' was thrown[39m
 [31m×[39m src/__tests__/installer-start-and-fallback.test.ts[2m > [22mevery touched shell entry point stays parseable[2m > [22mbash -n install-macos.sh[33m 634[2mms[22m[39m
[31m   → expected [Function] to not throw an error but 'Error: Command failed: bash -n Z:\001…' was thrown[39m
 [31m×[39m src/__tests__/installer-start-and-fallback.test.ts[2m > [22mevery touched shell entry point stays parseable[2m > [22mbash -n scripts/start.sh[33m 831[2mms[22m[39m
[31m   → expected [Function] to not throw an error but 'Error: Command failed: bash -n Z:\001…' was thrown[39m
 [31m×[39m src/__tests__/installer-start-and-fallback.test.ts[2m > [22mevery touched shell entry point stays parseable[2m > [22mbash -n scripts/launchd-unit.sh[33m 678[2mms[22m[39m
[31m   → expected [Function] to not throw an error but 'Error: Command failed: bash -n Z:\001…' was thrown[39m
 [32m✓[39m src/__tests__/installer-start-and-fallback.test.ts[2m > [22minstall-macos.sh -- the not-started remedy must work on an UNREGISTERED unit (REMEDYCMD807)[2m > [22mbootstraps the plist before kickstarting, for both units
 [32m✓[39m src/__tests__/installer-start-and-fallback.test.ts[2m > [22minstall-macos.sh -- the not-started remedy must work on an UNREGISTERED unit (REMEDYCMD807)[2m > [22mnever offers kickstart WITHOUT a preceding bootstrap on the same line
 [32m✓[39m src/__tests__/lsof-path.test.ts[2m > [22mpickLsofPath -- resolves lsof under a PATH that omits /usr/sbin[2m > [22mfinds /usr/sbin/lsof even though it is NOT on the launchd PATH
 [32m✓[39m src/__tests__/lsof-path.test.ts[2m > [22mpickLsofPath -- resolves lsof under a PATH that omits /usr/sbin[2m > [22mREGRESSION: a PATH-only resolver (the pre-fix behaviour) returns null here
 [32m✓[39m src/__tests__/lsof-path.test.ts[2m > [22mpickLsofPath -- resolves lsof under a PATH that omits /usr/sbin[2m > [22mprefers an absolute location over a PATH hit (deterministic order)
 [31m×[39m src/__tests__/lsof-path.test.ts[2m > [22mpickLsofPath -- resolves lsof under a PATH that omits /usr/sbin[2m > [22mfalls through to a PATH entry when no absolute candidate exists (Linux/homebrew)
[31m   → expected null to be '/opt/homebrew/bin/lsof' // Object.is equality[39m
 [32m✓[39m src/__tests__/lsof-path.test.ts[2m > [22mpickLsofPath -- resolves lsof under a PATH that omits /usr/sbin[2m > [22mreturns null when lsof exists nowhere
 [32m✓[39m src/__tests__/lsof-path.test.ts[2m > [22mrunLsof -- a missing lsof is LOUD, not silent[2m > [22mwarns exactly once across repeated calls and returns null
 [32m✓[39m src/__tests__/fleet-roster-section.test.ts[2m > [22mensureFleetRosterSection[2m > [22m(a) appends marker block when CLAUDE.md has no existing marker
 [32m✓[39m src/__tests__/fleet-roster-section.test.ts[2m > [22mensureFleetRosterSection[2m > [22m(b) replaces only the marker block, surrounding content unchanged
 [32m✓[39m src/__tests__/fleet-roster-section.test.ts[2m > [22mensureFleetRosterSection[2m > [22m(c) does not write to disk when computed content is identical
 [32m✓[39m src/__tests__/fleet-roster-section.test.ts[2m > [22mensureFleetRosterSection[2m > [22m(d) skips gracefully when CLAUDE.md does not exist
 [32m✓[39m src/__tests__/fleet-roster-section.test.ts[2m > [22mensureFleetRosterSection[2m > [22m(e) only sanitized capability tags reach the output
 [32m✓[39m src/__tests__/full-width-layout-css-contract.test.ts[2m > [22mfull-width dashboard layout[2m > [22mno main rule caps the content at a pixel width
 [32m✓[39m src/__tests__/full-width-layout-css-contract.test.ts[2m > [22mfull-width dashboard layout[2m > [22mthe kanban override is padding only
 [32m✓[39m src/__tests__/full-width-layout-css-contract.test.ts[2m > [22mfull-width dashboard layout[2m > [22m.agents-grid adds columns instead of stretching
 [32m✓[39m src/__tests__/full-width-layout-css-contract.test.ts[2m > [22mfull-width dashboard layout[2m > [22m.skills-grid adds columns instead of stretching
 [32m✓[39m src/__tests__/full-width-layout-css-contract.test.ts[2m > [22mfull-width dashboard layout[2m > [22m.status-service-grid adds columns instead of stretching
 [32m✓[39m src/__tests__/full-width-layout-css-contract.test.ts[2m > [22mfull-width dashboard layout[2m > [22m.overview-stats adds columns instead of stretching
 [32m✓[39m src/__tests__/full-width-layout-css-contract.test.ts[2m > [22mfull-width dashboard layout[2m > [22m.catalog-grid adds columns instead of stretching
 [32m✓[39m src/__tests__/full-width-layout-css-contract.test.ts[2m > [22mfull-width dashboard layout[2m > [22m.kanban-board adds columns instead of stretching
 [32m✓[39m src/__tests__/full-width-layout-css-contract.test.ts[2m > [22mfull-width dashboard layout[2m > [22m.kanban-swimlane-body adds columns instead of stretching
 [32m✓[39m src/__tests__/full-width-layout-css-contract.test.ts[2m > [22mfull-width dashboard layout[2m > [22mthe board columns have a readable minimum width
/bin/bash: Z:\001_Workspace\Marveen\marveen\.claude\worktrees\antigravity-fleet-agent\scripts\skill-index.sh: No such file or directory
 [31m×[39m src/__tests__/skill-index.test.ts[2m > [22mskill-index.sh -- no-arg mode (backward compat)[2m > [22mwrites the index to ~/.claude/skills/.skill-index.md[33m 963[2mms[22m[39m
[31m   → expected false to be true // Object.is equality[39m
 [31m×[39m src/__tests__/skill-index.test.ts[2m > [22mskill-index.sh -- no-arg mode (backward compat)[2m > [22mincludes global skill in the index[33m 782[2mms[22m[39m
[31m   → ENOENT: no such file or directory, open 'C:\Users\pohi9\AppData\Local\Temp\skill-index-test-Xw6BBo\.claude\skills\.skill-index.md'[39m
 [31m×[39m src/__tests__/skill-index.test.ts[2m > [22mskill-index.sh -- no-arg mode (backward compat)[2m > [22muses the two-column table format (no Scope column)[33m 691[2mms[22m[39m
[31m   → ENOENT: no such file or directory, open 'C:\Users\pohi9\AppData\Local\Temp\skill-index-test-LeGufz\.claude\skills\.skill-index.md'[39m
 [32m✓[39m src/__tests__/skill-index.test.ts[2m > [22mskill-index.sh -- no-arg mode (backward compat)[2m > [22mdoes NOT create an index in any other directory[33m 608[2mms[22m[39m
 [31m×[39m src/__tests__/skill-index.test.ts[2m > [22mskill-index.sh -- AGENT_DIR mode (merged index)[2m > [22mwrites the merged index to <AGENT_DIR>/.claude/skills/.skill-index.md[33m 765[2mms[22m[39m
[31m   → expected false to be true // Object.is equality[39m
 [31m×[39m src/__tests__/skill-index.test.ts[2m > [22mskill-index.sh -- AGENT_DIR mode (merged index)[2m > [22mincludes global skill in the merged index[33m 918[2mms[22m[39m
[31m   → ENOENT: no such file or directory, open 'C:\Users\pohi9\AppData\Local\Temp\skill-index-test-6TqQL6\agents\agent-a\.claude\skills\.skill-index.md'[39m
 [31m×[39m src/__tests__/skill-index.test.ts[2m > [22mskill-index.sh -- AGENT_DIR mode (merged index)[2m > [22mincludes agent-specific skill in the merged index[33m 853[2mms[22m[39m
[31m   → ENOENT: no such file or directory, open 'C:\Users\pohi9\AppData\Local\Temp\skill-index-test-a9K8GN\agents\agent-a\.claude\skills\.skill-index.md'[39m
 [31m×[39m src/__tests__/skill-index.test.ts[2m > [22mskill-index.sh -- AGENT_DIR mode (merged index)[2m > [22mlabels global and agent-specific skills with scope[33m 675[2mms[22m[39m
[31m   → ENOENT: no such file or directory, open 'C:\Users\pohi9\AppData\Local\Temp\skill-index-test-O9CRu3\agents\agent-a\.claude\skills\.skill-index.md'[39m
 [32m✓[39m src/__tests__/skill-index.test.ts[2m > [22mskill-index.sh -- AGENT_DIR mode (merged index)[2m > [22mdoes NOT modify the global index when running in agent mode[33m 758[2mms[22m[39m
 [31m×[39m src/__tests__/skill-index.test.ts[2m > [22mskill-index.sh -- AGENT_DIR mode (merged index)[2m > [22mcreates agent .claude/skills/ directory if it does not exist yet[33m 937[2mms[22m[39m
[31m   → expected false to be true // Object.is equality[39m
 [31m×[39m src/__tests__/skill-index.test.ts[2m > [22mskill-index.sh -- AGENT_DIR mode (merged index)[2m > [22mtwo different agents get independent indexes with their own agent-local skills[33m 1628[2mms[22m[39m
[31m   → ENOENT: no such file or directory, open 'C:\Users\pohi9\AppData\Local\Temp\skill-index-test-eTRjBI\agents\agent-a\.claude\skills\.skill-index.md'[39m
 [31m×[39m src/__tests__/skill-index.test.ts[2m > [22mskill-index.sh -- graceful handling of missing global dir[2m > [22mexits cleanly when ~/.claude/skills does not exist[33m 615[2mms[22m[39m
[31m   → expected 127 to be +0 // Object.is equality[39m
 [32m✓[39m src/__tests__/welcome-screen-recovery.test.ts[2m > [22mwelcome-screen wedge: detection -> recovery decision (real fixture)[2m > [22mP1 detection sees the footer-less welcome-screen parked input
 [32m✓[39m src/__tests__/welcome-screen-recovery.test.ts[2m > [22mwelcome-screen wedge: detection -> recovery decision (real fixture)[2m > [22mrecovery HOLDS the wedge: the parked fragment has no surviving machine marker (STUCKINPUT805)
 [32m✓[39m src/__tests__/channel-health-monitor.test.ts[2m > [22mgetChannelHealth[2m > [22mreturns healthy when no reconnect state exists
 [32m✓[39m src/__tests__/channel-health-monitor.test.ts[2m > [22mstartChannelHealthMonitor[2m > [22mreturns a timer handle
 [32m✓[39m src/__tests__/channel-health-monitor.test.ts[2m > [22mstartChannelHealthMonitor[2m > [22mdoes not reconnect when pane shows no failure
 [32m✓[39m src/__tests__/channel-health-monitor.test.ts[2m > [22mstartChannelHealthMonitor[2m > [22mspawns a detached reconnect worker when pane shows plugin failure
 [32m✓[39m src/__tests__/service-label.test.ts[2m > [22mappServiceLabel derives the standalone-installer service label from SERVICE_ID[2m > [22mdefault install keeps the marveen-derived app label (byte-identical to the pre-change literal minus the legacy name)
 [32m✓[39m src/__tests__/service-label.test.ts[2m > [22mappServiceLabel derives the standalone-installer service label from SERVICE_ID[2m > [22ma branded install names the app service after the brand slug
 [32m✓[39m src/__tests__/service-label.test.ts[2m > [22mappServiceLabel derives the standalone-installer service label from SERVICE_ID[2m > [22mlegacy constants are the original claudeclaw names
 [32m✓[39m src/__tests__/service-label.test.ts[2m > [22mlaunchdStatusPattern matches every install shape (fixes the status false-negative)[2m > [22mmatches the standalone-installer app unit
 [32m✓[39m src/__tests__/service-label.test.ts[2m > [22mlaunchdStatusPattern matches every install shape (fixes the status false-negative)[2m > [22mmatches the install-macos.sh dashboard unit -- the exact bug the old "grep claudeclaw" check missed
 [32m✓[39m src/__tests__/service-label.test.ts[2m > [22mlaunchdStatusPattern matches every install shape (fixes the status false-negative)[2m > [22mstill matches a legacy claudeclaw unit (upgrade compatibility)
 [32m✓[39m src/__tests__/service-label.test.ts[2m > [22mlaunchdStatusPattern matches every install shape (fixes the status false-negative)[2m > [22mdoes NOT count an ancillary com.<id>.* helper as the dashboard running
 [32m✓[39m src/__tests__/service-label.test.ts[2m > [22mlaunchdStatusPattern matches every install shape (fixes the status false-negative)[2m > [22mis right-anchored: a longer segment that merely starts with app/dashboard does not match
 [32m✓[39m src/__tests__/service-label.test.ts[2m > [22mlaunchdStatusPattern matches every install shape (fixes the status false-negative)[2m > [22mdoes not match an unrelated service or a prefix without the specific suffix
 [32m✓[39m src/__tests__/service-label.test.ts[2m > [22mlaunchdStatusPattern matches every install shape (fixes the status false-negative)[2m > [22ma branded install matches its own dashboard/app plus the legacy name, not an unrelated brand
 [32m✓[39m src/__tests__/service-label.test.ts[2m > [22msystemdStatusUnits probes newest install shape first with a legacy fallback[2m > [22mlists dashboard, bare id, then legacy for a default install
 [32m✓[39m src/__tests__/service-label.test.ts[2m > [22msystemdStatusUnits probes newest install shape first with a legacy fallback[2m > [22mlists the branded units with the legacy fallback
 [32m✓[39m src/__tests__/service-label.test.ts[2m > [22msystemdStatusUnits probes newest install shape first with a legacy fallback[2m > [22mdeduplicates when the id already equals the legacy id
 [32m✓[39m src/__tests__/config-registry.test.ts[2m > [22mconfig-registry[2m > [22mregisters the kanban WIP keys as non-secret, hot-reloadable, module=kanban
 [32m✓[39m src/__tests__/config-registry.test.ts[2m > [22mconfig-registry[2m > [22mgetSettingDefinition finds a known key and returns undefined for unknown
 [32m✓[39m src/__tests__/config-registry.test.ts[2m > [22mconfig-registry[2m > [22mlistSettingModules returns the distinct modules present in the registry
 [32m✓[39m src/__tests__/config-registry.test.ts[2m > [22mconfig-registry[2m > [22mvalidateSettingValue[2m > [22maccepts a valid int within bounds
 [32m✓[39m src/__tests__/config-registry.test.ts[2m > [22mconfig-registry[2m > [22mvalidateSettingValue[2m > [22mrejects a non-integer
 [32m✓[39m src/__tests__/config-registry.test.ts[2m > [22mconfig-registry[2m > [22mvalidateSettingValue[2m > [22mrejects below min
 [32m✓[39m src/__tests__/config-registry.test.ts[2m > [22mconfig-registry[2m > [22mvalidateSettingValue[2m > [22mrejects 0 for WARN_PCT (min 1, meaningless at 0)
 [32m✓[39m src/__tests__/config-registry.test.ts[2m > [22mconfig-registry[2m > [22mvalidateSettingValue[2m > [22mrejects WARN_PCT above 100
 [32m✓[39m src/__tests__/config-registry.test.ts[2m > [22mconfig-registry[2m > [22mvalidateSettingValue[2m > [22maccepts a valid hex color
 [32m✓[39m src/__tests__/config-registry.test.ts[2m > [22mconfig-registry[2m > [22mvalidateSettingValue[2m > [22mrejects a malformed color
 [32m✓[39m src/__tests__/config-registry.test.ts[2m > [22mconfig-registry[2m > [22mvalidateSettingValue[2m > [22menforces an explicit valueSet over type-based validation
/bin/bash: line 1: apt_lock_holder: command not found
/bin/bash: line 1: _t: command not found
/bin/bash: line 1: _t: command not found
/bin/bash: line 1: _t: command not found
/bin/bash: line 1: apt_lock_holder: command not found
/bin/bash: line 1: _t: command not found
/bin/bash: line 1: _t: command not found
/bin/bash: line 1: _t: command not found
/bin/bash: line 1: _t: command not found
/bin/bash: line 1: _t: command not found
/bin/bash: line 1: _t: command not found
environment: line 12: [: : integer expression expected
environment: line 18: [: : integer expression expected
environment: line 21: [: : integer expression expected
 [2m[90m↓[39m[22m src/__tests__/memories-get-agent-id-alias.test.ts[2m > [22mGET /api/memories agent_id alias[2m > [22m?agent_id= returns same results as ?agent= for a keyword search
 [2m[90m↓[39m[22m src/__tests__/memories-get-agent-id-alias.test.ts[2m > [22mGET /api/memories agent_id alias[2m > [22m?agent_id=agent-a does NOT return agent-b memories
 [2m[90m↓[39m[22m src/__tests__/memories-get-agent-id-alias.test.ts[2m > [22mGET /api/memories agent_id alias[2m > [22m?agent_id= without q lists only that agent memories
 [32m✓[39m src/__tests__/stuck-input-fast-recovery.test.ts[2m > [22msub-agent fast stuck-input recovery contract[2m > [22mreaches clear+re-inject escalation before the give-up cap
 [32m✓[39m src/__tests__/stuck-input-fast-recovery.test.ts[2m > [22msub-agent fast stuck-input recovery contract[2m > [22mstops acting once the give-up cap is hit (no infinite recovery)
 [32m✓[39m src/__tests__/stuck-input-fast-recovery.test.ts[2m > [22msub-agent fast stuck-input recovery contract[2m > [22ma changed signature restarts the spell (message still arriving / edited)
 [32m✓[39m src/__tests__/stuck-input-fast-recovery.test.ts[2m > [22msub-agent fast stuck-input recovery contract[2m > [22mclears state when nothing is parked
 [32m✓[39m src/__tests__/bridge-enroll-host-validation.test.ts[2m > [22mcheckEnrollHost[2m > [22maccepts what a real target address looks like
 [32m✓[39m src/__tests__/bridge-enroll-host-validation.test.ts[2m > [22mcheckEnrollHost[2m > [22mrejects the reported email address, and says why in words that correct the belief
 [32m✓[39m src/__tests__/bridge-enroll-host-validation.test.ts[2m > [22mcheckEnrollHost[2m > [22mrejects the other shapes the shipped Bridge waved through
 [32m✓[39m src/__tests__/bridge-enroll-host-validation.test.ts[2m > [22mcheckEnrollHost[2m > [22mtrims, so a pasted address with stray whitespace still works
 [32m✓[39m src/__tests__/bridge-enroll-host-validation.test.ts[2m > [22mcheckEnrollHost[2m > [22mis NOT satisfied by the remote-agent host charset
 [2m[90m↓[39m[22m src/__tests__/completion-notification.test.ts[2m > [22mcompletion-notification contract[2m > [22mgetAgentMessage returns the saved message after markMessageDone
 [2m[90m↓[39m[22m src/__tests__/completion-notification.test.ts[2m > [22mcompletion-notification contract[2m > [22mcompletion sentinel prefix is detectable (ping-pong guard)
 [2m[90m↓[39m[22m src/__tests__/completion-notification.test.ts[2m > [22mcompletion-notification contract[2m > [22mnotification message has correct from/to/content and is pending
 [2m[90m↓[39m[22m src/__tests__/completion-notification.test.ts[2m > [22mcompletion-notification contract[2m > [22mfailed message also triggers notification with status:failed
 [2m[90m↓[39m[22m src/__tests__/completion-notification.test.ts[2m > [22mcompletion-notification contract[2m > [22mself-message (from === to) does not create a notification
 [32m✓[39m src/__tests__/agent-config-engine.test.ts[2m > [22mtest sandbox[2m > [22mresolves AGENTS_BASE_DIR inside the temp sandbox, not the real repo
 [32m✓[39m src/__tests__/agent-config-engine.test.ts[2m > [22mreadAgentEngine[2m > [22mdefaults to claude when agent-config.json has no engine field
 [32m✓[39m src/__tests__/agent-config-engine.test.ts[2m > [22mreadAgentEngine[2m > [22mdefaults to claude when agent-config.json is missing entirely
 [32m✓[39m src/__tests__/agent-config-engine.test.ts[2m > [22mreadAgentEngine[2m > [22mreturns copilot when explicitly set
 [32m✓[39m src/__tests__/agent-config-engine.test.ts[2m > [22mreadAgentEngine[2m > [22mreturns antigravity when explicitly set
 [32m✓[39m src/__tests__/agent-config-engine.test.ts[2m > [22mreadAgentEngine[2m > [22mfalls back to claude for an unrecognized value (typo-safety)
 [32m✓[39m src/__tests__/agent-config-engine.test.ts[2m > [22mreadAgentEngine[2m > [22mfalls back to claude for "bogus" value (regression guard)
 [32m✓[39m src/__tests__/hidden-attribute-css-contract.test.ts[2m > [22m[hidden] stays effective for class-styled containers[2m > [22mthe auth setup banner can actually be hidden
 [32m✓[39m src/__tests__/hidden-attribute-css-contract.test.ts[2m > [22m[hidden] stays effective for class-styled containers[2m > [22mno NEW hidden-by-default container silently ignores [hidden]
 [32m✓[39m src/__tests__/channel-conflict-probe.test.ts[2m > [22mprobeTelegramConflict[2m > [22mreturns conflicted=true with the description when Telegram answers 409
 [32m✓[39m src/__tests__/channel-conflict-probe.test.ts[2m > [22mprobeTelegramConflict[2m > [22mreturns conflicted=false on 200 OK (normal poll succeeded)
 [32m✓[39m src/__tests__/channel-conflict-probe.test.ts[2m > [22mprobeTelegramConflict[2m > [22mreturns conflicted=false on 401 unauthorized (rotated/revoked token, NOT orphan)
 [32m✓[39m src/__tests__/channel-conflict-probe.test.ts[2m > [22mprobeTelegramConflict[2m > [22mreturns conflicted=false on network failure without throwing
 [32m✓[39m src/__tests__/channel-conflict-probe.test.ts[2m > [22mprobeTelegramConflict[2m > [22mreturns conflicted=false on empty token (cheap guard, no HTTP call)
 [32m✓[39m src/__tests__/channel-conflict-probe.test.ts[2m > [22mprobeTelegramConflict[2m > [22mtolerates a non-JSON 409 body (proxy/CDN interposition)
 [32m✓[39m src/__tests__/federation-address.test.ts[2m > [22mparseQualifiedId[2m > [22mparses a plain qualified id
 [32m✓[39m src/__tests__/federation-address.test.ts[2m > [22mparseQualifiedId[2m > [22mreturns null for local (slash-free) ids
 [32m✓[39m src/__tests__/federation-address.test.ts[2m > [22mparseQualifiedId[2m > [22mreturns null for non-strings
 [32m✓[39m src/__tests__/federation-address.test.ts[2m > [22mparseQualifiedId[2m > [22mrejects more than one separator
 [32m✓[39m src/__tests__/federation-address.test.ts[2m > [22mparseQualifiedId[2m > [22mrejects empty segments
 [32m✓[39m src/__tests__/federation-address.test.ts[2m > [22mparseQualifiedId[2m > [22mrejects path-traversal shapes (no dots in the whitelist)
 [32m✓[39m src/__tests__/federation-address.test.ts[2m > [22mparseQualifiedId[2m > [22mrejects Unicode / homoglyph segments
 [32m✓[39m src/__tests__/federation-address.test.ts[2m > [22mparseQualifiedId[2m > [22mrejects segments that do not start alphanumeric
 [32m✓[39m src/__tests__/federation-address.test.ts[2m > [22mparseQualifiedId[2m > [22menforces the 64-char segment cap
 [32m✓[39m src/__tests__/federation-address.test.ts[2m > [22mparseQualifiedId[2m > [22mallows underscores and hyphens after the first char
 [32m✓[39m src/__tests__/federation-address.test.ts[2m > [22misQualifiedId[2m > [22mis a TOTAL predicate on slash presence (valid or not)
 [32m✓[39m src/__tests__/federation-address.test.ts[2m > [22misValidIdSegment / helpers[2m > [22mvalidates single segments
 [32m✓[39m src/__tests__/federation-address.test.ts[2m > [22misValidIdSegment / helpers[2m > [22mformats and derives the wrap source
 [32m✓[39m src/__tests__/schedule-runner-autostart.test.ts[2m > [22mschedule-runner auto-starts a stopped agent for its scheduled task[2m > [22mattemptFireTask can return a distinct "starting" state
 [32m✓[39m src/__tests__/schedule-runner-autostart.test.ts[2m > [22mschedule-runner auto-starts a stopped agent for its scheduled task[2m > [22mthe missing-session branch auto-starts the agent instead of skipping
 [32m✓[39m src/__tests__/schedule-runner-autostart.test.ts[2m > [22mschedule-runner auto-starts a stopped agent for its scheduled task[2m > [22mthe cron loop enqueues a retry for "starting" WITHOUT the skipIfBusy gate
 [32m✓[39m src/__tests__/schedule-runner-autostart.test.ts[2m > [22mschedule-runner auto-starts a stopped agent for its scheduled task[2m > [22mdocuments WHY (daily batch agent), not just what
 [32m✓[39m src/__tests__/federation-classify.test.ts[2m > [22mclassifyAgentMessage -- federated senders[2m > [22mclassifies a valid qualified from as federated (never trusted)
 [32m✓[39m src/__tests__/federation-classify.test.ts[2m > [22mclassifyAgentMessage -- federated senders[2m > [22mshort-circuits BEFORE any trust evaluation for slash-bearing senders addressed to MAIN
 [32m✓[39m src/__tests__/federation-classify.test.ts[2m > [22mclassifyAgentMessage -- federated senders[2m > [22mrejects malformed qualified senders outright (null, not a collapsed local id)
 [32m✓[39m src/__tests__/federation-classify.test.ts[2m > [22mclassifyAgentMessage -- federated senders[2m > [22ma slash-bearing from can never reach the channel-inbound classification
 [32m✓[39m src/__tests__/federation-classify.test.ts[2m > [22mclassifyAgentMessage -- federated senders[2m > [22mlocal senders keep their existing classification
 [32m✓[39m src/__tests__/federation-classify.test.ts[2m > [22mwrapAgentMessageForDelivery -- federated[2m > [22mwraps with untrusted framing and federation provenance
 [32m✓[39m src/__tests__/federation-classify.test.ts[2m > [22mwrapAgentMessageForDelivery -- federated[2m > [22mscrubs nested security tags from federated payloads
 [32m✓[39m src/__tests__/federation-classify.test.ts[2m > [22mwrapAgentMessageForDelivery -- federated[2m > [22mnever renders the federated source as an agent: source
 [32m✓[39m src/__tests__/autonomy-standalone-removal.test.ts[2m > [22mstandalone autonomy page removal[2m > [22msidebar has NO data-page="autonomy" nav item
 [32m✓[39m src/__tests__/autonomy-standalone-removal.test.ts[2m > [22mstandalone autonomy page removal[2m > [22mstandalone autonomy page div is removed from HTML
 [32m✓[39m src/__tests__/autonomy-standalone-removal.test.ts[2m > [22mstandalone autonomy page removal[2m > [22mstandalone page router entry and loader are removed from app.js
 [32m✓[39m src/__tests__/autonomy-standalone-removal.test.ts[2m > [22mstandalone autonomy page removal[2m > [22mrenderAutonomyContent function is preserved in app.js
 [32m✓[39m src/__tests__/autonomy-standalone-removal.test.ts[2m > [22mstandalone autonomy page removal[2m > [22msettings tab autonomy panel has settingsAutonomyGrid and settingsAutonomyUpdatedAt
 [32m✓[39m src/__tests__/autonomy-standalone-removal.test.ts[2m > [22mstandalone autonomy page removal[2m > [22msettings tab autonomy panel has a refresh button wired to renderAutonomyContent
 [32m✓[39m src/__tests__/autonomy-standalone-removal.test.ts[2m > [22mstandalone autonomy page removal[2m > [22mremoved i18n keys are gone from both language files
 [32m✓[39m src/__tests__/autonomy-standalone-removal.test.ts[2m > [22mstandalone autonomy page removal[2m > [22mremaining autonomy.* i18n keys are intact in both language files
 [32m✓[39m src/__tests__/staleness-guard.test.ts[2m > [22mstaleness-guard hook (behavioural)[2m > [22mstays silent for a fresh message (well under threshold)[33m 419[2mms[22m[39m
 [31m×[39m src/__tests__/staleness-guard.test.ts[2m > [22mstaleness-guard hook (behavioural)[2m > [22mwarns for a message delivered long after it was sent[33m 421[2mms[22m[39m
[31m   → expected '' to contain 'FRISSESSEG-FIGYELMEZTETES'[39m
 [32m✓[39m src/__tests__/staleness-guard.test.ts[2m > [22mstaleness-guard hook (behavioural)[2m > [22mstays silent when there is no channel block at all
 [32m✓[39m src/__tests__/staleness-guard.test.ts[2m > [22mstaleness-guard hook (behavioural)[2m > [22mstays silent (never throws) when the channel block has no ts attribute
 [31m×[39m src/__tests__/staleness-guard.test.ts[2m > [22mstaleness-guard hook (behavioural)[2m > [22mhonours STALENESS_THRESHOLD_SEC override (90s -> 2min message warns)[33m 371[2mms[22m[39m
[31m   → Command failed: python3 Z:\001_Workspace\Marveen\marveen\.claude\worktrees\antigravity-fleet-agent\scripts\hooks\staleness-guard.py
A Python nem tal�lhat�. A Microsoft Store-b�l val� telep�t�shez futtassa a parancsot argumentumok n�lk�l, vagy a Be�ll�t�sok >Alkalmaz�sok > Speci�lis alkalmaz�sbe�ll�t�sok > Alkalmaz�s-v�grehajt�si aliasok lehet[39m
 [32m✓[39m src/__tests__/staleness-guard.test.ts[2m > [22mstaleness-guard wiring (static)[2m > [22mis registered as a UserPromptSubmit hook in the settings template
 [32m✓[39m src/__tests__/staleness-guard.test.ts[2m > [22mstaleness-guard wiring (static)[2m > [22mensureAgentStalenessHook merges idempotently (keyed on the script path)
 [32m✓[39m src/__tests__/staleness-guard.test.ts[2m > [22mstaleness-guard wiring (static)[2m > [22mis backfilled into existing agents on startup
 [32m✓[39m src/__tests__/auto-restart.test.ts[2m > [22mparseHHMM[2m > [22mparses valid times to minutes since midnight
 [32m✓[39m src/__tests__/auto-restart.test.ts[2m > [22mparseHHMM[2m > [22mrejects malformed or out-of-range values
 [32m✓[39m src/__tests__/auto-restart.test.ts[2m > [22mnormalizeAutoRestartConfig[2m > [22mreturns safe defaults for junk input
 [32m✓[39m src/__tests__/auto-restart.test.ts[2m > [22mnormalizeAutoRestartConfig[2m > [22mkeeps a valid daily config and clears interval (daily wins)
 [32m✓[39m src/__tests__/auto-restart.test.ts[2m > [22mnormalizeAutoRestartConfig[2m > [22mkeeps a valid interval config when no daily time
 [32m✓[39m src/__tests__/auto-restart.test.ts[2m > [22mnormalizeAutoRestartConfig[2m > [22mdrops an invalid dailyTime and non-positive interval
 [32m✓[39m src/__tests__/auto-restart.test.ts[2m > [22mnormalizeAutoRestartConfig[2m > [22mdefaults mode to continue for an unknown mode
 [32m✓[39m src/__tests__/auto-restart.test.ts[2m > [22mrestartDue[2m > [22mis not due before the scheduled time
 [32m✓[39m src/__tests__/auto-restart.test.ts[2m > [22mrestartDue[2m > [22mis due at/after the scheduled time when never restarted
 [32m✓[39m src/__tests__/auto-restart.test.ts[2m > [22mrestartDue[2m > [22mdoes not re-fire once restarted at/after the due point
 [32m✓[39m src/__tests__/auto-restart.test.ts[2m > [22mrestartDue[2m > [22mfires again for a later due point even if restarted at an earlier one
 [32m✓[39m src/__tests__/auto-restart.test.ts[2m > [22mrestartDue[2m > [22mis never due for a non-finite dueAt
 [32m✓[39m src/__tests__/auto-restart.test.ts[2m > [22mdailyDueAtMs[2m > [22madds the minutes-since-midnight offset to local midnight
 [31m×[39m src/__tests__/kanban-move-audit.test.ts[2m > [22mkanban move audit trail[2m > [22mrecords exactly one event with correct from/to status and actor on a status change
[31m   → The module '\\?\Z:\001_Workspace\Marveen\marveen\.claude\worktrees\antigravity-fleet-agent\node_modules\better-sqlite3\build\Release\better_sqlite3.node'
was compiled against a different Node.js version using
NODE_MODULE_VERSION 127. This version of Node.js requires
NODE_MODULE_VERSION 137. Please try re-compiling or re-installing
the module (for instance, using `npm rebuild` or `npm install`).[39m
 [31m×[39m src/__tests__/kanban-move-audit.test.ts[2m > [22mkanban move audit trail[2m > [22mrecords no event when the status is unchanged (pure reorder)
[31m   → The module '\\?\Z:\001_Workspace\Marveen\marveen\.claude\worktrees\antigravity-fleet-agent\node_modules\better-sqlite3\build\Release\better_sqlite3.node'
was compiled against a different Node.js version using
NODE_MODULE_VERSION 127. This version of Node.js requires
NODE_MODULE_VERSION 137. Please try re-compiling or re-installing
the module (for instance, using `npm rebuild` or `npm install`).[39m
 [31m×[39m src/__tests__/kanban-move-audit.test.ts[2m > [22mkanban move audit trail[2m > [22mrecords no event when no row matches
[31m   → The module '\\?\Z:\001_Workspace\Marveen\marveen\.claude\worktrees\antigravity-fleet-agent\node_modules\better-sqlite3\build\Release\better_sqlite3.node'
was compiled against a different Node.js version using
NODE_MODULE_VERSION 127. This version of Node.js requires
NODE_MODULE_VERSION 137. Please try re-compiling or re-installing
the module (for instance, using `npm rebuild` or `npm install`).[39m
 [31m×[39m src/__tests__/kanban-move-audit.test.ts[2m > [22mkanban move audit trail[2m > [22mleaves actor null when none is supplied (backward-compatible callers)
[31m   → The module '\\?\Z:\001_Workspace\Marveen\marveen\.claude\worktrees\antigravity-fleet-agent\node_modules\better-sqlite3\build\Release\better_sqlite3.node'
was compiled against a different Node.js version using
NODE_MODULE_VERSION 127. This version of Node.js requires
NODE_MODULE_VERSION 137. Please try re-compiling or re-installing
the module (for instance, using `npm rebuild` or `npm install`).[39m
 [31m×[39m src/__tests__/kanban-move-audit.test.ts[2m > [22mkanban move audit trail[2m > [22mreturns events in chronological order across multiple moves
[31m   → The module '\\?\Z:\001_Workspace\Marveen\marveen\.claude\worktrees\antigravity-fleet-agent\node_modules\better-sqlite3\build\Release\better_sqlite3.node'
was compiled against a different Node.js version using
NODE_MODULE_VERSION 127. This version of Node.js requires
NODE_MODULE_VERSION 137. Please try re-compiling or re-installing
the module (for instance, using `npm rebuild` or `npm install`).[39m
 [32m✓[39m src/__tests__/google-api-token-cache.test.ts[2m > [22mgoogle-api token cache mtime invalidation[2m > [22mcache entry carries the file mtime alongside the parsed payload
 [32m✓[39m src/__tests__/google-api-token-cache.test.ts[2m > [22mgoogle-api token cache mtime invalidation[2m > [22mloadTokens re-reads when the file mtime advances
 [32m✓[39m src/__tests__/google-api-token-cache.test.ts[2m > [22mgoogle-api token cache mtime invalidation[2m > [22msaveTokens populates the cache with a matching mtime (no double-read)
 [32m✓[39m src/__tests__/google-api-token-cache.test.ts[2m > [22mgoogle-api token cache mtime invalidation[2m > [22msaveTokens writes ONLY tokens.normal-shaped JSON (no cache-mtime leak)
 [32m✓[39m src/__tests__/google-api-token-cache.test.ts[2m > [22mgoogle-api token cache mtime invalidation[2m > [22mhandles a missing TOKENS_PATH at stat time without throwing
 [32m✓[39m src/__tests__/token-usage-collapse.test.ts[2m > [22mcollapseByMessageId[2m > [22mcollapses the text + tool_use lines of one turn into a single row
 [32m✓[39m src/__tests__/token-usage-collapse.test.ts[2m > [22mcollapseByMessageId[2m > [22mcollapses three+ lines (parallel tool calls) into one
 [32m✓[39m src/__tests__/token-usage-collapse.test.ts[2m > [22mcollapseByMessageId[2m > [22mkeeps distinct turns separate and preserves order
 [32m✓[39m src/__tests__/token-usage-collapse.test.ts[2m > [22mcollapseByMessageId[2m > [22mpasses through rows without a message id (older transcripts)
 [32m✓[39m src/__tests__/token-usage-collapse.test.ts[2m > [22mcollapseByMessageId[2m > [22mtakes the max per usage field if a partial line differs
 [32m✓[39m src/__tests__/activity-no-main-duplicate.test.ts[2m > [22mwithoutMainAgent[2m > [22mremoves the main agent id from a list that contains it
 [32m✓[39m src/__tests__/activity-no-main-duplicate.test.ts[2m > [22mwithoutMainAgent[2m > [22mleaves a list that does not contain the main agent unchanged
 [32m✓[39m src/__tests__/activity-no-main-duplicate.test.ts[2m > [22mwithoutMainAgent[2m > [22mreturns an empty list when given only the main agent
 [32m✓[39m src/__tests__/activity-no-main-duplicate.test.ts[2m > [22mwithoutMainAgent[2m > [22mis consistent with isMainChannelsAgent
 [32m✓[39m src/__tests__/activity-no-main-duplicate.test.ts[2m > [22m/api/agents/activity: main agent must not appear as a worker entry[2m > [22mthe activity worker loop uses withoutMainAgent (not a raw listAgentNames)
 [32m✓[39m src/__tests__/activity-no-main-duplicate.test.ts[2m > [22m/api/agents/model-suggest: main agent must not appear twice[2m > [22mfilters the main agent out of names before prepending MAIN_AGENT_ID
 [32m✓[39m src/__tests__/password-hash.test.ts[2m > [22mhashPassword / verifyPassword[2m > [22mproduces a PHC scrypt string and round-trips[33m 533[2mms[22m[39m
 [32m✓[39m src/__tests__/agent-put-fields.test.ts[2m > [22mcheckAgentPutFields[2m > [22maccepts the payloads the dashboard actually sends
 [32m✓[39m src/__tests__/agent-put-fields.test.ts[2m > [22mcheckAgentPutFields[2m > [22mrefuses securityProfile and says where it belongs
 [32m✓[39m src/__tests__/agent-put-fields.test.ts[2m > [22mcheckAgentPutFields[2m > [22mrefuses a field nobody has heard of, rather than ignoring it
 [32m✓[39m src/__tests__/agent-put-fields.test.ts[2m > [22mcheckAgentPutFields[2m > [22mnames every offending field, not just the first
 [32m✓[39m src/__tests__/agent-put-fields.test.ts[2m > [22mcheckAgentPutFields[2m > [22mrejects a body that is not an object at all
 [32m✓[39m src/__tests__/agent-put-fields.test.ts[2m > [22mcheckAgentPutFields[2m > [22mdoes not quietly gain a writable field
 [32m✓[39m src/__tests__/session-title-banner.test.ts[2m > [22mstripAllAnsi[2m > [22mremoves every SGR/CSI code, keeps all visible characters
 [32m✓[39m src/__tests__/session-title-banner.test.ts[2m > [22mstripAllAnsi[2m > [22mis byte-for-byte the plain text of a coloured capture
 [32m✓[39m src/__tests__/session-title-banner.test.ts[2m > [22mstripSessionTitleBanner[2m > [22mremoves a multi-line trailing rename banner, keeps content above
 [32m✓[39m src/__tests__/session-title-banner.test.ts[2m > [22mstripSessionTitleBanner[2m > [22mis a no-op when there is no trailing background-filled banner
 [32m✓[39m src/__tests__/session-title-banner.test.ts[2m > [22mstripSessionTitleBanner[2m > [22mdoes NOT treat a foreground 256-colour index of 7 as a background fill
 [32m✓[39m src/__tests__/session-title-banner.test.ts[2m > [22mdetectPaneState with a rename banner (capturePane pipeline)[2m > [22mraw (banner intact) misclassifies a busy pane as unknown
 [32m✓[39m src/__tests__/session-title-banner.test.ts[2m > [22mdetectPaneState with a rename banner (capturePane pipeline)[2m > [22mafter stripping the banner the busy signal classifies correctly
 [32m✓[39m src/__tests__/agent-result-classification.test.ts[2m > [22mclassifyAgentResult[2m > [22mpasses through a clean success result as content
 [32m✓[39m src/__tests__/agent-result-classification.test.ts[2m > [22mclassifyAgentResult[2m > [22mblocks a success-subtype result flagged is_error (AUP block surfaced on success)
 [32m✓[39m src/__tests__/agent-result-classification.test.ts[2m > [22mclassifyAgentResult[2m > [22mblocks an error_during_execution subtype (no result field on SDKResultError)
 [32m✓[39m src/__tests__/agent-result-classification.test.ts[2m > [22mclassifyAgentResult[2m > [22mblocks error_max_turns / error_max_budget_usd
 [32m✓[39m src/__tests__/agent-result-classification.test.ts[2m > [22mclassifyAgentResult[2m > [22mblocks a success result carrying an api_error_status even if is_error is false
 [32m✓[39m src/__tests__/agent-result-classification.test.ts[2m > [22mclassifyAgentResult[2m > [22mincludes a result snippet in the reason for diagnosis (but never as content)
 [32m✓[39m src/__tests__/agent-result-classification.test.ts[2m > [22mclassifyAgentResult[2m > [22mtreats a success with a non-string result as no content (text=null, not blocked)
 [32m✓[39m src/__tests__/agent-result-classification.test.ts[2m > [22mclassifyAgentResult[2m > [22mnever returns the block text as content even when result is a long policy message
 [32m✓[39m src/__tests__/remote-api.test.ts[2m > [22mwriteAgentRemoteConfig (PUT /remote backing logic)[2m > [22mpersists a valid host + workdir and preserves other config keys
 [32m✓[39m src/__tests__/remote-api.test.ts[2m > [22mwriteAgentRemoteConfig (PUT /remote backing logic)[2m > [22mrejects an invalid host (shell metachars) and does NOT persist
 [32m✓[39m src/__tests__/remote-api.test.ts[2m > [22mwriteAgentRemoteConfig (PUT /remote backing logic)[2m > [22mrejects a host with a colon/port
 [32m✓[39m src/__tests__/remote-api.test.ts[2m > [22mwriteAgentRemoteConfig (PUT /remote backing logic)[2m > [22mrejects a relative/tilde workdir
 [32m✓[39m src/__tests__/remote-api.test.ts[2m > [22mwriteAgentRemoteConfig (PUT /remote backing logic)[2m > [22mclears the fields (revert to local) on empty input
 [32m✓[39m src/__tests__/remote-api.test.ts[2m > [22mwriteAgentRemoteConfig (PUT /remote backing logic)[2m > [22mrejects a half-configured write (host without workdir)
 [32m✓[39m src/__tests__/kanban-ref-normalize.test.ts[2m > [22mnormalizeKanbanRefs[2m > [22mrewrites a single matching hex reference to #seq
 [32m✓[39m src/__tests__/kanban-ref-normalize.test.ts[2m > [22mnormalizeKanbanRefs[2m > [22mrewrites multiple references in the same content
 [32m✓[39m src/__tests__/kanban-ref-normalize.test.ts[2m > [22mnormalizeKanbanRefs[2m > [22mpreserves the explicit disambiguation pattern `#seq (hex)`
 [32m✓[39m src/__tests__/kanban-ref-normalize.test.ts[2m > [22mnormalizeKanbanRefs[2m > [22mleaves a hex token alone when no kanban card matches
 [32m✓[39m src/__tests__/kanban-ref-normalize.test.ts[2m > [22mnormalizeKanbanRefs[2m > [22mdoes not touch non-kanban `#` patterns (GitHub PRs, issues)
 [32m✓[39m src/__tests__/kanban-ref-normalize.test.ts[2m > [22mnormalizeKanbanRefs[2m > [22mcase-insensitive: an uppercase hex matches a lowercase card id
 [32m✓[39m src/__tests__/kanban-ref-normalize.test.ts[2m > [22mnormalizeKanbanRefs[2m > [22mdoes not match longer hex runs (9+ chars stay intact)
 [32m✓[39m src/__tests__/kanban-ref-normalize.test.ts[2m > [22mnormalizeKanbanRefs[2m > [22mreturns the input untouched when content has no `#` at all
 [32m✓[39m src/__tests__/login-throttle.test.ts[2m > [22mper-username lockout[2m > [22mis unlocked before the 5th consecutive failure
 [32m✓[39m src/__tests__/login-throttle.test.ts[2m > [22mper-username lockout[2m > [22mlocks for 30s at the 5th failure
 [32m✓[39m src/__tests__/login-throttle.test.ts[2m > [22mper-username lockout[2m > [22mdoubles the lock per further failure, capped at 15 min
 [32m✓[39m src/__tests__/login-throttle.test.ts[2m > [22mper-username lockout[2m > [22munlocks once the lock window elapses
 [32m✓[39m src/__tests__/login-throttle.test.ts[2m > [22mper-username lockout[2m > [22ma success clears the counter
 [32m✓[39m src/__tests__/login-throttle.test.ts[2m > [22mknown vs unknown username indistinguishability[2m > [22mlocks an unknown username exactly like a known one
 [32m✓[39m src/__tests__/poller-evidence.test.ts[2m > [22mbuildPollerEvidence[2m > [22mreads a live in-tree poller as the PROBE being wrong, not the plugin
 [32m✓[39m src/__tests__/poller-evidence.test.ts[2m > [22mbuildPollerEvidence[2m > [22mreads a live poller outside the tree as orphaned (reparented / previous claude)
 [32m✓[39m src/__tests__/poller-evidence.test.ts[2m > [22mbuildPollerEvidence[2m > [22mreads no live poller as the plugin genuinely having exited
 [32m✓[39m src/__tests__/poller-evidence.test.ts[2m > [22mbuildPollerEvidence[2m > [22mcounts a poller reached through the wrapper as in-tree (grandchild, not child)
 [32m✓[39m src/__tests__/poller-evidence.test.ts[2m > [22mbuildPollerEvidence[2m > [22mmerges the bot.pid candidate with the env-scan candidates without duplicating
 [32m✓[39m src/__tests__/poller-evidence.test.ts[2m > [22mbuildPollerEvidence[2m > [22mdoes not hang on a parent cycle in the ps snapshot
 [31m×[39m src/__tests__/kanban-delete-fk.test.ts[2m > [22mdeleteKanbanCard transactional FK safety[2m > [22mdeletes a card with no comments and no children
[31m   → The module '\\?\Z:\001_Workspace\Marveen\marveen\.claude\worktrees\antigravity-fleet-agent\node_modules\better-sqlite3\build\Release\better_sqlite3.node'
was compiled against a different Node.js version using
NODE_MODULE_VERSION 127. This version of Node.js requires
NODE_MODULE_VERSION 137. Please try re-compiling or re-installing
the module (for instance, using `npm rebuild` or `npm install`).[39m
 [31m×[39m src/__tests__/kanban-delete-fk.test.ts[2m > [22mdeleteKanbanCard transactional FK safety[2m > [22mreturns false when the card does not exist
[31m   → The module '\\?\Z:\001_Workspace\Marveen\marveen\.claude\worktrees\antigravity-fleet-agent\node_modules\better-sqlite3\build\Release\better_sqlite3.node'
was compiled against a different Node.js version using
NODE_MODULE_VERSION 127. This version of Node.js requires
NODE_MODULE_VERSION 137. Please try re-compiling or re-installing
the module (for instance, using `npm rebuild` or `npm install`).[39m
 [31m×[39m src/__tests__/kanban-delete-fk.test.ts[2m > [22mdeleteKanbanCard transactional FK safety[2m > [22mdeletes comments together with the card
[31m   → The module '\\?\Z:\001_Workspace\Marveen\marveen\.claude\worktrees\antigravity-fleet-agent\node_modules\better-sqlite3\build\Release\better_sqlite3.node'
was compiled against a different Node.js version using
NODE_MODULE_VERSION 127. This version of Node.js requires
NODE_MODULE_VERSION 137. Please try re-compiling or re-installing
the module (for instance, using `npm rebuild` or `npm install`).[39m
 [31m×[39m src/__tests__/kanban-delete-fk.test.ts[2m > [22mdeleteKanbanCard transactional FK safety[2m > [22mnullifies parent_id on children instead of leaving dangling references
[31m   → The module '\\?\Z:\001_Workspace\Marveen\marveen\.claude\worktrees\antigravity-fleet-agent\node_modules\better-sqlite3\build\Release\better_sqlite3.node'
was compiled against a different Node.js version using
NODE_MODULE_VERSION 127. This version of Node.js requires
NODE_MODULE_VERSION 137. Please try re-compiling or re-installing
the module (for instance, using `npm rebuild` or `npm install`).[39m
 [32m✓[39m src/__tests__/dashboard-modal-css-contract.test.ts[2m > [22mdashboard modal CSS contract[2m > [22mthe .terminal-modal must have a fixed height, not just max-height (vibration loop guard)
 [32m✓[39m src/__tests__/dashboard-modal-css-contract.test.ts[2m > [22mdashboard modal CSS contract[2m > [22mcheckbox/radio inputs in a form-group override the text-field width:100% (overflow guard)
 [32m✓[39m src/__tests__/dashboard-modal-css-contract.test.ts[2m > [22mdashboard modal CSS contract[2m > [22m.btn-compact[hidden] stays out of layout when hidden
 [32m✓[39m src/__tests__/dashboard-modal-css-contract.test.ts[2m > [22mdashboard modal CSS contract[2m > [22m.tg-notice[hidden] stays out of layout when hidden
 [32m✓[39m src/__tests__/password-hash.test.ts[2m > [22mhashPassword / verifyPassword[2m > [22mrejects the wrong password[33m 719[2mms[22m[39m
 [31m×[39m src/__tests__/claude-plans.test.ts[2m > [22mresolveClaudePlans[2m > [22mparses a valid registry and expands ~ against homeDir
[31m   → expected [] to have a length of 1 but got +0[39m
 [32m✓[39m src/__tests__/claude-plans.test.ts[2m > [22mresolveClaudePlans[2m > [22mreturns [] for non-array or unparseable JSON
 [31m×[39m src/__tests__/claude-plans.test.ts[2m > [22mresolveClaudePlans[2m > [22mdrops entries with a missing/blank/bad-charset id
[31m   → expected [] to deeply equal [ 'ok' ][39m
 [31m×[39m src/__tests__/claude-plans.test.ts[2m > [22mresolveClaudePlans[2m > [22mdrops entries with invalid planType or non-boolean channelsAllowed
[31m   → expected [] to deeply equal [ 'c' ][39m
 [32m✓[39m src/__tests__/claude-plans.test.ts[2m > [22mresolveClaudePlans[2m > [22mrejects a configDir that would break the launcher (traversal / bad char)
 [31m×[39m src/__tests__/claude-plans.test.ts[2m > [22mresolveClaudePlans[2m > [22mdedupes by id, first occurrence wins
[31m   → expected [] to have a length of 1 but got +0[39m
 [31m×[39m src/__tests__/claude-plans.test.ts[2m > [22mresolveClaudePlans[2m > [22mkeeps optional drift hints when present, omits when absent
[31m   → Cannot read properties of undefined (reading 'expectedOrgType')[39m
 [32m✓[39m src/__tests__/slack-manifest.test.ts[2m > [22mgenerateSlackAppManifest[2m > [22mreturns valid YAML with the app name
 [32m✓[39m src/__tests__/slack-manifest.test.ts[2m > [22mgenerateSlackAppManifest[2m > [22mincludes all required bot scopes
 [32m✓[39m src/__tests__/slack-manifest.test.ts[2m > [22mgenerateSlackAppManifest[2m > [22mincludes all required bot events
 [32m✓[39m src/__tests__/slack-manifest.test.ts[2m > [22mgenerateSlackAppManifest[2m > [22menables socket mode
 [32m✓[39m src/__tests__/slack-manifest.test.ts[2m > [22mgenerateSlackAppManifest[2m > [22menables interactivity
 [32m✓[39m src/__tests__/slack-manifest.test.ts[2m > [22mgenerateSlackAppManifest[2m > [22mstrips quotes and backslashes from app name for valid YAML
 [32m✓[39m src/__tests__/slack-manifest.test.ts[2m > [22mgenerateSlackAppManifest[2m > [22mstrips backslashes from app name
 [32m✓[39m src/__tests__/slack-manifest.test.ts[2m > [22mgetSlackAppSetupInstructions[2m > [22mreturns an array of steps
 [32m✓[39m src/__tests__/slack-manifest.test.ts[2m > [22mgetSlackAppSetupInstructions[2m > [22mmentions api.slack.com/apps
 [32m✓[39m src/__tests__/slack-manifest.test.ts[2m > [22mgetSlackAppSetupInstructions[2m > [22mmentions bot token (xoxb)
 [32m✓[39m src/__tests__/slack-manifest.test.ts[2m > [22mgetSlackAppSetupInstructions[2m > [22mmentions app-level token (xapp)
 [32m✓[39m src/__tests__/slack-manifest.test.ts[2m > [22mgetSlackAppSetupInstructions[2m > [22mmentions connections:write scope
 [32m✓[39m src/__tests__/lang-parity.test.ts[2m > [22mlang parity (hu.js vs en.js)[2m > [22mthe two files define the exact same key set
 [32m✓[39m src/__tests__/lang-parity.test.ts[2m > [22mlang parity (hu.js vs en.js)[2m > [22mmatching keys carry the same {placeholder} token sets
 [32m✓[39m src/__tests__/lang-parity.test.ts[2m > [22mlang parity (hu.js vs en.js)[2m > [22mno duplicate key literals within either source file (object-literal last-wins hides them)
 [32m✓[39m src/__tests__/lang-parity.test.ts[2m > [22mlang parity (hu.js vs en.js)[2m > [22mno empty values
 [32m✓[39m src/__tests__/login-throttle.test.ts[2m > [22mknown vs unknown username indistinguishability[2m > [22mrunDummyVerify resolves without throwing (timing equalizer path)[33m 492[2mms[22m[39m
 [32m✓[39m src/__tests__/login-throttle.test.ts[2m > [22mglobal cap[2m > [22mtrips 429 for ALL logins after 50 failures in the window
 [32m✓[39m src/__tests__/login-throttle.test.ts[2m > [22mglobal cap[2m > [22mdrains after the rolling hour
 [32m✓[39m src/__tests__/channel-monitor-keepalive-shortcircuit.test.ts[2m > [22mcheckMainKeepaliveStaleness: bun-alive short-circuit (2026-06-01 21:18 incident)[2m > [22mprobes hasChannelPluginAlive before measuring file staleness
 [32m✓[39m src/__tests__/channel-monitor-keepalive-shortcircuit.test.ts[2m > [22mcheckMainKeepaliveStaleness: bun-alive short-circuit (2026-06-01 21:18 incident)[2m > [22mreturns early when the plugin is alive (no respawn for quiet channels)
 [32m✓[39m src/__tests__/channel-monitor-keepalive-shortcircuit.test.ts[2m > [22mcheckMainKeepaliveStaleness: bun-alive short-circuit (2026-06-01 21:18 incident)[2m > [22mfails OPEN (falls through to existing logic) if the liveness probe throws
 [32m✓[39m src/__tests__/network-info.test.ts[2m > [22misPrivateIpv4[2m > [22maccepts the three private ranges
 [32m✓[39m src/__tests__/network-info.test.ts[2m > [22misPrivateIpv4[2m > [22mrejects public, link-local, and 172.x outside 16-31
 [32m✓[39m src/__tests__/network-info.test.ts[2m > [22mpickLanIp[2m > [22mpicks the WiFi private IP on a typical macOS host (skips loopback/VPN/awdl)
 [32m✓[39m src/__tests__/network-info.test.ts[2m > [22mpickLanIp[2m > [22mpicks the eth0 private IP on Linux and skips the docker bridge
 [32m✓[39m src/__tests__/network-info.test.ts[2m > [22mpickLanIp[2m > [22mprefers en0 over en1 when both qualify
 [32m✓[39m src/__tests__/network-info.test.ts[2m > [22mpickLanIp[2m > [22mreturns null when only loopback exists (localhost-only / no LAN)
 [32m✓[39m src/__tests__/network-info.test.ts[2m > [22mpickLanIp[2m > [22mreturns null when the only non-internal IPv4 is public (no private LAN addr)
 [32m✓[39m src/__tests__/network-info.test.ts[2m > [22mpickLanIp[2m > [22mignores IPv6 and internal addresses
 [32m✓[39m src/__tests__/csrf-origin.test.ts[2m > [22misSafeMethod[2m > [22mtreats GET/HEAD/OPTIONS as safe, others as unsafe
 [32m✓[39m src/__tests__/csrf-origin.test.ts[2m > [22moriginMatchesServedHost[2m > [22mmatches when Origin host equals the Host header (Tailscale preserves Host)
 [32m✓[39m src/__tests__/csrf-origin.test.ts[2m > [22moriginMatchesServedHost[2m > [22mmatches via X-Forwarded-Host when the proxy rewrites Host
 [32m✓[39m src/__tests__/csrf-origin.test.ts[2m > [22moriginMatchesServedHost[2m > [22muses the first X-Forwarded-Host hop
 [32m✓[39m src/__tests__/csrf-origin.test.ts[2m > [22moriginMatchesServedHost[2m > [22mdoes NOT match a foreign origin
 [32m✓[39m src/__tests__/csrf-origin.test.ts[2m > [22moriginMatchesServedHost[2m > [22mreturns false for a malformed origin
 [32m✓[39m src/__tests__/csrf-origin.test.ts[2m > [22misBlockedCrossOriginWrite[2m > [22mallows safe methods regardless of origin
 [32m✓[39m src/__tests__/csrf-origin.test.ts[2m > [22misBlockedCrossOriginWrite[2m > [22mallows writes with no Origin header (same-origin browsers omit it)
 [32m✓[39m src/__tests__/csrf-origin.test.ts[2m > [22misBlockedCrossOriginWrite[2m > [22mallows writes from an allowlisted origin
 [32m✓[39m src/__tests__/csrf-origin.test.ts[2m > [22misBlockedCrossOriginWrite[2m > [22mallows the Tailscale Serve PWA (same-origin via Host) -- the bug fix
 [32m✓[39m src/__tests__/csrf-origin.test.ts[2m > [22misBlockedCrossOriginWrite[2m > [22mallows the Tailscale Serve PWA (same-origin via X-Forwarded-Host)
 [32m✓[39m src/__tests__/csrf-origin.test.ts[2m > [22misBlockedCrossOriginWrite[2m > [22mSTILL blocks a genuine cross-site write (CSRF stays defended)
 [32m✓[39m src/__tests__/command-task-eval.test.ts[2m > [22mevaluateCommandResult[2m > [22mreturns no action on the first failure below threshold
 [32m✓[39m src/__tests__/command-task-eval.test.ts[2m > [22mevaluateCommandResult[2m > [22malerts exactly when the streak first reaches the threshold
 [32m✓[39m src/__tests__/command-task-eval.test.ts[2m > [22mevaluateCommandResult[2m > [22mdoes not re-alert while already alerted and still failing
 [32m✓[39m src/__tests__/command-task-eval.test.ts[2m > [22mevaluateCommandResult[2m > [22mrecovers exactly once when a previously-alerted task succeeds
 [32m✓[39m src/__tests__/command-task-eval.test.ts[2m > [22mevaluateCommandResult[2m > [22mstays silent on success when not previously alerted
 [32m✓[39m src/__tests__/command-task-eval.test.ts[2m > [22mevaluateCommandResult[2m > [22mrespects a custom failThreshold greater than 2
 [32m✓[39m src/__tests__/remote-config.test.ts[2m > [22mresolveRemoteConfig[2m > [22mreturns both null for empty / no-remote config (agent is local)
 [32m✓[39m src/__tests__/remote-config.test.ts[2m > [22mresolveRemoteConfig[2m > [22mreturns both null for unparseable JSON
 [32m✓[39m src/__tests__/remote-config.test.ts[2m > [22mresolveRemoteConfig[2m > [22mresolves a valid alias host + absolute workdir
 [32m✓[39m src/__tests__/remote-config.test.ts[2m > [22mresolveRemoteConfig[2m > [22maccepts a user@host form
 [32m✓[39m src/__tests__/remote-config.test.ts[2m > [22mresolveRemoteConfig[2m > [22mtrims surrounding whitespace
 [32m✓[39m src/__tests__/remote-config.test.ts[2m > [22mresolveRemoteConfig[2m > [22mrejects a host with a colon/port (port belongs in ~/.ssh/config)
 [32m✓[39m src/__tests__/remote-config.test.ts[2m > [22mresolveRemoteConfig[2m > [22mrejects a host with shell metacharacters
 [32m✓[39m src/__tests__/remote-config.test.ts[2m > [22mresolveRemoteConfig[2m > [22mrejects a relative or tilde workdir (encoding must be deterministic)
 [32m✓[39m src/__tests__/remote-config.test.ts[2m > [22mresolveRemoteConfig[2m > [22mrejects a workdir with a parent-traversal segment
 [32m✓[39m src/__tests__/remote-config.test.ts[2m > [22mresolveRemoteConfig[2m > [22mtreats a half-configured agent (host only / workdir only) as local
 [32m✓[39m src/__tests__/env.test.ts[2m > [22mreadEnvFile[2m > [22mures objektumot ad vissza ha nincs .env
 [32m✓[39m src/__tests__/env.test.ts[2m > [22mreadEnvFile[2m > [22mkulcs-ertek parokat parszol
 [32m✓[39m src/__tests__/env.test.ts[2m > [22mreadEnvFile[2m > [22midezojeleket kezel
 [32m✓[39m src/__tests__/env.test.ts[2m > [22mreadEnvFile[2m > [22mkommenteket atugorja
 [32m✓[39m src/__tests__/env.test.ts[2m > [22mreadEnvFile[2m > [22mszurt kulcsokat ad vissza ha megadva
 [32m✓[39m src/__tests__/remote-routing.test.ts[2m > [22mdelivery transport selection[2m > [22ma remote-configured agent routes its tmux send over ssh
 [32m✓[39m src/__tests__/remote-routing.test.ts[2m > [22mdelivery transport selection[2m > [22ma local agent stays on the bare tmux binary (no ssh) -- local behavior preserved
 [32m✓[39m src/__tests__/remote-routing.test.ts[2m > [22mdelivery transport selection[2m > [22ma half-configured (invalid) remote agent falls back to local transport
 [32m✓[39m src/__tests__/remote-routing.test.ts[2m > [22msessionInList existence check (shared by router + scheduler)[2m > [22mfinds the exact remote/local session name in list-sessions output
 [32m✓[39m src/__tests__/tmux-keys.test.ts[2m > [22mresolveSpecialKey[2m > [22mmaps known keys
 [32m✓[39m src/__tests__/tmux-keys.test.ts[2m > [22mresolveSpecialKey[2m > [22mreturns null for an unknown / non-allow-listed key
 [32m✓[39m src/__tests__/tmux-keys.test.ts[2m > [22mliteralKeyArgs[2m > [22mbuilds a literal send-keys with -l and the -- terminator
 [32m✓[39m src/__tests__/tmux-keys.test.ts[2m > [22mliteralKeyArgs[2m > [22mpasses leading-dash text literally (after --)
 [32m✓[39m src/__tests__/tmux-keys.test.ts[2m > [22mliteralKeyArgs[2m > [22mreturns null for empty text
 [32m✓[39m src/__tests__/tmux-keys.test.ts[2m > [22mspecialKeyArgs[2m > [22mbuilds send-keys for an allow-listed key
 [32m✓[39m src/__tests__/tmux-keys.test.ts[2m > [22mspecialKeyArgs[2m > [22mreturns null for a non-allow-listed key
 [32m✓[39m src/__tests__/tmux-keys.test.ts[2m > [22mloginSequence[2m > [22mstart phase: types /login, submits, accepts the highlighted subscription option
 [32m✓[39m src/__tests__/tmux-keys.test.ts[2m > [22mloginSequence[2m > [22mconfirm phase: sends the two trailing Enters
 [2m[90m↓[39m[22m src/__tests__/pending-backlog-by-agent.test.ts[2m > [22mgetPendingBacklogByAgent[2m > [22mcounts only pending rows, and reports the oldest wait
 [2m[90m↓[39m[22m src/__tests__/pending-backlog-by-agent.test.ts[2m > [22mgetPendingBacklogByAgent[2m > [22mdrops an agent off the list once its queue is drained
 [2m[90m↓[39m[22m src/__tests__/pending-backlog-by-agent.test.ts[2m > [22mgetPendingBacklogByAgent[2m > [22mputs the longest-waiting agent first
 [32m✓[39m src/__tests__/schedule-runner-heartbeat-prefix.test.ts[2m > [22mschedule-runner heartbeat prefix is injection-free[2m > [22mkeeps the [Heartbeat: ${task.name}] tag (resubmit-marker matches)
 [32m✓[39m src/__tests__/schedule-runner-heartbeat-prefix.test.ts[2m > [22mschedule-runner heartbeat prefix is injection-free[2m > [22mcontains NO keep-alive / Telegram-keepalive injection strings anywhere
 [32m✓[39m src/__tests__/schedule-runner-heartbeat-prefix.test.ts[2m > [22mschedule-runner heartbeat prefix is injection-free[2m > [22mdoes not branch the heartbeat prefix by agentName (one clean prefix)
 [32m✓[39m src/__tests__/schedule-runner-heartbeat-prefix.test.ts[2m > [22mschedule-runner heartbeat prefix is injection-free[2m > [22mdocuments the security rationale at the branch (why, not just what)
 [32m✓[39m src/__tests__/origin-note-sanitize.test.ts[2m > [22msanitizeOriginNote[2m > [22mkeeps a benign label
 [32m✓[39m src/__tests__/origin-note-sanitize.test.ts[2m > [22msanitizeOriginNote[2m > [22mstrips quotes, brackets, angle brackets, colons and newlines (framing-break chars)
 [32m✓[39m src/__tests__/origin-note-sanitize.test.ts[2m > [22msanitizeOriginNote[2m > [22mcaps length and returns null for empty/whitespace-only
 [32m✓[39m src/__tests__/origin-note-sanitize.test.ts[2m > [22mwrapAgentMessageForDelivery origin_note is sanitized at the sink[2m > [22ma malicious origin_note cannot inject a forged trusted-peer line into the prefix
 [32m✓[39m src/__tests__/origin-note-sanitize.test.ts[2m > [22mwrapAgentMessageForDelivery origin_note is sanitized at the sink[2m > [22ma clean origin_note still renders as a self-tagged label
 [32m✓[39m src/__tests__/password-hash.test.ts[2m > [22mhashPassword / verifyPassword[2m > [22muses a unique salt per hash (no deterministic output)[33m 1005[2mms[22m[39m
 [32m✓[39m src/__tests__/mcp-list-no-boot-warmup.test.ts[2m > [22mmcp-list boot warmup removal (409 source A)[2m > [22mweb.ts does not call startMcpListChecker() at boot
 [32m✓[39m src/__tests__/mcp-list-no-boot-warmup.test.ts[2m > [22mmcp-list boot warmup removal (409 source A)[2m > [22mstartMcpListChecker is not imported in web.ts (dead import removed)
 [32m✓[39m src/__tests__/password-hash.test.ts[2m > [22mhashPassword / verifyPassword[2m > [22mverifies against the STORED params, not the current defaults
 [32m✓[39m src/__tests__/password-hash.test.ts[2m > [22mhashPassword / verifyPassword[2m > [22mreturns false (no throw) for malformed or unknown-prefix hashes
 [32m✓[39m src/__tests__/password-hash.test.ts[2m > [22mhashPassword / verifyPassword[2m > [22mrejects out-of-range ln params (guards against OOM/hang)
 [32m✓[39m src/__tests__/password-hash.test.ts[2m > [22massertPasswordPolicy[2m > [22maccepts a length within bounds
 [32m✓[39m src/__tests__/password-hash.test.ts[2m > [22massertPasswordPolicy[2m > [22mrejects too-short and too-long passwords
 [32m✓[39m src/__tests__/password-hash.test.ts[2m > [22massertPasswordPolicy[2m > [22mrejects a non-string
 [32m✓[39m src/__tests__/password-hash.test.ts[2m > [22massertPasswordPolicy[2m > [22mhashPassword enforces the policy
 [32m✓[39m src/__tests__/conversation-ledger-schema.test.ts[2m > [22mconversation_log schema: db.ts migration == ledger_lib.py (no drift)[2m > [22mboth places define the table
 [32m✓[39m src/__tests__/conversation-ledger-schema.test.ts[2m > [22mconversation_log schema: db.ts migration == ledger_lib.py (no drift)[2m > [22mthe column sets are identical and complete
 [32m✓[39m src/__tests__/conversation-ledger-schema.test.ts[2m > [22mconversation_log schema: db.ts migration == ledger_lib.py (no drift)[2m > [22mboth constrain direction to in/out
 [32m✓[39m src/__tests__/conversation-ledger-schema.test.ts[2m > [22mconversation_log schema: db.ts migration == ledger_lib.py (no drift)[2m > [22mboth dedupe inbound capture via UNIQUE(agent_id, chat_id, direction, message_id)
 [32m✓[39m src/__tests__/conversation-ledger-schema.test.ts[2m > [22mconversation_log schema: db.ts migration == ledger_lib.py (no drift)[2m > [22mdb.ts creates the per-agent lookup index
 [32m✓[39m src/__tests__/auto-update-seed-task.test.ts[2m > [22mauto-update seed task[2m > [22mis a command-type task on the Wednesday 04:00 cron
 [32m✓[39m src/__tests__/auto-update-seed-task.test.ts[2m > [22mauto-update seed task[2m > [22mtargets the main agent via the distribution placeholder (no hardcoded id)
 [32m✓[39m src/__tests__/auto-update-seed-task.test.ts[2m > [22mauto-update seed task[2m > [22mgates on AUTO_UPDATE_ENABLED and no-ops when it is not 1
 [32m✓[39m src/__tests__/auto-update-seed-task.test.ts[2m > [22mauto-update seed task[2m > [22mcalls PR-B update.sh with the notify flag, not its own update logic
 [32m✓[39m src/__tests__/auto-update-seed-task.test.ts[2m > [22mauto-update seed task[2m > [22mdetaches portably (setsid on Linux, nohup fallback on macOS)
 [32m✓[39m src/__tests__/auto-update-seed-task.test.ts[2m > [22mauto-update seed task[2m > [22muses install-dir placeholders, never a hardcoded absolute path
 [32m✓[39m src/__tests__/agent-scaffold-formatting-rules.test.ts[2m > [22m'generateClaudeMd' prompt: formatting rules[2m > [22mdeclares the IMPORTANT FORMATTING RULES block
 [32m✓[39m src/__tests__/agent-scaffold-formatting-rules.test.ts[2m > [22m'generateClaudeMd' prompt: formatting rules[2m > [22mrequires proper Hungarian accents
 [32m✓[39m src/__tests__/agent-scaffold-formatting-rules.test.ts[2m > [22m'generateClaudeMd' prompt: formatting rules[2m > [22mforbids the em dash and names the simple hyphen as the replacement
 [32m✓[39m src/__tests__/agent-scaffold-formatting-rules.test.ts[2m > [22m'generateSoulMd' prompt: formatting rules[2m > [22mdeclares the IMPORTANT FORMATTING RULES block
 [32m✓[39m src/__tests__/agent-scaffold-formatting-rules.test.ts[2m > [22m'generateSoulMd' prompt: formatting rules[2m > [22mrequires proper Hungarian accents
 [32m✓[39m src/__tests__/agent-scaffold-formatting-rules.test.ts[2m > [22m'generateSoulMd' prompt: formatting rules[2m > [22mforbids the em dash and names the simple hyphen as the replacement
 [32m✓[39m src/__tests__/agent-scaffold-formatting-rules.test.ts[2m > [22m'generateSkillMd' prompt: formatting rules[2m > [22mdeclares the IMPORTANT FORMATTING RULES block
 [32m✓[39m src/__tests__/agent-scaffold-formatting-rules.test.ts[2m > [22m'generateSkillMd' prompt: formatting rules[2m > [22mrequires proper Hungarian accents
 [32m✓[39m src/__tests__/agent-scaffold-formatting-rules.test.ts[2m > [22m'generateSkillMd' prompt: formatting rules[2m > [22mforbids the em dash and names the simple hyphen as the replacement
 [32m✓[39m src/__tests__/janitor-parked-input.test.ts[2m > [22mstale-parked-input janitor safety contract[2m > [22mtreats a parked heartbeat line as typing (janitor acts to un-wedge)
 [32m✓[39m src/__tests__/janitor-parked-input.test.ts[2m > [22mstale-parked-input janitor safety contract[2m > [22mtreats an actively processing session as busy (janitor must skip)
 [32m✓[39m src/__tests__/janitor-parked-input.test.ts[2m > [22mstale-parked-input janitor safety contract[2m > [22mtreats a clean empty prompt as idle (nothing to clear)
 [32m✓[39m src/__tests__/security-profile-resolution.test.ts[2m > [22mresolveSecurityProfileId[2m > [22mrespects an explicit non-default profile (override)
 [32m✓[39m src/__tests__/security-profile-resolution.test.ts[2m > [22mresolveSecurityProfileId[2m > [22mrole-derives a leader to the applier pool
 [32m✓[39m src/__tests__/security-profile-resolution.test.ts[2m > [22mresolveSecurityProfileId[2m > [22mrole-derives every non-leader to the denied default (deny-by-default)
 [32m✓[39m src/__tests__/security-profile-resolution.test.ts[2m > [22mresolveSecurityProfileId[2m > [22mis name-agnostic (keys off role only)
 [32m✓[39m src/__tests__/remote-status-cache.test.ts[2m > [22mRemoteStatusCache[2m > [22mcalls the fetcher on a cold miss and caches the value
 [32m✓[39m src/__tests__/remote-status-cache.test.ts[2m > [22mRemoteStatusCache[2m > [22mreturns the cached value WITHOUT calling the fetcher again within the TTL
 [32m✓[39m src/__tests__/remote-status-cache.test.ts[2m > [22mRemoteStatusCache[2m > [22mrefreshes once the TTL has elapsed
 [32m✓[39m src/__tests__/remote-status-cache.test.ts[2m > [22mRemoteStatusCache[2m > [22mkeys are independent
 [32m✓[39m src/__tests__/remote-status-cache.test.ts[2m > [22mRemoteStatusCache[2m > [22mdoes not let a fetcher throw escape -- returns last-known on error, or the fallback when cold
 [31m×[39m src/__tests__/memory-boundary.test.ts[2m > [22mprovisionMemoryBoundaryDir[2m > [22mcreates a stub git root with an ignore-everything exclude
[31m   → spawnSync realpath ENOENT[39m
 [32m✓[39m src/__tests__/memory-boundary.test.ts[2m > [22mprovisionMemoryBoundaryDir[2m > [22mkeeps the working tree clean: git status reports nothing despite files
 [32m✓[39m src/__tests__/memory-boundary.test.ts[2m > [22mprovisionMemoryBoundaryDir[2m > [22mis idempotent and repairs a missing exclude on re-run
 [32m✓[39m src/__tests__/memory-boundary.test.ts[2m > [22mprovisionMemoryBoundaryDir[2m > [22mdoes not re-init an existing repo (preserves .git contents)
 [32m✓[39m src/__tests__/memory-boundary.test.ts[2m > [22mprovisionMemoryBoundaryDir[2m > [22mreturns false for a missing dir without throwing
 [32m✓[39m src/__tests__/voice-inbound-audio.test.ts[2m > [22minboundIsAudio[2m > [22maccepts the kinds Telegram uses for audio
 [32m✓[39m src/__tests__/voice-inbound-audio.test.ts[2m > [22minboundIsAudio[2m > [22mrejects a document attachment -- the 2026-07-29 regression
 [32m✓[39m src/__tests__/voice-inbound-audio.test.ts[2m > [22minboundIsAudio[2m > [22mrejects the other non-audio attachment kinds
 [32m✓[39m src/__tests__/voice-inbound-audio.test.ts[2m > [22minboundIsAudio[2m > [22mtreats a missing or empty kind as NOT audio
 [32m✓[39m src/__tests__/voice-inbound-audio.test.ts[2m > [22minboundIsAudio[2m > [22mis case and whitespace tolerant on the kind
 [32m✓[39m src/__tests__/voice-inbound-audio.test.ts[2m > [22minboundIsAudio[2m > [22mneeds a file id: a kind alone is not an attachment
 [32m✓[39m src/__tests__/update-agent-capability.test.ts[2m > [22mcpuinfoHasAvx[2m > [22mdetects avx when present in the flags line
 [32m✓[39m src/__tests__/update-agent-capability.test.ts[2m > [22mcpuinfoHasAvx[2m > [22mreturns false when the flags line has no avx
 [32m✓[39m src/__tests__/update-agent-capability.test.ts[2m > [22mcpuinfoHasAvx[2m > [22mmatches only the standalone avx token, not a substring of another flag
 [32m✓[39m src/__tests__/update-agent-capability.test.ts[2m > [22mclaudeAgentRunnable[2m > [22mlinux x86 WITH avx -> runnable
 [32m✓[39m src/__tests__/update-agent-capability.test.ts[2m > [22mclaudeAgentRunnable[2m > [22mlinux x86 WITHOUT avx -> NOT runnable (the AVX-less VPS case)
 [32m✓[39m src/__tests__/update-agent-capability.test.ts[2m > [22mclaudeAgentRunnable[2m > [22mlinux ARM (Features:, no flags line) -> runnable
 [32m✓[39m src/__tests__/update-agent-capability.test.ts[2m > [22mclaudeAgentRunnable[2m > [22mlinux with unreadable cpuinfo -> runnable (no block on uncertain probe)
 [32m✓[39m src/__tests__/update-agent-capability.test.ts[2m > [22mclaudeAgentRunnable[2m > [22mmacOS -> runnable regardless of cpuinfo
 [32m✓[39m src/__tests__/schedule-run-now.test.ts[2m > [22mRun now: runner exports an immediate-fire entry point[2m > [22mschedule-runner exports runScheduledTaskNow
 [31m×[39m src/__tests__/schedule-run-now.test.ts[2m > [22mRun now: runner exports an immediate-fire entry point[2m > [22ma manual run delivers regardless of skipIfBusy (always enqueues on starting/busy)
[31m   → expected 'ex' to match /attemptFireTask\(/[39m
 [32m✓[39m src/__tests__/schedule-run-now.test.ts[2m > [22mRun now: REST route[2m > [22mschedules route handles POST /api/schedules/{name}/run
 [32m✓[39m src/__tests__/schedule-run-now.test.ts[2m > [22mRun now: dashboard button[2m > [22mschedule row has a run action wired to the run endpoint
 [32m✓[39m src/__tests__/heartbeat-card-labels.test.ts[2m > [22mformatHeartbeatCardLabel[2m > [22mleads with the bracketed id, the one authoritative handle
 [32m✓[39m src/__tests__/heartbeat-card-labels.test.ts[2m > [22mformatHeartbeatCardLabel[2m > [22mtruncates long titles so cross-referenced card names drop out of view
 [32m✓[39m src/__tests__/heartbeat-card-labels.test.ts[2m > [22mformatHeartbeatCardLabel[2m > [22mkeeps short titles verbatim, no ellipsis
 [32m✓[39m src/__tests__/heartbeat-card-labels.test.ts[2m > [22mheartbeat prompt contract (source-pinned)[2m > [22mthe kanban section instructs report-only, id-only naming
 [32m✓[39m src/__tests__/heartbeat-card-labels.test.ts[2m > [22mheartbeat prompt contract (source-pinned)[2m > [22mthe prompt is fed labeled cards, not bare titles
A Python nem tal�lhat�. A Microsoft Store-b�l val� telep�t�shez futtassa a parancsot argumentumok n�lk�l, vagy a Be�ll�t�sok >Alkalmaz�sok > Speci�lis alkalmaz�sbe�ll�t�sok > Alkalmaz�s-v�grehajt�si aliasok lehetA Python nem tal�lhat�. A Microsoft Store-b�l val� telep�t�shez futtassa a parancsot argumentumok n�lk�l, vagy a Be�ll�t�sok >Alkalmaz�sok > Speci�lis alkalmaz�sbe�ll�t�sok > Alkalmaz�s-v�grehajt�si aliasok lehetA Python nem tal�lhat�. A Microsoft Store-b�l val� telep�t�shez futtassa a parancsot argumentumok n�lk�l, vagy a Be�ll�t�sok >Alkalmaz�sok > Speci�lis alkalmaz�sbe�ll�t�sok > Alkalmaz�s-v�grehajt�si aliasok lehetA Python nem tal�lhat�. A Microsoft Store-b�l val� telep�t�shez futtassa a parancsot argumentumok n�lk�l, vagy a Be�ll�t�sok >Alkalmaz�sok > Speci�lis alkalmaz�sbe�ll�t�sok > Alkalmaz�s-v�grehajt�si aliasok lehetA Python nem tal�lhat�. A Microsoft Store-b�l val� telep�t�shez futtassa a parancsot argumentumok n�lk�l, vagy a Be�ll�t�sok >Alkalmaz�sok > Speci�lis alkalmaz�sbe�ll�t�sok > Alkalmaz�s-v�grehajt�si aliasok lehet/bin/bash: C:Userspohi9AppDataLocalTempseedrefresh-aLfGVwinstallprobe.sh: No such file or directory
 [32m✓[39m src/__tests__/kanban-dispatch.test.ts[2m > [22mresolveKanbanDispatchTarget[2m > [22mreturns null for empty / null / undefined / whitespace assignee
 [32m✓[39m src/__tests__/kanban-dispatch.test.ts[2m > [22mresolveKanbanDispatchTarget[2m > [22mnever dispatches to the human owner
 [32m✓[39m src/__tests__/kanban-dispatch.test.ts[2m > [22mresolveKanbanDispatchTarget[2m > [22mmaps the bot display name to the main agent id
 [32m✓[39m src/__tests__/kanban-dispatch.test.ts[2m > [22mresolveKanbanDispatchTarget[2m > [22mmaps the canonical main agent id to itself
 [32m✓[39m src/__tests__/kanban-dispatch.test.ts[2m > [22mresolveKanbanDispatchTarget[2m > [22mmatches the bot/main case-insensitively
 [32m✓[39m src/__tests__/kanban-dispatch.test.ts[2m > [22mresolveKanbanDispatchTarget[2m > [22mdispatches to a sub-agent only when its session is running
 [32m✓[39m src/__tests__/kanban-dispatch.test.ts[2m > [22mresolveKanbanDispatchTarget[2m > [22mmatches sub-agent names case-insensitively
 [32m✓[39m src/__tests__/kanban-dispatch.test.ts[2m > [22mresolveKanbanDispatchTarget[2m > [22mreturns null for an unknown assignee name
 [32m✓[39m src/__tests__/team-cycle.test.ts[2m > [22mreportsToCreatesCycle[2m > [22mallows a null / main-agent parent (no cycle possible)
 [32m✓[39m src/__tests__/team-cycle.test.ts[2m > [22mreportsToCreatesCycle[2m > [22mrejects reporting to itself
 [32m✓[39m src/__tests__/team-cycle.test.ts[2m > [22mreportsToCreatesCycle[2m > [22mallows a straightforward manager assignment
 [32m✓[39m src/__tests__/team-cycle.test.ts[2m > [22mreportsToCreatesCycle[2m > [22mrejects a direct two-node cycle
 [32m✓[39m src/__tests__/team-cycle.test.ts[2m > [22mreportsToCreatesCycle[2m > [22mrejects a transitive cycle (dragging a manager under a grandchild)
 [32m✓[39m src/__tests__/team-cycle.test.ts[2m > [22mreportsToCreatesCycle[2m > [22mterminates on a pre-existing loop that does not involve the agent
 [32m✓[39m src/__tests__/md-rendering-unify.test.ts[2m > [22mmd rendering unification[2m > [22mapp.js has exactly one renderMarkdown function definition
 [32m✓[39m src/__tests__/md-rendering-unify.test.ts[2m > [22mmd rendering unification[2m > [22mrenderMarkdown emits language class on fenced code blocks
 [32m✓[39m src/__tests__/md-rendering-unify.test.ts[2m > [22mmd rendering unification[2m > [22mskill detail container has md-rendered class
 [32m✓[39m src/__tests__/md-rendering-unify.test.ts[2m > [22mmd rendering unification[2m > [22mdocs page container gets md-rendered class
 [32m✓[39m src/__tests__/md-rendering-unify.test.ts[2m > [22mmd rendering unification[2m > [22mstyle.css defines .md-rendered with code/pre rules
 [32m✓[39m src/__tests__/graph-mail.test.ts[2m > [22mparseCredentials[2m > [22mparses a well-formed credentials file
 [32m✓[39m src/__tests__/graph-mail.test.ts[2m > [22mparseCredentials[2m > [22mignores comments and blank lines
 [32m✓[39m src/__tests__/graph-mail.test.ts[2m > [22mparseCredentials[2m > [22mstrips surrounding quotes from values
 [32m✓[39m src/__tests__/graph-mail.test.ts[2m > [22mparseCredentials[2m > [22mkeeps = characters inside a value
 [32m✓[39m src/__tests__/graph-mail.test.ts[2m > [22mparseCredentials[2m > [22mthrows listing every missing key
 [32m✓[39m src/__tests__/graph-mail.test.ts[2m > [22mparseCredentials[2m > [22mtreats an empty value as missing
 [32m✓[39m src/__tests__/auto-restart-main-mechanism.test.ts[2m > [22mmainRestartMechanism[2m > [22muses launchd when launchctl is present (macOS: unchanged behaviour)
 [32m✓[39m src/__tests__/auto-restart-main-mechanism.test.ts[2m > [22mmainRestartMechanism[2m > [22mfalls back to a tmux respawn when launchctl is absent (Linux)
 [32m✓[39m src/__tests__/auto-restart-main-mechanism.test.ts[2m > [22mmainRestartMechanism[2m > [22mnever returns launchd without launchctl -- the ENOENT loop this fixes
 [32m✓[39m src/__tests__/post-rollback-diagnose-seed.test.ts[2m > [22mpost-rollback-diagnose seed task[2m > [22mis a dormant (enabled:false) LLM task on the main agent placeholder
 [32m✓[39m src/__tests__/post-rollback-diagnose-seed.test.ts[2m > [22mpost-rollback-diagnose seed task[2m > [22mencodes the structural guardrails in the delivered prompt
 [32m✓[39m src/__tests__/post-rollback-diagnose-seed.test.ts[2m > [22mpost-rollback-diagnose seed task[2m > [22muses placeholders, never a hardcoded absolute path or agent name
 [31m×[39m src/__tests__/update-checker-branch.test.ts[2m > [22mupdate checker branch selection[2m > [22mfollows the branch the checkout is actually on
[31m   → spawnSync /usr/bin/git ENOENT[39m
 [32m✓[39m src/__tests__/update-checker-branch.test.ts[2m > [22mupdate checker branch selection[2m > [22mnever returns an empty ref
 [31m×[39m src/__tests__/update-checker-branch.test.ts[2m > [22mupdate checker branch selection[2m > [22mdoes not silently assume main on a non-main checkout
[31m   → spawnSync /usr/bin/git ENOENT[39m
 [32m✓[39m src/__tests__/active-model.test.ts[2m > [22mprojectsDirFor[2m > [22muses <home>/.claude/projects when no config dir is given
 [32m✓[39m src/__tests__/active-model.test.ts[2m > [22mprojectsDirFor[2m > [22muses the supplied config dir instead of the default home location
 [31m×[39m src/__tests__/active-model.test.ts[2m > [22mprojectsDirFor[2m > [22mdoes not fall back to the home dir when a config dir is supplied
[31m   → expected false to be true // Object.is equality[39m
 [32m✓[39m src/__tests__/active-model.test.ts[2m > [22mprojectsDirFor[2m > [22mencodes slashes and dots in the working dir to dashes
 [32m✓[39m src/__tests__/active-model.test.ts[2m > [22mprojectsDirFor[2m > [22mproduces distinct project dirs for the same working dir on different config roots
 [2m[90m↓[39m[22m src/__tests__/claim-pending-for-agent.test.ts[2m > [22mclaimPendingForAgent[2m > [22mclaims FIFO up to the cap, marks delivered, and never double-claims
 [2m[90m↓[39m[22m src/__tests__/claim-pending-for-agent.test.ts[2m > [22mclaimPendingForAgent[2m > [22mreturns [] for an agent with no pending messages
 [32m✓[39m src/__tests__/agent-restart-routing.test.ts[2m > [22misMainChannelsAgent[2m > [22mis true for the main agent
 [32m✓[39m src/__tests__/agent-restart-routing.test.ts[2m > [22misMainChannelsAgent[2m > [22mis false for sub-agents (they keep the agent-process path)
 [32m✓[39m src/__tests__/agent-restart-routing.test.ts[2m > [22misMainChannelsAgent[2m > [22mis false for empty / unknown names
 [2m[90m↓[39m[22m src/__tests__/config-change-log.test.ts[2m > [22mconfig change log[2m > [22mrecords an old -> new change with the actor and can read it back newest-first
 [2m[90m↓[39m[22m src/__tests__/config-change-log.test.ts[2m > [22mconfig change log[2m > [22mstores null old/new values as null (for a future secret entry), never a string "null"
/bin/bash: line 1: apt_lock_holder: command not found
/bin/bash: line 1: _t: command not found
/bin/bash: line 1: _t: command not found
/bin/bash: line 1: _t: command not found
/bin/bash: line 1: apt_lock_holder: command not found
/bin/bash: line 1: _t: command not found
/bin/bash: line 1: _t: command not found
/bin/bash: line 1: _t: command not found
/bin/bash: line 1: _t: command not found
/bin/bash: line 1: _t: command not found
/bin/bash: line 1: _t: command not found
environment: line 12: [: : integer expression expected
environment: line 18: [: : integer expression expected
environment: line 21: [: : integer expression expected
 [31m×[39m src/__tests__/installer-apt-lock-set-e.test.ts[2m > [22mwait_for_apt_lock under set -e[2m > [22mdoes NOT kill the install when there is no apt lock (the 08-02 regression)[33m 3861[2mms[22m[39m
[31m   → expected 'BEFORE\nwarn: \n  \n \n  \n  \nfail: …' to contain 'REACHED_THE_END'[39m
 [31m×[39m src/__tests__/installer-apt-lock-set-e.test.ts[2m > [22mwait_for_apt_lock under set -e[2m > [22mdoes NOT kill the install when fuser is missing[33m 5266[2mms[22m[39m
[31m   → expected 'BEFORE\nwarn: \n  \n \n  \n  \nfail: …' to contain 'REACHED_THE_END'[39m
 [31m×[39m src/__tests__/installer-apt-lock-set-e.test.ts[2m > [22mwait_for_apt_lock under set -e[2m > [22mstill detects a real lock holder (positive control)[33m 6669[2mms[22m[39m
[31m   → expected 'BEFORE\nwarn: \n  \n \n  \n  \nfail: …' to contain '4242 apt-get'[39m
 [32m✓[39m src/__tests__/installer-apt-lock-set-e.test.ts[2m > [22mthe assignment idiom that caused it[2m > [22mappears nowhere in install-linux.sh, in either shape
 [32m✓[39m src/__tests__/installer-apt-lock-set-e.test.ts[2m > [22mthe assignment idiom that caused it[2m > [22mappears nowhere in the other install scripts either
 [32m✓[39m src/__tests__/installer-apt-lock-set-e.test.ts[2m > [22mthe assignment idiom that caused it[2m > [22mthe scanner really does detect BOTH broken shapes (instrument control)
/bin/bash: C:Userspohi9AppDataLocalTempseedrefresh-F5Js3Oinstallprobe.sh: No such file or directory
/bin/bash: C:Userspohi9AppDataLocalTempseedrefresh-Ov5Rv0installprobe.sh: No such file or directory
/bin/bash: C:Userspohi9AppDataLocalTempseedrefresh-fCHHn4installprobe.sh: No such file or directory
/bin/bash: C:Userspohi9AppDataLocalTempseedrefresh-ZGPwx6installprobe.sh: No such file or directory
/bin/bash: C:Userspohi9AppDataLocalTempseedrefresh-Udqmh3installprobe.sh: No such file or directory
/bin/bash: C:Userspohi9AppDataLocalTempseedrefresh-RTAKUoinstallprobe.sh: No such file or directory
/bin/bash: C:Userspohi9AppDataLocalTempseedrefresh-g7YO16installprobe.sh: No such file or directory
/bin/bash: C:Userspohi9AppDataLocalTempseedrefresh-g7YO16installprobe.sh: No such file or directory
 [31m×[39m src/__tests__/seed-refresh-untouched-only.test.ts[2m > [22mseed refresh touches only provably untouched copies[2m > [22mrefreshes a copy that matches the CURRENT shipped version[33m 9458[2mms[22m[39m
[31m   → expected 127 to be +0 // Object.is equality[39m
 [31m×[39m src/__tests__/seed-refresh-untouched-only.test.ts[2m > [22mseed refresh touches only provably untouched copies[2m > [22mrefreshes a copy that matches an OLDER shipped version (two releases behind)[33m 9478[2mms[22m[39m
[31m   → expected 127 to be +0 // Object.is equality[39m
 [31m×[39m src/__tests__/seed-refresh-untouched-only.test.ts[2m > [22mseed refresh touches only provably untouched copies[2m > [22mNEVER overwrites a locally modified copy -- the failure that would be silent[33m 3705[2mms[22m[39m
[31m   → expected 127 to be +0 // Object.is equality[39m
 [32m✓[39m src/__tests__/seed-refresh-untouched-only.test.ts[2m > [22mseed refresh touches only provably untouched copies[2m > [22ma one-character edit is enough to be left alone[33m 2362[2mms[22m[39m
 [31m×[39m src/__tests__/seed-refresh-untouched-only.test.ts[2m > [22mseed refresh touches only provably untouched copies[2m > [22mhandles the TEMPLATED task copies in rendered form[33m 2293[2mms[22m[39m
[31m   → expected 'task v1 marveen\n' to be 'task v3 marveen\n' // Object.is equality[39m
 [32m✓[39m src/__tests__/seed-refresh-untouched-only.test.ts[2m > [22mseed refresh touches only provably untouched copies[2m > [22mleaves a modified TEMPLATED copy alone too[33m 2308[2mms[22m[39m
 [32m✓[39m src/__tests__/seed-refresh-untouched-only.test.ts[2m > [22mseed refresh touches only provably untouched copies[2m > [22mnever visits a skill the operator authored (no seed source)[33m 2255[2mms[22m[39m
 [32m✓[39m src/__tests__/seed-refresh-untouched-only.test.ts[2m > [22mseed refresh touches only provably untouched copies[2m > [22mdoes not create a directory that was never seeded here[33m 2254[2mms[22m[39m
 [32m✓[39m src/__tests__/seed-refresh-untouched-only.test.ts[2m > [22mseed refresh touches only provably untouched copies[2m > [22mis idempotent: a second pass changes nothing and reports nothing[33m 2453[2mms[22m[39m
 [32m✓[39m src/__tests__/seed-refresh-untouched-only.test.ts[2m > [22mthe refresh runs where it can reach an already-current machine[2m > [22mis called before the up-to-date early exit
 [32m✓[39m src/__tests__/seed-refresh-untouched-only.test.ts[2m > [22mthe refresh runs where it can reach an already-current machine[2m > [22mdoes not touch CLAUDE.md -- that refresh stays behind its own flag
